[6.803s] Invoking command in '/home/vboxuser/apf_ws/src/robot_bringup': DEBUGINFOD_URLS=https://debuginfod.ubuntu.com PYTHONPATH=/home/vboxuser/apf_ws/build/robot_bringup/prefix_override:/usr/lib/python3/dist-packages/colcon_core/task/python/colcon_distutils_commands:/home/vboxuser/apf_ws/install/robot_bringup/lib/python3.12/site-packages:${PYTHONPATH} /usr/bin/python3 -W ignore:setup.py install is deprecated -W ignore:easy_install command is deprecated setup.py egg_info --egg-base ../../build/robot_bringup build --build-base /home/vboxuser/apf_ws/build/robot_bringup/build install --record /home/vboxuser/apf_ws/build/robot_bringup/install.log --install-scripts $base/lib/robot_bringup --single-version-externally-managed install_data
[7.430s] running egg_info
[7.430s] creating ../../build/robot_bringup/robot_bringup.egg-info
[7.527s] writing ../../build/robot_bringup/robot_bringup.egg-info/PKG-INFO
[7.529s] writing dependency_links to ../../build/robot_bringup/robot_bringup.egg-info/dependency_links.txt
[7.530s] writing requirements to ../../build/robot_bringup/robot_bringup.egg-info/requires.txt
[7.530s] writing top-level names to ../../build/robot_bringup/robot_bringup.egg-info/top_level.txt
[7.530s] writing manifest file '../../build/robot_bringup/robot_bringup.egg-info/SOURCES.txt'
[7.588s] reading manifest file '../../build/robot_bringup/robot_bringup.egg-info/SOURCES.txt'
[7.588s] writing manifest file '../../build/robot_bringup/robot_bringup.egg-info/SOURCES.txt'
[7.592s] running build
[7.593s] running build_py
[7.593s] creating /home/vboxuser/apf_ws/build/robot_bringup/build
[7.593s] creating /home/vboxuser/apf_ws/build/robot_bringup/build/lib
[7.593s] creating /home/vboxuser/apf_ws/build/robot_bringup/build/lib/robot_bringup
[7.593s] copying robot_bringup/__init__.py -> /home/vboxuser/apf_ws/build/robot_bringup/build/lib/robot_bringup
[7.593s] running install
[7.602s] running install_lib
[7.655s] creating /home/vboxuser/apf_ws/install/robot_bringup/lib/python3.12/site-packages/robot_bringup
[7.656s] copying /home/vboxuser/apf_ws/build/robot_bringup/build/lib/robot_bringup/__init__.py -> /home/vboxuser/apf_ws/install/robot_bringup/lib/python3.12/site-packages/robot_bringup
[7.658s] byte-compiling /home/vboxuser/apf_ws/install/robot_bringup/lib/python3.12/site-packages/robot_bringup/__init__.py to __init__.cpython-312.pyc
[7.659s] running install_data
[7.659s] creating /home/vboxuser/apf_ws/install/robot_bringup/share/ament_index
[7.660s] creating /home/vboxuser/apf_ws/install/robot_bringup/share/ament_index/resource_index
[7.660s] creating /home/vboxuser/apf_ws/install/robot_bringup/share/ament_index/resource_index/packages
[7.661s] copying resource/robot_bringup -> /home/vboxuser/apf_ws/install/robot_bringup/share/ament_index/resource_index/packages
[7.662s] copying package.xml -> /home/vboxuser/apf_ws/install/robot_bringup/share/robot_bringup
[7.662s] creating /home/vboxuser/apf_ws/install/robot_bringup/share/robot_bringup/launch
[7.663s] copying launch/bringup_map.launch.py -> /home/vboxuser/apf_ws/install/robot_bringup/share/robot_bringup/launch
[7.667s] copying launch/bringup_cmd.launch.py -> /home/vboxuser/apf_ws/install/robot_bringup/share/robot_bringup/launch
[7.670s] copying launch/start_cmd.launch.py -> /home/vboxuser/apf_ws/install/robot_bringup/share/robot_bringup/launch
[7.678s] copying launch/bringup_cmd_no_icp.launch.py -> /home/vboxuser/apf_ws/install/robot_bringup/share/robot_bringup/launch
[7.685s] copying launch/bringup.launch.py -> /home/vboxuser/apf_ws/install/robot_bringup/share/robot_bringup/launch
[7.685s] running install_egg_info
[7.748s] Copying ../../build/robot_bringup/robot_bringup.egg-info to /home/vboxuser/apf_ws/install/robot_bringup/lib/python3.12/site-packages/robot_bringup-0.0.0-py3.12.egg-info
[7.754s] running install_scripts
[8.148s] writing list of installed files to '/home/vboxuser/apf_ws/build/robot_bringup/install.log'
[8.235s] Invoked command in '/home/vboxuser/apf_ws/src/robot_bringup' returned '0': DEBUGINFOD_URLS=https://debuginfod.ubuntu.com PYTHONPATH=/home/vboxuser/apf_ws/build/robot_bringup/prefix_override:/usr/lib/python3/dist-packages/colcon_core/task/python/colcon_distutils_commands:/home/vboxuser/apf_ws/install/robot_bringup/lib/python3.12/site-packages:${PYTHONPATH} /usr/bin/python3 -W ignore:setup.py install is deprecated -W ignore:easy_install command is deprecated setup.py egg_info --egg-base ../../build/robot_bringup build --build-base /home/vboxuser/apf_ws/build/robot_bringup/build install --record /home/vboxuser/apf_ws/build/robot_bringup/install.log --install-scripts $base/lib/robot_bringup --single-version-externally-managed install_data
