running egg_info
creating ../../build/ekf_pkg/ekf_pkg.egg-info
writing ../../build/ekf_pkg/ekf_pkg.egg-info/PKG-INFO
writing dependency_links to ../../build/ekf_pkg/ekf_pkg.egg-info/dependency_links.txt
writing entry points to ../../build/ekf_pkg/ekf_pkg.egg-info/entry_points.txt
writing requirements to ../../build/ekf_pkg/ekf_pkg.egg-info/requires.txt
writing top-level names to ../../build/ekf_pkg/ekf_pkg.egg-info/top_level.txt
writing manifest file '../../build/ekf_pkg/ekf_pkg.egg-info/SOURCES.txt'
reading manifest file '../../build/ekf_pkg/ekf_pkg.egg-info/SOURCES.txt'
writing manifest file '../../build/ekf_pkg/ekf_pkg.egg-info/SOURCES.txt'
running build
running build_py
creating /home/vboxuser/apf_ws/build/ekf_pkg/build
creating /home/vboxuser/apf_ws/build/ekf_pkg/build/lib
creating /home/vboxuser/apf_ws/build/ekf_pkg/build/lib/ekf_pkg
copying ekf_pkg/__init__.py -> /home/vboxuser/apf_ws/build/ekf_pkg/build/lib/ekf_pkg
copying ekf_pkg/ekf_node.py -> /home/vboxuser/apf_ws/build/ekf_pkg/build/lib/ekf_pkg
copying ekf_pkg/logger.py -> /home/vboxuser/apf_ws/build/ekf_pkg/build/lib/ekf_pkg
running install
running install_lib
creating /home/vboxuser/apf_ws/install/ekf_pkg/lib/python3.12/site-packages/ekf_pkg
copying /home/vboxuser/apf_ws/build/ekf_pkg/build/lib/ekf_pkg/__init__.py -> /home/vboxuser/apf_ws/install/ekf_pkg/lib/python3.12/site-packages/ekf_pkg
copying /home/vboxuser/apf_ws/build/ekf_pkg/build/lib/ekf_pkg/ekf_node.py -> /home/vboxuser/apf_ws/install/ekf_pkg/lib/python3.12/site-packages/ekf_pkg
copying /home/vboxuser/apf_ws/build/ekf_pkg/build/lib/ekf_pkg/logger.py -> /home/vboxuser/apf_ws/install/ekf_pkg/lib/python3.12/site-packages/ekf_pkg
byte-compiling /home/vboxuser/apf_ws/install/ekf_pkg/lib/python3.12/site-packages/ekf_pkg/__init__.py to __init__.cpython-312.pyc
byte-compiling /home/vboxuser/apf_ws/install/ekf_pkg/lib/python3.12/site-packages/ekf_pkg/ekf_node.py to ekf_node.cpython-312.pyc
byte-compiling /home/vboxuser/apf_ws/install/ekf_pkg/lib/python3.12/site-packages/ekf_pkg/logger.py to logger.cpython-312.pyc
running install_data
creating /home/vboxuser/apf_ws/install/ekf_pkg/share/ament_index
creating /home/vboxuser/apf_ws/install/ekf_pkg/share/ament_index/resource_index
creating /home/vboxuser/apf_ws/install/ekf_pkg/share/ament_index/resource_index/packages
copying resource/ekf_pkg -> /home/vboxuser/apf_ws/install/ekf_pkg/share/ament_index/resource_index/packages
copying package.xml -> /home/vboxuser/apf_ws/install/ekf_pkg/share/ekf_pkg
running install_egg_info
Copying ../../build/ekf_pkg/ekf_pkg.egg-info to /home/vboxuser/apf_ws/install/ekf_pkg/lib/python3.12/site-packages/ekf_pkg-0.0.0-py3.12.egg-info
running install_scripts
Installing ekf_node script to /home/vboxuser/apf_ws/install/ekf_pkg/lib/ekf_pkg
Installing logger script to /home/vboxuser/apf_ws/install/ekf_pkg/lib/ekf_pkg
writing list of installed files to '/home/vboxuser/apf_ws/build/ekf_pkg/install.log'
