[10.008s] Invoking command in '/home/vboxuser/apf_ws/src/odom_cmd': DEBUGINFOD_URLS=https://debuginfod.ubuntu.com PYTHONPATH=/home/vboxuser/apf_ws/build/odom_cmd/prefix_override:/usr/lib/python3/dist-packages/colcon_core/task/python/colcon_distutils_commands:/home/vboxuser/apf_ws/install/odom_cmd/lib/python3.12/site-packages:${PYTHONPATH} /usr/bin/python3 -W ignore:setup.py install is deprecated -W ignore:easy_install command is deprecated setup.py egg_info --egg-base ../../build/odom_cmd build --build-base /home/vboxuser/apf_ws/build/odom_cmd/build install --record /home/vboxuser/apf_ws/build/odom_cmd/install.log --install-scripts $base/lib/odom_cmd --single-version-externally-managed install_data
[10.704s] running egg_info
[10.805s] writing ../../build/odom_cmd/odom_cmd.egg-info/PKG-INFO
[10.805s] writing dependency_links to ../../build/odom_cmd/odom_cmd.egg-info/dependency_links.txt
[10.825s] writing entry points to ../../build/odom_cmd/odom_cmd.egg-info/entry_points.txt
[10.825s] writing requirements to ../../build/odom_cmd/odom_cmd.egg-info/requires.txt
[10.825s] writing top-level names to ../../build/odom_cmd/odom_cmd.egg-info/top_level.txt
[10.991s] reading manifest file '../../build/odom_cmd/odom_cmd.egg-info/SOURCES.txt'
[10.996s] writing manifest file '../../build/odom_cmd/odom_cmd.egg-info/SOURCES.txt'
[10.996s] running build
[10.997s] running build_py
[10.998s] running install
[11.020s] running install_lib
[11.078s] running install_data
[11.078s] running install_egg_info
[11.153s] removing '/home/vboxuser/apf_ws/install/odom_cmd/lib/python3.12/site-packages/odom_cmd-0.0.0-py3.12.egg-info' (and everything under it)
[11.154s] Copying ../../build/odom_cmd/odom_cmd.egg-info to /home/vboxuser/apf_ws/install/odom_cmd/lib/python3.12/site-packages/odom_cmd-0.0.0-py3.12.egg-info
[11.162s] running install_scripts
[11.550s] Installing cmd_robot script to /home/vboxuser/apf_ws/install/odom_cmd/lib/odom_cmd
[11.551s] Installing cmd_robot_2 script to /home/vboxuser/apf_ws/install/odom_cmd/lib/odom_cmd
[11.557s] Installing logger script to /home/vboxuser/apf_ws/install/odom_cmd/lib/odom_cmd
[11.570s] writing list of installed files to '/home/vboxuser/apf_ws/build/odom_cmd/install.log'
[11.668s] Invoked command in '/home/vboxuser/apf_ws/src/odom_cmd' returned '0': DEBUGINFOD_URLS=https://debuginfod.ubuntu.com PYTHONPATH=/home/vboxuser/apf_ws/build/odom_cmd/prefix_override:/usr/lib/python3/dist-packages/colcon_core/task/python/colcon_distutils_commands:/home/vboxuser/apf_ws/install/odom_cmd/lib/python3.12/site-packages:${PYTHONPATH} /usr/bin/python3 -W ignore:setup.py install is deprecated -W ignore:easy_install command is deprecated setup.py egg_info --egg-base ../../build/odom_cmd build --build-base /home/vboxuser/apf_ws/build/odom_cmd/build install --record /home/vboxuser/apf_ws/build/odom_cmd/install.log --install-scripts $base/lib/odom_cmd --single-version-externally-managed install_data
