[5.389s] Invoking command in '/home/vboxuser/apf_ws/src/odom_cmd': DEBUGINFOD_URLS=https://debuginfod.ubuntu.com PYTHONPATH=/home/vboxuser/apf_ws/build/odom_cmd/prefix_override:/usr/lib/python3/dist-packages/colcon_core/task/python/colcon_distutils_commands:/home/vboxuser/apf_ws/install/odom_cmd/lib/python3.12/site-packages:${PYTHONPATH} /usr/bin/python3 -W ignore:setup.py install is deprecated -W ignore:easy_install command is deprecated setup.py egg_info --egg-base ../../build/odom_cmd build --build-base /home/vboxuser/apf_ws/build/odom_cmd/build install --record /home/vboxuser/apf_ws/build/odom_cmd/install.log --install-scripts $base/lib/odom_cmd --single-version-externally-managed install_data
[5.925s] running egg_info
[5.994s] writing ../../build/odom_cmd/odom_cmd.egg-info/PKG-INFO
[5.997s] writing dependency_links to ../../build/odom_cmd/odom_cmd.egg-info/dependency_links.txt
[5.998s] writing entry points to ../../build/odom_cmd/odom_cmd.egg-info/entry_points.txt
[5.999s] writing requirements to ../../build/odom_cmd/odom_cmd.egg-info/requires.txt
[6.000s] writing top-level names to ../../build/odom_cmd/odom_cmd.egg-info/top_level.txt
[6.107s] reading manifest file '../../build/odom_cmd/odom_cmd.egg-info/SOURCES.txt'
[6.111s] writing manifest file '../../build/odom_cmd/odom_cmd.egg-info/SOURCES.txt'
[6.112s] running build
[6.113s] running build_py
[6.120s] running install
[6.134s] running install_lib
[6.205s] running install_data
[6.208s] running install_egg_info
[6.239s] removing '/home/vboxuser/apf_ws/install/odom_cmd/lib/python3.12/site-packages/odom_cmd-0.0.0-py3.12.egg-info' (and everything under it)
[6.296s] Copying ../../build/odom_cmd/odom_cmd.egg-info to /home/vboxuser/apf_ws/install/odom_cmd/lib/python3.12/site-packages/odom_cmd-0.0.0-py3.12.egg-info
[6.300s] running install_scripts
[6.606s] Installing cmd_robot script to /home/vboxuser/apf_ws/install/odom_cmd/lib/odom_cmd
[6.608s] Installing logger script to /home/vboxuser/apf_ws/install/odom_cmd/lib/odom_cmd
[6.608s] writing list of installed files to '/home/vboxuser/apf_ws/build/odom_cmd/install.log'
[6.723s] Invoked command in '/home/vboxuser/apf_ws/src/odom_cmd' returned '0': DEBUGINFOD_URLS=https://debuginfod.ubuntu.com PYTHONPATH=/home/vboxuser/apf_ws/build/odom_cmd/prefix_override:/usr/lib/python3/dist-packages/colcon_core/task/python/colcon_distutils_commands:/home/vboxuser/apf_ws/install/odom_cmd/lib/python3.12/site-packages:${PYTHONPATH} /usr/bin/python3 -W ignore:setup.py install is deprecated -W ignore:easy_install command is deprecated setup.py egg_info --egg-base ../../build/odom_cmd build --build-base /home/vboxuser/apf_ws/build/odom_cmd/build install --record /home/vboxuser/apf_ws/build/odom_cmd/install.log --install-scripts $base/lib/odom_cmd --single-version-externally-managed install_data
