running egg_info
writing ../../build/lidar_odom/lidar_odom.egg-info/PKG-INFO
writing dependency_links to ../../build/lidar_odom/lidar_odom.egg-info/dependency_links.txt
writing entry points to ../../build/lidar_odom/lidar_odom.egg-info/entry_points.txt
writing requirements to ../../build/lidar_odom/lidar_odom.egg-info/requires.txt
writing top-level names to ../../build/lidar_odom/lidar_odom.egg-info/top_level.txt
reading manifest file '../../build/lidar_odom/lidar_odom.egg-info/SOURCES.txt'
writing manifest file '../../build/lidar_odom/lidar_odom.egg-info/SOURCES.txt'
running build
running build_py
running install
running install_lib
running install_data
running install_egg_info
removing '/home/vboxuser/apf_ws/install/lidar_odom/lib/python3.12/site-packages/lidar_odom-0.0.0-py3.12.egg-info' (and everything under it)
Copying ../../build/lidar_odom/lidar_odom.egg-info to /home/vboxuser/apf_ws/install/lidar_odom/lib/python3.12/site-packages/lidar_odom-0.0.0-py3.12.egg-info
running install_scripts
Installing cmd_robot script to /home/vboxuser/apf_ws/install/lidar_odom/lib/lidar_odom
Installing filter_lidar script to /home/vboxuser/apf_ws/install/lidar_odom/lib/lidar_odom
Installing icp_localization_node script to /home/vboxuser/apf_ws/install/lidar_odom/lib/lidar_odom
Installing icp_mapping script to /home/vboxuser/apf_ws/install/lidar_odom/lib/lidar_odom
Installing logger script to /home/vboxuser/apf_ws/install/lidar_odom/lib/lidar_odom
Installing map_loader script to /home/vboxuser/apf_ws/install/lidar_odom/lib/lidar_odom
Installing record_lidar script to /home/vboxuser/apf_ws/install/lidar_odom/lib/lidar_odom
writing list of installed files to '/home/vboxuser/apf_ws/build/lidar_odom/install.log'
