[7.981s] Invoking command in '/home/vboxuser/apf_ws/src/lidar_odom': DEBUGINFOD_URLS=https://debuginfod.ubuntu.com PYTHONPATH=/home/vboxuser/apf_ws/build/lidar_odom/prefix_override:/usr/lib/python3/dist-packages/colcon_core/task/python/colcon_distutils_commands:/home/vboxuser/apf_ws/install/lidar_odom/lib/python3.12/site-packages:${PYTHONPATH} /usr/bin/python3 -W ignore:setup.py install is deprecated -W ignore:easy_install command is deprecated setup.py egg_info --egg-base ../../build/lidar_odom build --build-base /home/vboxuser/apf_ws/build/lidar_odom/build install --record /home/vboxuser/apf_ws/build/lidar_odom/install.log --install-scripts $base/lib/lidar_odom --single-version-externally-managed install_data
[8.656s] running egg_info
[8.721s] writing ../../build/lidar_odom/lidar_odom.egg-info/PKG-INFO
[8.798s] writing dependency_links to ../../build/lidar_odom/lidar_odom.egg-info/dependency_links.txt
[8.807s] writing entry points to ../../build/lidar_odom/lidar_odom.egg-info/entry_points.txt
[8.818s] writing requirements to ../../build/lidar_odom/lidar_odom.egg-info/requires.txt
[8.821s] writing top-level names to ../../build/lidar_odom/lidar_odom.egg-info/top_level.txt
[8.925s] reading manifest file '../../build/lidar_odom/lidar_odom.egg-info/SOURCES.txt'
[8.927s] writing manifest file '../../build/lidar_odom/lidar_odom.egg-info/SOURCES.txt'
[8.929s] running build
[8.929s] running build_py
[8.942s] copying lidar_odom/filter_lidar.py -> /home/vboxuser/apf_ws/build/lidar_odom/build/lib/lidar_odom
[8.942s] running install
[8.952s] running install_lib
[9.012s] copying /home/vboxuser/apf_ws/build/lidar_odom/build/lib/lidar_odom/filter_lidar.py -> /home/vboxuser/apf_ws/install/lidar_odom/lib/python3.12/site-packages/lidar_odom
[9.020s] byte-compiling /home/vboxuser/apf_ws/install/lidar_odom/lib/python3.12/site-packages/lidar_odom/filter_lidar.py to filter_lidar.cpython-312.pyc
[9.028s]   File "/home/vboxuser/apf_ws/install/lidar_odom/lib/python3.12/site-packages/lidar_odom/filter_lidar.py", line 61
[9.028s]     self.previous_filtered = np.full(len(ranges)
[9.028s]                                     ^
[9.028s] SyntaxError: '(' was never closed
[9.029s] 
[9.029s] running install_data
[9.033s] running install_egg_info
[9.084s] removing '/home/vboxuser/apf_ws/install/lidar_odom/lib/python3.12/site-packages/lidar_odom-0.0.0-py3.12.egg-info' (and everything under it)
[9.085s] Copying ../../build/lidar_odom/lidar_odom.egg-info to /home/vboxuser/apf_ws/install/lidar_odom/lib/python3.12/site-packages/lidar_odom-0.0.0-py3.12.egg-info
[9.114s] running install_scripts
[9.430s] Installing cmd_robot script to /home/vboxuser/apf_ws/install/lidar_odom/lib/lidar_odom
[9.432s] Installing filter_lidar script to /home/vboxuser/apf_ws/install/lidar_odom/lib/lidar_odom
[9.433s] Installing icp_localization_node script to /home/vboxuser/apf_ws/install/lidar_odom/lib/lidar_odom
[9.433s] Installing icp_mapping script to /home/vboxuser/apf_ws/install/lidar_odom/lib/lidar_odom
[9.434s] Installing logger script to /home/vboxuser/apf_ws/install/lidar_odom/lib/lidar_odom
[9.436s] Installing map_loader script to /home/vboxuser/apf_ws/install/lidar_odom/lib/lidar_odom
[9.437s] Installing record_lidar script to /home/vboxuser/apf_ws/install/lidar_odom/lib/lidar_odom
[9.438s] writing list of installed files to '/home/vboxuser/apf_ws/build/lidar_odom/install.log'
[9.591s] Invoked command in '/home/vboxuser/apf_ws/src/lidar_odom' returned '0': DEBUGINFOD_URLS=https://debuginfod.ubuntu.com PYTHONPATH=/home/vboxuser/apf_ws/build/lidar_odom/prefix_override:/usr/lib/python3/dist-packages/colcon_core/task/python/colcon_distutils_commands:/home/vboxuser/apf_ws/install/lidar_odom/lib/python3.12/site-packages:${PYTHONPATH} /usr/bin/python3 -W ignore:setup.py install is deprecated -W ignore:easy_install command is deprecated setup.py egg_info --egg-base ../../build/lidar_odom build --build-base /home/vboxuser/apf_ws/build/lidar_odom/build install --record /home/vboxuser/apf_ws/build/lidar_odom/install.log --install-scripts $base/lib/lidar_odom --single-version-externally-managed install_data
