/home/vboxuser/apf_ws/install/apf_pkg/lib/python3.12/site-packages/apf_pkg/__init__.py
/home/vboxuser/apf_ws/install/apf_pkg/lib/python3.12/site-packages/apf_pkg/logger.py
/home/vboxuser/apf_ws/install/apf_pkg/lib/python3.12/site-packages/apf_pkg/apf_node.py
/home/vboxuser/apf_ws/install/apf_pkg/lib/python3.12/site-packages/apf_pkg/apf_controller.py
/home/vboxuser/apf_ws/install/apf_pkg/lib/python3.12/site-packages/apf_pkg/__pycache__/__init__.cpython-312.pyc
/home/vboxuser/apf_ws/install/apf_pkg/lib/python3.12/site-packages/apf_pkg/__pycache__/logger.cpython-312.pyc
/home/vboxuser/apf_ws/install/apf_pkg/lib/python3.12/site-packages/apf_pkg/__pycache__/apf_node.cpython-312.pyc
/home/vboxuser/apf_ws/install/apf_pkg/lib/python3.12/site-packages/apf_pkg/__pycache__/apf_controller.cpython-312.pyc
/home/vboxuser/apf_ws/install/apf_pkg/share/ament_index/resource_index/packages/apf_pkg
/home/vboxuser/apf_ws/install/apf_pkg/share/apf_pkg/package.xml
/home/vboxuser/apf_ws/install/apf_pkg/share/apf_pkg/launch/apf_launch.launch.py
/home/vboxuser/apf_ws/install/apf_pkg/share/apf_pkg/launch/ekf_node.launch.py
/home/vboxuser/apf_ws/install/apf_pkg/share/apf_pkg/config/apf.yaml
/home/vboxuser/apf_ws/install/apf_pkg/share/apf_pkg/config/ekf.yaml
/home/vboxuser/apf_ws/install/apf_pkg/lib/python3.12/site-packages/apf_pkg-0.0.0-py3.12.egg-info/zip-safe
/home/vboxuser/apf_ws/install/apf_pkg/lib/python3.12/site-packages/apf_pkg-0.0.0-py3.12.egg-info/entry_points.txt
/home/vboxuser/apf_ws/install/apf_pkg/lib/python3.12/site-packages/apf_pkg-0.0.0-py3.12.egg-info/requires.txt
/home/vboxuser/apf_ws/install/apf_pkg/lib/python3.12/site-packages/apf_pkg-0.0.0-py3.12.egg-info/top_level.txt
/home/vboxuser/apf_ws/install/apf_pkg/lib/python3.12/site-packages/apf_pkg-0.0.0-py3.12.egg-info/PKG-INFO
/home/vboxuser/apf_ws/install/apf_pkg/lib/python3.12/site-packages/apf_pkg-0.0.0-py3.12.egg-info/dependency_links.txt
/home/vboxuser/apf_ws/install/apf_pkg/lib/python3.12/site-packages/apf_pkg-0.0.0-py3.12.egg-info/SOURCES.txt
/home/vboxuser/apf_ws/install/apf_pkg/lib/apf_pkg/apf_controller
/home/vboxuser/apf_ws/install/apf_pkg/lib/apf_pkg/apf_node
/home/vboxuser/apf_ws/install/apf_pkg/lib/apf_pkg/logger
