[2.028s] Invoking command in '/home/vboxuser/apf_ws/src/lidar_odom': DEBUGINFOD_URLS=https://debuginfod.ubuntu.com PYTHONPATH=/home/vboxuser/apf_ws/build/lidar_odom/prefix_override:/usr/lib/python3/dist-packages/colcon_core/task/python/colcon_distutils_commands:/home/vboxuser/apf_ws/install/lidar_odom/lib/python3.12/site-packages:${PYTHONPATH} /usr/bin/python3 -W ignore:setup.py install is deprecated -W ignore:easy_install command is deprecated setup.py egg_info --egg-base ../../build/lidar_odom build --build-base /home/vboxuser/apf_ws/build/lidar_odom/build install --record /home/vboxuser/apf_ws/build/lidar_odom/install.log --install-scripts $base/lib/lidar_odom --single-version-externally-managed install_data
[2.345s] running egg_info
[2.367s] writing ../../build/lidar_odom/lidar_odom.egg-info/PKG-INFO
[2.367s] writing dependency_links to ../../build/lidar_odom/lidar_odom.egg-info/dependency_links.txt
[2.368s] writing entry points to ../../build/lidar_odom/lidar_odom.egg-info/entry_points.txt
[2.369s] writing requirements to ../../build/lidar_odom/lidar_odom.egg-info/requires.txt
[2.369s] writing top-level names to ../../build/lidar_odom/lidar_odom.egg-info/top_level.txt
[2.420s] reading manifest file '../../build/lidar_odom/lidar_odom.egg-info/SOURCES.txt'
[2.421s] writing manifest file '../../build/lidar_odom/lidar_odom.egg-info/SOURCES.txt'
[2.422s] running build
[2.422s] running build_py
[2.422s] copying lidar_odom/icp_localization_node.py -> /home/vboxuser/apf_ws/build/lidar_odom/build/lib/lidar_odom
[2.422s] running install
[2.429s] running install_lib
[2.458s] copying /home/vboxuser/apf_ws/build/lidar_odom/build/lib/lidar_odom/icp_localization_node.py -> /home/vboxuser/apf_ws/install/lidar_odom/lib/python3.12/site-packages/lidar_odom
[2.460s] byte-compiling /home/vboxuser/apf_ws/install/lidar_odom/lib/python3.12/site-packages/lidar_odom/icp_localization_node.py to icp_localization_node.cpython-312.pyc
[2.466s] running install_data
[2.466s] running install_egg_info
[2.490s] removing '/home/vboxuser/apf_ws/install/lidar_odom/lib/python3.12/site-packages/lidar_odom-0.0.0-py3.12.egg-info' (and everything under it)
[2.490s] Copying ../../build/lidar_odom/lidar_odom.egg-info to /home/vboxuser/apf_ws/install/lidar_odom/lib/python3.12/site-packages/lidar_odom-0.0.0-py3.12.egg-info
[2.491s] running install_scripts
[2.648s] Installing cmd_robot script to /home/vboxuser/apf_ws/install/lidar_odom/lib/lidar_odom
[2.648s] Installing filter_lidar script to /home/vboxuser/apf_ws/install/lidar_odom/lib/lidar_odom
[2.649s] Installing icp_localization_node script to /home/vboxuser/apf_ws/install/lidar_odom/lib/lidar_odom
[2.649s] Installing icp_mapping script to /home/vboxuser/apf_ws/install/lidar_odom/lib/lidar_odom
[2.649s] Installing logger script to /home/vboxuser/apf_ws/install/lidar_odom/lib/lidar_odom
[2.649s] Installing logger_map script to /home/vboxuser/apf_ws/install/lidar_odom/lib/lidar_odom
[2.650s] Installing map_loader script to /home/vboxuser/apf_ws/install/lidar_odom/lib/lidar_odom
[2.650s] Installing record_lidar script to /home/vboxuser/apf_ws/install/lidar_odom/lib/lidar_odom
[2.651s] writing list of installed files to '/home/vboxuser/apf_ws/build/lidar_odom/install.log'
[2.792s] Invoked command in '/home/vboxuser/apf_ws/src/lidar_odom' returned '0': DEBUGINFOD_URLS=https://debuginfod.ubuntu.com PYTHONPATH=/home/vboxuser/apf_ws/build/lidar_odom/prefix_override:/usr/lib/python3/dist-packages/colcon_core/task/python/colcon_distutils_commands:/home/vboxuser/apf_ws/install/lidar_odom/lib/python3.12/site-packages:${PYTHONPATH} /usr/bin/python3 -W ignore:setup.py install is deprecated -W ignore:easy_install command is deprecated setup.py egg_info --egg-base ../../build/lidar_odom build --build-base /home/vboxuser/apf_ws/build/lidar_odom/build install --record /home/vboxuser/apf_ws/build/lidar_odom/install.log --install-scripts $base/lib/lidar_odom --single-version-externally-managed install_data
