[2.804s] Invoking command in '/home/vboxuser/apf_ws/src/lidar_odom': DEBUGINFOD_URLS=https://debuginfod.ubuntu.com PYTHONPATH=/home/vboxuser/apf_ws/build/lidar_odom/prefix_override:/usr/lib/python3/dist-packages/colcon_core/task/python/colcon_distutils_commands:/home/vboxuser/apf_ws/install/lidar_odom/lib/python3.12/site-packages:${PYTHONPATH} /usr/bin/python3 -W ignore:setup.py install is deprecated -W ignore:easy_install command is deprecated setup.py egg_info --egg-base ../../build/lidar_odom build --build-base /home/vboxuser/apf_ws/build/lidar_odom/build install --record /home/vboxuser/apf_ws/build/lidar_odom/install.log --install-scripts $base/lib/lidar_odom --single-version-externally-managed install_data
[3.107s] running egg_info
[3.132s] writing ../../build/lidar_odom/lidar_odom.egg-info/PKG-INFO
[3.134s] writing dependency_links to ../../build/lidar_odom/lidar_odom.egg-info/dependency_links.txt
[3.134s] writing entry points to ../../build/lidar_odom/lidar_odom.egg-info/entry_points.txt
[3.134s] writing requirements to ../../build/lidar_odom/lidar_odom.egg-info/requires.txt
[3.135s] writing top-level names to ../../build/lidar_odom/lidar_odom.egg-info/top_level.txt
[3.185s] reading manifest file '../../build/lidar_odom/lidar_odom.egg-info/SOURCES.txt'
[3.188s] writing manifest file '../../build/lidar_odom/lidar_odom.egg-info/SOURCES.txt'
[3.188s] running build
[3.189s] running build_py
[3.192s] copying lidar_odom/cmd_robot.py -> /home/vboxuser/apf_ws/build/lidar_odom/build/lib/lidar_odom
[3.192s] running install
[3.198s] running install_lib
[3.226s] copying /home/vboxuser/apf_ws/build/lidar_odom/build/lib/lidar_odom/cmd_robot.py -> /home/vboxuser/apf_ws/install/lidar_odom/lib/python3.12/site-packages/lidar_odom
[3.227s] byte-compiling /home/vboxuser/apf_ws/install/lidar_odom/lib/python3.12/site-packages/lidar_odom/cmd_robot.py to cmd_robot.cpython-312.pyc
[3.234s] running install_data
[3.234s] copying launch/icp_log.launch.py -> /home/vboxuser/apf_ws/install/lidar_odom/share/lidar_odom/launch
[3.236s] running install_egg_info
[3.262s] removing '/home/vboxuser/apf_ws/install/lidar_odom/lib/python3.12/site-packages/lidar_odom-0.0.0-py3.12.egg-info' (and everything under it)
[3.262s] Copying ../../build/lidar_odom/lidar_odom.egg-info to /home/vboxuser/apf_ws/install/lidar_odom/lib/python3.12/site-packages/lidar_odom-0.0.0-py3.12.egg-info
[3.264s] running install_scripts
[3.449s] Installing cmd_robot script to /home/vboxuser/apf_ws/install/lidar_odom/lib/lidar_odom
[3.450s] Installing icp_localization_node script to /home/vboxuser/apf_ws/install/lidar_odom/lib/lidar_odom
[3.450s] Installing logger script to /home/vboxuser/apf_ws/install/lidar_odom/lib/lidar_odom
[3.450s] writing list of installed files to '/home/vboxuser/apf_ws/build/lidar_odom/install.log'
[3.523s] Invoked command in '/home/vboxuser/apf_ws/src/lidar_odom' returned '0': DEBUGINFOD_URLS=https://debuginfod.ubuntu.com PYTHONPATH=/home/vboxuser/apf_ws/build/lidar_odom/prefix_override:/usr/lib/python3/dist-packages/colcon_core/task/python/colcon_distutils_commands:/home/vboxuser/apf_ws/install/lidar_odom/lib/python3.12/site-packages:${PYTHONPATH} /usr/bin/python3 -W ignore:setup.py install is deprecated -W ignore:easy_install command is deprecated setup.py egg_info --egg-base ../../build/lidar_odom build --build-base /home/vboxuser/apf_ws/build/lidar_odom/build install --record /home/vboxuser/apf_ws/build/lidar_odom/install.log --install-scripts $base/lib/lidar_odom --single-version-externally-managed install_data
