[7.208s] Invoking command in '/home/vboxuser/apf_ws/src/odom_cmd': DEBUGINFOD_URLS=https://debuginfod.ubuntu.com PYTHONPATH=/home/vboxuser/apf_ws/build/odom_cmd/prefix_override:/usr/lib/python3/dist-packages/colcon_core/task/python/colcon_distutils_commands:/home/vboxuser/apf_ws/install/odom_cmd/lib/python3.12/site-packages:${PYTHONPATH} /usr/bin/python3 -W ignore:setup.py install is deprecated -W ignore:easy_install command is deprecated setup.py egg_info --egg-base ../../build/odom_cmd build --build-base /home/vboxuser/apf_ws/build/odom_cmd/build install --record /home/vboxuser/apf_ws/build/odom_cmd/install.log --install-scripts $base/lib/odom_cmd --single-version-externally-managed install_data
[8.131s] running egg_info
[8.131s] creating ../../build/odom_cmd/odom_cmd.egg-info
[8.181s] writing ../../build/odom_cmd/odom_cmd.egg-info/PKG-INFO
[8.181s] writing dependency_links to ../../build/odom_cmd/odom_cmd.egg-info/dependency_links.txt
[8.183s] writing entry points to ../../build/odom_cmd/odom_cmd.egg-info/entry_points.txt
[8.183s] writing requirements to ../../build/odom_cmd/odom_cmd.egg-info/requires.txt
[8.183s] writing top-level names to ../../build/odom_cmd/odom_cmd.egg-info/top_level.txt
[8.183s] writing manifest file '../../build/odom_cmd/odom_cmd.egg-info/SOURCES.txt'
[8.285s] reading manifest file '../../build/odom_cmd/odom_cmd.egg-info/SOURCES.txt'
[8.291s] writing manifest file '../../build/odom_cmd/odom_cmd.egg-info/SOURCES.txt'
[8.291s] running build
[8.292s] running build_py
[8.292s] creating /home/vboxuser/apf_ws/build/odom_cmd/build
[8.292s] creating /home/vboxuser/apf_ws/build/odom_cmd/build/lib
[8.294s] creating /home/vboxuser/apf_ws/build/odom_cmd/build/lib/odom_cmd
[8.294s] copying odom_cmd/__init__.py -> /home/vboxuser/apf_ws/build/odom_cmd/build/lib/odom_cmd
[8.294s] copying odom_cmd/logger.py -> /home/vboxuser/apf_ws/build/odom_cmd/build/lib/odom_cmd
[8.295s] copying odom_cmd/cmd_robot_path.py -> /home/vboxuser/apf_ws/build/odom_cmd/build/lib/odom_cmd
[8.299s] copying odom_cmd/cmd_robot.py -> /home/vboxuser/apf_ws/build/odom_cmd/build/lib/odom_cmd
[8.303s] running install
[8.315s] running install_lib
[8.359s] creating /home/vboxuser/apf_ws/install/odom_cmd/lib/python3.12/site-packages/odom_cmd
[8.366s] copying /home/vboxuser/apf_ws/build/odom_cmd/build/lib/odom_cmd/__init__.py -> /home/vboxuser/apf_ws/install/odom_cmd/lib/python3.12/site-packages/odom_cmd
[8.368s] copying /home/vboxuser/apf_ws/build/odom_cmd/build/lib/odom_cmd/logger.py -> /home/vboxuser/apf_ws/install/odom_cmd/lib/python3.12/site-packages/odom_cmd
[8.371s] copying /home/vboxuser/apf_ws/build/odom_cmd/build/lib/odom_cmd/cmd_robot_path.py -> /home/vboxuser/apf_ws/install/odom_cmd/lib/python3.12/site-packages/odom_cmd
[8.373s] copying /home/vboxuser/apf_ws/build/odom_cmd/build/lib/odom_cmd/cmd_robot.py -> /home/vboxuser/apf_ws/install/odom_cmd/lib/python3.12/site-packages/odom_cmd
[8.374s] byte-compiling /home/vboxuser/apf_ws/install/odom_cmd/lib/python3.12/site-packages/odom_cmd/__init__.py to __init__.cpython-312.pyc
[8.376s] byte-compiling /home/vboxuser/apf_ws/install/odom_cmd/lib/python3.12/site-packages/odom_cmd/logger.py to logger.cpython-312.pyc
[8.382s] byte-compiling /home/vboxuser/apf_ws/install/odom_cmd/lib/python3.12/site-packages/odom_cmd/cmd_robot_path.py to cmd_robot_path.cpython-312.pyc
[8.389s] byte-compiling /home/vboxuser/apf_ws/install/odom_cmd/lib/python3.12/site-packages/odom_cmd/cmd_robot.py to cmd_robot.cpython-312.pyc
[8.394s] running install_data
[8.394s] creating /home/vboxuser/apf_ws/install/odom_cmd/share/ament_index
[8.394s] creating /home/vboxuser/apf_ws/install/odom_cmd/share/ament_index/resource_index
[8.395s] creating /home/vboxuser/apf_ws/install/odom_cmd/share/ament_index/resource_index/packages
[8.395s] copying resource/odom_cmd -> /home/vboxuser/apf_ws/install/odom_cmd/share/ament_index/resource_index/packages
[8.395s] copying package.xml -> /home/vboxuser/apf_ws/install/odom_cmd/share/odom_cmd
[8.396s] creating /home/vboxuser/apf_ws/install/odom_cmd/share/odom_cmd/launch
[8.396s] copying launch/odom_log.launch.py -> /home/vboxuser/apf_ws/install/odom_cmd/share/odom_cmd/launch
[8.432s] running install_egg_info
[8.482s] Copying ../../build/odom_cmd/odom_cmd.egg-info to /home/vboxuser/apf_ws/install/odom_cmd/lib/python3.12/site-packages/odom_cmd-0.0.0-py3.12.egg-info
[8.483s] running install_scripts
[9.052s] Installing cmd_robot script to /home/vboxuser/apf_ws/install/odom_cmd/lib/odom_cmd
[9.056s] Installing cmd_robot_path script to /home/vboxuser/apf_ws/install/odom_cmd/lib/odom_cmd
[9.057s] Installing logger script to /home/vboxuser/apf_ws/install/odom_cmd/lib/odom_cmd
[9.057s] writing list of installed files to '/home/vboxuser/apf_ws/build/odom_cmd/install.log'
[12.659s] Invoked command in '/home/vboxuser/apf_ws/src/odom_cmd' returned '0': DEBUGINFOD_URLS=https://debuginfod.ubuntu.com PYTHONPATH=/home/vboxuser/apf_ws/build/odom_cmd/prefix_override:/usr/lib/python3/dist-packages/colcon_core/task/python/colcon_distutils_commands:/home/vboxuser/apf_ws/install/odom_cmd/lib/python3.12/site-packages:${PYTHONPATH} /usr/bin/python3 -W ignore:setup.py install is deprecated -W ignore:easy_install command is deprecated setup.py egg_info --egg-base ../../build/odom_cmd build --build-base /home/vboxuser/apf_ws/build/odom_cmd/build install --record /home/vboxuser/apf_ws/build/odom_cmd/install.log --install-scripts $base/lib/odom_cmd --single-version-externally-managed install_data
