[4.203s] Invoking command in '/home/vboxuser/apf_ws/src/lidar_odom': DEBUGINFOD_URLS=https://debuginfod.ubuntu.com PYTHONPATH=/home/vboxuser/apf_ws/build/lidar_odom/prefix_override:/usr/lib/python3/dist-packages/colcon_core/task/python/colcon_distutils_commands:/home/vboxuser/apf_ws/install/lidar_odom/lib/python3.12/site-packages:${PYTHONPATH} /usr/bin/python3 -W ignore:setup.py install is deprecated -W ignore:easy_install command is deprecated setup.py egg_info --egg-base ../../build/lidar_odom build --build-base /home/vboxuser/apf_ws/build/lidar_odom/build install --record /home/vboxuser/apf_ws/build/lidar_odom/install.log --install-scripts $base/lib/lidar_odom --single-version-externally-managed install_data
[5.113s] running egg_info
[5.114s] creating ../../build/lidar_odom/lidar_odom.egg-info
[5.162s] writing ../../build/lidar_odom/lidar_odom.egg-info/PKG-INFO
[5.163s] writing dependency_links to ../../build/lidar_odom/lidar_odom.egg-info/dependency_links.txt
[5.163s] writing entry points to ../../build/lidar_odom/lidar_odom.egg-info/entry_points.txt
[5.165s] writing requirements to ../../build/lidar_odom/lidar_odom.egg-info/requires.txt
[5.165s] writing top-level names to ../../build/lidar_odom/lidar_odom.egg-info/top_level.txt
[5.167s] writing manifest file '../../build/lidar_odom/lidar_odom.egg-info/SOURCES.txt'
[5.299s] reading manifest file '../../build/lidar_odom/lidar_odom.egg-info/SOURCES.txt'
[5.301s] writing manifest file '../../build/lidar_odom/lidar_odom.egg-info/SOURCES.txt'
[5.301s] running build
[5.302s] running build_py
[5.302s] creating /home/vboxuser/apf_ws/build/lidar_odom/build
[5.302s] creating /home/vboxuser/apf_ws/build/lidar_odom/build/lib
[5.303s] creating /home/vboxuser/apf_ws/build/lidar_odom/build/lib/lidar_odom
[5.304s] copying lidar_odom/__init__.py -> /home/vboxuser/apf_ws/build/lidar_odom/build/lib/lidar_odom
[5.304s] copying lidar_odom/icp_localization_node.py -> /home/vboxuser/apf_ws/build/lidar_odom/build/lib/lidar_odom
[5.306s] copying lidar_odom/logger.py -> /home/vboxuser/apf_ws/build/lidar_odom/build/lib/lidar_odom
[5.308s] copying lidar_odom/icp_mapping.py -> /home/vboxuser/apf_ws/build/lidar_odom/build/lib/lidar_odom
[5.310s] copying lidar_odom/map_loader.py -> /home/vboxuser/apf_ws/build/lidar_odom/build/lib/lidar_odom
[5.312s] copying lidar_odom/cmd_robot.py -> /home/vboxuser/apf_ws/build/lidar_odom/build/lib/lidar_odom
[5.314s] running install
[5.324s] running install_lib
[5.383s] creating /home/vboxuser/apf_ws/install/lidar_odom/lib/python3.12/site-packages/lidar_odom
[5.386s] copying /home/vboxuser/apf_ws/build/lidar_odom/build/lib/lidar_odom/__init__.py -> /home/vboxuser/apf_ws/install/lidar_odom/lib/python3.12/site-packages/lidar_odom
[5.387s] copying /home/vboxuser/apf_ws/build/lidar_odom/build/lib/lidar_odom/icp_localization_node.py -> /home/vboxuser/apf_ws/install/lidar_odom/lib/python3.12/site-packages/lidar_odom
[5.387s] copying /home/vboxuser/apf_ws/build/lidar_odom/build/lib/lidar_odom/logger.py -> /home/vboxuser/apf_ws/install/lidar_odom/lib/python3.12/site-packages/lidar_odom
[5.388s] copying /home/vboxuser/apf_ws/build/lidar_odom/build/lib/lidar_odom/icp_mapping.py -> /home/vboxuser/apf_ws/install/lidar_odom/lib/python3.12/site-packages/lidar_odom
[5.388s] copying /home/vboxuser/apf_ws/build/lidar_odom/build/lib/lidar_odom/map_loader.py -> /home/vboxuser/apf_ws/install/lidar_odom/lib/python3.12/site-packages/lidar_odom
[5.388s] copying /home/vboxuser/apf_ws/build/lidar_odom/build/lib/lidar_odom/cmd_robot.py -> /home/vboxuser/apf_ws/install/lidar_odom/lib/python3.12/site-packages/lidar_odom
[5.392s] byte-compiling /home/vboxuser/apf_ws/install/lidar_odom/lib/python3.12/site-packages/lidar_odom/__init__.py to __init__.cpython-312.pyc
[5.393s] byte-compiling /home/vboxuser/apf_ws/install/lidar_odom/lib/python3.12/site-packages/lidar_odom/icp_localization_node.py to icp_localization_node.cpython-312.pyc
[5.400s] byte-compiling /home/vboxuser/apf_ws/install/lidar_odom/lib/python3.12/site-packages/lidar_odom/logger.py to logger.cpython-312.pyc
[5.405s] byte-compiling /home/vboxuser/apf_ws/install/lidar_odom/lib/python3.12/site-packages/lidar_odom/icp_mapping.py to icp_mapping.cpython-312.pyc
[5.408s] byte-compiling /home/vboxuser/apf_ws/install/lidar_odom/lib/python3.12/site-packages/lidar_odom/map_loader.py to map_loader.cpython-312.pyc
[5.412s] byte-compiling /home/vboxuser/apf_ws/install/lidar_odom/lib/python3.12/site-packages/lidar_odom/cmd_robot.py to cmd_robot.cpython-312.pyc
[5.414s] running install_data
[5.414s] creating /home/vboxuser/apf_ws/install/lidar_odom/share/ament_index
[5.416s] creating /home/vboxuser/apf_ws/install/lidar_odom/share/ament_index/resource_index
[5.416s] creating /home/vboxuser/apf_ws/install/lidar_odom/share/ament_index/resource_index/packages
[5.417s] copying resource/lidar_odom -> /home/vboxuser/apf_ws/install/lidar_odom/share/ament_index/resource_index/packages
[5.417s] copying package.xml -> /home/vboxuser/apf_ws/install/lidar_odom/share/lidar_odom
[5.418s] creating /home/vboxuser/apf_ws/install/lidar_odom/share/lidar_odom/launch
[5.418s] copying launch/icp_log.launch.py -> /home/vboxuser/apf_ws/install/lidar_odom/share/lidar_odom/launch
[5.421s] running install_egg_info
[5.478s] Copying ../../build/lidar_odom/lidar_odom.egg-info to /home/vboxuser/apf_ws/install/lidar_odom/lib/python3.12/site-packages/lidar_odom-0.0.0-py3.12.egg-info
[5.484s] running install_scripts
[6.090s] Installing cmd_robot script to /home/vboxuser/apf_ws/install/lidar_odom/lib/lidar_odom
[6.090s] Installing icp_localization_node script to /home/vboxuser/apf_ws/install/lidar_odom/lib/lidar_odom
[6.091s] Installing icp_mapping script to /home/vboxuser/apf_ws/install/lidar_odom/lib/lidar_odom
[6.092s] Installing logger script to /home/vboxuser/apf_ws/install/lidar_odom/lib/lidar_odom
[6.096s] Installing map_loader script to /home/vboxuser/apf_ws/install/lidar_odom/lib/lidar_odom
[6.097s] writing list of installed files to '/home/vboxuser/apf_ws/build/lidar_odom/install.log'
[6.166s] Invoked command in '/home/vboxuser/apf_ws/src/lidar_odom' returned '0': DEBUGINFOD_URLS=https://debuginfod.ubuntu.com PYTHONPATH=/home/vboxuser/apf_ws/build/lidar_odom/prefix_override:/usr/lib/python3/dist-packages/colcon_core/task/python/colcon_distutils_commands:/home/vboxuser/apf_ws/install/lidar_odom/lib/python3.12/site-packages:${PYTHONPATH} /usr/bin/python3 -W ignore:setup.py install is deprecated -W ignore:easy_install command is deprecated setup.py egg_info --egg-base ../../build/lidar_odom build --build-base /home/vboxuser/apf_ws/build/lidar_odom/build install --record /home/vboxuser/apf_ws/build/lidar_odom/install.log --install-scripts $base/lib/lidar_odom --single-version-externally-managed install_data
