[9.503s] Invoking command in '/home/vboxuser/apf_ws/src/lidar_odom': DEBUGINFOD_URLS=https://debuginfod.ubuntu.com PYTHONPATH=/home/vboxuser/apf_ws/build/lidar_odom/prefix_override:/usr/lib/python3/dist-packages/colcon_core/task/python/colcon_distutils_commands:/home/vboxuser/apf_ws/install/lidar_odom/lib/python3.12/site-packages:${PYTHONPATH} /usr/bin/python3 -W ignore:setup.py install is deprecated -W ignore:easy_install command is deprecated setup.py egg_info --egg-base ../../build/lidar_odom build --build-base /home/vboxuser/apf_ws/build/lidar_odom/build install --record /home/vboxuser/apf_ws/build/lidar_odom/install.log --install-scripts $base/lib/lidar_odom --single-version-externally-managed install_data
[9.766s] running egg_info
[9.791s] writing ../../build/lidar_odom/lidar_odom.egg-info/PKG-INFO
[9.795s] writing dependency_links to ../../build/lidar_odom/lidar_odom.egg-info/dependency_links.txt
[9.796s] writing entry points to ../../build/lidar_odom/lidar_odom.egg-info/entry_points.txt
[9.796s] writing requirements to ../../build/lidar_odom/lidar_odom.egg-info/requires.txt
[9.796s] writing top-level names to ../../build/lidar_odom/lidar_odom.egg-info/top_level.txt
[9.853s] reading manifest file '../../build/lidar_odom/lidar_odom.egg-info/SOURCES.txt'
[9.855s] writing manifest file '../../build/lidar_odom/lidar_odom.egg-info/SOURCES.txt'
[9.856s] running build
[9.856s] running build_py
[9.856s] running install
[9.862s] running install_lib
[9.887s] running install_data
[9.888s] running install_egg_info
[9.913s] removing '/home/vboxuser/apf_ws/install/lidar_odom/lib/python3.12/site-packages/lidar_odom-0.0.0-py3.12.egg-info' (and everything under it)
[9.915s] Copying ../../build/lidar_odom/lidar_odom.egg-info to /home/vboxuser/apf_ws/install/lidar_odom/lib/python3.12/site-packages/lidar_odom-0.0.0-py3.12.egg-info
[9.919s] running install_scripts
[10.120s] Installing cmd_robot script to /home/vboxuser/apf_ws/install/lidar_odom/lib/lidar_odom
[10.120s] Installing icp_localization_node script to /home/vboxuser/apf_ws/install/lidar_odom/lib/lidar_odom
[10.121s] Installing icp_mapping script to /home/vboxuser/apf_ws/install/lidar_odom/lib/lidar_odom
[10.123s] Installing logger script to /home/vboxuser/apf_ws/install/lidar_odom/lib/lidar_odom
[10.124s] Installing map_loader script to /home/vboxuser/apf_ws/install/lidar_odom/lib/lidar_odom
[10.128s] writing list of installed files to '/home/vboxuser/apf_ws/build/lidar_odom/install.log'
[10.213s] Invoked command in '/home/vboxuser/apf_ws/src/lidar_odom' returned '0': DEBUGINFOD_URLS=https://debuginfod.ubuntu.com PYTHONPATH=/home/vboxuser/apf_ws/build/lidar_odom/prefix_override:/usr/lib/python3/dist-packages/colcon_core/task/python/colcon_distutils_commands:/home/vboxuser/apf_ws/install/lidar_odom/lib/python3.12/site-packages:${PYTHONPATH} /usr/bin/python3 -W ignore:setup.py install is deprecated -W ignore:easy_install command is deprecated setup.py egg_info --egg-base ../../build/lidar_odom build --build-base /home/vboxuser/apf_ws/build/lidar_odom/build install --record /home/vboxuser/apf_ws/build/lidar_odom/install.log --install-scripts $base/lib/lidar_odom --single-version-externally-managed install_data
