[3.373s] Invoking command in '/home/vboxuser/apf_ws/src/lidar_odom': DEBUGINFOD_URLS=https://debuginfod.ubuntu.com PYTHONPATH=/home/vboxuser/apf_ws/build/lidar_odom/prefix_override:/usr/lib/python3/dist-packages/colcon_core/task/python/colcon_distutils_commands:/home/vboxuser/apf_ws/install/lidar_odom/lib/python3.12/site-packages:${PYTHONPATH} /usr/bin/python3 -W ignore:setup.py install is deprecated -W ignore:easy_install command is deprecated setup.py egg_info --egg-base ../../build/lidar_odom build --build-base /home/vboxuser/apf_ws/build/lidar_odom/build install --record /home/vboxuser/apf_ws/build/lidar_odom/install.log --install-scripts $base/lib/lidar_odom --single-version-externally-managed install_data
[3.773s] running egg_info
[3.817s] writing ../../build/lidar_odom/lidar_odom.egg-info/PKG-INFO
[3.827s] writing dependency_links to ../../build/lidar_odom/lidar_odom.egg-info/dependency_links.txt
[3.829s] writing entry points to ../../build/lidar_odom/lidar_odom.egg-info/entry_points.txt
[3.830s] writing requirements to ../../build/lidar_odom/lidar_odom.egg-info/requires.txt
[3.836s] writing top-level names to ../../build/lidar_odom/lidar_odom.egg-info/top_level.txt
[3.908s] reading manifest file '../../build/lidar_odom/lidar_odom.egg-info/SOURCES.txt'
[3.908s] writing manifest file '../../build/lidar_odom/lidar_odom.egg-info/SOURCES.txt'
[3.908s] running build
[3.921s] running build_py
[3.921s] copying lidar_odom/map_loader.py -> /home/vboxuser/apf_ws/build/lidar_odom/build/lib/lidar_odom
[3.921s] running install
[3.941s] running install_lib
[3.963s] copying /home/vboxuser/apf_ws/build/lidar_odom/build/lib/lidar_odom/map_loader.py -> /home/vboxuser/apf_ws/install/lidar_odom/lib/python3.12/site-packages/lidar_odom
[3.964s] byte-compiling /home/vboxuser/apf_ws/install/lidar_odom/lib/python3.12/site-packages/lidar_odom/map_loader.py to map_loader.cpython-312.pyc
[3.973s] running install_data
[3.974s] running install_egg_info
[4.034s] removing '/home/vboxuser/apf_ws/install/lidar_odom/lib/python3.12/site-packages/lidar_odom-0.0.0-py3.12.egg-info' (and everything under it)
[4.034s] Copying ../../build/lidar_odom/lidar_odom.egg-info to /home/vboxuser/apf_ws/install/lidar_odom/lib/python3.12/site-packages/lidar_odom-0.0.0-py3.12.egg-info
[4.035s] running install_scripts
[4.308s] Installing cmd_robot script to /home/vboxuser/apf_ws/install/lidar_odom/lib/lidar_odom
[4.314s] Installing filter_lidar script to /home/vboxuser/apf_ws/install/lidar_odom/lib/lidar_odom
[4.339s] Installing icp_localization_node script to /home/vboxuser/apf_ws/install/lidar_odom/lib/lidar_odom
[4.346s] Installing icp_mapping script to /home/vboxuser/apf_ws/install/lidar_odom/lib/lidar_odom
[4.349s] Installing logger script to /home/vboxuser/apf_ws/install/lidar_odom/lib/lidar_odom
[4.349s] Installing logger_map script to /home/vboxuser/apf_ws/install/lidar_odom/lib/lidar_odom
[4.351s] Installing map_loader script to /home/vboxuser/apf_ws/install/lidar_odom/lib/lidar_odom
[4.354s] Installing record_lidar script to /home/vboxuser/apf_ws/install/lidar_odom/lib/lidar_odom
[4.364s] writing list of installed files to '/home/vboxuser/apf_ws/build/lidar_odom/install.log'
[4.537s] Invoked command in '/home/vboxuser/apf_ws/src/lidar_odom' returned '0': DEBUGINFOD_URLS=https://debuginfod.ubuntu.com PYTHONPATH=/home/vboxuser/apf_ws/build/lidar_odom/prefix_override:/usr/lib/python3/dist-packages/colcon_core/task/python/colcon_distutils_commands:/home/vboxuser/apf_ws/install/lidar_odom/lib/python3.12/site-packages:${PYTHONPATH} /usr/bin/python3 -W ignore:setup.py install is deprecated -W ignore:easy_install command is deprecated setup.py egg_info --egg-base ../../build/lidar_odom build --build-base /home/vboxuser/apf_ws/build/lidar_odom/build install --record /home/vboxuser/apf_ws/build/lidar_odom/install.log --install-scripts $base/lib/lidar_odom --single-version-externally-managed install_data
