[0.765s] DEBUG:colcon:Command line arguments: ['/usr/bin/colcon', 'build']
[0.765s] DEBUG:colcon:Parsed command line arguments: Namespace(log_base=None, log_level=None, verb_name='build', build_base='build', install_base='install', merge_install=False, symlink_install=False, test_result_base=None, continue_on_error=False, executor='parallel', parallel_workers=5, event_handlers=None, ignore_user_meta=False, metas=['./colcon.meta'], base_paths=['.'], packages_ignore=None, packages_ignore_regex=None, paths=None, packages_up_to=None, packages_up_to_regex=None, packages_above=None, packages_above_and_dependencies=None, packages_above_depth=None, packages_select_by_dep=None, packages_skip_by_dep=None, packages_skip_up_to=None, packages_select_build_failed=False, packages_skip_build_finished=False, packages_select_test_failures=False, packages_skip_test_passed=False, packages_select=None, packages_skip=None, packages_select_regex=None, packages_skip_regex=None, packages_start=None, packages_end=None, allow_overriding=[], cmake_args=None, cmake_target=None, cmake_target_skip_unavailable=False, cmake_clean_cache=False, cmake_clean_first=False, cmake_force_configure=False, ament_cmake_args=None, catkin_cmake_args=None, catkin_skip_building_tests=False, mixin_files=None, mixin=None, verb_parser=<colcon_mixin.mixin.mixin_argument.MixinArgumentDecorator object at 0x74e862b530e0>, verb_extension=<colcon_core.verb.build.BuildVerb object at 0x74e862cd3ad0>, main=<bound method BuildVerb.main of <colcon_core.verb.build.BuildVerb object at 0x74e862cd3ad0>>, mixin_verb=('build',))
[1.080s] Level 1:colcon.colcon_core.package_discovery:discover_packages(colcon_meta) check parameters
[1.080s] Level 1:colcon.colcon_core.package_discovery:discover_packages(recursive) check parameters
[1.081s] Level 1:colcon.colcon_core.package_discovery:discover_packages(ignore) check parameters
[1.081s] Level 1:colcon.colcon_core.package_discovery:discover_packages(path) check parameters
[1.081s] Level 1:colcon.colcon_core.package_discovery:discover_packages(colcon_meta) discover
[1.081s] Level 1:colcon.colcon_core.package_discovery:discover_packages(recursive) discover
[1.081s] INFO:colcon.colcon_core.package_discovery:Crawling recursively for packages in '/home/vboxuser/apf_ws'
[1.081s] Level 1:colcon.colcon_core.package_identification:_identify(.) by extensions ['ignore', 'ignore_ament_install']
[1.081s] Level 1:colcon.colcon_core.package_identification:_identify(.) by extension 'ignore'
[1.082s] Level 1:colcon.colcon_core.package_identification:_identify(.) by extension 'ignore_ament_install'
[1.082s] Level 1:colcon.colcon_core.package_identification:_identify(.) by extensions ['colcon_pkg']
[1.082s] Level 1:colcon.colcon_core.package_identification:_identify(.) by extension 'colcon_pkg'
[1.082s] Level 1:colcon.colcon_core.package_identification:_identify(.) by extensions ['colcon_meta']
[1.082s] Level 1:colcon.colcon_core.package_identification:_identify(.) by extension 'colcon_meta'
[1.082s] Level 1:colcon.colcon_core.package_identification:_identify(.) by extensions ['ros']
[1.082s] Level 1:colcon.colcon_core.package_identification:_identify(.) by extension 'ros'
[1.200s] Level 1:colcon.colcon_core.package_identification:_identify(.) by extensions ['cmake', 'python']
[1.200s] Level 1:colcon.colcon_core.package_identification:_identify(.) by extension 'cmake'
[1.200s] Level 1:colcon.colcon_core.package_identification:_identify(.) by extension 'python'
[1.200s] Level 1:colcon.colcon_core.package_identification:_identify(.) by extensions ['python_setup_py']
[1.200s] Level 1:colcon.colcon_core.package_identification:_identify(.) by extension 'python_setup_py'
[1.200s] Level 1:colcon.colcon_core.package_identification:_identify(build) by extensions ['ignore', 'ignore_ament_install']
[1.200s] Level 1:colcon.colcon_core.package_identification:_identify(build) by extension 'ignore'
[1.200s] Level 1:colcon.colcon_core.package_identification:_identify(build) ignored
[1.201s] Level 1:colcon.colcon_core.package_identification:_identify(install) by extensions ['ignore', 'ignore_ament_install']
[1.201s] Level 1:colcon.colcon_core.package_identification:_identify(install) by extension 'ignore'
[1.201s] Level 1:colcon.colcon_core.package_identification:_identify(install) ignored
[1.201s] Level 1:colcon.colcon_core.package_identification:_identify(log) by extensions ['ignore', 'ignore_ament_install']
[1.201s] Level 1:colcon.colcon_core.package_identification:_identify(log) by extension 'ignore'
[1.202s] Level 1:colcon.colcon_core.package_identification:_identify(log) ignored
[1.202s] Level 1:colcon.colcon_core.package_identification:_identify(maps) by extensions ['ignore', 'ignore_ament_install']
[1.202s] Level 1:colcon.colcon_core.package_identification:_identify(maps) by extension 'ignore'
[1.202s] Level 1:colcon.colcon_core.package_identification:_identify(maps) by extension 'ignore_ament_install'
[1.202s] Level 1:colcon.colcon_core.package_identification:_identify(maps) by extensions ['colcon_pkg']
[1.202s] Level 1:colcon.colcon_core.package_identification:_identify(maps) by extension 'colcon_pkg'
[1.202s] Level 1:colcon.colcon_core.package_identification:_identify(maps) by extensions ['colcon_meta']
[1.202s] Level 1:colcon.colcon_core.package_identification:_identify(maps) by extension 'colcon_meta'
[1.202s] Level 1:colcon.colcon_core.package_identification:_identify(maps) by extensions ['ros']
[1.202s] Level 1:colcon.colcon_core.package_identification:_identify(maps) by extension 'ros'
[1.202s] Level 1:colcon.colcon_core.package_identification:_identify(maps) by extensions ['cmake', 'python']
[1.202s] Level 1:colcon.colcon_core.package_identification:_identify(maps) by extension 'cmake'
[1.202s] Level 1:colcon.colcon_core.package_identification:_identify(maps) by extension 'python'
[1.202s] Level 1:colcon.colcon_core.package_identification:_identify(maps) by extensions ['python_setup_py']
[1.202s] Level 1:colcon.colcon_core.package_identification:_identify(maps) by extension 'python_setup_py'
[1.204s] Level 1:colcon.colcon_core.package_identification:_identify(my_logs) by extensions ['ignore', 'ignore_ament_install']
[1.204s] Level 1:colcon.colcon_core.package_identification:_identify(my_logs) by extension 'ignore'
[1.204s] Level 1:colcon.colcon_core.package_identification:_identify(my_logs) by extension 'ignore_ament_install'
[1.204s] Level 1:colcon.colcon_core.package_identification:_identify(my_logs) by extensions ['colcon_pkg']
[1.204s] Level 1:colcon.colcon_core.package_identification:_identify(my_logs) by extension 'colcon_pkg'
[1.204s] Level 1:colcon.colcon_core.package_identification:_identify(my_logs) by extensions ['colcon_meta']
[1.205s] Level 1:colcon.colcon_core.package_identification:_identify(my_logs) by extension 'colcon_meta'
[1.205s] Level 1:colcon.colcon_core.package_identification:_identify(my_logs) by extensions ['ros']
[1.205s] Level 1:colcon.colcon_core.package_identification:_identify(my_logs) by extension 'ros'
[1.205s] Level 1:colcon.colcon_core.package_identification:_identify(my_logs) by extensions ['cmake', 'python']
[1.205s] Level 1:colcon.colcon_core.package_identification:_identify(my_logs) by extension 'cmake'
[1.205s] Level 1:colcon.colcon_core.package_identification:_identify(my_logs) by extension 'python'
[1.205s] Level 1:colcon.colcon_core.package_identification:_identify(my_logs) by extensions ['python_setup_py']
[1.205s] Level 1:colcon.colcon_core.package_identification:_identify(my_logs) by extension 'python_setup_py'
[1.208s] Level 1:colcon.colcon_core.package_identification:_identify(my_logs/apf_pkg_logs) by extensions ['ignore', 'ignore_ament_install']
[1.208s] Level 1:colcon.colcon_core.package_identification:_identify(my_logs/apf_pkg_logs) by extension 'ignore'
[1.208s] Level 1:colcon.colcon_core.package_identification:_identify(my_logs/apf_pkg_logs) by extension 'ignore_ament_install'
[1.208s] Level 1:colcon.colcon_core.package_identification:_identify(my_logs/apf_pkg_logs) by extensions ['colcon_pkg']
[1.208s] Level 1:colcon.colcon_core.package_identification:_identify(my_logs/apf_pkg_logs) by extension 'colcon_pkg'
[1.208s] Level 1:colcon.colcon_core.package_identification:_identify(my_logs/apf_pkg_logs) by extensions ['colcon_meta']
[1.208s] Level 1:colcon.colcon_core.package_identification:_identify(my_logs/apf_pkg_logs) by extension 'colcon_meta'
[1.208s] Level 1:colcon.colcon_core.package_identification:_identify(my_logs/apf_pkg_logs) by extensions ['ros']
[1.209s] Level 1:colcon.colcon_core.package_identification:_identify(my_logs/apf_pkg_logs) by extension 'ros'
[1.209s] Level 1:colcon.colcon_core.package_identification:_identify(my_logs/apf_pkg_logs) by extensions ['cmake', 'python']
[1.209s] Level 1:colcon.colcon_core.package_identification:_identify(my_logs/apf_pkg_logs) by extension 'cmake'
[1.209s] Level 1:colcon.colcon_core.package_identification:_identify(my_logs/apf_pkg_logs) by extension 'python'
[1.209s] Level 1:colcon.colcon_core.package_identification:_identify(my_logs/apf_pkg_logs) by extensions ['python_setup_py']
[1.209s] Level 1:colcon.colcon_core.package_identification:_identify(my_logs/apf_pkg_logs) by extension 'python_setup_py'
[1.211s] Level 1:colcon.colcon_core.package_identification:_identify(my_logs/ekf_logs) by extensions ['ignore', 'ignore_ament_install']
[1.211s] Level 1:colcon.colcon_core.package_identification:_identify(my_logs/ekf_logs) by extension 'ignore'
[1.212s] Level 1:colcon.colcon_core.package_identification:_identify(my_logs/ekf_logs) by extension 'ignore_ament_install'
[1.212s] Level 1:colcon.colcon_core.package_identification:_identify(my_logs/ekf_logs) by extensions ['colcon_pkg']
[1.212s] Level 1:colcon.colcon_core.package_identification:_identify(my_logs/ekf_logs) by extension 'colcon_pkg'
[1.212s] Level 1:colcon.colcon_core.package_identification:_identify(my_logs/ekf_logs) by extensions ['colcon_meta']
[1.212s] Level 1:colcon.colcon_core.package_identification:_identify(my_logs/ekf_logs) by extension 'colcon_meta'
[1.212s] Level 1:colcon.colcon_core.package_identification:_identify(my_logs/ekf_logs) by extensions ['ros']
[1.212s] Level 1:colcon.colcon_core.package_identification:_identify(my_logs/ekf_logs) by extension 'ros'
[1.212s] Level 1:colcon.colcon_core.package_identification:_identify(my_logs/ekf_logs) by extensions ['cmake', 'python']
[1.212s] Level 1:colcon.colcon_core.package_identification:_identify(my_logs/ekf_logs) by extension 'cmake'
[1.212s] Level 1:colcon.colcon_core.package_identification:_identify(my_logs/ekf_logs) by extension 'python'
[1.213s] Level 1:colcon.colcon_core.package_identification:_identify(my_logs/ekf_logs) by extensions ['python_setup_py']
[1.213s] Level 1:colcon.colcon_core.package_identification:_identify(my_logs/ekf_logs) by extension 'python_setup_py'
[1.216s] Level 1:colcon.colcon_core.package_identification:_identify(my_logs/lidar_odom_logs) by extensions ['ignore', 'ignore_ament_install']
[1.216s] Level 1:colcon.colcon_core.package_identification:_identify(my_logs/lidar_odom_logs) by extension 'ignore'
[1.216s] Level 1:colcon.colcon_core.package_identification:_identify(my_logs/lidar_odom_logs) by extension 'ignore_ament_install'
[1.217s] Level 1:colcon.colcon_core.package_identification:_identify(my_logs/lidar_odom_logs) by extensions ['colcon_pkg']
[1.217s] Level 1:colcon.colcon_core.package_identification:_identify(my_logs/lidar_odom_logs) by extension 'colcon_pkg'
[1.217s] Level 1:colcon.colcon_core.package_identification:_identify(my_logs/lidar_odom_logs) by extensions ['colcon_meta']
[1.217s] Level 1:colcon.colcon_core.package_identification:_identify(my_logs/lidar_odom_logs) by extension 'colcon_meta'
[1.217s] Level 1:colcon.colcon_core.package_identification:_identify(my_logs/lidar_odom_logs) by extensions ['ros']
[1.217s] Level 1:colcon.colcon_core.package_identification:_identify(my_logs/lidar_odom_logs) by extension 'ros'
[1.217s] Level 1:colcon.colcon_core.package_identification:_identify(my_logs/lidar_odom_logs) by extensions ['cmake', 'python']
[1.217s] Level 1:colcon.colcon_core.package_identification:_identify(my_logs/lidar_odom_logs) by extension 'cmake'
[1.217s] Level 1:colcon.colcon_core.package_identification:_identify(my_logs/lidar_odom_logs) by extension 'python'
[1.218s] Level 1:colcon.colcon_core.package_identification:_identify(my_logs/lidar_odom_logs) by extensions ['python_setup_py']
[1.218s] Level 1:colcon.colcon_core.package_identification:_identify(my_logs/lidar_odom_logs) by extension 'python_setup_py'
[1.218s] Level 1:colcon.colcon_core.package_identification:_identify(src) by extensions ['ignore', 'ignore_ament_install']
[1.218s] Level 1:colcon.colcon_core.package_identification:_identify(src) by extension 'ignore'
[1.218s] Level 1:colcon.colcon_core.package_identification:_identify(src) by extension 'ignore_ament_install'
[1.218s] Level 1:colcon.colcon_core.package_identification:_identify(src) by extensions ['colcon_pkg']
[1.218s] Level 1:colcon.colcon_core.package_identification:_identify(src) by extension 'colcon_pkg'
[1.218s] Level 1:colcon.colcon_core.package_identification:_identify(src) by extensions ['colcon_meta']
[1.218s] Level 1:colcon.colcon_core.package_identification:_identify(src) by extension 'colcon_meta'
[1.218s] Level 1:colcon.colcon_core.package_identification:_identify(src) by extensions ['ros']
[1.219s] Level 1:colcon.colcon_core.package_identification:_identify(src) by extension 'ros'
[1.219s] Level 1:colcon.colcon_core.package_identification:_identify(src) by extensions ['cmake', 'python']
[1.219s] Level 1:colcon.colcon_core.package_identification:_identify(src) by extension 'cmake'
[1.219s] Level 1:colcon.colcon_core.package_identification:_identify(src) by extension 'python'
[1.219s] Level 1:colcon.colcon_core.package_identification:_identify(src) by extensions ['python_setup_py']
[1.219s] Level 1:colcon.colcon_core.package_identification:_identify(src) by extension 'python_setup_py'
[1.219s] Level 1:colcon.colcon_core.package_identification:_identify(src/apf_pkg) by extensions ['ignore', 'ignore_ament_install']
[1.219s] Level 1:colcon.colcon_core.package_identification:_identify(src/apf_pkg) by extension 'ignore'
[1.220s] Level 1:colcon.colcon_core.package_identification:_identify(src/apf_pkg) by extension 'ignore_ament_install'
[1.220s] Level 1:colcon.colcon_core.package_identification:_identify(src/apf_pkg) by extensions ['colcon_pkg']
[1.220s] Level 1:colcon.colcon_core.package_identification:_identify(src/apf_pkg) by extension 'colcon_pkg'
[1.220s] Level 1:colcon.colcon_core.package_identification:_identify(src/apf_pkg) by extensions ['colcon_meta']
[1.220s] Level 1:colcon.colcon_core.package_identification:_identify(src/apf_pkg) by extension 'colcon_meta'
[1.220s] Level 1:colcon.colcon_core.package_identification:_identify(src/apf_pkg) by extensions ['ros']
[1.220s] Level 1:colcon.colcon_core.package_identification:_identify(src/apf_pkg) by extension 'ros'
[1.232s] DEBUG:colcon.colcon_core.package_identification:Package 'src/apf_pkg' with type 'ros.ament_python' and name 'apf_pkg'
[1.234s] Level 1:colcon.colcon_core.package_identification:_identify(src/ekf_pkg) by extensions ['ignore', 'ignore_ament_install']
[1.234s] Level 1:colcon.colcon_core.package_identification:_identify(src/ekf_pkg) by extension 'ignore'
[1.234s] Level 1:colcon.colcon_core.package_identification:_identify(src/ekf_pkg) by extension 'ignore_ament_install'
[1.234s] Level 1:colcon.colcon_core.package_identification:_identify(src/ekf_pkg) by extensions ['colcon_pkg']
[1.234s] Level 1:colcon.colcon_core.package_identification:_identify(src/ekf_pkg) by extension 'colcon_pkg'
[1.235s] Level 1:colcon.colcon_core.package_identification:_identify(src/ekf_pkg) by extensions ['colcon_meta']
[1.235s] Level 1:colcon.colcon_core.package_identification:_identify(src/ekf_pkg) by extension 'colcon_meta'
[1.235s] Level 1:colcon.colcon_core.package_identification:_identify(src/ekf_pkg) by extensions ['ros']
[1.235s] Level 1:colcon.colcon_core.package_identification:_identify(src/ekf_pkg) by extension 'ros'
[1.237s] DEBUG:colcon.colcon_core.package_identification:Package 'src/ekf_pkg' with type 'ros.ament_python' and name 'ekf_pkg'
[1.238s] Level 1:colcon.colcon_core.package_identification:_identify(src/lidar_odom) by extensions ['ignore', 'ignore_ament_install']
[1.238s] Level 1:colcon.colcon_core.package_identification:_identify(src/lidar_odom) by extension 'ignore'
[1.238s] Level 1:colcon.colcon_core.package_identification:_identify(src/lidar_odom) by extension 'ignore_ament_install'
[1.238s] Level 1:colcon.colcon_core.package_identification:_identify(src/lidar_odom) by extensions ['colcon_pkg']
[1.238s] Level 1:colcon.colcon_core.package_identification:_identify(src/lidar_odom) by extension 'colcon_pkg'
[1.238s] Level 1:colcon.colcon_core.package_identification:_identify(src/lidar_odom) by extensions ['colcon_meta']
[1.238s] Level 1:colcon.colcon_core.package_identification:_identify(src/lidar_odom) by extension 'colcon_meta'
[1.238s] Level 1:colcon.colcon_core.package_identification:_identify(src/lidar_odom) by extensions ['ros']
[1.238s] Level 1:colcon.colcon_core.package_identification:_identify(src/lidar_odom) by extension 'ros'
[1.242s] DEBUG:colcon.colcon_core.package_identification:Package 'src/lidar_odom' with type 'ros.ament_python' and name 'lidar_odom'
[1.242s] Level 1:colcon.colcon_core.package_identification:_identify(src/odom_cmd) by extensions ['ignore', 'ignore_ament_install']
[1.243s] Level 1:colcon.colcon_core.package_identification:_identify(src/odom_cmd) by extension 'ignore'
[1.243s] Level 1:colcon.colcon_core.package_identification:_identify(src/odom_cmd) by extension 'ignore_ament_install'
[1.243s] Level 1:colcon.colcon_core.package_identification:_identify(src/odom_cmd) by extensions ['colcon_pkg']
[1.243s] Level 1:colcon.colcon_core.package_identification:_identify(src/odom_cmd) by extension 'colcon_pkg'
[1.243s] Level 1:colcon.colcon_core.package_identification:_identify(src/odom_cmd) by extensions ['colcon_meta']
[1.243s] Level 1:colcon.colcon_core.package_identification:_identify(src/odom_cmd) by extension 'colcon_meta'
[1.243s] Level 1:colcon.colcon_core.package_identification:_identify(src/odom_cmd) by extensions ['ros']
[1.244s] Level 1:colcon.colcon_core.package_identification:_identify(src/odom_cmd) by extension 'ros'
[1.247s] DEBUG:colcon.colcon_core.package_identification:Package 'src/odom_cmd' with type 'ros.ament_python' and name 'odom_cmd'
[1.248s] Level 1:colcon.colcon_core.package_identification:_identify(src/robot_bringup) by extensions ['ignore', 'ignore_ament_install']
[1.248s] Level 1:colcon.colcon_core.package_identification:_identify(src/robot_bringup) by extension 'ignore'
[1.248s] Level 1:colcon.colcon_core.package_identification:_identify(src/robot_bringup) by extension 'ignore_ament_install'
[1.248s] Level 1:colcon.colcon_core.package_identification:_identify(src/robot_bringup) by extensions ['colcon_pkg']
[1.248s] Level 1:colcon.colcon_core.package_identification:_identify(src/robot_bringup) by extension 'colcon_pkg'
[1.249s] Level 1:colcon.colcon_core.package_identification:_identify(src/robot_bringup) by extensions ['colcon_meta']
[1.249s] Level 1:colcon.colcon_core.package_identification:_identify(src/robot_bringup) by extension 'colcon_meta'
[1.249s] Level 1:colcon.colcon_core.package_identification:_identify(src/robot_bringup) by extensions ['ros']
[1.249s] Level 1:colcon.colcon_core.package_identification:_identify(src/robot_bringup) by extension 'ros'
[1.255s] DEBUG:colcon.colcon_core.package_identification:Package 'src/robot_bringup' with type 'ros.ament_python' and name 'robot_bringup'
[1.255s] Level 1:colcon.colcon_core.package_discovery:discover_packages(recursive) using defaults
[1.256s] Level 1:colcon.colcon_core.package_discovery:discover_packages(ignore) discover
[1.256s] Level 1:colcon.colcon_core.package_discovery:discover_packages(ignore) using defaults
[1.256s] Level 1:colcon.colcon_core.package_discovery:discover_packages(path) discover
[1.256s] Level 1:colcon.colcon_core.package_discovery:discover_packages(path) using defaults
[1.336s] Level 1:colcon.colcon_core.package_discovery:discover_packages(prefix_path) check parameters
[1.336s] Level 1:colcon.colcon_core.package_discovery:discover_packages(prefix_path) discover
[1.404s] DEBUG:colcon.colcon_installed_package_information.package_discovery:Found 6 installed packages in /home/vboxuser/apf_ws/install
[1.405s] DEBUG:colcon.colcon_installed_package_information.package_discovery:Found 1 installed packages in /home/vboxuser/myturtlebot_ws/install
[1.409s] DEBUG:colcon.colcon_installed_package_information.package_discovery:Found 15 installed packages in /home/vboxuser/turtlebot3_ws/install
[1.416s] DEBUG:colcon.colcon_installed_package_information.package_discovery:Found 497 installed packages in /opt/ros/jazzy
[1.418s] Level 1:colcon.colcon_core.package_discovery:discover_packages(prefix_path) using defaults
[1.702s] Level 5:colcon.colcon_core.verb:set package 'apf_pkg' build argument 'cmake_args' from command line to 'None'
[1.702s] Level 5:colcon.colcon_core.verb:set package 'apf_pkg' build argument 'cmake_target' from command line to 'None'
[1.702s] Level 5:colcon.colcon_core.verb:set package 'apf_pkg' build argument 'cmake_target_skip_unavailable' from command line to 'False'
[1.702s] Level 5:colcon.colcon_core.verb:set package 'apf_pkg' build argument 'cmake_clean_cache' from command line to 'False'
[1.702s] Level 5:colcon.colcon_core.verb:set package 'apf_pkg' build argument 'cmake_clean_first' from command line to 'False'
[1.702s] Level 5:colcon.colcon_core.verb:set package 'apf_pkg' build argument 'cmake_force_configure' from command line to 'False'
[1.702s] Level 5:colcon.colcon_core.verb:set package 'apf_pkg' build argument 'ament_cmake_args' from command line to 'None'
[1.702s] Level 5:colcon.colcon_core.verb:set package 'apf_pkg' build argument 'catkin_cmake_args' from command line to 'None'
[1.702s] Level 5:colcon.colcon_core.verb:set package 'apf_pkg' build argument 'catkin_skip_building_tests' from command line to 'False'
[1.702s] DEBUG:colcon.colcon_core.verb:Building package 'apf_pkg' with the following arguments: {'ament_cmake_args': None, 'build_base': '/home/vboxuser/apf_ws/build/apf_pkg', 'catkin_cmake_args': None, 'catkin_skip_building_tests': False, 'cmake_args': None, 'cmake_clean_cache': False, 'cmake_clean_first': False, 'cmake_force_configure': False, 'cmake_target': None, 'cmake_target_skip_unavailable': False, 'install_base': '/home/vboxuser/apf_ws/install/apf_pkg', 'merge_install': False, 'path': '/home/vboxuser/apf_ws/src/apf_pkg', 'symlink_install': False, 'test_result_base': None}
[1.703s] Level 5:colcon.colcon_core.verb:set package 'ekf_pkg' build argument 'cmake_args' from command line to 'None'
[1.703s] Level 5:colcon.colcon_core.verb:set package 'ekf_pkg' build argument 'cmake_target' from command line to 'None'
[1.703s] Level 5:colcon.colcon_core.verb:set package 'ekf_pkg' build argument 'cmake_target_skip_unavailable' from command line to 'False'
[1.704s] Level 5:colcon.colcon_core.verb:set package 'ekf_pkg' build argument 'cmake_clean_cache' from command line to 'False'
[1.704s] Level 5:colcon.colcon_core.verb:set package 'ekf_pkg' build argument 'cmake_clean_first' from command line to 'False'
[1.704s] Level 5:colcon.colcon_core.verb:set package 'ekf_pkg' build argument 'cmake_force_configure' from command line to 'False'
[1.704s] Level 5:colcon.colcon_core.verb:set package 'ekf_pkg' build argument 'ament_cmake_args' from command line to 'None'
[1.704s] Level 5:colcon.colcon_core.verb:set package 'ekf_pkg' build argument 'catkin_cmake_args' from command line to 'None'
[1.704s] Level 5:colcon.colcon_core.verb:set package 'ekf_pkg' build argument 'catkin_skip_building_tests' from command line to 'False'
[1.704s] DEBUG:colcon.colcon_core.verb:Building package 'ekf_pkg' with the following arguments: {'ament_cmake_args': None, 'build_base': '/home/vboxuser/apf_ws/build/ekf_pkg', 'catkin_cmake_args': None, 'catkin_skip_building_tests': False, 'cmake_args': None, 'cmake_clean_cache': False, 'cmake_clean_first': False, 'cmake_force_configure': False, 'cmake_target': None, 'cmake_target_skip_unavailable': False, 'install_base': '/home/vboxuser/apf_ws/install/ekf_pkg', 'merge_install': False, 'path': '/home/vboxuser/apf_ws/src/ekf_pkg', 'symlink_install': False, 'test_result_base': None}
[1.705s] Level 5:colcon.colcon_core.verb:set package 'lidar_odom' build argument 'cmake_args' from command line to 'None'
[1.705s] Level 5:colcon.colcon_core.verb:set package 'lidar_odom' build argument 'cmake_target' from command line to 'None'
[1.705s] Level 5:colcon.colcon_core.verb:set package 'lidar_odom' build argument 'cmake_target_skip_unavailable' from command line to 'False'
[1.706s] Level 5:colcon.colcon_core.verb:set package 'lidar_odom' build argument 'cmake_clean_cache' from command line to 'False'
[1.706s] Level 5:colcon.colcon_core.verb:set package 'lidar_odom' build argument 'cmake_clean_first' from command line to 'False'
[1.706s] Level 5:colcon.colcon_core.verb:set package 'lidar_odom' build argument 'cmake_force_configure' from command line to 'False'
[1.706s] Level 5:colcon.colcon_core.verb:set package 'lidar_odom' build argument 'ament_cmake_args' from command line to 'None'
[1.706s] Level 5:colcon.colcon_core.verb:set package 'lidar_odom' build argument 'catkin_cmake_args' from command line to 'None'
[1.706s] Level 5:colcon.colcon_core.verb:set package 'lidar_odom' build argument 'catkin_skip_building_tests' from command line to 'False'
[1.706s] DEBUG:colcon.colcon_core.verb:Building package 'lidar_odom' with the following arguments: {'ament_cmake_args': None, 'build_base': '/home/vboxuser/apf_ws/build/lidar_odom', 'catkin_cmake_args': None, 'catkin_skip_building_tests': False, 'cmake_args': None, 'cmake_clean_cache': False, 'cmake_clean_first': False, 'cmake_force_configure': False, 'cmake_target': None, 'cmake_target_skip_unavailable': False, 'install_base': '/home/vboxuser/apf_ws/install/lidar_odom', 'merge_install': False, 'path': '/home/vboxuser/apf_ws/src/lidar_odom', 'symlink_install': False, 'test_result_base': None}
[1.707s] Level 5:colcon.colcon_core.verb:set package 'odom_cmd' build argument 'cmake_args' from command line to 'None'
[1.707s] Level 5:colcon.colcon_core.verb:set package 'odom_cmd' build argument 'cmake_target' from command line to 'None'
[1.707s] Level 5:colcon.colcon_core.verb:set package 'odom_cmd' build argument 'cmake_target_skip_unavailable' from command line to 'False'
[1.707s] Level 5:colcon.colcon_core.verb:set package 'odom_cmd' build argument 'cmake_clean_cache' from command line to 'False'
[1.707s] Level 5:colcon.colcon_core.verb:set package 'odom_cmd' build argument 'cmake_clean_first' from command line to 'False'
[1.708s] Level 5:colcon.colcon_core.verb:set package 'odom_cmd' build argument 'cmake_force_configure' from command line to 'False'
[1.708s] Level 5:colcon.colcon_core.verb:set package 'odom_cmd' build argument 'ament_cmake_args' from command line to 'None'
[1.708s] Level 5:colcon.colcon_core.verb:set package 'odom_cmd' build argument 'catkin_cmake_args' from command line to 'None'
[1.708s] Level 5:colcon.colcon_core.verb:set package 'odom_cmd' build argument 'catkin_skip_building_tests' from command line to 'False'
[1.708s] DEBUG:colcon.colcon_core.verb:Building package 'odom_cmd' with the following arguments: {'ament_cmake_args': None, 'build_base': '/home/vboxuser/apf_ws/build/odom_cmd', 'catkin_cmake_args': None, 'catkin_skip_building_tests': False, 'cmake_args': None, 'cmake_clean_cache': False, 'cmake_clean_first': False, 'cmake_force_configure': False, 'cmake_target': None, 'cmake_target_skip_unavailable': False, 'install_base': '/home/vboxuser/apf_ws/install/odom_cmd', 'merge_install': False, 'path': '/home/vboxuser/apf_ws/src/odom_cmd', 'symlink_install': False, 'test_result_base': None}
[1.709s] Level 5:colcon.colcon_core.verb:set package 'robot_bringup' build argument 'cmake_args' from command line to 'None'
[1.709s] Level 5:colcon.colcon_core.verb:set package 'robot_bringup' build argument 'cmake_target' from command line to 'None'
[1.709s] Level 5:colcon.colcon_core.verb:set package 'robot_bringup' build argument 'cmake_target_skip_unavailable' from command line to 'False'
[1.709s] Level 5:colcon.colcon_core.verb:set package 'robot_bringup' build argument 'cmake_clean_cache' from command line to 'False'
[1.709s] Level 5:colcon.colcon_core.verb:set package 'robot_bringup' build argument 'cmake_clean_first' from command line to 'False'
[1.709s] Level 5:colcon.colcon_core.verb:set package 'robot_bringup' build argument 'cmake_force_configure' from command line to 'False'
[1.709s] Level 5:colcon.colcon_core.verb:set package 'robot_bringup' build argument 'ament_cmake_args' from command line to 'None'
[1.709s] Level 5:colcon.colcon_core.verb:set package 'robot_bringup' build argument 'catkin_cmake_args' from command line to 'None'
[1.709s] Level 5:colcon.colcon_core.verb:set package 'robot_bringup' build argument 'catkin_skip_building_tests' from command line to 'False'
[1.709s] DEBUG:colcon.colcon_core.verb:Building package 'robot_bringup' with the following arguments: {'ament_cmake_args': None, 'build_base': '/home/vboxuser/apf_ws/build/robot_bringup', 'catkin_cmake_args': None, 'catkin_skip_building_tests': False, 'cmake_args': None, 'cmake_clean_cache': False, 'cmake_clean_first': False, 'cmake_force_configure': False, 'cmake_target': None, 'cmake_target_skip_unavailable': False, 'install_base': '/home/vboxuser/apf_ws/install/robot_bringup', 'merge_install': False, 'path': '/home/vboxuser/apf_ws/src/robot_bringup', 'symlink_install': False, 'test_result_base': None}
[1.710s] INFO:colcon.colcon_core.executor:Executing jobs using 'parallel' executor
[1.712s] DEBUG:colcon.colcon_parallel_executor.executor.parallel:run_until_complete
[1.713s] INFO:colcon.colcon_ros.task.ament_python.build:Building ROS package in '/home/vboxuser/apf_ws/src/apf_pkg' with build type 'ament_python'
[1.713s] Level 1:colcon.colcon_core.shell:create_environment_hook('apf_pkg', 'ament_prefix_path')
[1.760s] INFO:colcon.colcon_core.plugin_system:Skipping extension 'colcon_core.shell.bat': Not used on non-Windows systems
[1.760s] INFO:colcon.colcon_core.shell:Creating environment hook '/home/vboxuser/apf_ws/install/apf_pkg/share/apf_pkg/hook/ament_prefix_path.ps1'
[1.764s] INFO:colcon.colcon_core.shell:Creating environment descriptor '/home/vboxuser/apf_ws/install/apf_pkg/share/apf_pkg/hook/ament_prefix_path.dsv'
[1.766s] INFO:colcon.colcon_core.shell:Creating environment hook '/home/vboxuser/apf_ws/install/apf_pkg/share/apf_pkg/hook/ament_prefix_path.sh'
[1.772s] INFO:colcon.colcon_core.shell:Skip shell extension 'powershell' for command environment: Not usable outside of PowerShell
[1.773s] DEBUG:colcon.colcon_core.shell:Skip shell extension 'dsv' for command environment
[1.793s] INFO:colcon.colcon_ros.task.ament_python.build:Building ROS package in '/home/vboxuser/apf_ws/src/ekf_pkg' with build type 'ament_python'
[1.794s] Level 1:colcon.colcon_core.shell:create_environment_hook('ekf_pkg', 'ament_prefix_path')
[1.794s] INFO:colcon.colcon_core.shell:Creating environment hook '/home/vboxuser/apf_ws/install/ekf_pkg/share/ekf_pkg/hook/ament_prefix_path.ps1'
[1.797s] INFO:colcon.colcon_core.shell:Creating environment descriptor '/home/vboxuser/apf_ws/install/ekf_pkg/share/ekf_pkg/hook/ament_prefix_path.dsv'
[1.798s] INFO:colcon.colcon_core.shell:Creating environment hook '/home/vboxuser/apf_ws/install/ekf_pkg/share/ekf_pkg/hook/ament_prefix_path.sh'
[1.800s] INFO:colcon.colcon_core.shell:Skip shell extension 'powershell' for command environment: Not usable outside of PowerShell
[1.800s] DEBUG:colcon.colcon_core.shell:Skip shell extension 'dsv' for command environment
[1.815s] INFO:colcon.colcon_ros.task.ament_python.build:Building ROS package in '/home/vboxuser/apf_ws/src/lidar_odom' with build type 'ament_python'
[1.815s] Level 1:colcon.colcon_core.shell:create_environment_hook('lidar_odom', 'ament_prefix_path')
[1.816s] INFO:colcon.colcon_core.shell:Creating environment hook '/home/vboxuser/apf_ws/install/lidar_odom/share/lidar_odom/hook/ament_prefix_path.ps1'
[1.824s] INFO:colcon.colcon_core.shell:Creating environment descriptor '/home/vboxuser/apf_ws/install/lidar_odom/share/lidar_odom/hook/ament_prefix_path.dsv'
[1.825s] INFO:colcon.colcon_core.shell:Creating environment hook '/home/vboxuser/apf_ws/install/lidar_odom/share/lidar_odom/hook/ament_prefix_path.sh'
[1.827s] INFO:colcon.colcon_core.shell:Skip shell extension 'powershell' for command environment: Not usable outside of PowerShell
[1.827s] DEBUG:colcon.colcon_core.shell:Skip shell extension 'dsv' for command environment
[1.840s] INFO:colcon.colcon_ros.task.ament_python.build:Building ROS package in '/home/vboxuser/apf_ws/src/odom_cmd' with build type 'ament_python'
[1.840s] Level 1:colcon.colcon_core.shell:create_environment_hook('odom_cmd', 'ament_prefix_path')
[1.841s] INFO:colcon.colcon_core.shell:Creating environment hook '/home/vboxuser/apf_ws/install/odom_cmd/share/odom_cmd/hook/ament_prefix_path.ps1'
[1.844s] INFO:colcon.colcon_core.shell:Creating environment descriptor '/home/vboxuser/apf_ws/install/odom_cmd/share/odom_cmd/hook/ament_prefix_path.dsv'
[1.845s] INFO:colcon.colcon_core.shell:Creating environment hook '/home/vboxuser/apf_ws/install/odom_cmd/share/odom_cmd/hook/ament_prefix_path.sh'
[1.846s] INFO:colcon.colcon_core.shell:Skip shell extension 'powershell' for command environment: Not usable outside of PowerShell
[1.846s] DEBUG:colcon.colcon_core.shell:Skip shell extension 'dsv' for command environment
[1.861s] INFO:colcon.colcon_ros.task.ament_python.build:Building ROS package in '/home/vboxuser/apf_ws/src/robot_bringup' with build type 'ament_python'
[1.862s] Level 1:colcon.colcon_core.shell:create_environment_hook('robot_bringup', 'ament_prefix_path')
[1.862s] INFO:colcon.colcon_core.shell:Creating environment hook '/home/vboxuser/apf_ws/install/robot_bringup/share/robot_bringup/hook/ament_prefix_path.ps1'
[1.863s] INFO:colcon.colcon_core.shell:Creating environment descriptor '/home/vboxuser/apf_ws/install/robot_bringup/share/robot_bringup/hook/ament_prefix_path.dsv'
[1.864s] INFO:colcon.colcon_core.shell:Creating environment hook '/home/vboxuser/apf_ws/install/robot_bringup/share/robot_bringup/hook/ament_prefix_path.sh'
[1.866s] INFO:colcon.colcon_core.shell:Skip shell extension 'powershell' for command environment: Not usable outside of PowerShell
[1.866s] DEBUG:colcon.colcon_core.shell:Skip shell extension 'dsv' for command environment
[2.447s] INFO:colcon.colcon_core.task.python.build:Building Python package in '/home/vboxuser/apf_ws/src/apf_pkg'
[2.448s] INFO:colcon.colcon_core.shell:Skip shell extension 'powershell' for command environment: Not usable outside of PowerShell
[2.448s] DEBUG:colcon.colcon_core.shell:Skip shell extension 'dsv' for command environment
[3.240s] INFO:colcon.colcon_core.task.python.build:Building Python package in '/home/vboxuser/apf_ws/src/ekf_pkg'
[3.240s] INFO:colcon.colcon_core.shell:Skip shell extension 'powershell' for command environment: Not usable outside of PowerShell
[3.241s] DEBUG:colcon.colcon_core.shell:Skip shell extension 'dsv' for command environment
[3.946s] INFO:colcon.colcon_core.task.python.build:Building Python package in '/home/vboxuser/apf_ws/src/lidar_odom'
[3.947s] INFO:colcon.colcon_core.shell:Skip shell extension 'powershell' for command environment: Not usable outside of PowerShell
[3.947s] DEBUG:colcon.colcon_core.shell:Skip shell extension 'dsv' for command environment
[4.664s] INFO:colcon.colcon_core.task.python.build:Building Python package in '/home/vboxuser/apf_ws/src/odom_cmd'
[4.664s] INFO:colcon.colcon_core.shell:Skip shell extension 'powershell' for command environment: Not usable outside of PowerShell
[4.664s] DEBUG:colcon.colcon_core.shell:Skip shell extension 'dsv' for command environment
[5.212s] INFO:colcon.colcon_core.task.python.build:Building Python package in '/home/vboxuser/apf_ws/src/robot_bringup'
[5.213s] INFO:colcon.colcon_core.shell:Skip shell extension 'powershell' for command environment: Not usable outside of PowerShell
[5.213s] DEBUG:colcon.colcon_core.shell:Skip shell extension 'dsv' for command environment
[8.979s] DEBUG:colcon.colcon_core.task.python.build:Available setuptools commands: upload_docs, sdist, update_catalog, editable_wheel, bdist, build, dist_info, upload, build_ext, install_headers, register, symlink_data, rotate, build_scripts, install_scripts, install_egg_info, build_clib, build_py, alias, bdist_dumb, install_lib, bdist_egg, easy_install, setopt, compile_catalog, init_catalog, develop, install, test, install_data, check, extract_messages, egg_info, bdist_rpm, clean, saveopts
[9.013s] DEBUG:colcon.colcon_core.event_handler.log_command:Invoking command in '/home/vboxuser/apf_ws/src/odom_cmd': DEBUGINFOD_URLS=https://debuginfod.ubuntu.com PYTHONPATH=/home/vboxuser/apf_ws/build/odom_cmd/prefix_override:/usr/lib/python3/dist-packages/colcon_core/task/python/colcon_distutils_commands:/home/vboxuser/apf_ws/install/odom_cmd/lib/python3.12/site-packages:${PYTHONPATH} /usr/bin/python3 -W ignore:setup.py install is deprecated -W ignore:easy_install command is deprecated setup.py egg_info --egg-base ../../build/odom_cmd build --build-base /home/vboxuser/apf_ws/build/odom_cmd/build install --record /home/vboxuser/apf_ws/build/odom_cmd/install.log --install-scripts $base/lib/odom_cmd --single-version-externally-managed install_data
[9.035s] DEBUG:colcon.colcon_core.task.python.build:Available setuptools commands: upload_docs, sdist, update_catalog, editable_wheel, bdist, build, dist_info, upload, build_ext, install_headers, register, symlink_data, rotate, build_scripts, install_scripts, install_egg_info, build_clib, build_py, alias, bdist_dumb, install_lib, bdist_egg, easy_install, setopt, compile_catalog, init_catalog, develop, install, test, install_data, check, extract_messages, egg_info, bdist_rpm, clean, saveopts
[9.040s] DEBUG:colcon.colcon_core.event_handler.log_command:Invoking command in '/home/vboxuser/apf_ws/src/robot_bringup': DEBUGINFOD_URLS=https://debuginfod.ubuntu.com PYTHONPATH=/home/vboxuser/apf_ws/build/robot_bringup/prefix_override:/usr/lib/python3/dist-packages/colcon_core/task/python/colcon_distutils_commands:/home/vboxuser/apf_ws/install/robot_bringup/lib/python3.12/site-packages:${PYTHONPATH} /usr/bin/python3 -W ignore:setup.py install is deprecated -W ignore:easy_install command is deprecated setup.py egg_info --egg-base ../../build/robot_bringup build --build-base /home/vboxuser/apf_ws/build/robot_bringup/build install --record /home/vboxuser/apf_ws/build/robot_bringup/install.log --install-scripts $base/lib/robot_bringup --single-version-externally-managed install_data
[9.092s] DEBUG:colcon.colcon_core.task.python.build:Available setuptools commands: upload_docs, sdist, update_catalog, editable_wheel, bdist, build, dist_info, upload, build_ext, install_headers, register, symlink_data, rotate, build_scripts, install_scripts, install_egg_info, build_clib, build_py, alias, bdist_dumb, install_lib, bdist_egg, easy_install, setopt, compile_catalog, init_catalog, develop, install, test, install_data, check, extract_messages, egg_info, bdist_rpm, clean, saveopts
[9.103s] DEBUG:colcon.colcon_core.event_handler.log_command:Invoking command in '/home/vboxuser/apf_ws/src/apf_pkg': DEBUGINFOD_URLS=https://debuginfod.ubuntu.com PYTHONPATH=/home/vboxuser/apf_ws/build/apf_pkg/prefix_override:/usr/lib/python3/dist-packages/colcon_core/task/python/colcon_distutils_commands:/home/vboxuser/apf_ws/install/apf_pkg/lib/python3.12/site-packages:${PYTHONPATH} /usr/bin/python3 -W ignore:setup.py install is deprecated -W ignore:easy_install command is deprecated setup.py egg_info --egg-base ../../build/apf_pkg build --build-base /home/vboxuser/apf_ws/build/apf_pkg/build install --record /home/vboxuser/apf_ws/build/apf_pkg/install.log --install-scripts $base/lib/apf_pkg --single-version-externally-managed install_data
[9.129s] DEBUG:colcon.colcon_core.task.python.build:Available setuptools commands: upload_docs, sdist, update_catalog, editable_wheel, bdist, build, dist_info, upload, build_ext, install_headers, register, symlink_data, rotate, build_scripts, install_scripts, install_egg_info, build_clib, build_py, alias, bdist_dumb, install_lib, bdist_egg, easy_install, setopt, compile_catalog, init_catalog, develop, install, test, install_data, check, extract_messages, egg_info, bdist_rpm, clean, saveopts
[9.133s] DEBUG:colcon.colcon_core.event_handler.log_command:Invoking command in '/home/vboxuser/apf_ws/src/lidar_odom': DEBUGINFOD_URLS=https://debuginfod.ubuntu.com PYTHONPATH=/home/vboxuser/apf_ws/build/lidar_odom/prefix_override:/usr/lib/python3/dist-packages/colcon_core/task/python/colcon_distutils_commands:/home/vboxuser/apf_ws/install/lidar_odom/lib/python3.12/site-packages:${PYTHONPATH} /usr/bin/python3 -W ignore:setup.py install is deprecated -W ignore:easy_install command is deprecated setup.py egg_info --egg-base ../../build/lidar_odom build --build-base /home/vboxuser/apf_ws/build/lidar_odom/build install --record /home/vboxuser/apf_ws/build/lidar_odom/install.log --install-scripts $base/lib/lidar_odom --single-version-externally-managed install_data
[9.249s] DEBUG:colcon.colcon_core.task.python.build:Available setuptools commands: upload_docs, sdist, update_catalog, editable_wheel, bdist, build, dist_info, upload, build_ext, install_headers, register, symlink_data, rotate, build_scripts, install_scripts, install_egg_info, build_clib, build_py, alias, bdist_dumb, install_lib, bdist_egg, easy_install, setopt, compile_catalog, init_catalog, develop, install, test, install_data, check, extract_messages, egg_info, bdist_rpm, clean, saveopts
[9.260s] DEBUG:colcon.colcon_core.event_handler.log_command:Invoking command in '/home/vboxuser/apf_ws/src/ekf_pkg': DEBUGINFOD_URLS=https://debuginfod.ubuntu.com PYTHONPATH=/home/vboxuser/apf_ws/build/ekf_pkg/prefix_override:/usr/lib/python3/dist-packages/colcon_core/task/python/colcon_distutils_commands:/home/vboxuser/apf_ws/install/ekf_pkg/lib/python3.12/site-packages:${PYTHONPATH} /usr/bin/python3 -W ignore:setup.py install is deprecated -W ignore:easy_install command is deprecated setup.py egg_info --egg-base ../../build/ekf_pkg build --build-base /home/vboxuser/apf_ws/build/ekf_pkg/build install --record /home/vboxuser/apf_ws/build/ekf_pkg/install.log --install-scripts $base/lib/ekf_pkg --single-version-externally-managed install_data
[10.218s] DEBUG:colcon.colcon_core.event_handler.log_command:Invoked command in '/home/vboxuser/apf_ws/src/robot_bringup' returned '0': DEBUGINFOD_URLS=https://debuginfod.ubuntu.com PYTHONPATH=/home/vboxuser/apf_ws/build/robot_bringup/prefix_override:/usr/lib/python3/dist-packages/colcon_core/task/python/colcon_distutils_commands:/home/vboxuser/apf_ws/install/robot_bringup/lib/python3.12/site-packages:${PYTHONPATH} /usr/bin/python3 -W ignore:setup.py install is deprecated -W ignore:easy_install command is deprecated setup.py egg_info --egg-base ../../build/robot_bringup build --build-base /home/vboxuser/apf_ws/build/robot_bringup/build install --record /home/vboxuser/apf_ws/build/robot_bringup/install.log --install-scripts $base/lib/robot_bringup --single-version-externally-managed install_data
[10.263s] Level 1:colcon.colcon_core.environment:checking '/home/vboxuser/apf_ws/install/robot_bringup' for CMake module files
[10.265s] Level 1:colcon.colcon_core.environment:checking '/home/vboxuser/apf_ws/install/robot_bringup' for CMake config files
[10.271s] Level 1:colcon.colcon_core.environment:checking '/home/vboxuser/apf_ws/install/robot_bringup/lib'
[10.271s] Level 1:colcon.colcon_core.environment:checking '/home/vboxuser/apf_ws/install/robot_bringup/bin'
[10.271s] Level 1:colcon.colcon_core.environment:checking '/home/vboxuser/apf_ws/install/robot_bringup/lib/pkgconfig/robot_bringup.pc'
[10.272s] Level 1:colcon.colcon_core.environment:checking '/home/vboxuser/apf_ws/install/robot_bringup/lib/python3.12/site-packages'
[10.272s] Level 1:colcon.colcon_core.shell:create_environment_hook('robot_bringup', 'pythonpath')
[10.273s] INFO:colcon.colcon_core.shell:Creating environment hook '/home/vboxuser/apf_ws/install/robot_bringup/share/robot_bringup/hook/pythonpath.ps1'
[10.276s] INFO:colcon.colcon_core.shell:Creating environment descriptor '/home/vboxuser/apf_ws/install/robot_bringup/share/robot_bringup/hook/pythonpath.dsv'
[10.277s] INFO:colcon.colcon_core.shell:Creating environment hook '/home/vboxuser/apf_ws/install/robot_bringup/share/robot_bringup/hook/pythonpath.sh'
[10.279s] Level 1:colcon.colcon_core.environment:checking '/home/vboxuser/apf_ws/install/robot_bringup/bin'
[10.279s] Level 1:colcon.colcon_core.environment:create_environment_scripts_only(robot_bringup)
[10.279s] INFO:colcon.colcon_core.shell:Creating package script '/home/vboxuser/apf_ws/install/robot_bringup/share/robot_bringup/package.ps1'
[10.283s] INFO:colcon.colcon_core.shell:Creating package descriptor '/home/vboxuser/apf_ws/install/robot_bringup/share/robot_bringup/package.dsv'
[10.288s] INFO:colcon.colcon_core.shell:Creating package script '/home/vboxuser/apf_ws/install/robot_bringup/share/robot_bringup/package.sh'
[10.292s] INFO:colcon.colcon_core.shell:Creating package script '/home/vboxuser/apf_ws/install/robot_bringup/share/robot_bringup/package.bash'
[10.293s] INFO:colcon.colcon_core.shell:Creating package script '/home/vboxuser/apf_ws/install/robot_bringup/share/robot_bringup/package.zsh'
[10.297s] Level 1:colcon.colcon_core.environment:create_file_with_runtime_dependencies(/home/vboxuser/apf_ws/install/robot_bringup/share/colcon-core/packages/robot_bringup)
[10.426s] Level 1:colcon.colcon_core.environment:checking '/home/vboxuser/apf_ws/install/odom_cmd' for CMake module files
[10.426s] DEBUG:colcon.colcon_core.event_handler.log_command:Invoked command in '/home/vboxuser/apf_ws/src/odom_cmd' returned '0': DEBUGINFOD_URLS=https://debuginfod.ubuntu.com PYTHONPATH=/home/vboxuser/apf_ws/build/odom_cmd/prefix_override:/usr/lib/python3/dist-packages/colcon_core/task/python/colcon_distutils_commands:/home/vboxuser/apf_ws/install/odom_cmd/lib/python3.12/site-packages:${PYTHONPATH} /usr/bin/python3 -W ignore:setup.py install is deprecated -W ignore:easy_install command is deprecated setup.py egg_info --egg-base ../../build/odom_cmd build --build-base /home/vboxuser/apf_ws/build/odom_cmd/build install --record /home/vboxuser/apf_ws/build/odom_cmd/install.log --install-scripts $base/lib/odom_cmd --single-version-externally-managed install_data
[10.431s] Level 1:colcon.colcon_core.environment:checking '/home/vboxuser/apf_ws/install/odom_cmd' for CMake config files
[10.446s] Level 1:colcon.colcon_core.environment:checking '/home/vboxuser/apf_ws/install/odom_cmd/lib'
[10.446s] Level 1:colcon.colcon_core.environment:checking '/home/vboxuser/apf_ws/install/odom_cmd/bin'
[10.446s] Level 1:colcon.colcon_core.environment:checking '/home/vboxuser/apf_ws/install/odom_cmd/lib/pkgconfig/odom_cmd.pc'
[10.446s] Level 1:colcon.colcon_core.environment:checking '/home/vboxuser/apf_ws/install/odom_cmd/lib/python3.12/site-packages'
[10.446s] Level 1:colcon.colcon_core.shell:create_environment_hook('odom_cmd', 'pythonpath')
[10.447s] INFO:colcon.colcon_core.shell:Creating environment hook '/home/vboxuser/apf_ws/install/odom_cmd/share/odom_cmd/hook/pythonpath.ps1'
[10.448s] INFO:colcon.colcon_core.shell:Creating environment descriptor '/home/vboxuser/apf_ws/install/odom_cmd/share/odom_cmd/hook/pythonpath.dsv'
[10.448s] INFO:colcon.colcon_core.shell:Creating environment hook '/home/vboxuser/apf_ws/install/odom_cmd/share/odom_cmd/hook/pythonpath.sh'
[10.450s] Level 1:colcon.colcon_core.environment:checking '/home/vboxuser/apf_ws/install/odom_cmd/bin'
[10.450s] Level 1:colcon.colcon_core.environment:create_environment_scripts_only(odom_cmd)
[10.450s] INFO:colcon.colcon_core.shell:Creating package script '/home/vboxuser/apf_ws/install/odom_cmd/share/odom_cmd/package.ps1'
[10.452s] INFO:colcon.colcon_core.shell:Creating package descriptor '/home/vboxuser/apf_ws/install/odom_cmd/share/odom_cmd/package.dsv'
[10.452s] INFO:colcon.colcon_core.shell:Creating package script '/home/vboxuser/apf_ws/install/odom_cmd/share/odom_cmd/package.sh'
[10.454s] INFO:colcon.colcon_core.shell:Creating package script '/home/vboxuser/apf_ws/install/odom_cmd/share/odom_cmd/package.bash'
[10.454s] INFO:colcon.colcon_core.shell:Creating package script '/home/vboxuser/apf_ws/install/odom_cmd/share/odom_cmd/package.zsh'
[10.455s] Level 1:colcon.colcon_core.environment:create_file_with_runtime_dependencies(/home/vboxuser/apf_ws/install/odom_cmd/share/colcon-core/packages/odom_cmd)
[10.623s] Level 1:colcon.colcon_core.environment:checking '/home/vboxuser/apf_ws/install/lidar_odom' for CMake module files
[10.623s] DEBUG:colcon.colcon_core.event_handler.log_command:Invoked command in '/home/vboxuser/apf_ws/src/lidar_odom' returned '0': DEBUGINFOD_URLS=https://debuginfod.ubuntu.com PYTHONPATH=/home/vboxuser/apf_ws/build/lidar_odom/prefix_override:/usr/lib/python3/dist-packages/colcon_core/task/python/colcon_distutils_commands:/home/vboxuser/apf_ws/install/lidar_odom/lib/python3.12/site-packages:${PYTHONPATH} /usr/bin/python3 -W ignore:setup.py install is deprecated -W ignore:easy_install command is deprecated setup.py egg_info --egg-base ../../build/lidar_odom build --build-base /home/vboxuser/apf_ws/build/lidar_odom/build install --record /home/vboxuser/apf_ws/build/lidar_odom/install.log --install-scripts $base/lib/lidar_odom --single-version-externally-managed install_data
[10.629s] Level 1:colcon.colcon_core.environment:checking '/home/vboxuser/apf_ws/install/lidar_odom' for CMake config files
[10.645s] Level 1:colcon.colcon_core.environment:checking '/home/vboxuser/apf_ws/install/lidar_odom/lib'
[10.646s] Level 1:colcon.colcon_core.environment:checking '/home/vboxuser/apf_ws/install/lidar_odom/bin'
[10.646s] Level 1:colcon.colcon_core.environment:checking '/home/vboxuser/apf_ws/install/lidar_odom/lib/pkgconfig/lidar_odom.pc'
[10.646s] Level 1:colcon.colcon_core.environment:checking '/home/vboxuser/apf_ws/install/lidar_odom/lib/python3.12/site-packages'
[10.649s] Level 1:colcon.colcon_core.shell:create_environment_hook('lidar_odom', 'pythonpath')
[10.650s] INFO:colcon.colcon_core.shell:Creating environment hook '/home/vboxuser/apf_ws/install/lidar_odom/share/lidar_odom/hook/pythonpath.ps1'
[10.651s] INFO:colcon.colcon_core.shell:Creating environment descriptor '/home/vboxuser/apf_ws/install/lidar_odom/share/lidar_odom/hook/pythonpath.dsv'
[10.651s] INFO:colcon.colcon_core.shell:Creating environment hook '/home/vboxuser/apf_ws/install/lidar_odom/share/lidar_odom/hook/pythonpath.sh'
[10.653s] Level 1:colcon.colcon_core.environment:checking '/home/vboxuser/apf_ws/install/lidar_odom/bin'
[10.653s] Level 1:colcon.colcon_core.environment:create_environment_scripts_only(lidar_odom)
[10.654s] INFO:colcon.colcon_core.shell:Creating package script '/home/vboxuser/apf_ws/install/lidar_odom/share/lidar_odom/package.ps1'
[10.655s] INFO:colcon.colcon_core.shell:Creating package descriptor '/home/vboxuser/apf_ws/install/lidar_odom/share/lidar_odom/package.dsv'
[10.656s] INFO:colcon.colcon_core.shell:Creating package script '/home/vboxuser/apf_ws/install/lidar_odom/share/lidar_odom/package.sh'
[10.657s] INFO:colcon.colcon_core.shell:Creating package script '/home/vboxuser/apf_ws/install/lidar_odom/share/lidar_odom/package.bash'
[10.658s] INFO:colcon.colcon_core.shell:Creating package script '/home/vboxuser/apf_ws/install/lidar_odom/share/lidar_odom/package.zsh'
[10.658s] Level 1:colcon.colcon_core.environment:create_file_with_runtime_dependencies(/home/vboxuser/apf_ws/install/lidar_odom/share/colcon-core/packages/lidar_odom)
[10.661s] Level 1:colcon.colcon_core.environment:checking '/home/vboxuser/apf_ws/install/ekf_pkg' for CMake module files
[10.662s] DEBUG:colcon.colcon_core.event_handler.log_command:Invoked command in '/home/vboxuser/apf_ws/src/ekf_pkg' returned '0': DEBUGINFOD_URLS=https://debuginfod.ubuntu.com PYTHONPATH=/home/vboxuser/apf_ws/build/ekf_pkg/prefix_override:/usr/lib/python3/dist-packages/colcon_core/task/python/colcon_distutils_commands:/home/vboxuser/apf_ws/install/ekf_pkg/lib/python3.12/site-packages:${PYTHONPATH} /usr/bin/python3 -W ignore:setup.py install is deprecated -W ignore:easy_install command is deprecated setup.py egg_info --egg-base ../../build/ekf_pkg build --build-base /home/vboxuser/apf_ws/build/ekf_pkg/build install --record /home/vboxuser/apf_ws/build/ekf_pkg/install.log --install-scripts $base/lib/ekf_pkg --single-version-externally-managed install_data
[10.665s] Level 1:colcon.colcon_core.environment:checking '/home/vboxuser/apf_ws/install/ekf_pkg' for CMake config files
[10.669s] Level 1:colcon.colcon_core.environment:checking '/home/vboxuser/apf_ws/install/ekf_pkg/lib'
[10.669s] Level 1:colcon.colcon_core.environment:checking '/home/vboxuser/apf_ws/install/ekf_pkg/bin'
[10.670s] Level 1:colcon.colcon_core.environment:checking '/home/vboxuser/apf_ws/install/ekf_pkg/lib/pkgconfig/ekf_pkg.pc'
[10.670s] Level 1:colcon.colcon_core.environment:checking '/home/vboxuser/apf_ws/install/ekf_pkg/lib/python3.12/site-packages'
[10.670s] Level 1:colcon.colcon_core.shell:create_environment_hook('ekf_pkg', 'pythonpath')
[10.671s] INFO:colcon.colcon_core.shell:Creating environment hook '/home/vboxuser/apf_ws/install/ekf_pkg/share/ekf_pkg/hook/pythonpath.ps1'
[10.672s] INFO:colcon.colcon_core.shell:Creating environment descriptor '/home/vboxuser/apf_ws/install/ekf_pkg/share/ekf_pkg/hook/pythonpath.dsv'
[10.673s] INFO:colcon.colcon_core.shell:Creating environment hook '/home/vboxuser/apf_ws/install/ekf_pkg/share/ekf_pkg/hook/pythonpath.sh'
[10.674s] Level 1:colcon.colcon_core.environment:checking '/home/vboxuser/apf_ws/install/ekf_pkg/bin'
[10.674s] Level 1:colcon.colcon_core.environment:create_environment_scripts_only(ekf_pkg)
[10.674s] INFO:colcon.colcon_core.shell:Creating package script '/home/vboxuser/apf_ws/install/ekf_pkg/share/ekf_pkg/package.ps1'
[10.675s] INFO:colcon.colcon_core.shell:Creating package descriptor '/home/vboxuser/apf_ws/install/ekf_pkg/share/ekf_pkg/package.dsv'
[10.676s] INFO:colcon.colcon_core.shell:Creating package script '/home/vboxuser/apf_ws/install/ekf_pkg/share/ekf_pkg/package.sh'
[10.676s] INFO:colcon.colcon_core.shell:Creating package script '/home/vboxuser/apf_ws/install/ekf_pkg/share/ekf_pkg/package.bash'
[10.677s] INFO:colcon.colcon_core.shell:Creating package script '/home/vboxuser/apf_ws/install/ekf_pkg/share/ekf_pkg/package.zsh'
[10.677s] Level 1:colcon.colcon_core.environment:create_file_with_runtime_dependencies(/home/vboxuser/apf_ws/install/ekf_pkg/share/colcon-core/packages/ekf_pkg)
[10.704s] Level 1:colcon.colcon_core.environment:checking '/home/vboxuser/apf_ws/install/apf_pkg' for CMake module files
[10.706s] DEBUG:colcon.colcon_core.event_handler.log_command:Invoked command in '/home/vboxuser/apf_ws/src/apf_pkg' returned '0': DEBUGINFOD_URLS=https://debuginfod.ubuntu.com PYTHONPATH=/home/vboxuser/apf_ws/build/apf_pkg/prefix_override:/usr/lib/python3/dist-packages/colcon_core/task/python/colcon_distutils_commands:/home/vboxuser/apf_ws/install/apf_pkg/lib/python3.12/site-packages:${PYTHONPATH} /usr/bin/python3 -W ignore:setup.py install is deprecated -W ignore:easy_install command is deprecated setup.py egg_info --egg-base ../../build/apf_pkg build --build-base /home/vboxuser/apf_ws/build/apf_pkg/build install --record /home/vboxuser/apf_ws/build/apf_pkg/install.log --install-scripts $base/lib/apf_pkg --single-version-externally-managed install_data
[10.708s] Level 1:colcon.colcon_core.environment:checking '/home/vboxuser/apf_ws/install/apf_pkg' for CMake config files
[10.713s] Level 1:colcon.colcon_core.environment:checking '/home/vboxuser/apf_ws/install/apf_pkg/lib'
[10.713s] Level 1:colcon.colcon_core.environment:checking '/home/vboxuser/apf_ws/install/apf_pkg/bin'
[10.713s] Level 1:colcon.colcon_core.environment:checking '/home/vboxuser/apf_ws/install/apf_pkg/lib/pkgconfig/apf_pkg.pc'
[10.714s] Level 1:colcon.colcon_core.environment:checking '/home/vboxuser/apf_ws/install/apf_pkg/lib/python3.12/site-packages'
[10.714s] Level 1:colcon.colcon_core.shell:create_environment_hook('apf_pkg', 'pythonpath')
[10.714s] INFO:colcon.colcon_core.shell:Creating environment hook '/home/vboxuser/apf_ws/install/apf_pkg/share/apf_pkg/hook/pythonpath.ps1'
[10.715s] INFO:colcon.colcon_core.shell:Creating environment descriptor '/home/vboxuser/apf_ws/install/apf_pkg/share/apf_pkg/hook/pythonpath.dsv'
[10.716s] INFO:colcon.colcon_core.shell:Creating environment hook '/home/vboxuser/apf_ws/install/apf_pkg/share/apf_pkg/hook/pythonpath.sh'
[10.718s] Level 1:colcon.colcon_core.environment:checking '/home/vboxuser/apf_ws/install/apf_pkg/bin'
[10.718s] Level 1:colcon.colcon_core.environment:create_environment_scripts_only(apf_pkg)
[10.719s] INFO:colcon.colcon_core.shell:Creating package script '/home/vboxuser/apf_ws/install/apf_pkg/share/apf_pkg/package.ps1'
[10.720s] INFO:colcon.colcon_core.shell:Creating package descriptor '/home/vboxuser/apf_ws/install/apf_pkg/share/apf_pkg/package.dsv'
[10.721s] INFO:colcon.colcon_core.shell:Creating package script '/home/vboxuser/apf_ws/install/apf_pkg/share/apf_pkg/package.sh'
[10.722s] INFO:colcon.colcon_core.shell:Creating package script '/home/vboxuser/apf_ws/install/apf_pkg/share/apf_pkg/package.bash'
[10.723s] INFO:colcon.colcon_core.shell:Creating package script '/home/vboxuser/apf_ws/install/apf_pkg/share/apf_pkg/package.zsh'
[10.723s] Level 1:colcon.colcon_core.environment:create_file_with_runtime_dependencies(/home/vboxuser/apf_ws/install/apf_pkg/share/colcon-core/packages/apf_pkg)
[10.724s] DEBUG:colcon.colcon_parallel_executor.executor.parallel:closing loop
[10.724s] DEBUG:colcon.colcon_parallel_executor.executor.parallel:loop closed
[10.724s] DEBUG:colcon.colcon_parallel_executor.executor.parallel:run_until_complete finished with '0'
[10.724s] DEBUG:colcon.colcon_core.event_reactor:joining thread
[10.796s] INFO:colcon.colcon_core.plugin_system:Skipping extension 'colcon_notification.desktop_notification.terminal_notifier': Not used on non-Darwin systems
[10.797s] INFO:colcon.colcon_core.plugin_system:Skipping extension 'colcon_notification.desktop_notification.win32': Not used on non-Windows systems
[10.797s] INFO:colcon.colcon_notification.desktop_notification:Sending desktop notification using 'notify2'
[10.869s] DEBUG:colcon.colcon_core.event_reactor:joined thread
[10.870s] INFO:colcon.colcon_core.shell:Creating prefix script '/home/vboxuser/apf_ws/install/local_setup.ps1'
[10.875s] INFO:colcon.colcon_core.shell:Creating prefix util module '/home/vboxuser/apf_ws/install/_local_setup_util_ps1.py'
[10.878s] INFO:colcon.colcon_core.shell:Creating prefix chain script '/home/vboxuser/apf_ws/install/setup.ps1'
[10.885s] INFO:colcon.colcon_core.shell:Creating prefix script '/home/vboxuser/apf_ws/install/local_setup.sh'
[10.887s] INFO:colcon.colcon_core.shell:Creating prefix util module '/home/vboxuser/apf_ws/install/_local_setup_util_sh.py'
[10.888s] INFO:colcon.colcon_core.shell:Creating prefix chain script '/home/vboxuser/apf_ws/install/setup.sh'
[10.893s] INFO:colcon.colcon_core.shell:Creating prefix script '/home/vboxuser/apf_ws/install/local_setup.bash'
[10.898s] INFO:colcon.colcon_core.shell:Creating prefix chain script '/home/vboxuser/apf_ws/install/setup.bash'
[10.901s] INFO:colcon.colcon_core.shell:Creating prefix script '/home/vboxuser/apf_ws/install/local_setup.zsh'
[10.903s] INFO:colcon.colcon_core.shell:Creating prefix chain script '/home/vboxuser/apf_ws/install/setup.zsh'
