[3.409s] Invoking command in '/home/vboxuser/apf_ws/src/odom_cmd': DEBUGINFOD_URLS=https://debuginfod.ubuntu.com PYTHONPATH=/home/vboxuser/apf_ws/build/odom_cmd/prefix_override:/usr/lib/python3/dist-packages/colcon_core/task/python/colcon_distutils_commands:/home/vboxuser/apf_ws/install/odom_cmd/lib/python3.12/site-packages:${PYTHONPATH} /usr/bin/python3 -W ignore:setup.py install is deprecated -W ignore:easy_install command is deprecated setup.py egg_info --egg-base ../../build/odom_cmd build --build-base /home/vboxuser/apf_ws/build/odom_cmd/build install --record /home/vboxuser/apf_ws/build/odom_cmd/install.log --install-scripts $base/lib/odom_cmd --single-version-externally-managed install_data
[3.933s] running egg_info
[4.034s] writing ../../build/odom_cmd/odom_cmd.egg-info/PKG-INFO
[4.034s] writing dependency_links to ../../build/odom_cmd/odom_cmd.egg-info/dependency_links.txt
[4.035s] writing entry points to ../../build/odom_cmd/odom_cmd.egg-info/entry_points.txt
[4.035s] writing requirements to ../../build/odom_cmd/odom_cmd.egg-info/requires.txt
[4.037s] writing top-level names to ../../build/odom_cmd/odom_cmd.egg-info/top_level.txt
[4.142s] reading manifest file '../../build/odom_cmd/odom_cmd.egg-info/SOURCES.txt'
[4.144s] writing manifest file '../../build/odom_cmd/odom_cmd.egg-info/SOURCES.txt'
[4.146s] running build
[4.146s] running build_py
[4.148s] running install
[4.174s] running install_lib
[4.243s] running install_data
[4.243s] running install_egg_info
[4.358s] removing '/home/vboxuser/apf_ws/install/odom_cmd/lib/python3.12/site-packages/odom_cmd-0.0.0-py3.12.egg-info' (and everything under it)
[4.361s] Copying ../../build/odom_cmd/odom_cmd.egg-info to /home/vboxuser/apf_ws/install/odom_cmd/lib/python3.12/site-packages/odom_cmd-0.0.0-py3.12.egg-info
[4.367s] running install_scripts
[4.721s] Installing cmd_robot script to /home/vboxuser/apf_ws/install/odom_cmd/lib/odom_cmd
[4.724s] Installing cmd_robot_path script to /home/vboxuser/apf_ws/install/odom_cmd/lib/odom_cmd
[4.724s] Installing logger script to /home/vboxuser/apf_ws/install/odom_cmd/lib/odom_cmd
[4.724s] writing list of installed files to '/home/vboxuser/apf_ws/build/odom_cmd/install.log'
[4.863s] Invoked command in '/home/vboxuser/apf_ws/src/odom_cmd' returned '0': DEBUGINFOD_URLS=https://debuginfod.ubuntu.com PYTHONPATH=/home/vboxuser/apf_ws/build/odom_cmd/prefix_override:/usr/lib/python3/dist-packages/colcon_core/task/python/colcon_distutils_commands:/home/vboxuser/apf_ws/install/odom_cmd/lib/python3.12/site-packages:${PYTHONPATH} /usr/bin/python3 -W ignore:setup.py install is deprecated -W ignore:easy_install command is deprecated setup.py egg_info --egg-base ../../build/odom_cmd build --build-base /home/vboxuser/apf_ws/build/odom_cmd/build install --record /home/vboxuser/apf_ws/build/odom_cmd/install.log --install-scripts $base/lib/odom_cmd --single-version-externally-managed install_data
