[4.521s] Invoking command in '/home/vboxuser/apf_ws/src/apf_pkg': DEBUGINFOD_URLS=https://debuginfod.ubuntu.com PYTHONPATH=/home/vboxuser/apf_ws/build/apf_pkg/prefix_override:/usr/lib/python3/dist-packages/colcon_core/task/python/colcon_distutils_commands:/home/vboxuser/apf_ws/install/apf_pkg/lib/python3.12/site-packages:${PYTHONPATH} /usr/bin/python3 -W ignore:setup.py install is deprecated -W ignore:easy_install command is deprecated setup.py egg_info --egg-base ../../build/apf_pkg build --build-base /home/vboxuser/apf_ws/build/apf_pkg/build install --record /home/vboxuser/apf_ws/build/apf_pkg/install.log --install-scripts $base/lib/apf_pkg --single-version-externally-managed install_data
[5.055s] running egg_info
[5.183s] writing ../../build/apf_pkg/apf_pkg.egg-info/PKG-INFO
[5.191s] writing dependency_links to ../../build/apf_pkg/apf_pkg.egg-info/dependency_links.txt
[5.191s] writing entry points to ../../build/apf_pkg/apf_pkg.egg-info/entry_points.txt
[5.193s] writing requirements to ../../build/apf_pkg/apf_pkg.egg-info/requires.txt
[5.196s] writing top-level names to ../../build/apf_pkg/apf_pkg.egg-info/top_level.txt
[5.276s] reading manifest file '../../build/apf_pkg/apf_pkg.egg-info/SOURCES.txt'
[5.278s] writing manifest file '../../build/apf_pkg/apf_pkg.egg-info/SOURCES.txt'
[5.282s] running build
[5.284s] running build_py
[5.285s] running install
[5.303s] running install_lib
[5.364s] running install_data
[5.364s] running install_egg_info
[5.395s] removing '/home/vboxuser/apf_ws/install/apf_pkg/lib/python3.12/site-packages/apf_pkg-0.0.0-py3.12.egg-info' (and everything under it)
[5.408s] Copying ../../build/apf_pkg/apf_pkg.egg-info to /home/vboxuser/apf_ws/install/apf_pkg/lib/python3.12/site-packages/apf_pkg-0.0.0-py3.12.egg-info
[5.413s] running install_scripts
[5.849s] Installing apf_controller script to /home/vboxuser/apf_ws/install/apf_pkg/lib/apf_pkg
[5.864s] Installing apf_node script to /home/vboxuser/apf_ws/install/apf_pkg/lib/apf_pkg
[5.866s] Installing logger script to /home/vboxuser/apf_ws/install/apf_pkg/lib/apf_pkg
[5.868s] writing list of installed files to '/home/vboxuser/apf_ws/build/apf_pkg/install.log'
[5.958s] Invoked command in '/home/vboxuser/apf_ws/src/apf_pkg' returned '0': DEBUGINFOD_URLS=https://debuginfod.ubuntu.com PYTHONPATH=/home/vboxuser/apf_ws/build/apf_pkg/prefix_override:/usr/lib/python3/dist-packages/colcon_core/task/python/colcon_distutils_commands:/home/vboxuser/apf_ws/install/apf_pkg/lib/python3.12/site-packages:${PYTHONPATH} /usr/bin/python3 -W ignore:setup.py install is deprecated -W ignore:easy_install command is deprecated setup.py egg_info --egg-base ../../build/apf_pkg build --build-base /home/vboxuser/apf_ws/build/apf_pkg/build install --record /home/vboxuser/apf_ws/build/apf_pkg/install.log --install-scripts $base/lib/apf_pkg --single-version-externally-managed install_data
