[10.140s] Invoking command in '/home/vboxuser/apf_ws/src/lidar_odom': DEBUGINFOD_URLS=https://debuginfod.ubuntu.com PYTHONPATH=/home/vboxuser/apf_ws/build/lidar_odom/prefix_override:/usr/lib/python3/dist-packages/colcon_core/task/python/colcon_distutils_commands:/home/vboxuser/apf_ws/install/lidar_odom/lib/python3.12/site-packages:${PYTHONPATH} /usr/bin/python3 -W ignore:setup.py install is deprecated -W ignore:easy_install command is deprecated setup.py egg_info --egg-base ../../build/lidar_odom build --build-base /home/vboxuser/apf_ws/build/lidar_odom/build install --record /home/vboxuser/apf_ws/build/lidar_odom/install.log --install-scripts $base/lib/lidar_odom --single-version-externally-managed install_data
[10.747s] running egg_info
[10.794s] writing ../../build/lidar_odom/lidar_odom.egg-info/PKG-INFO
[10.797s] writing dependency_links to ../../build/lidar_odom/lidar_odom.egg-info/dependency_links.txt
[10.800s] writing entry points to ../../build/lidar_odom/lidar_odom.egg-info/entry_points.txt
[10.800s] writing requirements to ../../build/lidar_odom/lidar_odom.egg-info/requires.txt
[10.801s] writing top-level names to ../../build/lidar_odom/lidar_odom.egg-info/top_level.txt
[10.893s] reading manifest file '../../build/lidar_odom/lidar_odom.egg-info/SOURCES.txt'
[10.899s] writing manifest file '../../build/lidar_odom/lidar_odom.egg-info/SOURCES.txt'
[10.899s] running build
[10.900s] running build_py
[10.906s] copying lidar_odom/icp_localization_node.py -> /home/vboxuser/apf_ws/build/lidar_odom/build/lib/lidar_odom
[10.910s] running install
[10.921s] running install_lib
[10.975s] copying /home/vboxuser/apf_ws/build/lidar_odom/build/lib/lidar_odom/icp_localization_node.py -> /home/vboxuser/apf_ws/install/lidar_odom/lib/python3.12/site-packages/lidar_odom
[10.980s] byte-compiling /home/vboxuser/apf_ws/install/lidar_odom/lib/python3.12/site-packages/lidar_odom/icp_localization_node.py to icp_localization_node.cpython-312.pyc
[10.989s] running install_data
[10.994s] running install_egg_info
[11.044s] removing '/home/vboxuser/apf_ws/install/lidar_odom/lib/python3.12/site-packages/lidar_odom-0.0.0-py3.12.egg-info' (and everything under it)
[11.050s] Copying ../../build/lidar_odom/lidar_odom.egg-info to /home/vboxuser/apf_ws/install/lidar_odom/lib/python3.12/site-packages/lidar_odom-0.0.0-py3.12.egg-info
[11.055s] running install_scripts
[11.373s] Installing cmd_robot script to /home/vboxuser/apf_ws/install/lidar_odom/lib/lidar_odom
[11.376s] Installing icp_localization_node script to /home/vboxuser/apf_ws/install/lidar_odom/lib/lidar_odom
[11.376s] Installing icp_mapping script to /home/vboxuser/apf_ws/install/lidar_odom/lib/lidar_odom
[11.389s] Installing logger script to /home/vboxuser/apf_ws/install/lidar_odom/lib/lidar_odom
[11.394s] Installing map_loader script to /home/vboxuser/apf_ws/install/lidar_odom/lib/lidar_odom
[11.397s] writing list of installed files to '/home/vboxuser/apf_ws/build/lidar_odom/install.log'
[11.537s] Invoked command in '/home/vboxuser/apf_ws/src/lidar_odom' returned '0': DEBUGINFOD_URLS=https://debuginfod.ubuntu.com PYTHONPATH=/home/vboxuser/apf_ws/build/lidar_odom/prefix_override:/usr/lib/python3/dist-packages/colcon_core/task/python/colcon_distutils_commands:/home/vboxuser/apf_ws/install/lidar_odom/lib/python3.12/site-packages:${PYTHONPATH} /usr/bin/python3 -W ignore:setup.py install is deprecated -W ignore:easy_install command is deprecated setup.py egg_info --egg-base ../../build/lidar_odom build --build-base /home/vboxuser/apf_ws/build/lidar_odom/build install --record /home/vboxuser/apf_ws/build/lidar_odom/install.log --install-scripts $base/lib/lidar_odom --single-version-externally-managed install_data
