[3.958s] Invoking command in '/home/vboxuser/apf_ws/src/lidar_odom': DEBUGINFOD_URLS=https://debuginfod.ubuntu.com PYTHONPATH=/home/vboxuser/apf_ws/build/lidar_odom/prefix_override:/usr/lib/python3/dist-packages/colcon_core/task/python/colcon_distutils_commands:/home/vboxuser/apf_ws/install/lidar_odom/lib/python3.12/site-packages:${PYTHONPATH} /usr/bin/python3 -W ignore:setup.py install is deprecated -W ignore:easy_install command is deprecated setup.py egg_info --egg-base ../../build/lidar_odom build --build-base /home/vboxuser/apf_ws/build/lidar_odom/build install --record /home/vboxuser/apf_ws/build/lidar_odom/install.log --install-scripts $base/lib/lidar_odom --single-version-externally-managed install_data
[4.237s] running egg_info
[4.274s] writing ../../build/lidar_odom/lidar_odom.egg-info/PKG-INFO
[4.276s] writing dependency_links to ../../build/lidar_odom/lidar_odom.egg-info/dependency_links.txt
[4.277s] writing entry points to ../../build/lidar_odom/lidar_odom.egg-info/entry_points.txt
[4.277s] writing requirements to ../../build/lidar_odom/lidar_odom.egg-info/requires.txt
[4.278s] writing top-level names to ../../build/lidar_odom/lidar_odom.egg-info/top_level.txt
[4.334s] reading manifest file '../../build/lidar_odom/lidar_odom.egg-info/SOURCES.txt'
[4.336s] writing manifest file '../../build/lidar_odom/lidar_odom.egg-info/SOURCES.txt'
[4.336s] running build
[4.336s] running build_py
[4.338s] copying lidar_odom/icp_localization_node.py -> /home/vboxuser/apf_ws/build/lidar_odom/build/lib/lidar_odom
[4.341s] copying lidar_odom/cmd_robot.py -> /home/vboxuser/apf_ws/build/lidar_odom/build/lib/lidar_odom
[4.344s] running install
[4.351s] running install_lib
[4.382s] copying /home/vboxuser/apf_ws/build/lidar_odom/build/lib/lidar_odom/icp_localization_node.py -> /home/vboxuser/apf_ws/install/lidar_odom/lib/python3.12/site-packages/lidar_odom
[4.382s] copying /home/vboxuser/apf_ws/build/lidar_odom/build/lib/lidar_odom/cmd_robot.py -> /home/vboxuser/apf_ws/install/lidar_odom/lib/python3.12/site-packages/lidar_odom
[4.382s] byte-compiling /home/vboxuser/apf_ws/install/lidar_odom/lib/python3.12/site-packages/lidar_odom/icp_localization_node.py to icp_localization_node.cpython-312.pyc
[4.385s] byte-compiling /home/vboxuser/apf_ws/install/lidar_odom/lib/python3.12/site-packages/lidar_odom/cmd_robot.py to cmd_robot.cpython-312.pyc
[4.387s] running install_data
[4.387s] running install_egg_info
[4.411s] removing '/home/vboxuser/apf_ws/install/lidar_odom/lib/python3.12/site-packages/lidar_odom-0.0.0-py3.12.egg-info' (and everything under it)
[4.412s] Copying ../../build/lidar_odom/lidar_odom.egg-info to /home/vboxuser/apf_ws/install/lidar_odom/lib/python3.12/site-packages/lidar_odom-0.0.0-py3.12.egg-info
[4.415s] running install_scripts
[4.571s] Installing cmd_robot script to /home/vboxuser/apf_ws/install/lidar_odom/lib/lidar_odom
[4.572s] Installing icp_localization_node script to /home/vboxuser/apf_ws/install/lidar_odom/lib/lidar_odom
[4.573s] Installing icp_mapping script to /home/vboxuser/apf_ws/install/lidar_odom/lib/lidar_odom
[4.573s] Installing logger script to /home/vboxuser/apf_ws/install/lidar_odom/lib/lidar_odom
[4.574s] Installing map_loader script to /home/vboxuser/apf_ws/install/lidar_odom/lib/lidar_odom
[4.576s] writing list of installed files to '/home/vboxuser/apf_ws/build/lidar_odom/install.log'
[4.655s] Invoked command in '/home/vboxuser/apf_ws/src/lidar_odom' returned '0': DEBUGINFOD_URLS=https://debuginfod.ubuntu.com PYTHONPATH=/home/vboxuser/apf_ws/build/lidar_odom/prefix_override:/usr/lib/python3/dist-packages/colcon_core/task/python/colcon_distutils_commands:/home/vboxuser/apf_ws/install/lidar_odom/lib/python3.12/site-packages:${PYTHONPATH} /usr/bin/python3 -W ignore:setup.py install is deprecated -W ignore:easy_install command is deprecated setup.py egg_info --egg-base ../../build/lidar_odom build --build-base /home/vboxuser/apf_ws/build/lidar_odom/build install --record /home/vboxuser/apf_ws/build/lidar_odom/install.log --install-scripts $base/lib/lidar_odom --single-version-externally-managed install_data
