[5.051s] Invoking command in '/home/vboxuser/apf_ws/src/lidar_odom': DEBUGINFOD_URLS=https://debuginfod.ubuntu.com PYTHONPATH=/home/vboxuser/apf_ws/build/lidar_odom/prefix_override:/usr/lib/python3/dist-packages/colcon_core/task/python/colcon_distutils_commands:/home/vboxuser/apf_ws/install/lidar_odom/lib/python3.12/site-packages:${PYTHONPATH} /usr/bin/python3 -W ignore:setup.py install is deprecated -W ignore:easy_install command is deprecated setup.py egg_info --egg-base ../../build/lidar_odom build --build-base /home/vboxuser/apf_ws/build/lidar_odom/build install --record /home/vboxuser/apf_ws/build/lidar_odom/install.log --install-scripts $base/lib/lidar_odom --single-version-externally-managed install_data
[5.640s] running egg_info
[5.715s] writing ../../build/lidar_odom/lidar_odom.egg-info/PKG-INFO
[5.721s] writing dependency_links to ../../build/lidar_odom/lidar_odom.egg-info/dependency_links.txt
[5.728s] writing entry points to ../../build/lidar_odom/lidar_odom.egg-info/entry_points.txt
[5.730s] writing requirements to ../../build/lidar_odom/lidar_odom.egg-info/requires.txt
[5.732s] writing top-level names to ../../build/lidar_odom/lidar_odom.egg-info/top_level.txt
[5.833s] reading manifest file '../../build/lidar_odom/lidar_odom.egg-info/SOURCES.txt'
[5.840s] writing manifest file '../../build/lidar_odom/lidar_odom.egg-info/SOURCES.txt'
[5.842s] running build
[5.842s] running build_py
[5.847s] copying lidar_odom/icp_localization_node.py -> /home/vboxuser/apf_ws/build/lidar_odom/build/lib/lidar_odom
[5.849s] running install
[5.859s] running install_lib
[5.905s] copying /home/vboxuser/apf_ws/build/lidar_odom/build/lib/lidar_odom/icp_localization_node.py -> /home/vboxuser/apf_ws/install/lidar_odom/lib/python3.12/site-packages/lidar_odom
[5.909s] byte-compiling /home/vboxuser/apf_ws/install/lidar_odom/lib/python3.12/site-packages/lidar_odom/icp_localization_node.py to icp_localization_node.cpython-312.pyc
[5.959s] running install_data
[5.962s] running install_egg_info
[6.011s] removing '/home/vboxuser/apf_ws/install/lidar_odom/lib/python3.12/site-packages/lidar_odom-0.0.0-py3.12.egg-info' (and everything under it)
[6.019s] Copying ../../build/lidar_odom/lidar_odom.egg-info to /home/vboxuser/apf_ws/install/lidar_odom/lib/python3.12/site-packages/lidar_odom-0.0.0-py3.12.egg-info
[6.023s] running install_scripts
[6.394s] Installing cmd_robot script to /home/vboxuser/apf_ws/install/lidar_odom/lib/lidar_odom
[6.398s] Installing filter_lidar script to /home/vboxuser/apf_ws/install/lidar_odom/lib/lidar_odom
[6.399s] Installing icp_localization_node script to /home/vboxuser/apf_ws/install/lidar_odom/lib/lidar_odom
[6.400s] Installing icp_mapping script to /home/vboxuser/apf_ws/install/lidar_odom/lib/lidar_odom
[6.402s] Installing logger script to /home/vboxuser/apf_ws/install/lidar_odom/lib/lidar_odom
[6.404s] Installing logger_map script to /home/vboxuser/apf_ws/install/lidar_odom/lib/lidar_odom
[6.407s] Installing map_loader script to /home/vboxuser/apf_ws/install/lidar_odom/lib/lidar_odom
[6.410s] Installing record_lidar script to /home/vboxuser/apf_ws/install/lidar_odom/lib/lidar_odom
[6.413s] writing list of installed files to '/home/vboxuser/apf_ws/build/lidar_odom/install.log'
[6.495s] Invoked command in '/home/vboxuser/apf_ws/src/lidar_odom' returned '0': DEBUGINFOD_URLS=https://debuginfod.ubuntu.com PYTHONPATH=/home/vboxuser/apf_ws/build/lidar_odom/prefix_override:/usr/lib/python3/dist-packages/colcon_core/task/python/colcon_distutils_commands:/home/vboxuser/apf_ws/install/lidar_odom/lib/python3.12/site-packages:${PYTHONPATH} /usr/bin/python3 -W ignore:setup.py install is deprecated -W ignore:easy_install command is deprecated setup.py egg_info --egg-base ../../build/lidar_odom build --build-base /home/vboxuser/apf_ws/build/lidar_odom/build install --record /home/vboxuser/apf_ws/build/lidar_odom/install.log --install-scripts $base/lib/lidar_odom --single-version-externally-managed install_data
