[6.067s] Invoking command in '/home/vboxuser/apf_ws/src/lidar_odom': DEBUGINFOD_URLS=https://debuginfod.ubuntu.com PYTHONPATH=/home/vboxuser/apf_ws/build/lidar_odom/prefix_override:/usr/lib/python3/dist-packages/colcon_core/task/python/colcon_distutils_commands:/home/vboxuser/apf_ws/install/lidar_odom/lib/python3.12/site-packages:${PYTHONPATH} /usr/bin/python3 -W ignore:setup.py install is deprecated -W ignore:easy_install command is deprecated setup.py egg_info --egg-base ../../build/lidar_odom build --build-base /home/vboxuser/apf_ws/build/lidar_odom/build install --record /home/vboxuser/apf_ws/build/lidar_odom/install.log --install-scripts $base/lib/lidar_odom --single-version-externally-managed install_data
[7.009s] running egg_info
[7.047s] writing ../../build/lidar_odom/lidar_odom.egg-info/PKG-INFO
[7.050s] writing dependency_links to ../../build/lidar_odom/lidar_odom.egg-info/dependency_links.txt
[7.052s] writing entry points to ../../build/lidar_odom/lidar_odom.egg-info/entry_points.txt
[7.053s] writing requirements to ../../build/lidar_odom/lidar_odom.egg-info/requires.txt
[7.054s] writing top-level names to ../../build/lidar_odom/lidar_odom.egg-info/top_level.txt
[7.148s] reading manifest file '../../build/lidar_odom/lidar_odom.egg-info/SOURCES.txt'
[7.160s] writing manifest file '../../build/lidar_odom/lidar_odom.egg-info/SOURCES.txt'
[7.161s] running build
[7.161s] running build_py
[7.161s] copying lidar_odom/map_loader.py -> /home/vboxuser/apf_ws/build/lidar_odom/build/lib/lidar_odom
[7.176s] running install
[7.193s] running install_lib
[7.304s] copying /home/vboxuser/apf_ws/build/lidar_odom/build/lib/lidar_odom/map_loader.py -> /home/vboxuser/apf_ws/install/lidar_odom/lib/python3.12/site-packages/lidar_odom
[7.304s] byte-compiling /home/vboxuser/apf_ws/install/lidar_odom/lib/python3.12/site-packages/lidar_odom/map_loader.py to map_loader.cpython-312.pyc
[7.329s] running install_data
[7.330s] running install_egg_info
[7.557s] removing '/home/vboxuser/apf_ws/install/lidar_odom/lib/python3.12/site-packages/lidar_odom-0.0.0-py3.12.egg-info' (and everything under it)
[7.558s] Copying ../../build/lidar_odom/lidar_odom.egg-info to /home/vboxuser/apf_ws/install/lidar_odom/lib/python3.12/site-packages/lidar_odom-0.0.0-py3.12.egg-info
[7.558s] running install_scripts
[8.228s] Installing cmd_robot script to /home/vboxuser/apf_ws/install/lidar_odom/lib/lidar_odom
[8.229s] Installing filter_lidar script to /home/vboxuser/apf_ws/install/lidar_odom/lib/lidar_odom
[8.230s] Installing icp_localization_node script to /home/vboxuser/apf_ws/install/lidar_odom/lib/lidar_odom
[8.230s] Installing icp_mapping script to /home/vboxuser/apf_ws/install/lidar_odom/lib/lidar_odom
[8.233s] Installing logger script to /home/vboxuser/apf_ws/install/lidar_odom/lib/lidar_odom
[8.234s] Installing logger_map script to /home/vboxuser/apf_ws/install/lidar_odom/lib/lidar_odom
[8.234s] Installing map_loader script to /home/vboxuser/apf_ws/install/lidar_odom/lib/lidar_odom
[8.234s] Installing record_lidar script to /home/vboxuser/apf_ws/install/lidar_odom/lib/lidar_odom
[8.235s] writing list of installed files to '/home/vboxuser/apf_ws/build/lidar_odom/install.log'
[8.400s] Invoked command in '/home/vboxuser/apf_ws/src/lidar_odom' returned '0': DEBUGINFOD_URLS=https://debuginfod.ubuntu.com PYTHONPATH=/home/vboxuser/apf_ws/build/lidar_odom/prefix_override:/usr/lib/python3/dist-packages/colcon_core/task/python/colcon_distutils_commands:/home/vboxuser/apf_ws/install/lidar_odom/lib/python3.12/site-packages:${PYTHONPATH} /usr/bin/python3 -W ignore:setup.py install is deprecated -W ignore:easy_install command is deprecated setup.py egg_info --egg-base ../../build/lidar_odom build --build-base /home/vboxuser/apf_ws/build/lidar_odom/build install --record /home/vboxuser/apf_ws/build/lidar_odom/install.log --install-scripts $base/lib/lidar_odom --single-version-externally-managed install_data
