[11.258s] Invoking command in '/home/vboxuser/apf_ws/src/apf_pkg': DEBUGINFOD_URLS=https://debuginfod.ubuntu.com PYTHONPATH=/home/vboxuser/apf_ws/build/apf_pkg/prefix_override:/usr/lib/python3/dist-packages/colcon_core/task/python/colcon_distutils_commands:/home/vboxuser/apf_ws/install/apf_pkg/lib/python3.12/site-packages:${PYTHONPATH} /usr/bin/python3 -W ignore:setup.py install is deprecated -W ignore:easy_install command is deprecated setup.py egg_info --egg-base ../../build/apf_pkg build --build-base /home/vboxuser/apf_ws/build/apf_pkg/build install --record /home/vboxuser/apf_ws/build/apf_pkg/install.log --install-scripts $base/lib/apf_pkg --single-version-externally-managed install_data
[13.113s] running egg_info
[13.191s] writing ../../build/apf_pkg/apf_pkg.egg-info/PKG-INFO
[13.194s] writing dependency_links to ../../build/apf_pkg/apf_pkg.egg-info/dependency_links.txt
[13.195s] writing entry points to ../../build/apf_pkg/apf_pkg.egg-info/entry_points.txt
[13.196s] writing requirements to ../../build/apf_pkg/apf_pkg.egg-info/requires.txt
[13.198s] writing top-level names to ../../build/apf_pkg/apf_pkg.egg-info/top_level.txt
[13.451s] reading manifest file '../../build/apf_pkg/apf_pkg.egg-info/SOURCES.txt'
[13.459s] writing manifest file '../../build/apf_pkg/apf_pkg.egg-info/SOURCES.txt'
[13.469s] running build
[13.469s] running build_py
[13.470s] running install
[13.492s] running install_lib
[13.587s] running install_data
[13.604s] running install_egg_info
[13.767s] removing '/home/vboxuser/apf_ws/install/apf_pkg/lib/python3.12/site-packages/apf_pkg-0.0.0-py3.12.egg-info' (and everything under it)
[13.767s] Copying ../../build/apf_pkg/apf_pkg.egg-info to /home/vboxuser/apf_ws/install/apf_pkg/lib/python3.12/site-packages/apf_pkg-0.0.0-py3.12.egg-info
[13.772s] running install_scripts
[17.497s] Installing apf_controller script to /home/vboxuser/apf_ws/install/apf_pkg/lib/apf_pkg
[17.600s] Installing apf_node script to /home/vboxuser/apf_ws/install/apf_pkg/lib/apf_pkg
[17.600s] Installing logger script to /home/vboxuser/apf_ws/install/apf_pkg/lib/apf_pkg
[17.600s] writing list of installed files to '/home/vboxuser/apf_ws/build/apf_pkg/install.log'
[17.932s] Invoked command in '/home/vboxuser/apf_ws/src/apf_pkg' returned '0': DEBUGINFOD_URLS=https://debuginfod.ubuntu.com PYTHONPATH=/home/vboxuser/apf_ws/build/apf_pkg/prefix_override:/usr/lib/python3/dist-packages/colcon_core/task/python/colcon_distutils_commands:/home/vboxuser/apf_ws/install/apf_pkg/lib/python3.12/site-packages:${PYTHONPATH} /usr/bin/python3 -W ignore:setup.py install is deprecated -W ignore:easy_install command is deprecated setup.py egg_info --egg-base ../../build/apf_pkg build --build-base /home/vboxuser/apf_ws/build/apf_pkg/build install --record /home/vboxuser/apf_ws/build/apf_pkg/install.log --install-scripts $base/lib/apf_pkg --single-version-externally-managed install_data
