[5.274s] Invoking command in '/home/vboxuser/apf_ws/src/odom_cmd': DEBUGINFOD_URLS=https://debuginfod.ubuntu.com PYTHONPATH=/home/vboxuser/apf_ws/build/odom_cmd/prefix_override:/usr/lib/python3/dist-packages/colcon_core/task/python/colcon_distutils_commands:/home/vboxuser/apf_ws/install/odom_cmd/lib/python3.12/site-packages:${PYTHONPATH} /usr/bin/python3 -W ignore:setup.py install is deprecated -W ignore:easy_install command is deprecated setup.py egg_info --egg-base ../../build/odom_cmd build --build-base /home/vboxuser/apf_ws/build/odom_cmd/build install --record /home/vboxuser/apf_ws/build/odom_cmd/install.log --install-scripts $base/lib/odom_cmd --single-version-externally-managed install_data
[6.106s] running egg_info
[6.147s] writing ../../build/odom_cmd/odom_cmd.egg-info/PKG-INFO
[6.150s] writing dependency_links to ../../build/odom_cmd/odom_cmd.egg-info/dependency_links.txt
[6.151s] writing entry points to ../../build/odom_cmd/odom_cmd.egg-info/entry_points.txt
[6.151s] writing requirements to ../../build/odom_cmd/odom_cmd.egg-info/requires.txt
[6.152s] writing top-level names to ../../build/odom_cmd/odom_cmd.egg-info/top_level.txt
[6.251s] reading manifest file '../../build/odom_cmd/odom_cmd.egg-info/SOURCES.txt'
[6.253s] writing manifest file '../../build/odom_cmd/odom_cmd.egg-info/SOURCES.txt'
[6.262s] running build
[6.262s] running build_py
[6.263s] running install
[6.274s] running install_lib
[6.348s] running install_data
[6.349s] running install_egg_info
[6.392s] removing '/home/vboxuser/apf_ws/install/odom_cmd/lib/python3.12/site-packages/odom_cmd-0.0.0-py3.12.egg-info' (and everything under it)
[6.393s] Copying ../../build/odom_cmd/odom_cmd.egg-info to /home/vboxuser/apf_ws/install/odom_cmd/lib/python3.12/site-packages/odom_cmd-0.0.0-py3.12.egg-info
[6.396s] running install_scripts
[6.691s] Installing cmd_robot script to /home/vboxuser/apf_ws/install/odom_cmd/lib/odom_cmd
[6.691s] Installing cmd_robot_2 script to /home/vboxuser/apf_ws/install/odom_cmd/lib/odom_cmd
[6.692s] Installing logger script to /home/vboxuser/apf_ws/install/odom_cmd/lib/odom_cmd
[6.693s] writing list of installed files to '/home/vboxuser/apf_ws/build/odom_cmd/install.log'
[6.734s] Invoked command in '/home/vboxuser/apf_ws/src/odom_cmd' returned '0': DEBUGINFOD_URLS=https://debuginfod.ubuntu.com PYTHONPATH=/home/vboxuser/apf_ws/build/odom_cmd/prefix_override:/usr/lib/python3/dist-packages/colcon_core/task/python/colcon_distutils_commands:/home/vboxuser/apf_ws/install/odom_cmd/lib/python3.12/site-packages:${PYTHONPATH} /usr/bin/python3 -W ignore:setup.py install is deprecated -W ignore:easy_install command is deprecated setup.py egg_info --egg-base ../../build/odom_cmd build --build-base /home/vboxuser/apf_ws/build/odom_cmd/build install --record /home/vboxuser/apf_ws/build/odom_cmd/install.log --install-scripts $base/lib/odom_cmd --single-version-externally-managed install_data
