[3.258s] Invoking command in '/home/vboxuser/apf_ws/src/apf_pkg': DEBUGINFOD_URLS=https://debuginfod.ubuntu.com PYTHONPATH=/home/vboxuser/apf_ws/build/apf_pkg/prefix_override:/usr/lib/python3/dist-packages/colcon_core/task/python/colcon_distutils_commands:/home/vboxuser/apf_ws/install/apf_pkg/lib/python3.12/site-packages:${PYTHONPATH} /usr/bin/python3 -W ignore:setup.py install is deprecated -W ignore:easy_install command is deprecated setup.py egg_info --egg-base ../../build/apf_pkg build --build-base /home/vboxuser/apf_ws/build/apf_pkg/build install --record /home/vboxuser/apf_ws/build/apf_pkg/install.log --install-scripts $base/lib/apf_pkg --single-version-externally-managed install_data
[3.710s] running egg_info
[3.735s] writing ../../build/apf_pkg/apf_pkg.egg-info/PKG-INFO
[3.742s] writing dependency_links to ../../build/apf_pkg/apf_pkg.egg-info/dependency_links.txt
[3.743s] writing entry points to ../../build/apf_pkg/apf_pkg.egg-info/entry_points.txt
[3.746s] writing requirements to ../../build/apf_pkg/apf_pkg.egg-info/requires.txt
[3.746s] writing top-level names to ../../build/apf_pkg/apf_pkg.egg-info/top_level.txt
[3.813s] reading manifest file '../../build/apf_pkg/apf_pkg.egg-info/SOURCES.txt'
[3.815s] writing manifest file '../../build/apf_pkg/apf_pkg.egg-info/SOURCES.txt'
[3.815s] running build
[3.815s] running build_py
[3.816s] running install
[3.823s] running install_lib
[3.869s] running install_data
[3.870s] running install_egg_info
[3.909s] removing '/home/vboxuser/apf_ws/install/apf_pkg/lib/python3.12/site-packages/apf_pkg-0.0.0-py3.12.egg-info' (and everything under it)
[3.910s] Copying ../../build/apf_pkg/apf_pkg.egg-info to /home/vboxuser/apf_ws/install/apf_pkg/lib/python3.12/site-packages/apf_pkg-0.0.0-py3.12.egg-info
[3.912s] running install_scripts
[4.175s] Installing apf_controller script to /home/vboxuser/apf_ws/install/apf_pkg/lib/apf_pkg
[4.175s] Installing apf_node script to /home/vboxuser/apf_ws/install/apf_pkg/lib/apf_pkg
[4.175s] Installing logger script to /home/vboxuser/apf_ws/install/apf_pkg/lib/apf_pkg
[4.179s] writing list of installed files to '/home/vboxuser/apf_ws/build/apf_pkg/install.log'
[4.256s] Invoked command in '/home/vboxuser/apf_ws/src/apf_pkg' returned '0': DEBUGINFOD_URLS=https://debuginfod.ubuntu.com PYTHONPATH=/home/vboxuser/apf_ws/build/apf_pkg/prefix_override:/usr/lib/python3/dist-packages/colcon_core/task/python/colcon_distutils_commands:/home/vboxuser/apf_ws/install/apf_pkg/lib/python3.12/site-packages:${PYTHONPATH} /usr/bin/python3 -W ignore:setup.py install is deprecated -W ignore:easy_install command is deprecated setup.py egg_info --egg-base ../../build/apf_pkg build --build-base /home/vboxuser/apf_ws/build/apf_pkg/build install --record /home/vboxuser/apf_ws/build/apf_pkg/install.log --install-scripts $base/lib/apf_pkg --single-version-externally-managed install_data
