[4.941s] Invoking command in '/home/vboxuser/apf_ws/src/ekf_pkg': DEBUGINFOD_URLS=https://debuginfod.ubuntu.com PYTHONPATH=/home/vboxuser/apf_ws/build/ekf_pkg/prefix_override:/usr/lib/python3/dist-packages/colcon_core/task/python/colcon_distutils_commands:/home/vboxuser/apf_ws/install/ekf_pkg/lib/python3.12/site-packages:${PYTHONPATH} /usr/bin/python3 -W ignore:setup.py install is deprecated -W ignore:easy_install command is deprecated setup.py egg_info --egg-base ../../build/ekf_pkg build --build-base /home/vboxuser/apf_ws/build/ekf_pkg/build install --record /home/vboxuser/apf_ws/build/ekf_pkg/install.log --install-scripts $base/lib/ekf_pkg --single-version-externally-managed install_data
[5.502s] running egg_info
[5.534s] writing ../../build/ekf_pkg/ekf_pkg.egg-info/PKG-INFO
[5.544s] writing dependency_links to ../../build/ekf_pkg/ekf_pkg.egg-info/dependency_links.txt
[5.546s] writing entry points to ../../build/ekf_pkg/ekf_pkg.egg-info/entry_points.txt
[5.546s] writing requirements to ../../build/ekf_pkg/ekf_pkg.egg-info/requires.txt
[5.546s] writing top-level names to ../../build/ekf_pkg/ekf_pkg.egg-info/top_level.txt
[5.669s] reading manifest file '../../build/ekf_pkg/ekf_pkg.egg-info/SOURCES.txt'
[5.670s] writing manifest file '../../build/ekf_pkg/ekf_pkg.egg-info/SOURCES.txt'
[5.671s] running build
[5.671s] running build_py
[5.672s] copying ekf_pkg/ekf_node.py -> /home/vboxuser/apf_ws/build/ekf_pkg/build/lib/ekf_pkg
[5.676s] running install
[5.688s] running install_lib
[5.733s] copying /home/vboxuser/apf_ws/build/ekf_pkg/build/lib/ekf_pkg/ekf_node.py -> /home/vboxuser/apf_ws/install/ekf_pkg/lib/python3.12/site-packages/ekf_pkg
[5.734s] byte-compiling /home/vboxuser/apf_ws/install/ekf_pkg/lib/python3.12/site-packages/ekf_pkg/ekf_node.py to ekf_node.cpython-312.pyc
[5.743s] running install_data
[5.747s] running install_egg_info
[5.809s] removing '/home/vboxuser/apf_ws/install/ekf_pkg/lib/python3.12/site-packages/ekf_pkg-0.0.0-py3.12.egg-info' (and everything under it)
[5.810s] Copying ../../build/ekf_pkg/ekf_pkg.egg-info to /home/vboxuser/apf_ws/install/ekf_pkg/lib/python3.12/site-packages/ekf_pkg-0.0.0-py3.12.egg-info
[5.812s] running install_scripts
[6.168s] Installing ekf_node script to /home/vboxuser/apf_ws/install/ekf_pkg/lib/ekf_pkg
[6.171s] Installing logger script to /home/vboxuser/apf_ws/install/ekf_pkg/lib/ekf_pkg
[6.171s] writing list of installed files to '/home/vboxuser/apf_ws/build/ekf_pkg/install.log'
[6.238s] Invoked command in '/home/vboxuser/apf_ws/src/ekf_pkg' returned '0': DEBUGINFOD_URLS=https://debuginfod.ubuntu.com PYTHONPATH=/home/vboxuser/apf_ws/build/ekf_pkg/prefix_override:/usr/lib/python3/dist-packages/colcon_core/task/python/colcon_distutils_commands:/home/vboxuser/apf_ws/install/ekf_pkg/lib/python3.12/site-packages:${PYTHONPATH} /usr/bin/python3 -W ignore:setup.py install is deprecated -W ignore:easy_install command is deprecated setup.py egg_info --egg-base ../../build/ekf_pkg build --build-base /home/vboxuser/apf_ws/build/ekf_pkg/build install --record /home/vboxuser/apf_ws/build/ekf_pkg/install.log --install-scripts $base/lib/ekf_pkg --single-version-externally-managed install_data
