[2.344s] Invoking command in '/home/vboxuser/apf_ws/src/odom_cmd': DEBUGINFOD_URLS=https://debuginfod.ubuntu.com PYTHONPATH=/home/vboxuser/apf_ws/build/odom_cmd/prefix_override:/usr/lib/python3/dist-packages/colcon_core/task/python/colcon_distutils_commands:/home/vboxuser/apf_ws/install/odom_cmd/lib/python3.12/site-packages:${PYTHONPATH} /usr/bin/python3 -W ignore:setup.py install is deprecated -W ignore:easy_install command is deprecated setup.py egg_info --egg-base ../../build/odom_cmd build --build-base /home/vboxuser/apf_ws/build/odom_cmd/build install --record /home/vboxuser/apf_ws/build/odom_cmd/install.log --install-scripts $base/lib/odom_cmd --single-version-externally-managed install_data
[2.692s] running egg_info
[2.725s] writing ../../build/odom_cmd/odom_cmd.egg-info/PKG-INFO
[2.729s] writing dependency_links to ../../build/odom_cmd/odom_cmd.egg-info/dependency_links.txt
[2.729s] writing entry points to ../../build/odom_cmd/odom_cmd.egg-info/entry_points.txt
[2.729s] writing requirements to ../../build/odom_cmd/odom_cmd.egg-info/requires.txt
[2.730s] writing top-level names to ../../build/odom_cmd/odom_cmd.egg-info/top_level.txt
[2.804s] reading manifest file '../../build/odom_cmd/odom_cmd.egg-info/SOURCES.txt'
[2.810s] writing manifest file '../../build/odom_cmd/odom_cmd.egg-info/SOURCES.txt'
[2.810s] running build
[2.810s] running build_py
[2.810s] running install
[2.818s] running install_lib
[2.854s] running install_data
[2.855s] running install_egg_info
[2.881s] removing '/home/vboxuser/apf_ws/install/odom_cmd/lib/python3.12/site-packages/odom_cmd-0.0.0-py3.12.egg-info' (and everything under it)
[2.881s] Copying ../../build/odom_cmd/odom_cmd.egg-info to /home/vboxuser/apf_ws/install/odom_cmd/lib/python3.12/site-packages/odom_cmd-0.0.0-py3.12.egg-info
[2.883s] running install_scripts
[3.078s] Installing cmd_robot script to /home/vboxuser/apf_ws/install/odom_cmd/lib/odom_cmd
[3.082s] Installing logger script to /home/vboxuser/apf_ws/install/odom_cmd/lib/odom_cmd
[3.083s] writing list of installed files to '/home/vboxuser/apf_ws/build/odom_cmd/install.log'
[3.121s] Invoked command in '/home/vboxuser/apf_ws/src/odom_cmd' returned '0': DEBUGINFOD_URLS=https://debuginfod.ubuntu.com PYTHONPATH=/home/vboxuser/apf_ws/build/odom_cmd/prefix_override:/usr/lib/python3/dist-packages/colcon_core/task/python/colcon_distutils_commands:/home/vboxuser/apf_ws/install/odom_cmd/lib/python3.12/site-packages:${PYTHONPATH} /usr/bin/python3 -W ignore:setup.py install is deprecated -W ignore:easy_install command is deprecated setup.py egg_info --egg-base ../../build/odom_cmd build --build-base /home/vboxuser/apf_ws/build/odom_cmd/build install --record /home/vboxuser/apf_ws/build/odom_cmd/install.log --install-scripts $base/lib/odom_cmd --single-version-externally-managed install_data
