[7.190s] Invoking command in '/home/vboxuser/apf_ws/src/robot_bringup': DEBUGINFOD_URLS=https://debuginfod.ubuntu.com PYTHONPATH=/home/vboxuser/apf_ws/build/robot_bringup/prefix_override:/usr/lib/python3/dist-packages/colcon_core/task/python/colcon_distutils_commands:/home/vboxuser/apf_ws/install/robot_bringup/lib/python3.12/site-packages:${PYTHONPATH} /usr/bin/python3 -W ignore:setup.py install is deprecated -W ignore:easy_install command is deprecated setup.py egg_info --egg-base ../../build/robot_bringup build --build-base /home/vboxuser/apf_ws/build/robot_bringup/build install --record /home/vboxuser/apf_ws/build/robot_bringup/install.log --install-scripts $base/lib/robot_bringup --single-version-externally-managed install_data
[8.105s] running egg_info
[8.105s] creating ../../build/robot_bringup/robot_bringup.egg-info
[8.160s] writing ../../build/robot_bringup/robot_bringup.egg-info/PKG-INFO
[8.161s] writing dependency_links to ../../build/robot_bringup/robot_bringup.egg-info/dependency_links.txt
[8.161s] writing requirements to ../../build/robot_bringup/robot_bringup.egg-info/requires.txt
[8.162s] writing top-level names to ../../build/robot_bringup/robot_bringup.egg-info/top_level.txt
[8.162s] writing manifest file '../../build/robot_bringup/robot_bringup.egg-info/SOURCES.txt'
[8.260s] reading manifest file '../../build/robot_bringup/robot_bringup.egg-info/SOURCES.txt'
[8.261s] writing manifest file '../../build/robot_bringup/robot_bringup.egg-info/SOURCES.txt'
[8.261s] running build
[8.261s] running build_py
[8.262s] creating /home/vboxuser/apf_ws/build/robot_bringup/build
[8.262s] creating /home/vboxuser/apf_ws/build/robot_bringup/build/lib
[8.262s] creating /home/vboxuser/apf_ws/build/robot_bringup/build/lib/robot_bringup
[8.262s] copying robot_bringup/__init__.py -> /home/vboxuser/apf_ws/build/robot_bringup/build/lib/robot_bringup
[8.262s] running install
[8.280s] running install_lib
[8.329s] creating /home/vboxuser/apf_ws/install/robot_bringup/lib/python3.12/site-packages/robot_bringup
[8.330s] copying /home/vboxuser/apf_ws/build/robot_bringup/build/lib/robot_bringup/__init__.py -> /home/vboxuser/apf_ws/install/robot_bringup/lib/python3.12/site-packages/robot_bringup
[8.331s] byte-compiling /home/vboxuser/apf_ws/install/robot_bringup/lib/python3.12/site-packages/robot_bringup/__init__.py to __init__.cpython-312.pyc
[8.345s] running install_data
[8.345s] creating /home/vboxuser/apf_ws/install/robot_bringup/share/ament_index
[8.346s] creating /home/vboxuser/apf_ws/install/robot_bringup/share/ament_index/resource_index
[8.346s] creating /home/vboxuser/apf_ws/install/robot_bringup/share/ament_index/resource_index/packages
[8.346s] copying resource/robot_bringup -> /home/vboxuser/apf_ws/install/robot_bringup/share/ament_index/resource_index/packages
[8.346s] copying package.xml -> /home/vboxuser/apf_ws/install/robot_bringup/share/robot_bringup
[8.346s] creating /home/vboxuser/apf_ws/install/robot_bringup/share/robot_bringup/launch
[8.348s] copying launch/bringup_map.launch.py -> /home/vboxuser/apf_ws/install/robot_bringup/share/robot_bringup/launch
[8.350s] copying launch/bringup_cmd.launch.py -> /home/vboxuser/apf_ws/install/robot_bringup/share/robot_bringup/launch
[8.350s] copying launch/start_cmd.launch.py -> /home/vboxuser/apf_ws/install/robot_bringup/share/robot_bringup/launch
[8.353s] copying launch/bringup_cmd_no_icp.launch.py -> /home/vboxuser/apf_ws/install/robot_bringup/share/robot_bringup/launch
[8.358s] copying launch/bringup.launch.py -> /home/vboxuser/apf_ws/install/robot_bringup/share/robot_bringup/launch
[8.371s] running install_egg_info
[8.412s] Copying ../../build/robot_bringup/robot_bringup.egg-info to /home/vboxuser/apf_ws/install/robot_bringup/lib/python3.12/site-packages/robot_bringup-0.0.0-py3.12.egg-info
[8.421s] running install_scripts
[9.029s] writing list of installed files to '/home/vboxuser/apf_ws/build/robot_bringup/install.log'
[9.030s] Invoked command in '/home/vboxuser/apf_ws/src/robot_bringup' returned '0': DEBUGINFOD_URLS=https://debuginfod.ubuntu.com PYTHONPATH=/home/vboxuser/apf_ws/build/robot_bringup/prefix_override:/usr/lib/python3/dist-packages/colcon_core/task/python/colcon_distutils_commands:/home/vboxuser/apf_ws/install/robot_bringup/lib/python3.12/site-packages:${PYTHONPATH} /usr/bin/python3 -W ignore:setup.py install is deprecated -W ignore:easy_install command is deprecated setup.py egg_info --egg-base ../../build/robot_bringup build --build-base /home/vboxuser/apf_ws/build/robot_bringup/build install --record /home/vboxuser/apf_ws/build/robot_bringup/install.log --install-scripts $base/lib/robot_bringup --single-version-externally-managed install_data
