[2.305s] Invoking command in '/home/vboxuser/apf_ws/src/lidar_odom': DEBUGINFOD_URLS=https://debuginfod.ubuntu.com PYTHONPATH=/home/vboxuser/apf_ws/build/lidar_odom/prefix_override:/usr/lib/python3/dist-packages/colcon_core/task/python/colcon_distutils_commands:/home/vboxuser/apf_ws/install/lidar_odom/lib/python3.12/site-packages:${PYTHONPATH} /usr/bin/python3 -W ignore:setup.py install is deprecated -W ignore:easy_install command is deprecated setup.py egg_info --egg-base ../../build/lidar_odom build --build-base /home/vboxuser/apf_ws/build/lidar_odom/build install --record /home/vboxuser/apf_ws/build/lidar_odom/install.log --install-scripts $base/lib/lidar_odom --single-version-externally-managed install_data
[2.652s] running egg_info
[2.676s] writing ../../build/lidar_odom/lidar_odom.egg-info/PKG-INFO
[2.676s] writing dependency_links to ../../build/lidar_odom/lidar_odom.egg-info/dependency_links.txt
[2.681s] writing entry points to ../../build/lidar_odom/lidar_odom.egg-info/entry_points.txt
[2.681s] writing requirements to ../../build/lidar_odom/lidar_odom.egg-info/requires.txt
[2.681s] writing top-level names to ../../build/lidar_odom/lidar_odom.egg-info/top_level.txt
[2.744s] reading manifest file '../../build/lidar_odom/lidar_odom.egg-info/SOURCES.txt'
[2.745s] writing manifest file '../../build/lidar_odom/lidar_odom.egg-info/SOURCES.txt'
[2.746s] running build
[2.767s] running build_py
[2.767s] running install
[2.767s] running install_lib
[2.780s] running install_data
[2.780s] copying launch/make_map.launch.py -> /home/vboxuser/apf_ws/install/lidar_odom/share/lidar_odom/launch
[2.780s] running install_egg_info
[2.802s] removing '/home/vboxuser/apf_ws/install/lidar_odom/lib/python3.12/site-packages/lidar_odom-0.0.0-py3.12.egg-info' (and everything under it)
[2.803s] Copying ../../build/lidar_odom/lidar_odom.egg-info to /home/vboxuser/apf_ws/install/lidar_odom/lib/python3.12/site-packages/lidar_odom-0.0.0-py3.12.egg-info
[2.804s] running install_scripts
[2.965s] Installing cmd_robot script to /home/vboxuser/apf_ws/install/lidar_odom/lib/lidar_odom
[2.965s] Installing filter_lidar script to /home/vboxuser/apf_ws/install/lidar_odom/lib/lidar_odom
[2.966s] Installing icp_localization_node script to /home/vboxuser/apf_ws/install/lidar_odom/lib/lidar_odom
[2.967s] Installing icp_mapping script to /home/vboxuser/apf_ws/install/lidar_odom/lib/lidar_odom
[2.967s] Installing logger script to /home/vboxuser/apf_ws/install/lidar_odom/lib/lidar_odom
[2.968s] Installing logger_map script to /home/vboxuser/apf_ws/install/lidar_odom/lib/lidar_odom
[2.968s] Installing map_loader script to /home/vboxuser/apf_ws/install/lidar_odom/lib/lidar_odom
[2.969s] Installing record_lidar script to /home/vboxuser/apf_ws/install/lidar_odom/lib/lidar_odom
[2.970s] writing list of installed files to '/home/vboxuser/apf_ws/build/lidar_odom/install.log'
[3.043s] Invoked command in '/home/vboxuser/apf_ws/src/lidar_odom' returned '0': DEBUGINFOD_URLS=https://debuginfod.ubuntu.com PYTHONPATH=/home/vboxuser/apf_ws/build/lidar_odom/prefix_override:/usr/lib/python3/dist-packages/colcon_core/task/python/colcon_distutils_commands:/home/vboxuser/apf_ws/install/lidar_odom/lib/python3.12/site-packages:${PYTHONPATH} /usr/bin/python3 -W ignore:setup.py install is deprecated -W ignore:easy_install command is deprecated setup.py egg_info --egg-base ../../build/lidar_odom build --build-base /home/vboxuser/apf_ws/build/lidar_odom/build install --record /home/vboxuser/apf_ws/build/lidar_odom/install.log --install-scripts $base/lib/lidar_odom --single-version-externally-managed install_data
