[3.386s] Invoking command in '/home/vboxuser/apf_ws/src/odom_cmd': DEBUGINFOD_URLS=https://debuginfod.ubuntu.com PYTHONPATH=/home/vboxuser/apf_ws/build/odom_cmd/prefix_override:/usr/lib/python3/dist-packages/colcon_core/task/python/colcon_distutils_commands:/home/vboxuser/apf_ws/install/odom_cmd/lib/python3.12/site-packages:${PYTHONPATH} /usr/bin/python3 -W ignore:setup.py install is deprecated -W ignore:easy_install command is deprecated setup.py egg_info --egg-base ../../build/odom_cmd build --build-base /home/vboxuser/apf_ws/build/odom_cmd/build install --record /home/vboxuser/apf_ws/build/odom_cmd/install.log --install-scripts $base/lib/odom_cmd --single-version-externally-managed install_data
[3.950s] running egg_info
[4.007s] writing ../../build/odom_cmd/odom_cmd.egg-info/PKG-INFO
[4.007s] writing dependency_links to ../../build/odom_cmd/odom_cmd.egg-info/dependency_links.txt
[4.009s] writing entry points to ../../build/odom_cmd/odom_cmd.egg-info/entry_points.txt
[4.015s] writing requirements to ../../build/odom_cmd/odom_cmd.egg-info/requires.txt
[4.022s] writing top-level names to ../../build/odom_cmd/odom_cmd.egg-info/top_level.txt
[4.132s] reading manifest file '../../build/odom_cmd/odom_cmd.egg-info/SOURCES.txt'
[4.133s] writing manifest file '../../build/odom_cmd/odom_cmd.egg-info/SOURCES.txt'
[4.136s] running build
[4.136s] running build_py
[4.136s] running install
[4.144s] running install_lib
[4.196s] running install_data
[4.196s] running install_egg_info
[4.249s] removing '/home/vboxuser/apf_ws/install/odom_cmd/lib/python3.12/site-packages/odom_cmd-0.0.0-py3.12.egg-info' (and everything under it)
[4.249s] Copying ../../build/odom_cmd/odom_cmd.egg-info to /home/vboxuser/apf_ws/install/odom_cmd/lib/python3.12/site-packages/odom_cmd-0.0.0-py3.12.egg-info
[4.254s] running install_scripts
[4.625s] Installing cmd_robot script to /home/vboxuser/apf_ws/install/odom_cmd/lib/odom_cmd
[4.629s] Installing logger script to /home/vboxuser/apf_ws/install/odom_cmd/lib/odom_cmd
[4.630s] writing list of installed files to '/home/vboxuser/apf_ws/build/odom_cmd/install.log'
[4.691s] Invoked command in '/home/vboxuser/apf_ws/src/odom_cmd' returned '0': DEBUGINFOD_URLS=https://debuginfod.ubuntu.com PYTHONPATH=/home/vboxuser/apf_ws/build/odom_cmd/prefix_override:/usr/lib/python3/dist-packages/colcon_core/task/python/colcon_distutils_commands:/home/vboxuser/apf_ws/install/odom_cmd/lib/python3.12/site-packages:${PYTHONPATH} /usr/bin/python3 -W ignore:setup.py install is deprecated -W ignore:easy_install command is deprecated setup.py egg_info --egg-base ../../build/odom_cmd build --build-base /home/vboxuser/apf_ws/build/odom_cmd/build install --record /home/vboxuser/apf_ws/build/odom_cmd/install.log --install-scripts $base/lib/odom_cmd --single-version-externally-managed install_data
