[8.623s] Invoking command in '/home/vboxuser/apf_ws/src/apf_pkg': DEBUGINFOD_URLS=https://debuginfod.ubuntu.com PYTHONPATH=/home/vboxuser/apf_ws/build/apf_pkg/prefix_override:/usr/lib/python3/dist-packages/colcon_core/task/python/colcon_distutils_commands:/home/vboxuser/apf_ws/install/apf_pkg/lib/python3.12/site-packages:${PYTHONPATH} /usr/bin/python3 -W ignore:setup.py install is deprecated -W ignore:easy_install command is deprecated setup.py egg_info --egg-base ../../build/apf_pkg build --build-base /home/vboxuser/apf_ws/build/apf_pkg/build install --record /home/vboxuser/apf_ws/build/apf_pkg/install.log --install-scripts $base/lib/apf_pkg --single-version-externally-managed install_data
[9.408s] running egg_info
[9.461s] writing ../../build/apf_pkg/apf_pkg.egg-info/PKG-INFO
[9.488s] writing dependency_links to ../../build/apf_pkg/apf_pkg.egg-info/dependency_links.txt
[9.489s] writing entry points to ../../build/apf_pkg/apf_pkg.egg-info/entry_points.txt
[9.491s] writing requirements to ../../build/apf_pkg/apf_pkg.egg-info/requires.txt
[9.494s] writing top-level names to ../../build/apf_pkg/apf_pkg.egg-info/top_level.txt
[9.677s] reading manifest file '../../build/apf_pkg/apf_pkg.egg-info/SOURCES.txt'
[9.743s] writing manifest file '../../build/apf_pkg/apf_pkg.egg-info/SOURCES.txt'
[9.748s] running build
[9.748s] running build_py
[9.753s] running install
[9.769s] running install_lib
[9.834s] running install_data
[9.933s] running install_egg_info
[9.996s] removing '/home/vboxuser/apf_ws/install/apf_pkg/lib/python3.12/site-packages/apf_pkg-0.0.0-py3.12.egg-info' (and everything under it)
[9.996s] Copying ../../build/apf_pkg/apf_pkg.egg-info to /home/vboxuser/apf_ws/install/apf_pkg/lib/python3.12/site-packages/apf_pkg-0.0.0-py3.12.egg-info
[10.002s] running install_scripts
[10.524s] Installing apf_controller script to /home/vboxuser/apf_ws/install/apf_pkg/lib/apf_pkg
[10.526s] Installing apf_node script to /home/vboxuser/apf_ws/install/apf_pkg/lib/apf_pkg
[10.528s] Installing logger script to /home/vboxuser/apf_ws/install/apf_pkg/lib/apf_pkg
[10.529s] writing list of installed files to '/home/vboxuser/apf_ws/build/apf_pkg/install.log'
[10.720s] Invoked command in '/home/vboxuser/apf_ws/src/apf_pkg' returned '0': DEBUGINFOD_URLS=https://debuginfod.ubuntu.com PYTHONPATH=/home/vboxuser/apf_ws/build/apf_pkg/prefix_override:/usr/lib/python3/dist-packages/colcon_core/task/python/colcon_distutils_commands:/home/vboxuser/apf_ws/install/apf_pkg/lib/python3.12/site-packages:${PYTHONPATH} /usr/bin/python3 -W ignore:setup.py install is deprecated -W ignore:easy_install command is deprecated setup.py egg_info --egg-base ../../build/apf_pkg build --build-base /home/vboxuser/apf_ws/build/apf_pkg/build install --record /home/vboxuser/apf_ws/build/apf_pkg/install.log --install-scripts $base/lib/apf_pkg --single-version-externally-managed install_data
