[5.625s] Invoking command in '/home/vboxuser/apf_ws/src/apf_pkg': DEBUGINFOD_URLS=https://debuginfod.ubuntu.com PYTHONPATH=/home/vboxuser/apf_ws/build/apf_pkg/prefix_override:/usr/lib/python3/dist-packages/colcon_core/task/python/colcon_distutils_commands:/home/vboxuser/apf_ws/install/apf_pkg/lib/python3.12/site-packages:${PYTHONPATH} /usr/bin/python3 -W ignore:setup.py install is deprecated -W ignore:easy_install command is deprecated setup.py egg_info --egg-base ../../build/apf_pkg build --build-base /home/vboxuser/apf_ws/build/apf_pkg/build install --record /home/vboxuser/apf_ws/build/apf_pkg/install.log --install-scripts $base/lib/apf_pkg --single-version-externally-managed install_data
[6.463s] running egg_info
[6.520s] writing ../../build/apf_pkg/apf_pkg.egg-info/PKG-INFO
[6.521s] writing dependency_links to ../../build/apf_pkg/apf_pkg.egg-info/dependency_links.txt
[6.522s] writing entry points to ../../build/apf_pkg/apf_pkg.egg-info/entry_points.txt
[6.523s] writing requirements to ../../build/apf_pkg/apf_pkg.egg-info/requires.txt
[6.524s] writing top-level names to ../../build/apf_pkg/apf_pkg.egg-info/top_level.txt
[6.624s] reading manifest file '../../build/apf_pkg/apf_pkg.egg-info/SOURCES.txt'
[6.626s] writing manifest file '../../build/apf_pkg/apf_pkg.egg-info/SOURCES.txt'
[6.627s] running build
[6.633s] running build_py
[6.635s] running install
[6.652s] running install_lib
[6.712s] running install_data
[6.712s] running install_egg_info
[6.753s] removing '/home/vboxuser/apf_ws/install/apf_pkg/lib/python3.12/site-packages/apf_pkg-0.0.0-py3.12.egg-info' (and everything under it)
[6.754s] Copying ../../build/apf_pkg/apf_pkg.egg-info to /home/vboxuser/apf_ws/install/apf_pkg/lib/python3.12/site-packages/apf_pkg-0.0.0-py3.12.egg-info
[6.762s] running install_scripts
[7.330s] Installing apf_controller script to /home/vboxuser/apf_ws/install/apf_pkg/lib/apf_pkg
[7.330s] Installing apf_node script to /home/vboxuser/apf_ws/install/apf_pkg/lib/apf_pkg
[7.330s] Installing logger script to /home/vboxuser/apf_ws/install/apf_pkg/lib/apf_pkg
[7.330s] writing list of installed files to '/home/vboxuser/apf_ws/build/apf_pkg/install.log'
[7.424s] Invoked command in '/home/vboxuser/apf_ws/src/apf_pkg' returned '0': DEBUGINFOD_URLS=https://debuginfod.ubuntu.com PYTHONPATH=/home/vboxuser/apf_ws/build/apf_pkg/prefix_override:/usr/lib/python3/dist-packages/colcon_core/task/python/colcon_distutils_commands:/home/vboxuser/apf_ws/install/apf_pkg/lib/python3.12/site-packages:${PYTHONPATH} /usr/bin/python3 -W ignore:setup.py install is deprecated -W ignore:easy_install command is deprecated setup.py egg_info --egg-base ../../build/apf_pkg build --build-base /home/vboxuser/apf_ws/build/apf_pkg/build install --record /home/vboxuser/apf_ws/build/apf_pkg/install.log --install-scripts $base/lib/apf_pkg --single-version-externally-managed install_data
