[6.826s] Invoking command in '/home/vboxuser/apf_ws/src/odom_cmd': DEBUGINFOD_URLS=https://debuginfod.ubuntu.com PYTHONPATH=/home/vboxuser/apf_ws/build/odom_cmd/prefix_override:/usr/lib/python3/dist-packages/colcon_core/task/python/colcon_distutils_commands:/home/vboxuser/apf_ws/install/odom_cmd/lib/python3.12/site-packages:${PYTHONPATH} /usr/bin/python3 -W ignore:setup.py install is deprecated -W ignore:easy_install command is deprecated setup.py egg_info --egg-base ../../build/odom_cmd build --build-base /home/vboxuser/apf_ws/build/odom_cmd/build install --record /home/vboxuser/apf_ws/build/odom_cmd/install.log --install-scripts $base/lib/odom_cmd --single-version-externally-managed install_data
[7.481s] running egg_info
[7.629s] writing ../../build/odom_cmd/odom_cmd.egg-info/PKG-INFO
[7.629s] writing dependency_links to ../../build/odom_cmd/odom_cmd.egg-info/dependency_links.txt
[7.630s] writing entry points to ../../build/odom_cmd/odom_cmd.egg-info/entry_points.txt
[7.630s] writing requirements to ../../build/odom_cmd/odom_cmd.egg-info/requires.txt
[7.632s] writing top-level names to ../../build/odom_cmd/odom_cmd.egg-info/top_level.txt
[7.748s] reading manifest file '../../build/odom_cmd/odom_cmd.egg-info/SOURCES.txt'
[7.756s] writing manifest file '../../build/odom_cmd/odom_cmd.egg-info/SOURCES.txt'
[7.756s] running build
[7.757s] running build_py
[7.767s] running install
[7.779s] running install_lib
[7.871s] running install_data
[7.873s] running install_egg_info
[7.955s] removing '/home/vboxuser/apf_ws/install/odom_cmd/lib/python3.12/site-packages/odom_cmd-0.0.0-py3.12.egg-info' (and everything under it)
[7.958s] Copying ../../build/odom_cmd/odom_cmd.egg-info to /home/vboxuser/apf_ws/install/odom_cmd/lib/python3.12/site-packages/odom_cmd-0.0.0-py3.12.egg-info
[7.960s] running install_scripts
[8.261s] Installing cmd_robot script to /home/vboxuser/apf_ws/install/odom_cmd/lib/odom_cmd
[8.267s] Installing logger script to /home/vboxuser/apf_ws/install/odom_cmd/lib/odom_cmd
[8.269s] writing list of installed files to '/home/vboxuser/apf_ws/build/odom_cmd/install.log'
[8.409s] Invoked command in '/home/vboxuser/apf_ws/src/odom_cmd' returned '0': DEBUGINFOD_URLS=https://debuginfod.ubuntu.com PYTHONPATH=/home/vboxuser/apf_ws/build/odom_cmd/prefix_override:/usr/lib/python3/dist-packages/colcon_core/task/python/colcon_distutils_commands:/home/vboxuser/apf_ws/install/odom_cmd/lib/python3.12/site-packages:${PYTHONPATH} /usr/bin/python3 -W ignore:setup.py install is deprecated -W ignore:easy_install command is deprecated setup.py egg_info --egg-base ../../build/odom_cmd build --build-base /home/vboxuser/apf_ws/build/odom_cmd/build install --record /home/vboxuser/apf_ws/build/odom_cmd/install.log --install-scripts $base/lib/odom_cmd --single-version-externally-managed install_data
