[1.734s] Invoking command in '/home/vboxuser/apf_ws/src/apf_pkg': DEBUGINFOD_URLS=https://debuginfod.ubuntu.com PYTHONPATH=/home/vboxuser/apf_ws/build/apf_pkg/prefix_override:/usr/lib/python3/dist-packages/colcon_core/task/python/colcon_distutils_commands:/home/vboxuser/apf_ws/install/apf_pkg/lib/python3.12/site-packages:${PYTHONPATH} /usr/bin/python3 -W ignore:setup.py install is deprecated -W ignore:easy_install command is deprecated setup.py egg_info --egg-base ../../build/apf_pkg build --build-base /home/vboxuser/apf_ws/build/apf_pkg/build install --record /home/vboxuser/apf_ws/build/apf_pkg/install.log --install-scripts $base/lib/apf_pkg --single-version-externally-managed install_data
[2.017s] running egg_info
[2.045s] writing ../../build/apf_pkg/apf_pkg.egg-info/PKG-INFO
[2.045s] writing dependency_links to ../../build/apf_pkg/apf_pkg.egg-info/dependency_links.txt
[2.046s] writing entry points to ../../build/apf_pkg/apf_pkg.egg-info/entry_points.txt
[2.046s] writing requirements to ../../build/apf_pkg/apf_pkg.egg-info/requires.txt
[2.046s] writing top-level names to ../../build/apf_pkg/apf_pkg.egg-info/top_level.txt
[2.098s] reading manifest file '../../build/apf_pkg/apf_pkg.egg-info/SOURCES.txt'
[2.100s] writing manifest file '../../build/apf_pkg/apf_pkg.egg-info/SOURCES.txt'
[2.101s] running build
[2.102s] running build_py
[2.102s] copying apf_pkg/apf_controller.py -> /home/vboxuser/apf_ws/build/apf_pkg/build/lib/apf_pkg
[2.102s] running install
[2.109s] running install_lib
[2.133s] copying /home/vboxuser/apf_ws/build/apf_pkg/build/lib/apf_pkg/apf_controller.py -> /home/vboxuser/apf_ws/install/apf_pkg/lib/python3.12/site-packages/apf_pkg
[2.133s] byte-compiling /home/vboxuser/apf_ws/install/apf_pkg/lib/python3.12/site-packages/apf_pkg/apf_controller.py to apf_controller.cpython-312.pyc
[2.134s] running install_data
[2.135s] running install_egg_info
[2.158s] removing '/home/vboxuser/apf_ws/install/apf_pkg/lib/python3.12/site-packages/apf_pkg-0.0.0-py3.12.egg-info' (and everything under it)
[2.158s] Copying ../../build/apf_pkg/apf_pkg.egg-info to /home/vboxuser/apf_ws/install/apf_pkg/lib/python3.12/site-packages/apf_pkg-0.0.0-py3.12.egg-info
[2.159s] running install_scripts
[2.313s] Installing apf_controller script to /home/vboxuser/apf_ws/install/apf_pkg/lib/apf_pkg
[2.313s] Installing apf_node script to /home/vboxuser/apf_ws/install/apf_pkg/lib/apf_pkg
[2.313s] Installing logger script to /home/vboxuser/apf_ws/install/apf_pkg/lib/apf_pkg
[2.314s] writing list of installed files to '/home/vboxuser/apf_ws/build/apf_pkg/install.log'
[2.403s] Invoked command in '/home/vboxuser/apf_ws/src/apf_pkg' returned '0': DEBUGINFOD_URLS=https://debuginfod.ubuntu.com PYTHONPATH=/home/vboxuser/apf_ws/build/apf_pkg/prefix_override:/usr/lib/python3/dist-packages/colcon_core/task/python/colcon_distutils_commands:/home/vboxuser/apf_ws/install/apf_pkg/lib/python3.12/site-packages:${PYTHONPATH} /usr/bin/python3 -W ignore:setup.py install is deprecated -W ignore:easy_install command is deprecated setup.py egg_info --egg-base ../../build/apf_pkg build --build-base /home/vboxuser/apf_ws/build/apf_pkg/build install --record /home/vboxuser/apf_ws/build/apf_pkg/install.log --install-scripts $base/lib/apf_pkg --single-version-externally-managed install_data
