[14.023s] Invoking command in '/home/vboxuser/apf_ws/src/apf_pkg': DEBUGINFOD_URLS=https://debuginfod.ubuntu.com PYTHONPATH=/home/vboxuser/apf_ws/build/apf_pkg/prefix_override:/usr/lib/python3/dist-packages/colcon_core/task/python/colcon_distutils_commands:/home/vboxuser/apf_ws/install/apf_pkg/lib/python3.12/site-packages:${PYTHONPATH} /usr/bin/python3 -W ignore:setup.py install is deprecated -W ignore:easy_install command is deprecated setup.py egg_info --egg-base ../../build/apf_pkg build --build-base /home/vboxuser/apf_ws/build/apf_pkg/build install --record /home/vboxuser/apf_ws/build/apf_pkg/install.log --install-scripts $base/lib/apf_pkg --single-version-externally-managed install_data
[14.647s] running egg_info
[14.699s] writing ../../build/apf_pkg/apf_pkg.egg-info/PKG-INFO
[14.702s] writing dependency_links to ../../build/apf_pkg/apf_pkg.egg-info/dependency_links.txt
[14.705s] writing entry points to ../../build/apf_pkg/apf_pkg.egg-info/entry_points.txt
[14.709s] writing requirements to ../../build/apf_pkg/apf_pkg.egg-info/requires.txt
[14.712s] writing top-level names to ../../build/apf_pkg/apf_pkg.egg-info/top_level.txt
[14.874s] reading manifest file '../../build/apf_pkg/apf_pkg.egg-info/SOURCES.txt'
[14.895s] writing manifest file '../../build/apf_pkg/apf_pkg.egg-info/SOURCES.txt'
[14.897s] running build
[14.897s] running build_py
[14.905s] running install
[14.920s] running install_lib
[15.047s] running install_data
[15.049s] running install_egg_info
[15.115s] removing '/home/vboxuser/apf_ws/install/apf_pkg/lib/python3.12/site-packages/apf_pkg-0.0.0-py3.12.egg-info' (and everything under it)
[15.115s] Copying ../../build/apf_pkg/apf_pkg.egg-info to /home/vboxuser/apf_ws/install/apf_pkg/lib/python3.12/site-packages/apf_pkg-0.0.0-py3.12.egg-info
[15.120s] running install_scripts
[15.539s] Installing apf_controller script to /home/vboxuser/apf_ws/install/apf_pkg/lib/apf_pkg
[15.541s] Installing apf_node script to /home/vboxuser/apf_ws/install/apf_pkg/lib/apf_pkg
[15.548s] Installing logger script to /home/vboxuser/apf_ws/install/apf_pkg/lib/apf_pkg
[15.548s] writing list of installed files to '/home/vboxuser/apf_ws/build/apf_pkg/install.log'
[15.711s] Invoked command in '/home/vboxuser/apf_ws/src/apf_pkg' returned '0': DEBUGINFOD_URLS=https://debuginfod.ubuntu.com PYTHONPATH=/home/vboxuser/apf_ws/build/apf_pkg/prefix_override:/usr/lib/python3/dist-packages/colcon_core/task/python/colcon_distutils_commands:/home/vboxuser/apf_ws/install/apf_pkg/lib/python3.12/site-packages:${PYTHONPATH} /usr/bin/python3 -W ignore:setup.py install is deprecated -W ignore:easy_install command is deprecated setup.py egg_info --egg-base ../../build/apf_pkg build --build-base /home/vboxuser/apf_ws/build/apf_pkg/build install --record /home/vboxuser/apf_ws/build/apf_pkg/install.log --install-scripts $base/lib/apf_pkg --single-version-externally-managed install_data
