[4.162s] Invoking command in '/home/vboxuser/apf_ws/src/odom_cmd': DEBUGINFOD_URLS=https://debuginfod.ubuntu.com PYTHONPATH=/home/vboxuser/apf_ws/build/odom_cmd/prefix_override:/usr/lib/python3/dist-packages/colcon_core/task/python/colcon_distutils_commands:/home/vboxuser/apf_ws/install/odom_cmd/lib/python3.12/site-packages:${PYTHONPATH} /usr/bin/python3 -W ignore:setup.py install is deprecated -W ignore:easy_install command is deprecated setup.py egg_info --egg-base ../../build/odom_cmd build --build-base /home/vboxuser/apf_ws/build/odom_cmd/build install --record /home/vboxuser/apf_ws/build/odom_cmd/install.log --install-scripts $base/lib/odom_cmd --single-version-externally-managed install_data
[4.514s] running egg_info
[4.534s] writing ../../build/odom_cmd/odom_cmd.egg-info/PKG-INFO
[4.535s] writing dependency_links to ../../build/odom_cmd/odom_cmd.egg-info/dependency_links.txt
[4.539s] writing entry points to ../../build/odom_cmd/odom_cmd.egg-info/entry_points.txt
[4.543s] writing requirements to ../../build/odom_cmd/odom_cmd.egg-info/requires.txt
[4.544s] writing top-level names to ../../build/odom_cmd/odom_cmd.egg-info/top_level.txt
[4.613s] reading manifest file '../../build/odom_cmd/odom_cmd.egg-info/SOURCES.txt'
[4.614s] writing manifest file '../../build/odom_cmd/odom_cmd.egg-info/SOURCES.txt'
[4.614s] running build
[4.617s] running build_py
[4.618s] running install
[4.624s] running install_lib
[4.659s] running install_data
[4.659s] running install_egg_info
[4.710s] removing '/home/vboxuser/apf_ws/install/odom_cmd/lib/python3.12/site-packages/odom_cmd-0.0.0-py3.12.egg-info' (and everything under it)
[4.710s] Copying ../../build/odom_cmd/odom_cmd.egg-info to /home/vboxuser/apf_ws/install/odom_cmd/lib/python3.12/site-packages/odom_cmd-0.0.0-py3.12.egg-info
[4.710s] running install_scripts
[4.963s] Installing cmd_robot script to /home/vboxuser/apf_ws/install/odom_cmd/lib/odom_cmd
[4.981s] Installing cmd_robot_2 script to /home/vboxuser/apf_ws/install/odom_cmd/lib/odom_cmd
[4.982s] Installing logger script to /home/vboxuser/apf_ws/install/odom_cmd/lib/odom_cmd
[4.983s] writing list of installed files to '/home/vboxuser/apf_ws/build/odom_cmd/install.log'
[5.098s] Invoked command in '/home/vboxuser/apf_ws/src/odom_cmd' returned '0': DEBUGINFOD_URLS=https://debuginfod.ubuntu.com PYTHONPATH=/home/vboxuser/apf_ws/build/odom_cmd/prefix_override:/usr/lib/python3/dist-packages/colcon_core/task/python/colcon_distutils_commands:/home/vboxuser/apf_ws/install/odom_cmd/lib/python3.12/site-packages:${PYTHONPATH} /usr/bin/python3 -W ignore:setup.py install is deprecated -W ignore:easy_install command is deprecated setup.py egg_info --egg-base ../../build/odom_cmd build --build-base /home/vboxuser/apf_ws/build/odom_cmd/build install --record /home/vboxuser/apf_ws/build/odom_cmd/install.log --install-scripts $base/lib/odom_cmd --single-version-externally-managed install_data
