[5.119s] Invoking command in '/home/vboxuser/apf_ws/src/apf_pkg': DEBUGINFOD_URLS=https://debuginfod.ubuntu.com PYTHONPATH=/home/vboxuser/apf_ws/build/apf_pkg/prefix_override:/usr/lib/python3/dist-packages/colcon_core/task/python/colcon_distutils_commands:/home/vboxuser/apf_ws/install/apf_pkg/lib/python3.12/site-packages:${PYTHONPATH} /usr/bin/python3 -W ignore:setup.py install is deprecated -W ignore:easy_install command is deprecated setup.py egg_info --egg-base ../../build/apf_pkg build --build-base /home/vboxuser/apf_ws/build/apf_pkg/build install --record /home/vboxuser/apf_ws/build/apf_pkg/install.log --install-scripts $base/lib/apf_pkg --single-version-externally-managed install_data
[5.991s] running egg_info
[6.033s] writing ../../build/apf_pkg/apf_pkg.egg-info/PKG-INFO
[6.035s] writing dependency_links to ../../build/apf_pkg/apf_pkg.egg-info/dependency_links.txt
[6.036s] writing entry points to ../../build/apf_pkg/apf_pkg.egg-info/entry_points.txt
[6.037s] writing requirements to ../../build/apf_pkg/apf_pkg.egg-info/requires.txt
[6.038s] writing top-level names to ../../build/apf_pkg/apf_pkg.egg-info/top_level.txt
[6.164s] reading manifest file '../../build/apf_pkg/apf_pkg.egg-info/SOURCES.txt'
[6.168s] writing manifest file '../../build/apf_pkg/apf_pkg.egg-info/SOURCES.txt'
[6.168s] running build
[6.168s] running build_py
[6.177s] running install
[6.183s] running install_lib
[6.229s] running install_data
[6.230s] running install_egg_info
[6.293s] removing '/home/vboxuser/apf_ws/install/apf_pkg/lib/python3.12/site-packages/apf_pkg-0.0.0-py3.12.egg-info' (and everything under it)
[6.293s] Copying ../../build/apf_pkg/apf_pkg.egg-info to /home/vboxuser/apf_ws/install/apf_pkg/lib/python3.12/site-packages/apf_pkg-0.0.0-py3.12.egg-info
[6.298s] running install_scripts
[6.648s] Installing apf_controller script to /home/vboxuser/apf_ws/install/apf_pkg/lib/apf_pkg
[6.650s] Installing apf_node script to /home/vboxuser/apf_ws/install/apf_pkg/lib/apf_pkg
[6.653s] Installing logger script to /home/vboxuser/apf_ws/install/apf_pkg/lib/apf_pkg
[6.653s] writing list of installed files to '/home/vboxuser/apf_ws/build/apf_pkg/install.log'
[6.739s] Invoked command in '/home/vboxuser/apf_ws/src/apf_pkg' returned '0': DEBUGINFOD_URLS=https://debuginfod.ubuntu.com PYTHONPATH=/home/vboxuser/apf_ws/build/apf_pkg/prefix_override:/usr/lib/python3/dist-packages/colcon_core/task/python/colcon_distutils_commands:/home/vboxuser/apf_ws/install/apf_pkg/lib/python3.12/site-packages:${PYTHONPATH} /usr/bin/python3 -W ignore:setup.py install is deprecated -W ignore:easy_install command is deprecated setup.py egg_info --egg-base ../../build/apf_pkg build --build-base /home/vboxuser/apf_ws/build/apf_pkg/build install --record /home/vboxuser/apf_ws/build/apf_pkg/install.log --install-scripts $base/lib/apf_pkg --single-version-externally-managed install_data
