[4.411s] Invoking command in '/home/vboxuser/apf_ws/src/lidar_odom': DEBUGINFOD_URLS=https://debuginfod.ubuntu.com PYTHONPATH=/home/vboxuser/apf_ws/build/lidar_odom/prefix_override:/usr/lib/python3/dist-packages/colcon_core/task/python/colcon_distutils_commands:/home/vboxuser/apf_ws/install/lidar_odom/lib/python3.12/site-packages:${PYTHONPATH} /usr/bin/python3 -W ignore:setup.py install is deprecated -W ignore:easy_install command is deprecated setup.py egg_info --egg-base ../../build/lidar_odom build --build-base /home/vboxuser/apf_ws/build/lidar_odom/build install --record /home/vboxuser/apf_ws/build/lidar_odom/install.log --install-scripts $base/lib/lidar_odom --single-version-externally-managed install_data
[4.909s] running egg_info
[4.930s] writing ../../build/lidar_odom/lidar_odom.egg-info/PKG-INFO
[4.980s] writing dependency_links to ../../build/lidar_odom/lidar_odom.egg-info/dependency_links.txt
[4.980s] writing entry points to ../../build/lidar_odom/lidar_odom.egg-info/entry_points.txt
[4.982s] writing requirements to ../../build/lidar_odom/lidar_odom.egg-info/requires.txt
[4.982s] writing top-level names to ../../build/lidar_odom/lidar_odom.egg-info/top_level.txt
[5.064s] reading manifest file '../../build/lidar_odom/lidar_odom.egg-info/SOURCES.txt'
[5.066s] writing manifest file '../../build/lidar_odom/lidar_odom.egg-info/SOURCES.txt'
[5.077s] running build
[5.077s] running build_py
[5.078s] running install
[5.092s] running install_lib
[5.141s] running install_data
[5.142s] running install_egg_info
[5.182s] removing '/home/vboxuser/apf_ws/install/lidar_odom/lib/python3.12/site-packages/lidar_odom-0.0.0-py3.12.egg-info' (and everything under it)
[5.182s] Copying ../../build/lidar_odom/lidar_odom.egg-info to /home/vboxuser/apf_ws/install/lidar_odom/lib/python3.12/site-packages/lidar_odom-0.0.0-py3.12.egg-info
[5.183s] running install_scripts
[5.476s] Installing cmd_robot script to /home/vboxuser/apf_ws/install/lidar_odom/lib/lidar_odom
[5.479s] Installing filter_lidar script to /home/vboxuser/apf_ws/install/lidar_odom/lib/lidar_odom
[5.479s] Installing icp_localization_node script to /home/vboxuser/apf_ws/install/lidar_odom/lib/lidar_odom
[5.481s] Installing icp_mapping script to /home/vboxuser/apf_ws/install/lidar_odom/lib/lidar_odom
[5.482s] Installing logger script to /home/vboxuser/apf_ws/install/lidar_odom/lib/lidar_odom
[5.485s] Installing logger_map script to /home/vboxuser/apf_ws/install/lidar_odom/lib/lidar_odom
[5.485s] Installing map_loader script to /home/vboxuser/apf_ws/install/lidar_odom/lib/lidar_odom
[5.486s] Installing record_lidar script to /home/vboxuser/apf_ws/install/lidar_odom/lib/lidar_odom
[5.487s] writing list of installed files to '/home/vboxuser/apf_ws/build/lidar_odom/install.log'
[5.626s] Invoked command in '/home/vboxuser/apf_ws/src/lidar_odom' returned '0': DEBUGINFOD_URLS=https://debuginfod.ubuntu.com PYTHONPATH=/home/vboxuser/apf_ws/build/lidar_odom/prefix_override:/usr/lib/python3/dist-packages/colcon_core/task/python/colcon_distutils_commands:/home/vboxuser/apf_ws/install/lidar_odom/lib/python3.12/site-packages:${PYTHONPATH} /usr/bin/python3 -W ignore:setup.py install is deprecated -W ignore:easy_install command is deprecated setup.py egg_info --egg-base ../../build/lidar_odom build --build-base /home/vboxuser/apf_ws/build/lidar_odom/build install --record /home/vboxuser/apf_ws/build/lidar_odom/install.log --install-scripts $base/lib/lidar_odom --single-version-externally-managed install_data
