[5.880s] Invoking command in '/home/vboxuser/apf_ws/src/odom_cmd': DEBUGINFOD_URLS=https://debuginfod.ubuntu.com PYTHONPATH=/home/vboxuser/apf_ws/build/odom_cmd/prefix_override:/usr/lib/python3/dist-packages/colcon_core/task/python/colcon_distutils_commands:/home/vboxuser/apf_ws/install/odom_cmd/lib/python3.12/site-packages:${PYTHONPATH} /usr/bin/python3 -W ignore:setup.py install is deprecated -W ignore:easy_install command is deprecated setup.py egg_info --egg-base ../../build/odom_cmd build --build-base /home/vboxuser/apf_ws/build/odom_cmd/build install --record /home/vboxuser/apf_ws/build/odom_cmd/install.log --install-scripts $base/lib/odom_cmd --single-version-externally-managed install_data
[6.305s] running egg_info
[6.356s] writing ../../build/odom_cmd/odom_cmd.egg-info/PKG-INFO
[6.370s] writing dependency_links to ../../build/odom_cmd/odom_cmd.egg-info/dependency_links.txt
[6.371s] writing entry points to ../../build/odom_cmd/odom_cmd.egg-info/entry_points.txt
[6.371s] writing requirements to ../../build/odom_cmd/odom_cmd.egg-info/requires.txt
[6.371s] writing top-level names to ../../build/odom_cmd/odom_cmd.egg-info/top_level.txt
[6.655s] reading manifest file '../../build/odom_cmd/odom_cmd.egg-info/SOURCES.txt'
[6.712s] writing manifest file '../../build/odom_cmd/odom_cmd.egg-info/SOURCES.txt'
[6.712s] running build
[6.712s] running build_py
[6.712s] running install
[6.822s] running install_lib
[7.084s] running install_data
[7.085s] running install_egg_info
[7.124s] removing '/home/vboxuser/apf_ws/install/odom_cmd/lib/python3.12/site-packages/odom_cmd-0.0.0-py3.12.egg-info' (and everything under it)
[7.128s] Copying ../../build/odom_cmd/odom_cmd.egg-info to /home/vboxuser/apf_ws/install/odom_cmd/lib/python3.12/site-packages/odom_cmd-0.0.0-py3.12.egg-info
[7.140s] running install_scripts
[7.928s] Installing cmd_robot script to /home/vboxuser/apf_ws/install/odom_cmd/lib/odom_cmd
[7.930s] Installing cmd_robot_path script to /home/vboxuser/apf_ws/install/odom_cmd/lib/odom_cmd
[7.931s] Installing logger script to /home/vboxuser/apf_ws/install/odom_cmd/lib/odom_cmd
[7.934s] writing list of installed files to '/home/vboxuser/apf_ws/build/odom_cmd/install.log'
[8.056s] Invoked command in '/home/vboxuser/apf_ws/src/odom_cmd' returned '0': DEBUGINFOD_URLS=https://debuginfod.ubuntu.com PYTHONPATH=/home/vboxuser/apf_ws/build/odom_cmd/prefix_override:/usr/lib/python3/dist-packages/colcon_core/task/python/colcon_distutils_commands:/home/vboxuser/apf_ws/install/odom_cmd/lib/python3.12/site-packages:${PYTHONPATH} /usr/bin/python3 -W ignore:setup.py install is deprecated -W ignore:easy_install command is deprecated setup.py egg_info --egg-base ../../build/odom_cmd build --build-base /home/vboxuser/apf_ws/build/odom_cmd/build install --record /home/vboxuser/apf_ws/build/odom_cmd/install.log --install-scripts $base/lib/odom_cmd --single-version-externally-managed install_data
