[5.213s] Invoking command in '/home/vboxuser/apf_ws/src/lidar_odom': DEBUGINFOD_URLS=https://debuginfod.ubuntu.com PYTHONPATH=/home/vboxuser/apf_ws/build/lidar_odom/prefix_override:/usr/lib/python3/dist-packages/colcon_core/task/python/colcon_distutils_commands:/home/vboxuser/apf_ws/install/lidar_odom/lib/python3.12/site-packages:${PYTHONPATH} /usr/bin/python3 -W ignore:setup.py install is deprecated -W ignore:easy_install command is deprecated setup.py egg_info --egg-base ../../build/lidar_odom build --build-base /home/vboxuser/apf_ws/build/lidar_odom/build install --record /home/vboxuser/apf_ws/build/lidar_odom/install.log --install-scripts $base/lib/lidar_odom --single-version-externally-managed install_data
[5.872s] running egg_info
[5.873s] writing ../../build/lidar_odom/lidar_odom.egg-info/PKG-INFO
[5.960s] writing dependency_links to ../../build/lidar_odom/lidar_odom.egg-info/dependency_links.txt
[5.960s] writing entry points to ../../build/lidar_odom/lidar_odom.egg-info/entry_points.txt
[5.960s] writing requirements to ../../build/lidar_odom/lidar_odom.egg-info/requires.txt
[5.960s] writing top-level names to ../../build/lidar_odom/lidar_odom.egg-info/top_level.txt
[6.027s] reading manifest file '../../build/lidar_odom/lidar_odom.egg-info/SOURCES.txt'
[6.037s] writing manifest file '../../build/lidar_odom/lidar_odom.egg-info/SOURCES.txt'
[6.037s] running build
[6.037s] running build_py
[6.043s] running install
[6.052s] running install_lib
[6.108s] running install_data
[6.109s] running install_egg_info
[6.172s] removing '/home/vboxuser/apf_ws/install/lidar_odom/lib/python3.12/site-packages/lidar_odom-0.0.0-py3.12.egg-info' (and everything under it)
[6.174s] Copying ../../build/lidar_odom/lidar_odom.egg-info to /home/vboxuser/apf_ws/install/lidar_odom/lib/python3.12/site-packages/lidar_odom-0.0.0-py3.12.egg-info
[6.181s] running install_scripts
[6.556s] Installing cmd_robot script to /home/vboxuser/apf_ws/install/lidar_odom/lib/lidar_odom
[6.562s] Installing icp_localization_node script to /home/vboxuser/apf_ws/install/lidar_odom/lib/lidar_odom
[6.562s] Installing icp_mapping script to /home/vboxuser/apf_ws/install/lidar_odom/lib/lidar_odom
[6.563s] Installing logger script to /home/vboxuser/apf_ws/install/lidar_odom/lib/lidar_odom
[6.565s] Installing map_loader script to /home/vboxuser/apf_ws/install/lidar_odom/lib/lidar_odom
[6.567s] writing list of installed files to '/home/vboxuser/apf_ws/build/lidar_odom/install.log'
[6.727s] Invoked command in '/home/vboxuser/apf_ws/src/lidar_odom' returned '0': DEBUGINFOD_URLS=https://debuginfod.ubuntu.com PYTHONPATH=/home/vboxuser/apf_ws/build/lidar_odom/prefix_override:/usr/lib/python3/dist-packages/colcon_core/task/python/colcon_distutils_commands:/home/vboxuser/apf_ws/install/lidar_odom/lib/python3.12/site-packages:${PYTHONPATH} /usr/bin/python3 -W ignore:setup.py install is deprecated -W ignore:easy_install command is deprecated setup.py egg_info --egg-base ../../build/lidar_odom build --build-base /home/vboxuser/apf_ws/build/lidar_odom/build install --record /home/vboxuser/apf_ws/build/lidar_odom/install.log --install-scripts $base/lib/lidar_odom --single-version-externally-managed install_data
