[2.048s] DEBUG:colcon:Command line arguments: ['/usr/bin/colcon', 'build']
[2.049s] DEBUG:colcon:Parsed command line arguments: Namespace(log_base=None, log_level=None, verb_name='build', build_base='build', install_base='install', merge_install=False, symlink_install=False, test_result_base=None, continue_on_error=False, executor='parallel', parallel_workers=5, event_handlers=None, ignore_user_meta=False, metas=['./colcon.meta'], base_paths=['.'], packages_ignore=None, packages_ignore_regex=None, paths=None, packages_up_to=None, packages_up_to_regex=None, packages_above=None, packages_above_and_dependencies=None, packages_above_depth=None, packages_select_by_dep=None, packages_skip_by_dep=None, packages_skip_up_to=None, packages_select_build_failed=False, packages_skip_build_finished=False, packages_select_test_failures=False, packages_skip_test_passed=False, packages_select=None, packages_skip=None, packages_select_regex=None, packages_skip_regex=None, packages_start=None, packages_end=None, allow_overriding=[], cmake_args=None, cmake_target=None, cmake_target_skip_unavailable=False, cmake_clean_cache=False, cmake_clean_first=False, cmake_force_configure=False, ament_cmake_args=None, catkin_cmake_args=None, catkin_skip_building_tests=False, mixin_files=None, mixin=None, verb_parser=<colcon_mixin.mixin.mixin_argument.MixinArgumentDecorator object at 0x779539046f60>, verb_extension=<colcon_core.verb.build.BuildVerb object at 0x7795391bb4a0>, main=<bound method BuildVerb.main of <colcon_core.verb.build.BuildVerb object at 0x7795391bb4a0>>, mixin_verb=('build',))
[2.342s] Level 1:colcon.colcon_core.package_discovery:discover_packages(colcon_meta) check parameters
[2.342s] Level 1:colcon.colcon_core.package_discovery:discover_packages(recursive) check parameters
[2.342s] Level 1:colcon.colcon_core.package_discovery:discover_packages(ignore) check parameters
[2.342s] Level 1:colcon.colcon_core.package_discovery:discover_packages(path) check parameters
[2.342s] Level 1:colcon.colcon_core.package_discovery:discover_packages(colcon_meta) discover
[2.342s] Level 1:colcon.colcon_core.package_discovery:discover_packages(recursive) discover
[2.343s] INFO:colcon.colcon_core.package_discovery:Crawling recursively for packages in '/home/vboxuser/apf_ws'
[2.343s] Level 1:colcon.colcon_core.package_identification:_identify(.) by extensions ['ignore', 'ignore_ament_install']
[2.343s] Level 1:colcon.colcon_core.package_identification:_identify(.) by extension 'ignore'
[2.343s] Level 1:colcon.colcon_core.package_identification:_identify(.) by extension 'ignore_ament_install'
[2.343s] Level 1:colcon.colcon_core.package_identification:_identify(.) by extensions ['colcon_pkg']
[2.343s] Level 1:colcon.colcon_core.package_identification:_identify(.) by extension 'colcon_pkg'
[2.343s] Level 1:colcon.colcon_core.package_identification:_identify(.) by extensions ['colcon_meta']
[2.343s] Level 1:colcon.colcon_core.package_identification:_identify(.) by extension 'colcon_meta'
[2.343s] Level 1:colcon.colcon_core.package_identification:_identify(.) by extensions ['ros']
[2.343s] Level 1:colcon.colcon_core.package_identification:_identify(.) by extension 'ros'
[2.445s] Level 1:colcon.colcon_core.package_identification:_identify(.) by extensions ['cmake', 'python']
[2.445s] Level 1:colcon.colcon_core.package_identification:_identify(.) by extension 'cmake'
[2.445s] Level 1:colcon.colcon_core.package_identification:_identify(.) by extension 'python'
[2.445s] Level 1:colcon.colcon_core.package_identification:_identify(.) by extensions ['python_setup_py']
[2.445s] Level 1:colcon.colcon_core.package_identification:_identify(.) by extension 'python_setup_py'
[2.446s] Level 1:colcon.colcon_core.package_identification:_identify(build) by extensions ['ignore', 'ignore_ament_install']
[2.446s] Level 1:colcon.colcon_core.package_identification:_identify(build) by extension 'ignore'
[2.446s] Level 1:colcon.colcon_core.package_identification:_identify(build) ignored
[2.446s] Level 1:colcon.colcon_core.package_identification:_identify(install) by extensions ['ignore', 'ignore_ament_install']
[2.446s] Level 1:colcon.colcon_core.package_identification:_identify(install) by extension 'ignore'
[2.446s] Level 1:colcon.colcon_core.package_identification:_identify(install) ignored
[2.446s] Level 1:colcon.colcon_core.package_identification:_identify(log) by extensions ['ignore', 'ignore_ament_install']
[2.446s] Level 1:colcon.colcon_core.package_identification:_identify(log) by extension 'ignore'
[2.447s] Level 1:colcon.colcon_core.package_identification:_identify(log) ignored
[2.447s] Level 1:colcon.colcon_core.package_identification:_identify(maps) by extensions ['ignore', 'ignore_ament_install']
[2.447s] Level 1:colcon.colcon_core.package_identification:_identify(maps) by extension 'ignore'
[2.447s] Level 1:colcon.colcon_core.package_identification:_identify(maps) by extension 'ignore_ament_install'
[2.447s] Level 1:colcon.colcon_core.package_identification:_identify(maps) by extensions ['colcon_pkg']
[2.447s] Level 1:colcon.colcon_core.package_identification:_identify(maps) by extension 'colcon_pkg'
[2.447s] Level 1:colcon.colcon_core.package_identification:_identify(maps) by extensions ['colcon_meta']
[2.447s] Level 1:colcon.colcon_core.package_identification:_identify(maps) by extension 'colcon_meta'
[2.447s] Level 1:colcon.colcon_core.package_identification:_identify(maps) by extensions ['ros']
[2.447s] Level 1:colcon.colcon_core.package_identification:_identify(maps) by extension 'ros'
[2.447s] Level 1:colcon.colcon_core.package_identification:_identify(maps) by extensions ['cmake', 'python']
[2.447s] Level 1:colcon.colcon_core.package_identification:_identify(maps) by extension 'cmake'
[2.447s] Level 1:colcon.colcon_core.package_identification:_identify(maps) by extension 'python'
[2.447s] Level 1:colcon.colcon_core.package_identification:_identify(maps) by extensions ['python_setup_py']
[2.447s] Level 1:colcon.colcon_core.package_identification:_identify(maps) by extension 'python_setup_py'
[2.447s] Level 1:colcon.colcon_core.package_identification:_identify(my_logs) by extensions ['ignore', 'ignore_ament_install']
[2.448s] Level 1:colcon.colcon_core.package_identification:_identify(my_logs) by extension 'ignore'
[2.448s] Level 1:colcon.colcon_core.package_identification:_identify(my_logs) by extension 'ignore_ament_install'
[2.448s] Level 1:colcon.colcon_core.package_identification:_identify(my_logs) by extensions ['colcon_pkg']
[2.448s] Level 1:colcon.colcon_core.package_identification:_identify(my_logs) by extension 'colcon_pkg'
[2.448s] Level 1:colcon.colcon_core.package_identification:_identify(my_logs) by extensions ['colcon_meta']
[2.448s] Level 1:colcon.colcon_core.package_identification:_identify(my_logs) by extension 'colcon_meta'
[2.449s] Level 1:colcon.colcon_core.package_identification:_identify(my_logs) by extensions ['ros']
[2.449s] Level 1:colcon.colcon_core.package_identification:_identify(my_logs) by extension 'ros'
[2.449s] Level 1:colcon.colcon_core.package_identification:_identify(my_logs) by extensions ['cmake', 'python']
[2.449s] Level 1:colcon.colcon_core.package_identification:_identify(my_logs) by extension 'cmake'
[2.449s] Level 1:colcon.colcon_core.package_identification:_identify(my_logs) by extension 'python'
[2.450s] Level 1:colcon.colcon_core.package_identification:_identify(my_logs) by extensions ['python_setup_py']
[2.450s] Level 1:colcon.colcon_core.package_identification:_identify(my_logs) by extension 'python_setup_py'
[2.450s] Level 1:colcon.colcon_core.package_identification:_identify(my_logs/apf_pkg_logs) by extensions ['ignore', 'ignore_ament_install']
[2.450s] Level 1:colcon.colcon_core.package_identification:_identify(my_logs/apf_pkg_logs) by extension 'ignore'
[2.450s] Level 1:colcon.colcon_core.package_identification:_identify(my_logs/apf_pkg_logs) by extension 'ignore_ament_install'
[2.450s] Level 1:colcon.colcon_core.package_identification:_identify(my_logs/apf_pkg_logs) by extensions ['colcon_pkg']
[2.450s] Level 1:colcon.colcon_core.package_identification:_identify(my_logs/apf_pkg_logs) by extension 'colcon_pkg'
[2.450s] Level 1:colcon.colcon_core.package_identification:_identify(my_logs/apf_pkg_logs) by extensions ['colcon_meta']
[2.450s] Level 1:colcon.colcon_core.package_identification:_identify(my_logs/apf_pkg_logs) by extension 'colcon_meta'
[2.450s] Level 1:colcon.colcon_core.package_identification:_identify(my_logs/apf_pkg_logs) by extensions ['ros']
[2.450s] Level 1:colcon.colcon_core.package_identification:_identify(my_logs/apf_pkg_logs) by extension 'ros'
[2.451s] Level 1:colcon.colcon_core.package_identification:_identify(my_logs/apf_pkg_logs) by extensions ['cmake', 'python']
[2.451s] Level 1:colcon.colcon_core.package_identification:_identify(my_logs/apf_pkg_logs) by extension 'cmake'
[2.451s] Level 1:colcon.colcon_core.package_identification:_identify(my_logs/apf_pkg_logs) by extension 'python'
[2.451s] Level 1:colcon.colcon_core.package_identification:_identify(my_logs/apf_pkg_logs) by extensions ['python_setup_py']
[2.451s] Level 1:colcon.colcon_core.package_identification:_identify(my_logs/apf_pkg_logs) by extension 'python_setup_py'
[2.452s] Level 1:colcon.colcon_core.package_identification:_identify(my_logs/ekf_logs) by extensions ['ignore', 'ignore_ament_install']
[2.452s] Level 1:colcon.colcon_core.package_identification:_identify(my_logs/ekf_logs) by extension 'ignore'
[2.453s] Level 1:colcon.colcon_core.package_identification:_identify(my_logs/ekf_logs) by extension 'ignore_ament_install'
[2.453s] Level 1:colcon.colcon_core.package_identification:_identify(my_logs/ekf_logs) by extensions ['colcon_pkg']
[2.453s] Level 1:colcon.colcon_core.package_identification:_identify(my_logs/ekf_logs) by extension 'colcon_pkg'
[2.453s] Level 1:colcon.colcon_core.package_identification:_identify(my_logs/ekf_logs) by extensions ['colcon_meta']
[2.453s] Level 1:colcon.colcon_core.package_identification:_identify(my_logs/ekf_logs) by extension 'colcon_meta'
[2.453s] Level 1:colcon.colcon_core.package_identification:_identify(my_logs/ekf_logs) by extensions ['ros']
[2.453s] Level 1:colcon.colcon_core.package_identification:_identify(my_logs/ekf_logs) by extension 'ros'
[2.453s] Level 1:colcon.colcon_core.package_identification:_identify(my_logs/ekf_logs) by extensions ['cmake', 'python']
[2.453s] Level 1:colcon.colcon_core.package_identification:_identify(my_logs/ekf_logs) by extension 'cmake'
[2.453s] Level 1:colcon.colcon_core.package_identification:_identify(my_logs/ekf_logs) by extension 'python'
[2.453s] Level 1:colcon.colcon_core.package_identification:_identify(my_logs/ekf_logs) by extensions ['python_setup_py']
[2.453s] Level 1:colcon.colcon_core.package_identification:_identify(my_logs/ekf_logs) by extension 'python_setup_py'
[2.453s] Level 1:colcon.colcon_core.package_identification:_identify(my_logs/lidar_odom_logs) by extensions ['ignore', 'ignore_ament_install']
[2.453s] Level 1:colcon.colcon_core.package_identification:_identify(my_logs/lidar_odom_logs) by extension 'ignore'
[2.454s] Level 1:colcon.colcon_core.package_identification:_identify(my_logs/lidar_odom_logs) by extension 'ignore_ament_install'
[2.454s] Level 1:colcon.colcon_core.package_identification:_identify(my_logs/lidar_odom_logs) by extensions ['colcon_pkg']
[2.454s] Level 1:colcon.colcon_core.package_identification:_identify(my_logs/lidar_odom_logs) by extension 'colcon_pkg'
[2.454s] Level 1:colcon.colcon_core.package_identification:_identify(my_logs/lidar_odom_logs) by extensions ['colcon_meta']
[2.454s] Level 1:colcon.colcon_core.package_identification:_identify(my_logs/lidar_odom_logs) by extension 'colcon_meta'
[2.454s] Level 1:colcon.colcon_core.package_identification:_identify(my_logs/lidar_odom_logs) by extensions ['ros']
[2.454s] Level 1:colcon.colcon_core.package_identification:_identify(my_logs/lidar_odom_logs) by extension 'ros'
[2.454s] Level 1:colcon.colcon_core.package_identification:_identify(my_logs/lidar_odom_logs) by extensions ['cmake', 'python']
[2.454s] Level 1:colcon.colcon_core.package_identification:_identify(my_logs/lidar_odom_logs) by extension 'cmake'
[2.455s] Level 1:colcon.colcon_core.package_identification:_identify(my_logs/lidar_odom_logs) by extension 'python'
[2.455s] Level 1:colcon.colcon_core.package_identification:_identify(my_logs/lidar_odom_logs) by extensions ['python_setup_py']
[2.455s] Level 1:colcon.colcon_core.package_identification:_identify(my_logs/lidar_odom_logs) by extension 'python_setup_py'
[2.456s] Level 1:colcon.colcon_core.package_identification:_identify(src) by extensions ['ignore', 'ignore_ament_install']
[2.456s] Level 1:colcon.colcon_core.package_identification:_identify(src) by extension 'ignore'
[2.457s] Level 1:colcon.colcon_core.package_identification:_identify(src) by extension 'ignore_ament_install'
[2.457s] Level 1:colcon.colcon_core.package_identification:_identify(src) by extensions ['colcon_pkg']
[2.457s] Level 1:colcon.colcon_core.package_identification:_identify(src) by extension 'colcon_pkg'
[2.457s] Level 1:colcon.colcon_core.package_identification:_identify(src) by extensions ['colcon_meta']
[2.457s] Level 1:colcon.colcon_core.package_identification:_identify(src) by extension 'colcon_meta'
[2.457s] Level 1:colcon.colcon_core.package_identification:_identify(src) by extensions ['ros']
[2.457s] Level 1:colcon.colcon_core.package_identification:_identify(src) by extension 'ros'
[2.457s] Level 1:colcon.colcon_core.package_identification:_identify(src) by extensions ['cmake', 'python']
[2.457s] Level 1:colcon.colcon_core.package_identification:_identify(src) by extension 'cmake'
[2.457s] Level 1:colcon.colcon_core.package_identification:_identify(src) by extension 'python'
[2.457s] Level 1:colcon.colcon_core.package_identification:_identify(src) by extensions ['python_setup_py']
[2.457s] Level 1:colcon.colcon_core.package_identification:_identify(src) by extension 'python_setup_py'
[2.457s] Level 1:colcon.colcon_core.package_identification:_identify(src/apf_pkg) by extensions ['ignore', 'ignore_ament_install']
[2.457s] Level 1:colcon.colcon_core.package_identification:_identify(src/apf_pkg) by extension 'ignore'
[2.458s] Level 1:colcon.colcon_core.package_identification:_identify(src/apf_pkg) by extension 'ignore_ament_install'
[2.458s] Level 1:colcon.colcon_core.package_identification:_identify(src/apf_pkg) by extensions ['colcon_pkg']
[2.458s] Level 1:colcon.colcon_core.package_identification:_identify(src/apf_pkg) by extension 'colcon_pkg'
[2.458s] Level 1:colcon.colcon_core.package_identification:_identify(src/apf_pkg) by extensions ['colcon_meta']
[2.458s] Level 1:colcon.colcon_core.package_identification:_identify(src/apf_pkg) by extension 'colcon_meta'
[2.458s] Level 1:colcon.colcon_core.package_identification:_identify(src/apf_pkg) by extensions ['ros']
[2.458s] Level 1:colcon.colcon_core.package_identification:_identify(src/apf_pkg) by extension 'ros'
[2.468s] DEBUG:colcon.colcon_core.package_identification:Package 'src/apf_pkg' with type 'ros.ament_python' and name 'apf_pkg'
[2.469s] Level 1:colcon.colcon_core.package_identification:_identify(src/ekf_pkg) by extensions ['ignore', 'ignore_ament_install']
[2.469s] Level 1:colcon.colcon_core.package_identification:_identify(src/ekf_pkg) by extension 'ignore'
[2.469s] Level 1:colcon.colcon_core.package_identification:_identify(src/ekf_pkg) by extension 'ignore_ament_install'
[2.469s] Level 1:colcon.colcon_core.package_identification:_identify(src/ekf_pkg) by extensions ['colcon_pkg']
[2.469s] Level 1:colcon.colcon_core.package_identification:_identify(src/ekf_pkg) by extension 'colcon_pkg'
[2.469s] Level 1:colcon.colcon_core.package_identification:_identify(src/ekf_pkg) by extensions ['colcon_meta']
[2.470s] Level 1:colcon.colcon_core.package_identification:_identify(src/ekf_pkg) by extension 'colcon_meta'
[2.470s] Level 1:colcon.colcon_core.package_identification:_identify(src/ekf_pkg) by extensions ['ros']
[2.470s] Level 1:colcon.colcon_core.package_identification:_identify(src/ekf_pkg) by extension 'ros'
[2.473s] DEBUG:colcon.colcon_core.package_identification:Package 'src/ekf_pkg' with type 'ros.ament_python' and name 'ekf_pkg'
[2.477s] Level 1:colcon.colcon_core.package_identification:_identify(src/lidar_odom) by extensions ['ignore', 'ignore_ament_install']
[2.478s] Level 1:colcon.colcon_core.package_identification:_identify(src/lidar_odom) by extension 'ignore'
[2.478s] Level 1:colcon.colcon_core.package_identification:_identify(src/lidar_odom) by extension 'ignore_ament_install'
[2.478s] Level 1:colcon.colcon_core.package_identification:_identify(src/lidar_odom) by extensions ['colcon_pkg']
[2.479s] Level 1:colcon.colcon_core.package_identification:_identify(src/lidar_odom) by extension 'colcon_pkg'
[2.479s] Level 1:colcon.colcon_core.package_identification:_identify(src/lidar_odom) by extensions ['colcon_meta']
[2.479s] Level 1:colcon.colcon_core.package_identification:_identify(src/lidar_odom) by extension 'colcon_meta'
[2.479s] Level 1:colcon.colcon_core.package_identification:_identify(src/lidar_odom) by extensions ['ros']
[2.479s] Level 1:colcon.colcon_core.package_identification:_identify(src/lidar_odom) by extension 'ros'
[2.483s] DEBUG:colcon.colcon_core.package_identification:Package 'src/lidar_odom' with type 'ros.ament_python' and name 'lidar_odom'
[2.486s] Level 1:colcon.colcon_core.package_identification:_identify(src/odom_cmd) by extensions ['ignore', 'ignore_ament_install']
[2.486s] Level 1:colcon.colcon_core.package_identification:_identify(src/odom_cmd) by extension 'ignore'
[2.486s] Level 1:colcon.colcon_core.package_identification:_identify(src/odom_cmd) by extension 'ignore_ament_install'
[2.487s] Level 1:colcon.colcon_core.package_identification:_identify(src/odom_cmd) by extensions ['colcon_pkg']
[2.487s] Level 1:colcon.colcon_core.package_identification:_identify(src/odom_cmd) by extension 'colcon_pkg'
[2.487s] Level 1:colcon.colcon_core.package_identification:_identify(src/odom_cmd) by extensions ['colcon_meta']
[2.487s] Level 1:colcon.colcon_core.package_identification:_identify(src/odom_cmd) by extension 'colcon_meta'
[2.487s] Level 1:colcon.colcon_core.package_identification:_identify(src/odom_cmd) by extensions ['ros']
[2.487s] Level 1:colcon.colcon_core.package_identification:_identify(src/odom_cmd) by extension 'ros'
[2.491s] DEBUG:colcon.colcon_core.package_identification:Package 'src/odom_cmd' with type 'ros.ament_python' and name 'odom_cmd'
[2.492s] Level 1:colcon.colcon_core.package_identification:_identify(src/robot_bringup) by extensions ['ignore', 'ignore_ament_install']
[2.492s] Level 1:colcon.colcon_core.package_identification:_identify(src/robot_bringup) by extension 'ignore'
[2.492s] Level 1:colcon.colcon_core.package_identification:_identify(src/robot_bringup) by extension 'ignore_ament_install'
[2.492s] Level 1:colcon.colcon_core.package_identification:_identify(src/robot_bringup) by extensions ['colcon_pkg']
[2.492s] Level 1:colcon.colcon_core.package_identification:_identify(src/robot_bringup) by extension 'colcon_pkg'
[2.492s] Level 1:colcon.colcon_core.package_identification:_identify(src/robot_bringup) by extensions ['colcon_meta']
[2.492s] Level 1:colcon.colcon_core.package_identification:_identify(src/robot_bringup) by extension 'colcon_meta'
[2.493s] Level 1:colcon.colcon_core.package_identification:_identify(src/robot_bringup) by extensions ['ros']
[2.493s] Level 1:colcon.colcon_core.package_identification:_identify(src/robot_bringup) by extension 'ros'
[2.495s] DEBUG:colcon.colcon_core.package_identification:Package 'src/robot_bringup' with type 'ros.ament_python' and name 'robot_bringup'
[2.495s] Level 1:colcon.colcon_core.package_discovery:discover_packages(recursive) using defaults
[2.496s] Level 1:colcon.colcon_core.package_discovery:discover_packages(ignore) discover
[2.496s] Level 1:colcon.colcon_core.package_discovery:discover_packages(ignore) using defaults
[2.496s] Level 1:colcon.colcon_core.package_discovery:discover_packages(path) discover
[2.496s] Level 1:colcon.colcon_core.package_discovery:discover_packages(path) using defaults
[2.613s] Level 1:colcon.colcon_core.package_discovery:discover_packages(prefix_path) check parameters
[2.613s] Level 1:colcon.colcon_core.package_discovery:discover_packages(prefix_path) discover
[2.723s] DEBUG:colcon.colcon_installed_package_information.package_discovery:Found 6 installed packages in /home/vboxuser/apf_ws/install
[2.730s] DEBUG:colcon.colcon_installed_package_information.package_discovery:Found 1 installed packages in /home/vboxuser/myturtlebot_ws/install
[2.819s] DEBUG:colcon.colcon_installed_package_information.package_discovery:Found 15 installed packages in /home/vboxuser/turtlebot3_ws/install
[2.840s] DEBUG:colcon.colcon_installed_package_information.package_discovery:Found 497 installed packages in /opt/ros/jazzy
[2.843s] Level 1:colcon.colcon_core.package_discovery:discover_packages(prefix_path) using defaults
[3.997s] Level 5:colcon.colcon_core.verb:set package 'apf_pkg' build argument 'cmake_args' from command line to 'None'
[3.997s] Level 5:colcon.colcon_core.verb:set package 'apf_pkg' build argument 'cmake_target' from command line to 'None'
[3.997s] Level 5:colcon.colcon_core.verb:set package 'apf_pkg' build argument 'cmake_target_skip_unavailable' from command line to 'False'
[3.997s] Level 5:colcon.colcon_core.verb:set package 'apf_pkg' build argument 'cmake_clean_cache' from command line to 'False'
[3.997s] Level 5:colcon.colcon_core.verb:set package 'apf_pkg' build argument 'cmake_clean_first' from command line to 'False'
[3.997s] Level 5:colcon.colcon_core.verb:set package 'apf_pkg' build argument 'cmake_force_configure' from command line to 'False'
[3.997s] Level 5:colcon.colcon_core.verb:set package 'apf_pkg' build argument 'ament_cmake_args' from command line to 'None'
[3.997s] Level 5:colcon.colcon_core.verb:set package 'apf_pkg' build argument 'catkin_cmake_args' from command line to 'None'
[3.997s] Level 5:colcon.colcon_core.verb:set package 'apf_pkg' build argument 'catkin_skip_building_tests' from command line to 'False'
[3.997s] DEBUG:colcon.colcon_core.verb:Building package 'apf_pkg' with the following arguments: {'ament_cmake_args': None, 'build_base': '/home/vboxuser/apf_ws/build/apf_pkg', 'catkin_cmake_args': None, 'catkin_skip_building_tests': False, 'cmake_args': None, 'cmake_clean_cache': False, 'cmake_clean_first': False, 'cmake_force_configure': False, 'cmake_target': None, 'cmake_target_skip_unavailable': False, 'install_base': '/home/vboxuser/apf_ws/install/apf_pkg', 'merge_install': False, 'path': '/home/vboxuser/apf_ws/src/apf_pkg', 'symlink_install': False, 'test_result_base': None}
[3.997s] Level 5:colcon.colcon_core.verb:set package 'ekf_pkg' build argument 'cmake_args' from command line to 'None'
[3.997s] Level 5:colcon.colcon_core.verb:set package 'ekf_pkg' build argument 'cmake_target' from command line to 'None'
[3.997s] Level 5:colcon.colcon_core.verb:set package 'ekf_pkg' build argument 'cmake_target_skip_unavailable' from command line to 'False'
[3.998s] Level 5:colcon.colcon_core.verb:set package 'ekf_pkg' build argument 'cmake_clean_cache' from command line to 'False'
[3.998s] Level 5:colcon.colcon_core.verb:set package 'ekf_pkg' build argument 'cmake_clean_first' from command line to 'False'
[3.998s] Level 5:colcon.colcon_core.verb:set package 'ekf_pkg' build argument 'cmake_force_configure' from command line to 'False'
[3.998s] Level 5:colcon.colcon_core.verb:set package 'ekf_pkg' build argument 'ament_cmake_args' from command line to 'None'
[3.998s] Level 5:colcon.colcon_core.verb:set package 'ekf_pkg' build argument 'catkin_cmake_args' from command line to 'None'
[3.998s] Level 5:colcon.colcon_core.verb:set package 'ekf_pkg' build argument 'catkin_skip_building_tests' from command line to 'False'
[3.998s] DEBUG:colcon.colcon_core.verb:Building package 'ekf_pkg' with the following arguments: {'ament_cmake_args': None, 'build_base': '/home/vboxuser/apf_ws/build/ekf_pkg', 'catkin_cmake_args': None, 'catkin_skip_building_tests': False, 'cmake_args': None, 'cmake_clean_cache': False, 'cmake_clean_first': False, 'cmake_force_configure': False, 'cmake_target': None, 'cmake_target_skip_unavailable': False, 'install_base': '/home/vboxuser/apf_ws/install/ekf_pkg', 'merge_install': False, 'path': '/home/vboxuser/apf_ws/src/ekf_pkg', 'symlink_install': False, 'test_result_base': None}
[3.998s] Level 5:colcon.colcon_core.verb:set package 'lidar_odom' build argument 'cmake_args' from command line to 'None'
[3.998s] Level 5:colcon.colcon_core.verb:set package 'lidar_odom' build argument 'cmake_target' from command line to 'None'
[3.998s] Level 5:colcon.colcon_core.verb:set package 'lidar_odom' build argument 'cmake_target_skip_unavailable' from command line to 'False'
[3.998s] Level 5:colcon.colcon_core.verb:set package 'lidar_odom' build argument 'cmake_clean_cache' from command line to 'False'
[3.998s] Level 5:colcon.colcon_core.verb:set package 'lidar_odom' build argument 'cmake_clean_first' from command line to 'False'
[3.998s] Level 5:colcon.colcon_core.verb:set package 'lidar_odom' build argument 'cmake_force_configure' from command line to 'False'
[3.998s] Level 5:colcon.colcon_core.verb:set package 'lidar_odom' build argument 'ament_cmake_args' from command line to 'None'
[3.998s] Level 5:colcon.colcon_core.verb:set package 'lidar_odom' build argument 'catkin_cmake_args' from command line to 'None'
[3.999s] Level 5:colcon.colcon_core.verb:set package 'lidar_odom' build argument 'catkin_skip_building_tests' from command line to 'False'
[3.999s] DEBUG:colcon.colcon_core.verb:Building package 'lidar_odom' with the following arguments: {'ament_cmake_args': None, 'build_base': '/home/vboxuser/apf_ws/build/lidar_odom', 'catkin_cmake_args': None, 'catkin_skip_building_tests': False, 'cmake_args': None, 'cmake_clean_cache': False, 'cmake_clean_first': False, 'cmake_force_configure': False, 'cmake_target': None, 'cmake_target_skip_unavailable': False, 'install_base': '/home/vboxuser/apf_ws/install/lidar_odom', 'merge_install': False, 'path': '/home/vboxuser/apf_ws/src/lidar_odom', 'symlink_install': False, 'test_result_base': None}
[3.999s] Level 5:colcon.colcon_core.verb:set package 'odom_cmd' build argument 'cmake_args' from command line to 'None'
[3.999s] Level 5:colcon.colcon_core.verb:set package 'odom_cmd' build argument 'cmake_target' from command line to 'None'
[3.999s] Level 5:colcon.colcon_core.verb:set package 'odom_cmd' build argument 'cmake_target_skip_unavailable' from command line to 'False'
[3.999s] Level 5:colcon.colcon_core.verb:set package 'odom_cmd' build argument 'cmake_clean_cache' from command line to 'False'
[3.999s] Level 5:colcon.colcon_core.verb:set package 'odom_cmd' build argument 'cmake_clean_first' from command line to 'False'
[3.999s] Level 5:colcon.colcon_core.verb:set package 'odom_cmd' build argument 'cmake_force_configure' from command line to 'False'
[3.999s] Level 5:colcon.colcon_core.verb:set package 'odom_cmd' build argument 'ament_cmake_args' from command line to 'None'
[3.999s] Level 5:colcon.colcon_core.verb:set package 'odom_cmd' build argument 'catkin_cmake_args' from command line to 'None'
[3.999s] Level 5:colcon.colcon_core.verb:set package 'odom_cmd' build argument 'catkin_skip_building_tests' from command line to 'False'
[3.999s] DEBUG:colcon.colcon_core.verb:Building package 'odom_cmd' with the following arguments: {'ament_cmake_args': None, 'build_base': '/home/vboxuser/apf_ws/build/odom_cmd', 'catkin_cmake_args': None, 'catkin_skip_building_tests': False, 'cmake_args': None, 'cmake_clean_cache': False, 'cmake_clean_first': False, 'cmake_force_configure': False, 'cmake_target': None, 'cmake_target_skip_unavailable': False, 'install_base': '/home/vboxuser/apf_ws/install/odom_cmd', 'merge_install': False, 'path': '/home/vboxuser/apf_ws/src/odom_cmd', 'symlink_install': False, 'test_result_base': None}
[4.000s] Level 5:colcon.colcon_core.verb:set package 'robot_bringup' build argument 'cmake_args' from command line to 'None'
[4.000s] Level 5:colcon.colcon_core.verb:set package 'robot_bringup' build argument 'cmake_target' from command line to 'None'
[4.000s] Level 5:colcon.colcon_core.verb:set package 'robot_bringup' build argument 'cmake_target_skip_unavailable' from command line to 'False'
[4.000s] Level 5:colcon.colcon_core.verb:set package 'robot_bringup' build argument 'cmake_clean_cache' from command line to 'False'
[4.000s] Level 5:colcon.colcon_core.verb:set package 'robot_bringup' build argument 'cmake_clean_first' from command line to 'False'
[4.000s] Level 5:colcon.colcon_core.verb:set package 'robot_bringup' build argument 'cmake_force_configure' from command line to 'False'
[4.000s] Level 5:colcon.colcon_core.verb:set package 'robot_bringup' build argument 'ament_cmake_args' from command line to 'None'
[4.000s] Level 5:colcon.colcon_core.verb:set package 'robot_bringup' build argument 'catkin_cmake_args' from command line to 'None'
[4.000s] Level 5:colcon.colcon_core.verb:set package 'robot_bringup' build argument 'catkin_skip_building_tests' from command line to 'False'
[4.000s] DEBUG:colcon.colcon_core.verb:Building package 'robot_bringup' with the following arguments: {'ament_cmake_args': None, 'build_base': '/home/vboxuser/apf_ws/build/robot_bringup', 'catkin_cmake_args': None, 'catkin_skip_building_tests': False, 'cmake_args': None, 'cmake_clean_cache': False, 'cmake_clean_first': False, 'cmake_force_configure': False, 'cmake_target': None, 'cmake_target_skip_unavailable': False, 'install_base': '/home/vboxuser/apf_ws/install/robot_bringup', 'merge_install': False, 'path': '/home/vboxuser/apf_ws/src/robot_bringup', 'symlink_install': False, 'test_result_base': None}
[4.000s] INFO:colcon.colcon_core.executor:Executing jobs using 'parallel' executor
[4.004s] DEBUG:colcon.colcon_parallel_executor.executor.parallel:run_until_complete
[4.005s] INFO:colcon.colcon_ros.task.ament_python.build:Building ROS package in '/home/vboxuser/apf_ws/src/apf_pkg' with build type 'ament_python'
[4.005s] Level 1:colcon.colcon_core.shell:create_environment_hook('apf_pkg', 'ament_prefix_path')
[4.043s] INFO:colcon.colcon_core.plugin_system:Skipping extension 'colcon_core.shell.bat': Not used on non-Windows systems
[4.043s] INFO:colcon.colcon_core.shell:Creating environment hook '/home/vboxuser/apf_ws/install/apf_pkg/share/apf_pkg/hook/ament_prefix_path.ps1'
[4.051s] INFO:colcon.colcon_core.shell:Creating environment descriptor '/home/vboxuser/apf_ws/install/apf_pkg/share/apf_pkg/hook/ament_prefix_path.dsv'
[4.054s] INFO:colcon.colcon_core.shell:Creating environment hook '/home/vboxuser/apf_ws/install/apf_pkg/share/apf_pkg/hook/ament_prefix_path.sh'
[4.057s] INFO:colcon.colcon_core.shell:Skip shell extension 'powershell' for command environment: Not usable outside of PowerShell
[4.057s] DEBUG:colcon.colcon_core.shell:Skip shell extension 'dsv' for command environment
[4.073s] INFO:colcon.colcon_ros.task.ament_python.build:Building ROS package in '/home/vboxuser/apf_ws/src/ekf_pkg' with build type 'ament_python'
[4.074s] Level 1:colcon.colcon_core.shell:create_environment_hook('ekf_pkg', 'ament_prefix_path')
[4.074s] INFO:colcon.colcon_core.shell:Creating environment hook '/home/vboxuser/apf_ws/install/ekf_pkg/share/ekf_pkg/hook/ament_prefix_path.ps1'
[4.080s] INFO:colcon.colcon_core.shell:Creating environment descriptor '/home/vboxuser/apf_ws/install/ekf_pkg/share/ekf_pkg/hook/ament_prefix_path.dsv'
[4.082s] INFO:colcon.colcon_core.shell:Creating environment hook '/home/vboxuser/apf_ws/install/ekf_pkg/share/ekf_pkg/hook/ament_prefix_path.sh'
[4.084s] INFO:colcon.colcon_core.shell:Skip shell extension 'powershell' for command environment: Not usable outside of PowerShell
[4.084s] DEBUG:colcon.colcon_core.shell:Skip shell extension 'dsv' for command environment
[4.097s] INFO:colcon.colcon_ros.task.ament_python.build:Building ROS package in '/home/vboxuser/apf_ws/src/lidar_odom' with build type 'ament_python'
[4.097s] Level 1:colcon.colcon_core.shell:create_environment_hook('lidar_odom', 'ament_prefix_path')
[4.098s] INFO:colcon.colcon_core.shell:Creating environment hook '/home/vboxuser/apf_ws/install/lidar_odom/share/lidar_odom/hook/ament_prefix_path.ps1'
[4.105s] INFO:colcon.colcon_core.shell:Creating environment descriptor '/home/vboxuser/apf_ws/install/lidar_odom/share/lidar_odom/hook/ament_prefix_path.dsv'
[4.107s] INFO:colcon.colcon_core.shell:Creating environment hook '/home/vboxuser/apf_ws/install/lidar_odom/share/lidar_odom/hook/ament_prefix_path.sh'
[4.109s] INFO:colcon.colcon_core.shell:Skip shell extension 'powershell' for command environment: Not usable outside of PowerShell
[4.109s] DEBUG:colcon.colcon_core.shell:Skip shell extension 'dsv' for command environment
[4.123s] INFO:colcon.colcon_ros.task.ament_python.build:Building ROS package in '/home/vboxuser/apf_ws/src/odom_cmd' with build type 'ament_python'
[4.124s] Level 1:colcon.colcon_core.shell:create_environment_hook('odom_cmd', 'ament_prefix_path')
[4.124s] INFO:colcon.colcon_core.shell:Creating environment hook '/home/vboxuser/apf_ws/install/odom_cmd/share/odom_cmd/hook/ament_prefix_path.ps1'
[4.132s] INFO:colcon.colcon_core.shell:Creating environment descriptor '/home/vboxuser/apf_ws/install/odom_cmd/share/odom_cmd/hook/ament_prefix_path.dsv'
[4.133s] INFO:colcon.colcon_core.shell:Creating environment hook '/home/vboxuser/apf_ws/install/odom_cmd/share/odom_cmd/hook/ament_prefix_path.sh'
[4.134s] INFO:colcon.colcon_core.shell:Skip shell extension 'powershell' for command environment: Not usable outside of PowerShell
[4.134s] DEBUG:colcon.colcon_core.shell:Skip shell extension 'dsv' for command environment
[4.152s] INFO:colcon.colcon_ros.task.ament_python.build:Building ROS package in '/home/vboxuser/apf_ws/src/robot_bringup' with build type 'ament_python'
[4.152s] Level 1:colcon.colcon_core.shell:create_environment_hook('robot_bringup', 'ament_prefix_path')
[4.154s] INFO:colcon.colcon_core.shell:Creating environment hook '/home/vboxuser/apf_ws/install/robot_bringup/share/robot_bringup/hook/ament_prefix_path.ps1'
[4.159s] INFO:colcon.colcon_core.shell:Creating environment descriptor '/home/vboxuser/apf_ws/install/robot_bringup/share/robot_bringup/hook/ament_prefix_path.dsv'
[4.160s] INFO:colcon.colcon_core.shell:Creating environment hook '/home/vboxuser/apf_ws/install/robot_bringup/share/robot_bringup/hook/ament_prefix_path.sh'
[4.162s] INFO:colcon.colcon_core.shell:Skip shell extension 'powershell' for command environment: Not usable outside of PowerShell
[4.162s] DEBUG:colcon.colcon_core.shell:Skip shell extension 'dsv' for command environment
[4.745s] INFO:colcon.colcon_core.task.python.build:Building Python package in '/home/vboxuser/apf_ws/src/apf_pkg'
[4.745s] INFO:colcon.colcon_core.shell:Skip shell extension 'powershell' for command environment: Not usable outside of PowerShell
[4.745s] DEBUG:colcon.colcon_core.shell:Skip shell extension 'dsv' for command environment
[5.322s] INFO:colcon.colcon_core.task.python.build:Building Python package in '/home/vboxuser/apf_ws/src/ekf_pkg'
[5.322s] INFO:colcon.colcon_core.shell:Skip shell extension 'powershell' for command environment: Not usable outside of PowerShell
[5.322s] DEBUG:colcon.colcon_core.shell:Skip shell extension 'dsv' for command environment
[5.813s] INFO:colcon.colcon_core.task.python.build:Building Python package in '/home/vboxuser/apf_ws/src/lidar_odom'
[5.813s] INFO:colcon.colcon_core.shell:Skip shell extension 'powershell' for command environment: Not usable outside of PowerShell
[5.813s] DEBUG:colcon.colcon_core.shell:Skip shell extension 'dsv' for command environment
[6.297s] INFO:colcon.colcon_core.task.python.build:Building Python package in '/home/vboxuser/apf_ws/src/odom_cmd'
[6.297s] INFO:colcon.colcon_core.shell:Skip shell extension 'powershell' for command environment: Not usable outside of PowerShell
[6.297s] DEBUG:colcon.colcon_core.shell:Skip shell extension 'dsv' for command environment
[6.823s] INFO:colcon.colcon_core.task.python.build:Building Python package in '/home/vboxuser/apf_ws/src/robot_bringup'
[6.824s] INFO:colcon.colcon_core.shell:Skip shell extension 'powershell' for command environment: Not usable outside of PowerShell
[6.824s] DEBUG:colcon.colcon_core.shell:Skip shell extension 'dsv' for command environment
[8.320s] DEBUG:colcon.colcon_core.task.python.build:Available setuptools commands: compile_catalog, install_headers, saveopts, alias, build_ext, install, dist_info, egg_info, editable_wheel, develop, install_lib, update_catalog, bdist_dumb, build_scripts, sdist, register, install_data, symlink_data, build_py, bdist_rpm, upload_docs, build, bdist, extract_messages, upload, test, setopt, init_catalog, build_clib, rotate, clean, easy_install, install_egg_info, check, bdist_egg, install_scripts
[8.324s] DEBUG:colcon.colcon_core.event_handler.log_command:Invoking command in '/home/vboxuser/apf_ws/src/lidar_odom': DEBUGINFOD_URLS=https://debuginfod.ubuntu.com PYTHONPATH=/home/vboxuser/apf_ws/build/lidar_odom/prefix_override:/usr/lib/python3/dist-packages/colcon_core/task/python/colcon_distutils_commands:/home/vboxuser/apf_ws/install/lidar_odom/lib/python3.12/site-packages:${PYTHONPATH} /usr/bin/python3 -W ignore:setup.py install is deprecated -W ignore:easy_install command is deprecated setup.py egg_info --egg-base ../../build/lidar_odom build --build-base /home/vboxuser/apf_ws/build/lidar_odom/build install --record /home/vboxuser/apf_ws/build/lidar_odom/install.log --install-scripts $base/lib/lidar_odom --single-version-externally-managed install_data
[8.380s] DEBUG:colcon.colcon_core.task.python.build:Available setuptools commands: compile_catalog, install_headers, saveopts, alias, build_ext, install, dist_info, egg_info, editable_wheel, develop, install_lib, update_catalog, bdist_dumb, build_scripts, sdist, register, install_data, symlink_data, build_py, bdist_rpm, upload_docs, build, bdist, extract_messages, upload, test, setopt, init_catalog, build_clib, rotate, clean, easy_install, install_egg_info, check, bdist_egg, install_scripts
[8.383s] DEBUG:colcon.colcon_core.event_handler.log_command:Invoking command in '/home/vboxuser/apf_ws/src/apf_pkg': DEBUGINFOD_URLS=https://debuginfod.ubuntu.com PYTHONPATH=/home/vboxuser/apf_ws/build/apf_pkg/prefix_override:/usr/lib/python3/dist-packages/colcon_core/task/python/colcon_distutils_commands:/home/vboxuser/apf_ws/install/apf_pkg/lib/python3.12/site-packages:${PYTHONPATH} /usr/bin/python3 -W ignore:setup.py install is deprecated -W ignore:easy_install command is deprecated setup.py egg_info --egg-base ../../build/apf_pkg build --build-base /home/vboxuser/apf_ws/build/apf_pkg/build install --record /home/vboxuser/apf_ws/build/apf_pkg/install.log --install-scripts $base/lib/apf_pkg --single-version-externally-managed install_data
[8.384s] DEBUG:colcon.colcon_core.task.python.build:Available setuptools commands: compile_catalog, install_headers, saveopts, alias, build_ext, install, dist_info, egg_info, editable_wheel, develop, install_lib, update_catalog, bdist_dumb, build_scripts, sdist, register, install_data, symlink_data, build_py, bdist_rpm, upload_docs, build, bdist, extract_messages, upload, test, setopt, init_catalog, build_clib, rotate, clean, easy_install, install_egg_info, check, bdist_egg, install_scripts
[8.387s] DEBUG:colcon.colcon_core.event_handler.log_command:Invoking command in '/home/vboxuser/apf_ws/src/odom_cmd': DEBUGINFOD_URLS=https://debuginfod.ubuntu.com PYTHONPATH=/home/vboxuser/apf_ws/build/odom_cmd/prefix_override:/usr/lib/python3/dist-packages/colcon_core/task/python/colcon_distutils_commands:/home/vboxuser/apf_ws/install/odom_cmd/lib/python3.12/site-packages:${PYTHONPATH} /usr/bin/python3 -W ignore:setup.py install is deprecated -W ignore:easy_install command is deprecated setup.py egg_info --egg-base ../../build/odom_cmd build --build-base /home/vboxuser/apf_ws/build/odom_cmd/build install --record /home/vboxuser/apf_ws/build/odom_cmd/install.log --install-scripts $base/lib/odom_cmd --single-version-externally-managed install_data
[8.407s] DEBUG:colcon.colcon_core.task.python.build:Available setuptools commands: compile_catalog, install_headers, saveopts, alias, build_ext, install, dist_info, egg_info, editable_wheel, develop, install_lib, update_catalog, bdist_dumb, build_scripts, sdist, register, install_data, symlink_data, build_py, bdist_rpm, upload_docs, build, bdist, extract_messages, upload, test, setopt, init_catalog, build_clib, rotate, clean, easy_install, install_egg_info, check, bdist_egg, install_scripts
[8.412s] DEBUG:colcon.colcon_core.event_handler.log_command:Invoking command in '/home/vboxuser/apf_ws/src/robot_bringup': DEBUGINFOD_URLS=https://debuginfod.ubuntu.com PYTHONPATH=/home/vboxuser/apf_ws/build/robot_bringup/prefix_override:/usr/lib/python3/dist-packages/colcon_core/task/python/colcon_distutils_commands:/home/vboxuser/apf_ws/install/robot_bringup/lib/python3.12/site-packages:${PYTHONPATH} /usr/bin/python3 -W ignore:setup.py install is deprecated -W ignore:easy_install command is deprecated setup.py egg_info --egg-base ../../build/robot_bringup build --build-base /home/vboxuser/apf_ws/build/robot_bringup/build install --record /home/vboxuser/apf_ws/build/robot_bringup/install.log --install-scripts $base/lib/robot_bringup --single-version-externally-managed install_data
[8.416s] DEBUG:colcon.colcon_core.task.python.build:Available setuptools commands: compile_catalog, install_headers, saveopts, alias, build_ext, install, dist_info, egg_info, editable_wheel, develop, install_lib, update_catalog, bdist_dumb, build_scripts, sdist, register, install_data, symlink_data, build_py, bdist_rpm, upload_docs, build, bdist, extract_messages, upload, test, setopt, init_catalog, build_clib, rotate, clean, easy_install, install_egg_info, check, bdist_egg, install_scripts
[8.426s] DEBUG:colcon.colcon_core.event_handler.log_command:Invoking command in '/home/vboxuser/apf_ws/src/ekf_pkg': DEBUGINFOD_URLS=https://debuginfod.ubuntu.com PYTHONPATH=/home/vboxuser/apf_ws/build/ekf_pkg/prefix_override:/usr/lib/python3/dist-packages/colcon_core/task/python/colcon_distutils_commands:/home/vboxuser/apf_ws/install/ekf_pkg/lib/python3.12/site-packages:${PYTHONPATH} /usr/bin/python3 -W ignore:setup.py install is deprecated -W ignore:easy_install command is deprecated setup.py egg_info --egg-base ../../build/ekf_pkg build --build-base /home/vboxuser/apf_ws/build/ekf_pkg/build install --record /home/vboxuser/apf_ws/build/ekf_pkg/install.log --install-scripts $base/lib/ekf_pkg --single-version-externally-managed install_data
[9.405s] DEBUG:colcon.colcon_core.event_handler.log_command:Invoked command in '/home/vboxuser/apf_ws/src/lidar_odom' returned '0': DEBUGINFOD_URLS=https://debuginfod.ubuntu.com PYTHONPATH=/home/vboxuser/apf_ws/build/lidar_odom/prefix_override:/usr/lib/python3/dist-packages/colcon_core/task/python/colcon_distutils_commands:/home/vboxuser/apf_ws/install/lidar_odom/lib/python3.12/site-packages:${PYTHONPATH} /usr/bin/python3 -W ignore:setup.py install is deprecated -W ignore:easy_install command is deprecated setup.py egg_info --egg-base ../../build/lidar_odom build --build-base /home/vboxuser/apf_ws/build/lidar_odom/build install --record /home/vboxuser/apf_ws/build/lidar_odom/install.log --install-scripts $base/lib/lidar_odom --single-version-externally-managed install_data
[9.484s] Level 1:colcon.colcon_core.environment:checking '/home/vboxuser/apf_ws/install/lidar_odom' for CMake module files
[9.485s] Level 1:colcon.colcon_core.environment:checking '/home/vboxuser/apf_ws/install/lidar_odom' for CMake config files
[9.496s] Level 1:colcon.colcon_core.environment:checking '/home/vboxuser/apf_ws/install/lidar_odom/lib'
[9.498s] Level 1:colcon.colcon_core.environment:checking '/home/vboxuser/apf_ws/install/lidar_odom/bin'
[9.498s] Level 1:colcon.colcon_core.environment:checking '/home/vboxuser/apf_ws/install/lidar_odom/lib/pkgconfig/lidar_odom.pc'
[9.498s] Level 1:colcon.colcon_core.environment:checking '/home/vboxuser/apf_ws/install/lidar_odom/lib/python3.12/site-packages'
[9.498s] Level 1:colcon.colcon_core.shell:create_environment_hook('lidar_odom', 'pythonpath')
[9.499s] INFO:colcon.colcon_core.shell:Creating environment hook '/home/vboxuser/apf_ws/install/lidar_odom/share/lidar_odom/hook/pythonpath.ps1'
[9.503s] INFO:colcon.colcon_core.shell:Creating environment descriptor '/home/vboxuser/apf_ws/install/lidar_odom/share/lidar_odom/hook/pythonpath.dsv'
[9.503s] INFO:colcon.colcon_core.shell:Creating environment hook '/home/vboxuser/apf_ws/install/lidar_odom/share/lidar_odom/hook/pythonpath.sh'
[9.505s] Level 1:colcon.colcon_core.environment:checking '/home/vboxuser/apf_ws/install/lidar_odom/bin'
[9.505s] Level 1:colcon.colcon_core.environment:create_environment_scripts_only(lidar_odom)
[9.506s] INFO:colcon.colcon_core.shell:Creating package script '/home/vboxuser/apf_ws/install/lidar_odom/share/lidar_odom/package.ps1'
[9.511s] INFO:colcon.colcon_core.shell:Creating package descriptor '/home/vboxuser/apf_ws/install/lidar_odom/share/lidar_odom/package.dsv'
[9.515s] INFO:colcon.colcon_core.shell:Creating package script '/home/vboxuser/apf_ws/install/lidar_odom/share/lidar_odom/package.sh'
[9.519s] INFO:colcon.colcon_core.shell:Creating package script '/home/vboxuser/apf_ws/install/lidar_odom/share/lidar_odom/package.bash'
[9.523s] INFO:colcon.colcon_core.shell:Creating package script '/home/vboxuser/apf_ws/install/lidar_odom/share/lidar_odom/package.zsh'
[9.533s] Level 1:colcon.colcon_core.environment:create_file_with_runtime_dependencies(/home/vboxuser/apf_ws/install/lidar_odom/share/colcon-core/packages/lidar_odom)
[9.546s] Level 1:colcon.colcon_core.environment:checking '/home/vboxuser/apf_ws/install/odom_cmd' for CMake module files
[9.546s] DEBUG:colcon.colcon_core.event_handler.log_command:Invoked command in '/home/vboxuser/apf_ws/src/odom_cmd' returned '0': DEBUGINFOD_URLS=https://debuginfod.ubuntu.com PYTHONPATH=/home/vboxuser/apf_ws/build/odom_cmd/prefix_override:/usr/lib/python3/dist-packages/colcon_core/task/python/colcon_distutils_commands:/home/vboxuser/apf_ws/install/odom_cmd/lib/python3.12/site-packages:${PYTHONPATH} /usr/bin/python3 -W ignore:setup.py install is deprecated -W ignore:easy_install command is deprecated setup.py egg_info --egg-base ../../build/odom_cmd build --build-base /home/vboxuser/apf_ws/build/odom_cmd/build install --record /home/vboxuser/apf_ws/build/odom_cmd/install.log --install-scripts $base/lib/odom_cmd --single-version-externally-managed install_data
[9.549s] Level 1:colcon.colcon_core.environment:checking '/home/vboxuser/apf_ws/install/odom_cmd' for CMake config files
[9.556s] Level 1:colcon.colcon_core.environment:checking '/home/vboxuser/apf_ws/install/odom_cmd/lib'
[9.556s] Level 1:colcon.colcon_core.environment:checking '/home/vboxuser/apf_ws/install/odom_cmd/bin'
[9.557s] Level 1:colcon.colcon_core.environment:checking '/home/vboxuser/apf_ws/install/odom_cmd/lib/pkgconfig/odom_cmd.pc'
[9.557s] Level 1:colcon.colcon_core.environment:checking '/home/vboxuser/apf_ws/install/odom_cmd/lib/python3.12/site-packages'
[9.557s] Level 1:colcon.colcon_core.shell:create_environment_hook('odom_cmd', 'pythonpath')
[9.558s] INFO:colcon.colcon_core.shell:Creating environment hook '/home/vboxuser/apf_ws/install/odom_cmd/share/odom_cmd/hook/pythonpath.ps1'
[9.560s] INFO:colcon.colcon_core.shell:Creating environment descriptor '/home/vboxuser/apf_ws/install/odom_cmd/share/odom_cmd/hook/pythonpath.dsv'
[9.562s] INFO:colcon.colcon_core.shell:Creating environment hook '/home/vboxuser/apf_ws/install/odom_cmd/share/odom_cmd/hook/pythonpath.sh'
[9.564s] Level 1:colcon.colcon_core.environment:checking '/home/vboxuser/apf_ws/install/odom_cmd/bin'
[9.564s] Level 1:colcon.colcon_core.environment:create_environment_scripts_only(odom_cmd)
[9.564s] INFO:colcon.colcon_core.shell:Creating package script '/home/vboxuser/apf_ws/install/odom_cmd/share/odom_cmd/package.ps1'
[9.566s] INFO:colcon.colcon_core.shell:Creating package descriptor '/home/vboxuser/apf_ws/install/odom_cmd/share/odom_cmd/package.dsv'
[9.568s] INFO:colcon.colcon_core.shell:Creating package script '/home/vboxuser/apf_ws/install/odom_cmd/share/odom_cmd/package.sh'
[9.570s] INFO:colcon.colcon_core.shell:Creating package script '/home/vboxuser/apf_ws/install/odom_cmd/share/odom_cmd/package.bash'
[9.572s] INFO:colcon.colcon_core.shell:Creating package script '/home/vboxuser/apf_ws/install/odom_cmd/share/odom_cmd/package.zsh'
[9.573s] Level 1:colcon.colcon_core.environment:create_file_with_runtime_dependencies(/home/vboxuser/apf_ws/install/odom_cmd/share/colcon-core/packages/odom_cmd)
[9.602s] Level 1:colcon.colcon_core.environment:checking '/home/vboxuser/apf_ws/install/ekf_pkg' for CMake module files
[9.603s] DEBUG:colcon.colcon_core.event_handler.log_command:Invoked command in '/home/vboxuser/apf_ws/src/ekf_pkg' returned '0': DEBUGINFOD_URLS=https://debuginfod.ubuntu.com PYTHONPATH=/home/vboxuser/apf_ws/build/ekf_pkg/prefix_override:/usr/lib/python3/dist-packages/colcon_core/task/python/colcon_distutils_commands:/home/vboxuser/apf_ws/install/ekf_pkg/lib/python3.12/site-packages:${PYTHONPATH} /usr/bin/python3 -W ignore:setup.py install is deprecated -W ignore:easy_install command is deprecated setup.py egg_info --egg-base ../../build/ekf_pkg build --build-base /home/vboxuser/apf_ws/build/ekf_pkg/build install --record /home/vboxuser/apf_ws/build/ekf_pkg/install.log --install-scripts $base/lib/ekf_pkg --single-version-externally-managed install_data
[9.604s] Level 1:colcon.colcon_core.environment:checking '/home/vboxuser/apf_ws/install/ekf_pkg' for CMake config files
[9.606s] Level 1:colcon.colcon_core.environment:checking '/home/vboxuser/apf_ws/install/ekf_pkg/lib'
[9.606s] Level 1:colcon.colcon_core.environment:checking '/home/vboxuser/apf_ws/install/ekf_pkg/bin'
[9.606s] Level 1:colcon.colcon_core.environment:checking '/home/vboxuser/apf_ws/install/ekf_pkg/lib/pkgconfig/ekf_pkg.pc'
[9.607s] Level 1:colcon.colcon_core.environment:checking '/home/vboxuser/apf_ws/install/ekf_pkg/lib/python3.12/site-packages'
[9.607s] Level 1:colcon.colcon_core.shell:create_environment_hook('ekf_pkg', 'pythonpath')
[9.608s] INFO:colcon.colcon_core.shell:Creating environment hook '/home/vboxuser/apf_ws/install/ekf_pkg/share/ekf_pkg/hook/pythonpath.ps1'
[9.608s] INFO:colcon.colcon_core.shell:Creating environment descriptor '/home/vboxuser/apf_ws/install/ekf_pkg/share/ekf_pkg/hook/pythonpath.dsv'
[9.609s] INFO:colcon.colcon_core.shell:Creating environment hook '/home/vboxuser/apf_ws/install/ekf_pkg/share/ekf_pkg/hook/pythonpath.sh'
[9.610s] Level 1:colcon.colcon_core.environment:checking '/home/vboxuser/apf_ws/install/ekf_pkg/bin'
[9.610s] Level 1:colcon.colcon_core.environment:create_environment_scripts_only(ekf_pkg)
[9.610s] INFO:colcon.colcon_core.shell:Creating package script '/home/vboxuser/apf_ws/install/ekf_pkg/share/ekf_pkg/package.ps1'
[9.611s] INFO:colcon.colcon_core.shell:Creating package descriptor '/home/vboxuser/apf_ws/install/ekf_pkg/share/ekf_pkg/package.dsv'
[9.612s] INFO:colcon.colcon_core.shell:Creating package script '/home/vboxuser/apf_ws/install/ekf_pkg/share/ekf_pkg/package.sh'
[9.613s] INFO:colcon.colcon_core.shell:Creating package script '/home/vboxuser/apf_ws/install/ekf_pkg/share/ekf_pkg/package.bash'
[9.613s] INFO:colcon.colcon_core.shell:Creating package script '/home/vboxuser/apf_ws/install/ekf_pkg/share/ekf_pkg/package.zsh'
[9.614s] Level 1:colcon.colcon_core.environment:create_file_with_runtime_dependencies(/home/vboxuser/apf_ws/install/ekf_pkg/share/colcon-core/packages/ekf_pkg)
[9.622s] Level 1:colcon.colcon_core.environment:checking '/home/vboxuser/apf_ws/install/apf_pkg' for CMake module files
[9.623s] Level 1:colcon.colcon_core.environment:checking '/home/vboxuser/apf_ws/install/apf_pkg' for CMake config files
[9.624s] DEBUG:colcon.colcon_core.event_handler.log_command:Invoked command in '/home/vboxuser/apf_ws/src/apf_pkg' returned '0': DEBUGINFOD_URLS=https://debuginfod.ubuntu.com PYTHONPATH=/home/vboxuser/apf_ws/build/apf_pkg/prefix_override:/usr/lib/python3/dist-packages/colcon_core/task/python/colcon_distutils_commands:/home/vboxuser/apf_ws/install/apf_pkg/lib/python3.12/site-packages:${PYTHONPATH} /usr/bin/python3 -W ignore:setup.py install is deprecated -W ignore:easy_install command is deprecated setup.py egg_info --egg-base ../../build/apf_pkg build --build-base /home/vboxuser/apf_ws/build/apf_pkg/build install --record /home/vboxuser/apf_ws/build/apf_pkg/install.log --install-scripts $base/lib/apf_pkg --single-version-externally-managed install_data
[9.626s] Level 1:colcon.colcon_core.environment:checking '/home/vboxuser/apf_ws/install/apf_pkg/lib'
[9.626s] Level 1:colcon.colcon_core.environment:checking '/home/vboxuser/apf_ws/install/apf_pkg/bin'
[9.626s] Level 1:colcon.colcon_core.environment:checking '/home/vboxuser/apf_ws/install/apf_pkg/lib/pkgconfig/apf_pkg.pc'
[9.626s] Level 1:colcon.colcon_core.environment:checking '/home/vboxuser/apf_ws/install/apf_pkg/lib/python3.12/site-packages'
[9.627s] Level 1:colcon.colcon_core.shell:create_environment_hook('apf_pkg', 'pythonpath')
[9.627s] INFO:colcon.colcon_core.shell:Creating environment hook '/home/vboxuser/apf_ws/install/apf_pkg/share/apf_pkg/hook/pythonpath.ps1'
[9.631s] INFO:colcon.colcon_core.shell:Creating environment descriptor '/home/vboxuser/apf_ws/install/apf_pkg/share/apf_pkg/hook/pythonpath.dsv'
[9.634s] INFO:colcon.colcon_core.shell:Creating environment hook '/home/vboxuser/apf_ws/install/apf_pkg/share/apf_pkg/hook/pythonpath.sh'
[9.636s] Level 1:colcon.colcon_core.environment:checking '/home/vboxuser/apf_ws/install/apf_pkg/bin'
[9.636s] Level 1:colcon.colcon_core.environment:create_environment_scripts_only(apf_pkg)
[9.637s] INFO:colcon.colcon_core.shell:Creating package script '/home/vboxuser/apf_ws/install/apf_pkg/share/apf_pkg/package.ps1'
[9.638s] INFO:colcon.colcon_core.shell:Creating package descriptor '/home/vboxuser/apf_ws/install/apf_pkg/share/apf_pkg/package.dsv'
[9.639s] INFO:colcon.colcon_core.shell:Creating package script '/home/vboxuser/apf_ws/install/apf_pkg/share/apf_pkg/package.sh'
[9.641s] INFO:colcon.colcon_core.shell:Creating package script '/home/vboxuser/apf_ws/install/apf_pkg/share/apf_pkg/package.bash'
[9.644s] INFO:colcon.colcon_core.shell:Creating package script '/home/vboxuser/apf_ws/install/apf_pkg/share/apf_pkg/package.zsh'
[9.645s] Level 1:colcon.colcon_core.environment:create_file_with_runtime_dependencies(/home/vboxuser/apf_ws/install/apf_pkg/share/colcon-core/packages/apf_pkg)
[9.848s] Level 1:colcon.colcon_core.environment:checking '/home/vboxuser/apf_ws/install/robot_bringup' for CMake module files
[9.850s] DEBUG:colcon.colcon_core.event_handler.log_command:Invoked command in '/home/vboxuser/apf_ws/src/robot_bringup' returned '0': DEBUGINFOD_URLS=https://debuginfod.ubuntu.com PYTHONPATH=/home/vboxuser/apf_ws/build/robot_bringup/prefix_override:/usr/lib/python3/dist-packages/colcon_core/task/python/colcon_distutils_commands:/home/vboxuser/apf_ws/install/robot_bringup/lib/python3.12/site-packages:${PYTHONPATH} /usr/bin/python3 -W ignore:setup.py install is deprecated -W ignore:easy_install command is deprecated setup.py egg_info --egg-base ../../build/robot_bringup build --build-base /home/vboxuser/apf_ws/build/robot_bringup/build install --record /home/vboxuser/apf_ws/build/robot_bringup/install.log --install-scripts $base/lib/robot_bringup --single-version-externally-managed install_data
[9.851s] Level 1:colcon.colcon_core.environment:checking '/home/vboxuser/apf_ws/install/robot_bringup' for CMake config files
[9.854s] Level 1:colcon.colcon_core.environment:checking '/home/vboxuser/apf_ws/install/robot_bringup/lib'
[9.854s] Level 1:colcon.colcon_core.environment:checking '/home/vboxuser/apf_ws/install/robot_bringup/bin'
[9.854s] Level 1:colcon.colcon_core.environment:checking '/home/vboxuser/apf_ws/install/robot_bringup/lib/pkgconfig/robot_bringup.pc'
[9.855s] Level 1:colcon.colcon_core.environment:checking '/home/vboxuser/apf_ws/install/robot_bringup/lib/python3.12/site-packages'
[9.855s] Level 1:colcon.colcon_core.shell:create_environment_hook('robot_bringup', 'pythonpath')
[9.855s] INFO:colcon.colcon_core.shell:Creating environment hook '/home/vboxuser/apf_ws/install/robot_bringup/share/robot_bringup/hook/pythonpath.ps1'
[9.856s] INFO:colcon.colcon_core.shell:Creating environment descriptor '/home/vboxuser/apf_ws/install/robot_bringup/share/robot_bringup/hook/pythonpath.dsv'
[9.857s] INFO:colcon.colcon_core.shell:Creating environment hook '/home/vboxuser/apf_ws/install/robot_bringup/share/robot_bringup/hook/pythonpath.sh'
[9.858s] Level 1:colcon.colcon_core.environment:checking '/home/vboxuser/apf_ws/install/robot_bringup/bin'
[9.858s] Level 1:colcon.colcon_core.environment:create_environment_scripts_only(robot_bringup)
[9.858s] INFO:colcon.colcon_core.shell:Creating package script '/home/vboxuser/apf_ws/install/robot_bringup/share/robot_bringup/package.ps1'
[9.860s] INFO:colcon.colcon_core.shell:Creating package descriptor '/home/vboxuser/apf_ws/install/robot_bringup/share/robot_bringup/package.dsv'
[9.861s] INFO:colcon.colcon_core.shell:Creating package script '/home/vboxuser/apf_ws/install/robot_bringup/share/robot_bringup/package.sh'
[9.862s] INFO:colcon.colcon_core.shell:Creating package script '/home/vboxuser/apf_ws/install/robot_bringup/share/robot_bringup/package.bash'
[9.864s] INFO:colcon.colcon_core.shell:Creating package script '/home/vboxuser/apf_ws/install/robot_bringup/share/robot_bringup/package.zsh'
[9.865s] Level 1:colcon.colcon_core.environment:create_file_with_runtime_dependencies(/home/vboxuser/apf_ws/install/robot_bringup/share/colcon-core/packages/robot_bringup)
[9.869s] DEBUG:colcon.colcon_parallel_executor.executor.parallel:closing loop
[9.869s] DEBUG:colcon.colcon_parallel_executor.executor.parallel:loop closed
[9.869s] DEBUG:colcon.colcon_parallel_executor.executor.parallel:run_until_complete finished with '0'
[9.871s] DEBUG:colcon.colcon_core.event_reactor:joining thread
[9.920s] INFO:colcon.colcon_core.plugin_system:Skipping extension 'colcon_notification.desktop_notification.terminal_notifier': Not used on non-Darwin systems
[9.920s] INFO:colcon.colcon_core.plugin_system:Skipping extension 'colcon_notification.desktop_notification.win32': Not used on non-Windows systems
[9.920s] INFO:colcon.colcon_notification.desktop_notification:Sending desktop notification using 'notify2'
[9.964s] DEBUG:colcon.colcon_core.event_reactor:joined thread
[9.964s] INFO:colcon.colcon_core.shell:Creating prefix script '/home/vboxuser/apf_ws/install/local_setup.ps1'
[9.968s] INFO:colcon.colcon_core.shell:Creating prefix util module '/home/vboxuser/apf_ws/install/_local_setup_util_ps1.py'
[9.973s] INFO:colcon.colcon_core.shell:Creating prefix chain script '/home/vboxuser/apf_ws/install/setup.ps1'
[9.979s] INFO:colcon.colcon_core.shell:Creating prefix script '/home/vboxuser/apf_ws/install/local_setup.sh'
[9.981s] INFO:colcon.colcon_core.shell:Creating prefix util module '/home/vboxuser/apf_ws/install/_local_setup_util_sh.py'
[9.982s] INFO:colcon.colcon_core.shell:Creating prefix chain script '/home/vboxuser/apf_ws/install/setup.sh'
[9.986s] INFO:colcon.colcon_core.shell:Creating prefix script '/home/vboxuser/apf_ws/install/local_setup.bash'
[9.988s] INFO:colcon.colcon_core.shell:Creating prefix chain script '/home/vboxuser/apf_ws/install/setup.bash'
[9.995s] INFO:colcon.colcon_core.shell:Creating prefix script '/home/vboxuser/apf_ws/install/local_setup.zsh'
[9.998s] INFO:colcon.colcon_core.shell:Creating prefix chain script '/home/vboxuser/apf_ws/install/setup.zsh'
