[4.641s] Invoking command in '/home/vboxuser/apf_ws/src/apf_pkg': DEBUGINFOD_URLS=https://debuginfod.ubuntu.com PYTHONPATH=/home/vboxuser/apf_ws/build/apf_pkg/prefix_override:/usr/lib/python3/dist-packages/colcon_core/task/python/colcon_distutils_commands:/home/vboxuser/apf_ws/install/apf_pkg/lib/python3.12/site-packages:${PYTHONPATH} /usr/bin/python3 -W ignore:setup.py install is deprecated -W ignore:easy_install command is deprecated setup.py egg_info --egg-base ../../build/apf_pkg build --build-base /home/vboxuser/apf_ws/build/apf_pkg/build install --record /home/vboxuser/apf_ws/build/apf_pkg/install.log --install-scripts $base/lib/apf_pkg --single-version-externally-managed install_data
[5.426s] running egg_info
[5.452s] writing ../../build/apf_pkg/apf_pkg.egg-info/PKG-INFO
[5.455s] writing dependency_links to ../../build/apf_pkg/apf_pkg.egg-info/dependency_links.txt
[5.475s] writing entry points to ../../build/apf_pkg/apf_pkg.egg-info/entry_points.txt
[5.536s] writing requirements to ../../build/apf_pkg/apf_pkg.egg-info/requires.txt
[5.538s] writing top-level names to ../../build/apf_pkg/apf_pkg.egg-info/top_level.txt
[5.696s] reading manifest file '../../build/apf_pkg/apf_pkg.egg-info/SOURCES.txt'
[5.697s] writing manifest file '../../build/apf_pkg/apf_pkg.egg-info/SOURCES.txt'
[5.698s] running build
[5.699s] running build_py
[5.700s] running install
[5.712s] running install_lib
[5.945s] running install_data
[5.945s] running install_egg_info
[6.010s] removing '/home/vboxuser/apf_ws/install/apf_pkg/lib/python3.12/site-packages/apf_pkg-0.0.0-py3.12.egg-info' (and everything under it)
[6.276s] Copying ../../build/apf_pkg/apf_pkg.egg-info to /home/vboxuser/apf_ws/install/apf_pkg/lib/python3.12/site-packages/apf_pkg-0.0.0-py3.12.egg-info
[6.301s] running install_scripts
[6.614s] Installing apf_controller script to /home/vboxuser/apf_ws/install/apf_pkg/lib/apf_pkg
[6.619s] Installing apf_node script to /home/vboxuser/apf_ws/install/apf_pkg/lib/apf_pkg
[6.619s] Installing logger script to /home/vboxuser/apf_ws/install/apf_pkg/lib/apf_pkg
[6.619s] writing list of installed files to '/home/vboxuser/apf_ws/build/apf_pkg/install.log'
[6.722s] Invoked command in '/home/vboxuser/apf_ws/src/apf_pkg' returned '0': DEBUGINFOD_URLS=https://debuginfod.ubuntu.com PYTHONPATH=/home/vboxuser/apf_ws/build/apf_pkg/prefix_override:/usr/lib/python3/dist-packages/colcon_core/task/python/colcon_distutils_commands:/home/vboxuser/apf_ws/install/apf_pkg/lib/python3.12/site-packages:${PYTHONPATH} /usr/bin/python3 -W ignore:setup.py install is deprecated -W ignore:easy_install command is deprecated setup.py egg_info --egg-base ../../build/apf_pkg build --build-base /home/vboxuser/apf_ws/build/apf_pkg/build install --record /home/vboxuser/apf_ws/build/apf_pkg/install.log --install-scripts $base/lib/apf_pkg --single-version-externally-managed install_data
