[8.187s] Invoking command in '/home/vboxuser/apf_ws/src/apf_pkg': DEBUGINFOD_URLS=https://debuginfod.ubuntu.com PYTHONPATH=/home/vboxuser/apf_ws/build/apf_pkg/prefix_override:/usr/lib/python3/dist-packages/colcon_core/task/python/colcon_distutils_commands:/home/vboxuser/apf_ws/install/apf_pkg/lib/python3.12/site-packages:${PYTHONPATH} /usr/bin/python3 -W ignore:setup.py install is deprecated -W ignore:easy_install command is deprecated setup.py egg_info --egg-base ../../build/apf_pkg build --build-base /home/vboxuser/apf_ws/build/apf_pkg/build install --record /home/vboxuser/apf_ws/build/apf_pkg/install.log --install-scripts $base/lib/apf_pkg --single-version-externally-managed install_data
[8.753s] running egg_info
[8.807s] writing ../../build/apf_pkg/apf_pkg.egg-info/PKG-INFO
[8.809s] writing dependency_links to ../../build/apf_pkg/apf_pkg.egg-info/dependency_links.txt
[8.810s] writing entry points to ../../build/apf_pkg/apf_pkg.egg-info/entry_points.txt
[8.810s] writing requirements to ../../build/apf_pkg/apf_pkg.egg-info/requires.txt
[8.810s] writing top-level names to ../../build/apf_pkg/apf_pkg.egg-info/top_level.txt
[8.916s] reading manifest file '../../build/apf_pkg/apf_pkg.egg-info/SOURCES.txt'
[8.917s] writing manifest file '../../build/apf_pkg/apf_pkg.egg-info/SOURCES.txt'
[8.920s] running build
[8.921s] running build_py
[8.925s] running install
[8.938s] running install_lib
[8.983s] running install_data
[8.985s] running install_egg_info
[9.026s] removing '/home/vboxuser/apf_ws/install/apf_pkg/lib/python3.12/site-packages/apf_pkg-0.0.0-py3.12.egg-info' (and everything under it)
[9.033s] Copying ../../build/apf_pkg/apf_pkg.egg-info to /home/vboxuser/apf_ws/install/apf_pkg/lib/python3.12/site-packages/apf_pkg-0.0.0-py3.12.egg-info
[9.056s] running install_scripts
[9.360s] Installing apf_controller script to /home/vboxuser/apf_ws/install/apf_pkg/lib/apf_pkg
[9.360s] Installing apf_node script to /home/vboxuser/apf_ws/install/apf_pkg/lib/apf_pkg
[9.361s] Installing logger script to /home/vboxuser/apf_ws/install/apf_pkg/lib/apf_pkg
[9.363s] writing list of installed files to '/home/vboxuser/apf_ws/build/apf_pkg/install.log'
[9.507s] Invoked command in '/home/vboxuser/apf_ws/src/apf_pkg' returned '0': DEBUGINFOD_URLS=https://debuginfod.ubuntu.com PYTHONPATH=/home/vboxuser/apf_ws/build/apf_pkg/prefix_override:/usr/lib/python3/dist-packages/colcon_core/task/python/colcon_distutils_commands:/home/vboxuser/apf_ws/install/apf_pkg/lib/python3.12/site-packages:${PYTHONPATH} /usr/bin/python3 -W ignore:setup.py install is deprecated -W ignore:easy_install command is deprecated setup.py egg_info --egg-base ../../build/apf_pkg build --build-base /home/vboxuser/apf_ws/build/apf_pkg/build install --record /home/vboxuser/apf_ws/build/apf_pkg/install.log --install-scripts $base/lib/apf_pkg --single-version-externally-managed install_data
