[3.321s] Invoking command in '/home/vboxuser/apf_ws/src/lidar_odom': DEBUGINFOD_URLS=https://debuginfod.ubuntu.com PYTHONPATH=/home/vboxuser/apf_ws/build/lidar_odom/prefix_override:/usr/lib/python3/dist-packages/colcon_core/task/python/colcon_distutils_commands:/home/vboxuser/apf_ws/install/lidar_odom/lib/python3.12/site-packages:${PYTHONPATH} /usr/bin/python3 -W ignore:setup.py install is deprecated -W ignore:easy_install command is deprecated setup.py egg_info --egg-base ../../build/lidar_odom build --build-base /home/vboxuser/apf_ws/build/lidar_odom/build install --record /home/vboxuser/apf_ws/build/lidar_odom/install.log --install-scripts $base/lib/lidar_odom --single-version-externally-managed install_data
[4.147s] running egg_info
[4.184s] writing ../../build/lidar_odom/lidar_odom.egg-info/PKG-INFO
[4.185s] writing dependency_links to ../../build/lidar_odom/lidar_odom.egg-info/dependency_links.txt
[4.190s] writing entry points to ../../build/lidar_odom/lidar_odom.egg-info/entry_points.txt
[4.193s] writing requirements to ../../build/lidar_odom/lidar_odom.egg-info/requires.txt
[4.193s] writing top-level names to ../../build/lidar_odom/lidar_odom.egg-info/top_level.txt
[4.300s] reading manifest file '../../build/lidar_odom/lidar_odom.egg-info/SOURCES.txt'
[4.302s] writing manifest file '../../build/lidar_odom/lidar_odom.egg-info/SOURCES.txt'
[4.305s] running build
[4.305s] running build_py
[4.305s] running install
[4.317s] running install_lib
[4.357s] running install_data
[4.360s] running install_egg_info
[4.424s] removing '/home/vboxuser/apf_ws/install/lidar_odom/lib/python3.12/site-packages/lidar_odom-0.0.0-py3.12.egg-info' (and everything under it)
[4.424s] Copying ../../build/lidar_odom/lidar_odom.egg-info to /home/vboxuser/apf_ws/install/lidar_odom/lib/python3.12/site-packages/lidar_odom-0.0.0-py3.12.egg-info
[4.426s] running install_scripts
[4.824s] Installing cmd_robot script to /home/vboxuser/apf_ws/install/lidar_odom/lib/lidar_odom
[4.826s] Installing icp_localization_node script to /home/vboxuser/apf_ws/install/lidar_odom/lib/lidar_odom
[4.828s] Installing icp_mapping script to /home/vboxuser/apf_ws/install/lidar_odom/lib/lidar_odom
[4.830s] Installing logger script to /home/vboxuser/apf_ws/install/lidar_odom/lib/lidar_odom
[4.831s] Installing map_loader script to /home/vboxuser/apf_ws/install/lidar_odom/lib/lidar_odom
[4.833s] writing list of installed files to '/home/vboxuser/apf_ws/build/lidar_odom/install.log'
[4.949s] Invoked command in '/home/vboxuser/apf_ws/src/lidar_odom' returned '0': DEBUGINFOD_URLS=https://debuginfod.ubuntu.com PYTHONPATH=/home/vboxuser/apf_ws/build/lidar_odom/prefix_override:/usr/lib/python3/dist-packages/colcon_core/task/python/colcon_distutils_commands:/home/vboxuser/apf_ws/install/lidar_odom/lib/python3.12/site-packages:${PYTHONPATH} /usr/bin/python3 -W ignore:setup.py install is deprecated -W ignore:easy_install command is deprecated setup.py egg_info --egg-base ../../build/lidar_odom build --build-base /home/vboxuser/apf_ws/build/lidar_odom/build install --record /home/vboxuser/apf_ws/build/lidar_odom/install.log --install-scripts $base/lib/lidar_odom --single-version-externally-managed install_data
