[2.634s] Invoking command in '/home/vboxuser/apf_ws/src/lidar_odom': DEBUGINFOD_URLS=https://debuginfod.ubuntu.com PYTHONPATH=/home/vboxuser/apf_ws/build/lidar_odom/prefix_override:/usr/lib/python3/dist-packages/colcon_core/task/python/colcon_distutils_commands:/home/vboxuser/apf_ws/install/lidar_odom/lib/python3.12/site-packages:${PYTHONPATH} /usr/bin/python3 -W ignore:setup.py install is deprecated -W ignore:easy_install command is deprecated setup.py egg_info --egg-base ../../build/lidar_odom build --build-base /home/vboxuser/apf_ws/build/lidar_odom/build install --record /home/vboxuser/apf_ws/build/lidar_odom/install.log --install-scripts $base/lib/lidar_odom --single-version-externally-managed install_data
[3.095s] running egg_info
[3.126s] writing ../../build/lidar_odom/lidar_odom.egg-info/PKG-INFO
[3.128s] writing dependency_links to ../../build/lidar_odom/lidar_odom.egg-info/dependency_links.txt
[3.140s] writing entry points to ../../build/lidar_odom/lidar_odom.egg-info/entry_points.txt
[3.141s] writing requirements to ../../build/lidar_odom/lidar_odom.egg-info/requires.txt
[3.142s] writing top-level names to ../../build/lidar_odom/lidar_odom.egg-info/top_level.txt
[3.239s] reading manifest file '../../build/lidar_odom/lidar_odom.egg-info/SOURCES.txt'
[3.241s] writing manifest file '../../build/lidar_odom/lidar_odom.egg-info/SOURCES.txt'
[3.243s] running build
[3.243s] running build_py
[3.243s] copying lidar_odom/icp_mapping.py -> /home/vboxuser/apf_ws/build/lidar_odom/build/lib/lidar_odom
[3.243s] running install
[3.250s] running install_lib
[3.277s] copying /home/vboxuser/apf_ws/build/lidar_odom/build/lib/lidar_odom/icp_mapping.py -> /home/vboxuser/apf_ws/install/lidar_odom/lib/python3.12/site-packages/lidar_odom
[3.277s] byte-compiling /home/vboxuser/apf_ws/install/lidar_odom/lib/python3.12/site-packages/lidar_odom/icp_mapping.py to icp_mapping.cpython-312.pyc
[3.286s] running install_data
[3.286s] running install_egg_info
[3.316s] removing '/home/vboxuser/apf_ws/install/lidar_odom/lib/python3.12/site-packages/lidar_odom-0.0.0-py3.12.egg-info' (and everything under it)
[3.316s] Copying ../../build/lidar_odom/lidar_odom.egg-info to /home/vboxuser/apf_ws/install/lidar_odom/lib/python3.12/site-packages/lidar_odom-0.0.0-py3.12.egg-info
[3.317s] running install_scripts
[3.529s] Installing cmd_robot script to /home/vboxuser/apf_ws/install/lidar_odom/lib/lidar_odom
[3.529s] Installing icp_localization_node script to /home/vboxuser/apf_ws/install/lidar_odom/lib/lidar_odom
[3.530s] Installing icp_mapping script to /home/vboxuser/apf_ws/install/lidar_odom/lib/lidar_odom
[3.531s] Installing logger script to /home/vboxuser/apf_ws/install/lidar_odom/lib/lidar_odom
[3.532s] writing list of installed files to '/home/vboxuser/apf_ws/build/lidar_odom/install.log'
[3.604s] Invoked command in '/home/vboxuser/apf_ws/src/lidar_odom' returned '0': DEBUGINFOD_URLS=https://debuginfod.ubuntu.com PYTHONPATH=/home/vboxuser/apf_ws/build/lidar_odom/prefix_override:/usr/lib/python3/dist-packages/colcon_core/task/python/colcon_distutils_commands:/home/vboxuser/apf_ws/install/lidar_odom/lib/python3.12/site-packages:${PYTHONPATH} /usr/bin/python3 -W ignore:setup.py install is deprecated -W ignore:easy_install command is deprecated setup.py egg_info --egg-base ../../build/lidar_odom build --build-base /home/vboxuser/apf_ws/build/lidar_odom/build install --record /home/vboxuser/apf_ws/build/lidar_odom/install.log --install-scripts $base/lib/lidar_odom --single-version-externally-managed install_data
