[5.970s] Invoking command in '/home/vboxuser/apf_ws/src/lidar_odom': DEBUGINFOD_URLS=https://debuginfod.ubuntu.com PYTHONPATH=/home/vboxuser/apf_ws/build/lidar_odom/prefix_override:/usr/lib/python3/dist-packages/colcon_core/task/python/colcon_distutils_commands:/home/vboxuser/apf_ws/install/lidar_odom/lib/python3.12/site-packages:${PYTHONPATH} /usr/bin/python3 -W ignore:setup.py install is deprecated -W ignore:easy_install command is deprecated setup.py egg_info --egg-base ../../build/lidar_odom build --build-base /home/vboxuser/apf_ws/build/lidar_odom/build install --record /home/vboxuser/apf_ws/build/lidar_odom/install.log --install-scripts $base/lib/lidar_odom --single-version-externally-managed install_data
[6.265s] running egg_info
[6.361s] writing ../../build/lidar_odom/lidar_odom.egg-info/PKG-INFO
[6.362s] writing dependency_links to ../../build/lidar_odom/lidar_odom.egg-info/dependency_links.txt
[6.362s] writing entry points to ../../build/lidar_odom/lidar_odom.egg-info/entry_points.txt
[6.369s] writing requirements to ../../build/lidar_odom/lidar_odom.egg-info/requires.txt
[6.369s] writing top-level names to ../../build/lidar_odom/lidar_odom.egg-info/top_level.txt
[6.465s] reading manifest file '../../build/lidar_odom/lidar_odom.egg-info/SOURCES.txt'
[6.468s] writing manifest file '../../build/lidar_odom/lidar_odom.egg-info/SOURCES.txt'
[6.470s] running build
[6.470s] running build_py
[6.487s] copying lidar_odom/map_loader.py -> /home/vboxuser/apf_ws/build/lidar_odom/build/lib/lidar_odom
[6.489s] running install
[6.506s] running install_lib
[6.551s] copying /home/vboxuser/apf_ws/build/lidar_odom/build/lib/lidar_odom/map_loader.py -> /home/vboxuser/apf_ws/install/lidar_odom/lib/python3.12/site-packages/lidar_odom
[6.553s] byte-compiling /home/vboxuser/apf_ws/install/lidar_odom/lib/python3.12/site-packages/lidar_odom/map_loader.py to map_loader.cpython-312.pyc
[6.562s] running install_data
[6.563s] running install_egg_info
[6.616s] removing '/home/vboxuser/apf_ws/install/lidar_odom/lib/python3.12/site-packages/lidar_odom-0.0.0-py3.12.egg-info' (and everything under it)
[6.616s] Copying ../../build/lidar_odom/lidar_odom.egg-info to /home/vboxuser/apf_ws/install/lidar_odom/lib/python3.12/site-packages/lidar_odom-0.0.0-py3.12.egg-info
[6.633s] running install_scripts
[6.931s] Installing cmd_robot script to /home/vboxuser/apf_ws/install/lidar_odom/lib/lidar_odom
[6.939s] Installing filter_lidar script to /home/vboxuser/apf_ws/install/lidar_odom/lib/lidar_odom
[6.940s] Installing icp_localization_node script to /home/vboxuser/apf_ws/install/lidar_odom/lib/lidar_odom
[6.941s] Installing icp_mapping script to /home/vboxuser/apf_ws/install/lidar_odom/lib/lidar_odom
[6.942s] Installing logger script to /home/vboxuser/apf_ws/install/lidar_odom/lib/lidar_odom
[6.946s] Installing logger_map script to /home/vboxuser/apf_ws/install/lidar_odom/lib/lidar_odom
[6.948s] Installing map_loader script to /home/vboxuser/apf_ws/install/lidar_odom/lib/lidar_odom
[6.951s] Installing record_lidar script to /home/vboxuser/apf_ws/install/lidar_odom/lib/lidar_odom
[6.952s] writing list of installed files to '/home/vboxuser/apf_ws/build/lidar_odom/install.log'
[7.031s] Invoked command in '/home/vboxuser/apf_ws/src/lidar_odom' returned '0': DEBUGINFOD_URLS=https://debuginfod.ubuntu.com PYTHONPATH=/home/vboxuser/apf_ws/build/lidar_odom/prefix_override:/usr/lib/python3/dist-packages/colcon_core/task/python/colcon_distutils_commands:/home/vboxuser/apf_ws/install/lidar_odom/lib/python3.12/site-packages:${PYTHONPATH} /usr/bin/python3 -W ignore:setup.py install is deprecated -W ignore:easy_install command is deprecated setup.py egg_info --egg-base ../../build/lidar_odom build --build-base /home/vboxuser/apf_ws/build/lidar_odom/build install --record /home/vboxuser/apf_ws/build/lidar_odom/install.log --install-scripts $base/lib/lidar_odom --single-version-externally-managed install_data
