[4.224s] Invoking command in '/home/vboxuser/apf_ws/src/lidar_odom': DEBUGINFOD_URLS=https://debuginfod.ubuntu.com PYTHONPATH=/home/vboxuser/apf_ws/build/lidar_odom/prefix_override:/usr/lib/python3/dist-packages/colcon_core/task/python/colcon_distutils_commands:/home/vboxuser/apf_ws/install/lidar_odom/lib/python3.12/site-packages:${PYTHONPATH} /usr/bin/python3 -W ignore:setup.py install is deprecated -W ignore:easy_install command is deprecated setup.py egg_info --egg-base ../../build/lidar_odom build --build-base /home/vboxuser/apf_ws/build/lidar_odom/build install --record /home/vboxuser/apf_ws/build/lidar_odom/install.log --install-scripts $base/lib/lidar_odom --single-version-externally-managed install_data
[4.815s] running egg_info
[4.837s] writing ../../build/lidar_odom/lidar_odom.egg-info/PKG-INFO
[4.838s] writing dependency_links to ../../build/lidar_odom/lidar_odom.egg-info/dependency_links.txt
[4.841s] writing entry points to ../../build/lidar_odom/lidar_odom.egg-info/entry_points.txt
[4.841s] writing requirements to ../../build/lidar_odom/lidar_odom.egg-info/requires.txt
[4.841s] writing top-level names to ../../build/lidar_odom/lidar_odom.egg-info/top_level.txt
[4.904s] reading manifest file '../../build/lidar_odom/lidar_odom.egg-info/SOURCES.txt'
[4.906s] writing manifest file '../../build/lidar_odom/lidar_odom.egg-info/SOURCES.txt'
[4.908s] running build
[4.908s] running build_py
[4.913s] copying lidar_odom/icp_mapping.py -> /home/vboxuser/apf_ws/build/lidar_odom/build/lib/lidar_odom
[4.913s] running install
[4.919s] running install_lib
[4.948s] copying /home/vboxuser/apf_ws/build/lidar_odom/build/lib/lidar_odom/icp_mapping.py -> /home/vboxuser/apf_ws/install/lidar_odom/lib/python3.12/site-packages/lidar_odom
[4.950s] byte-compiling /home/vboxuser/apf_ws/install/lidar_odom/lib/python3.12/site-packages/lidar_odom/icp_mapping.py to icp_mapping.cpython-312.pyc
[4.973s]   File "/home/vboxuser/apf_ws/install/lidar_odom/lib/python3.12/site-packages/lidar_odom/icp_mapping.py", line 137
[4.974s]     ]
[4.974s]     ^
[4.975s] SyntaxError: closing parenthesis ']' does not match opening parenthesis '(' on line 136
[4.975s] 
[4.976s] running install_data
[4.977s] running install_egg_info
[5.004s] removing '/home/vboxuser/apf_ws/install/lidar_odom/lib/python3.12/site-packages/lidar_odom-0.0.0-py3.12.egg-info' (and everything under it)
[5.005s] Copying ../../build/lidar_odom/lidar_odom.egg-info to /home/vboxuser/apf_ws/install/lidar_odom/lib/python3.12/site-packages/lidar_odom-0.0.0-py3.12.egg-info
[5.008s] running install_scripts
[5.184s] Installing cmd_robot script to /home/vboxuser/apf_ws/install/lidar_odom/lib/lidar_odom
[5.186s] Installing icp_localization_node script to /home/vboxuser/apf_ws/install/lidar_odom/lib/lidar_odom
[5.186s] Installing icp_mapping script to /home/vboxuser/apf_ws/install/lidar_odom/lib/lidar_odom
[5.186s] Installing logger script to /home/vboxuser/apf_ws/install/lidar_odom/lib/lidar_odom
[5.187s] writing list of installed files to '/home/vboxuser/apf_ws/build/lidar_odom/install.log'
[5.237s] Invoked command in '/home/vboxuser/apf_ws/src/lidar_odom' returned '0': DEBUGINFOD_URLS=https://debuginfod.ubuntu.com PYTHONPATH=/home/vboxuser/apf_ws/build/lidar_odom/prefix_override:/usr/lib/python3/dist-packages/colcon_core/task/python/colcon_distutils_commands:/home/vboxuser/apf_ws/install/lidar_odom/lib/python3.12/site-packages:${PYTHONPATH} /usr/bin/python3 -W ignore:setup.py install is deprecated -W ignore:easy_install command is deprecated setup.py egg_info --egg-base ../../build/lidar_odom build --build-base /home/vboxuser/apf_ws/build/lidar_odom/build install --record /home/vboxuser/apf_ws/build/lidar_odom/install.log --install-scripts $base/lib/lidar_odom --single-version-externally-managed install_data
