[2.325s] Invoking command in '/home/vboxuser/apf_ws/src/lidar_odom': DEBUGINFOD_URLS=https://debuginfod.ubuntu.com PYTHONPATH=/home/vboxuser/apf_ws/build/lidar_odom/prefix_override:/usr/lib/python3/dist-packages/colcon_core/task/python/colcon_distutils_commands:/home/vboxuser/apf_ws/install/lidar_odom/lib/python3.12/site-packages:${PYTHONPATH} /usr/bin/python3 -W ignore:setup.py install is deprecated -W ignore:easy_install command is deprecated setup.py egg_info --egg-base ../../build/lidar_odom build --build-base /home/vboxuser/apf_ws/build/lidar_odom/build install --record /home/vboxuser/apf_ws/build/lidar_odom/install.log --install-scripts $base/lib/lidar_odom --single-version-externally-managed install_data
[2.639s] running egg_info
[2.663s] writing ../../build/lidar_odom/lidar_odom.egg-info/PKG-INFO
[2.674s] writing dependency_links to ../../build/lidar_odom/lidar_odom.egg-info/dependency_links.txt
[2.675s] writing entry points to ../../build/lidar_odom/lidar_odom.egg-info/entry_points.txt
[2.675s] writing requirements to ../../build/lidar_odom/lidar_odom.egg-info/requires.txt
[2.676s] writing top-level names to ../../build/lidar_odom/lidar_odom.egg-info/top_level.txt
[2.755s] reading manifest file '../../build/lidar_odom/lidar_odom.egg-info/SOURCES.txt'
[2.758s] writing manifest file '../../build/lidar_odom/lidar_odom.egg-info/SOURCES.txt'
[2.759s] running build
[2.759s] running build_py
[2.760s] copying lidar_odom/icp_mapping.py -> /home/vboxuser/apf_ws/build/lidar_odom/build/lib/lidar_odom
[2.762s] running install
[2.768s] running install_lib
[2.807s] copying /home/vboxuser/apf_ws/build/lidar_odom/build/lib/lidar_odom/icp_mapping.py -> /home/vboxuser/apf_ws/install/lidar_odom/lib/python3.12/site-packages/lidar_odom
[2.807s] byte-compiling /home/vboxuser/apf_ws/install/lidar_odom/lib/python3.12/site-packages/lidar_odom/icp_mapping.py to icp_mapping.cpython-312.pyc
[2.809s] running install_data
[2.810s] running install_egg_info
[2.838s] removing '/home/vboxuser/apf_ws/install/lidar_odom/lib/python3.12/site-packages/lidar_odom-0.0.0-py3.12.egg-info' (and everything under it)
[2.838s] Copying ../../build/lidar_odom/lidar_odom.egg-info to /home/vboxuser/apf_ws/install/lidar_odom/lib/python3.12/site-packages/lidar_odom-0.0.0-py3.12.egg-info
[2.841s] running install_scripts
[3.045s] Installing cmd_robot script to /home/vboxuser/apf_ws/install/lidar_odom/lib/lidar_odom
[3.047s] Installing filter_lidar script to /home/vboxuser/apf_ws/install/lidar_odom/lib/lidar_odom
[3.049s] Installing icp_localization_node script to /home/vboxuser/apf_ws/install/lidar_odom/lib/lidar_odom
[3.050s] Installing icp_mapping script to /home/vboxuser/apf_ws/install/lidar_odom/lib/lidar_odom
[3.051s] Installing logger script to /home/vboxuser/apf_ws/install/lidar_odom/lib/lidar_odom
[3.053s] Installing map_loader script to /home/vboxuser/apf_ws/install/lidar_odom/lib/lidar_odom
[3.053s] Installing record_lidar script to /home/vboxuser/apf_ws/install/lidar_odom/lib/lidar_odom
[3.057s] writing list of installed files to '/home/vboxuser/apf_ws/build/lidar_odom/install.log'
[3.272s] Invoked command in '/home/vboxuser/apf_ws/src/lidar_odom' returned '0': DEBUGINFOD_URLS=https://debuginfod.ubuntu.com PYTHONPATH=/home/vboxuser/apf_ws/build/lidar_odom/prefix_override:/usr/lib/python3/dist-packages/colcon_core/task/python/colcon_distutils_commands:/home/vboxuser/apf_ws/install/lidar_odom/lib/python3.12/site-packages:${PYTHONPATH} /usr/bin/python3 -W ignore:setup.py install is deprecated -W ignore:easy_install command is deprecated setup.py egg_info --egg-base ../../build/lidar_odom build --build-base /home/vboxuser/apf_ws/build/lidar_odom/build install --record /home/vboxuser/apf_ws/build/lidar_odom/install.log --install-scripts $base/lib/lidar_odom --single-version-externally-managed install_data
