[2.204s] Invoking command in '/home/vboxuser/apf_ws/src/lidar_odom': DEBUGINFOD_URLS=https://debuginfod.ubuntu.com PYTHONPATH=/home/vboxuser/apf_ws/build/lidar_odom/prefix_override:/usr/lib/python3/dist-packages/colcon_core/task/python/colcon_distutils_commands:/home/vboxuser/apf_ws/install/lidar_odom/lib/python3.12/site-packages:${PYTHONPATH} /usr/bin/python3 -W ignore:setup.py install is deprecated -W ignore:easy_install command is deprecated setup.py egg_info --egg-base ../../build/lidar_odom build --build-base /home/vboxuser/apf_ws/build/lidar_odom/build install --record /home/vboxuser/apf_ws/build/lidar_odom/install.log --install-scripts $base/lib/lidar_odom --single-version-externally-managed install_data
[2.502s] running egg_info
[2.527s] writing ../../build/lidar_odom/lidar_odom.egg-info/PKG-INFO
[2.527s] writing dependency_links to ../../build/lidar_odom/lidar_odom.egg-info/dependency_links.txt
[2.528s] writing entry points to ../../build/lidar_odom/lidar_odom.egg-info/entry_points.txt
[2.531s] writing requirements to ../../build/lidar_odom/lidar_odom.egg-info/requires.txt
[2.532s] writing top-level names to ../../build/lidar_odom/lidar_odom.egg-info/top_level.txt
[2.583s] reading manifest file '../../build/lidar_odom/lidar_odom.egg-info/SOURCES.txt'
[2.585s] writing manifest file '../../build/lidar_odom/lidar_odom.egg-info/SOURCES.txt'
[2.586s] running build
[2.586s] running build_py
[2.586s] copying lidar_odom/icp_localization_node.py -> /home/vboxuser/apf_ws/build/lidar_odom/build/lib/lidar_odom
[2.587s] running install
[2.594s] running install_lib
[2.624s] copying /home/vboxuser/apf_ws/build/lidar_odom/build/lib/lidar_odom/icp_localization_node.py -> /home/vboxuser/apf_ws/install/lidar_odom/lib/python3.12/site-packages/lidar_odom
[2.625s] byte-compiling /home/vboxuser/apf_ws/install/lidar_odom/lib/python3.12/site-packages/lidar_odom/icp_localization_node.py to icp_localization_node.cpython-312.pyc
[2.633s] running install_data
[2.633s] running install_egg_info
[2.684s] removing '/home/vboxuser/apf_ws/install/lidar_odom/lib/python3.12/site-packages/lidar_odom-0.0.0-py3.12.egg-info' (and everything under it)
[2.684s] Copying ../../build/lidar_odom/lidar_odom.egg-info to /home/vboxuser/apf_ws/install/lidar_odom/lib/python3.12/site-packages/lidar_odom-0.0.0-py3.12.egg-info
[2.685s] running install_scripts
[2.857s] Installing cmd_robot script to /home/vboxuser/apf_ws/install/lidar_odom/lib/lidar_odom
[2.857s] Installing filter_lidar script to /home/vboxuser/apf_ws/install/lidar_odom/lib/lidar_odom
[2.859s] Installing icp_localization_node script to /home/vboxuser/apf_ws/install/lidar_odom/lib/lidar_odom
[2.860s] Installing icp_mapping script to /home/vboxuser/apf_ws/install/lidar_odom/lib/lidar_odom
[2.860s] Installing logger script to /home/vboxuser/apf_ws/install/lidar_odom/lib/lidar_odom
[2.861s] Installing logger_map script to /home/vboxuser/apf_ws/install/lidar_odom/lib/lidar_odom
[2.862s] Installing map_loader script to /home/vboxuser/apf_ws/install/lidar_odom/lib/lidar_odom
[2.863s] Installing record_lidar script to /home/vboxuser/apf_ws/install/lidar_odom/lib/lidar_odom
[2.864s] writing list of installed files to '/home/vboxuser/apf_ws/build/lidar_odom/install.log'
[2.933s] Invoked command in '/home/vboxuser/apf_ws/src/lidar_odom' returned '0': DEBUGINFOD_URLS=https://debuginfod.ubuntu.com PYTHONPATH=/home/vboxuser/apf_ws/build/lidar_odom/prefix_override:/usr/lib/python3/dist-packages/colcon_core/task/python/colcon_distutils_commands:/home/vboxuser/apf_ws/install/lidar_odom/lib/python3.12/site-packages:${PYTHONPATH} /usr/bin/python3 -W ignore:setup.py install is deprecated -W ignore:easy_install command is deprecated setup.py egg_info --egg-base ../../build/lidar_odom build --build-base /home/vboxuser/apf_ws/build/lidar_odom/build install --record /home/vboxuser/apf_ws/build/lidar_odom/install.log --install-scripts $base/lib/lidar_odom --single-version-externally-managed install_data
