[1.059s] Invoking command in '/home/vboxuser/apf_ws/src/lidar_odom': DEBUGINFOD_URLS=https://debuginfod.ubuntu.com PYTHONPATH=/home/vboxuser/apf_ws/build/lidar_odom/prefix_override:/usr/lib/python3/dist-packages/colcon_core/task/python/colcon_distutils_commands:/home/vboxuser/apf_ws/install/lidar_odom/lib/python3.12/site-packages:${PYTHONPATH} /usr/bin/python3 -W ignore:setup.py install is deprecated -W ignore:easy_install command is deprecated setup.py egg_info --egg-base ../../build/lidar_odom build --build-base /home/vboxuser/apf_ws/build/lidar_odom/build install --record /home/vboxuser/apf_ws/build/lidar_odom/install.log --install-scripts $base/lib/lidar_odom --single-version-externally-managed install_data
[1.328s] running egg_info
[1.349s] writing ../../build/lidar_odom/lidar_odom.egg-info/PKG-INFO
[1.351s] writing dependency_links to ../../build/lidar_odom/lidar_odom.egg-info/dependency_links.txt
[1.351s] writing entry points to ../../build/lidar_odom/lidar_odom.egg-info/entry_points.txt
[1.351s] writing requirements to ../../build/lidar_odom/lidar_odom.egg-info/requires.txt
[1.351s] writing top-level names to ../../build/lidar_odom/lidar_odom.egg-info/top_level.txt
[1.391s] reading manifest file '../../build/lidar_odom/lidar_odom.egg-info/SOURCES.txt'
[1.393s] writing manifest file '../../build/lidar_odom/lidar_odom.egg-info/SOURCES.txt'
[1.393s] running build
[1.393s] running build_py
[1.394s] copying lidar_odom/icp_localization_node.py -> /home/vboxuser/apf_ws/build/lidar_odom/build/lib/lidar_odom
[1.395s] copying lidar_odom/logger.py -> /home/vboxuser/apf_ws/build/lidar_odom/build/lib/lidar_odom
[1.395s] running install
[1.401s] running install_lib
[1.421s] copying /home/vboxuser/apf_ws/build/lidar_odom/build/lib/lidar_odom/icp_localization_node.py -> /home/vboxuser/apf_ws/install/lidar_odom/lib/python3.12/site-packages/lidar_odom
[1.422s] copying /home/vboxuser/apf_ws/build/lidar_odom/build/lib/lidar_odom/logger.py -> /home/vboxuser/apf_ws/install/lidar_odom/lib/python3.12/site-packages/lidar_odom
[1.423s] byte-compiling /home/vboxuser/apf_ws/install/lidar_odom/lib/python3.12/site-packages/lidar_odom/icp_localization_node.py to icp_localization_node.cpython-312.pyc
[1.427s] byte-compiling /home/vboxuser/apf_ws/install/lidar_odom/lib/python3.12/site-packages/lidar_odom/logger.py to logger.cpython-312.pyc
[1.428s] running install_data
[1.429s] running install_egg_info
[1.451s] removing '/home/vboxuser/apf_ws/install/lidar_odom/lib/python3.12/site-packages/lidar_odom-0.0.0-py3.12.egg-info' (and everything under it)
[1.453s] Copying ../../build/lidar_odom/lidar_odom.egg-info to /home/vboxuser/apf_ws/install/lidar_odom/lib/python3.12/site-packages/lidar_odom-0.0.0-py3.12.egg-info
[1.455s] running install_scripts
[1.591s] Installing cmd_robot script to /home/vboxuser/apf_ws/install/lidar_odom/lib/lidar_odom
[1.593s] Installing icp_localization_node script to /home/vboxuser/apf_ws/install/lidar_odom/lib/lidar_odom
[1.594s] Installing icp_mapping script to /home/vboxuser/apf_ws/install/lidar_odom/lib/lidar_odom
[1.594s] Installing logger script to /home/vboxuser/apf_ws/install/lidar_odom/lib/lidar_odom
[1.594s] writing list of installed files to '/home/vboxuser/apf_ws/build/lidar_odom/install.log'
[1.622s] Invoked command in '/home/vboxuser/apf_ws/src/lidar_odom' returned '0': DEBUGINFOD_URLS=https://debuginfod.ubuntu.com PYTHONPATH=/home/vboxuser/apf_ws/build/lidar_odom/prefix_override:/usr/lib/python3/dist-packages/colcon_core/task/python/colcon_distutils_commands:/home/vboxuser/apf_ws/install/lidar_odom/lib/python3.12/site-packages:${PYTHONPATH} /usr/bin/python3 -W ignore:setup.py install is deprecated -W ignore:easy_install command is deprecated setup.py egg_info --egg-base ../../build/lidar_odom build --build-base /home/vboxuser/apf_ws/build/lidar_odom/build install --record /home/vboxuser/apf_ws/build/lidar_odom/install.log --install-scripts $base/lib/lidar_odom --single-version-externally-managed install_data
