[1.303s] DEBUG:colcon:Command line arguments: ['/usr/bin/colcon', 'build']
[1.303s] DEBUG:colcon:Parsed command line arguments: Namespace(log_base=None, log_level=None, verb_name='build', build_base='build', install_base='install', merge_install=False, symlink_install=False, test_result_base=None, continue_on_error=False, executor='parallel', parallel_workers=5, event_handlers=None, ignore_user_meta=False, metas=['./colcon.meta'], base_paths=['.'], packages_ignore=None, packages_ignore_regex=None, paths=None, packages_up_to=None, packages_up_to_regex=None, packages_above=None, packages_above_and_dependencies=None, packages_above_depth=None, packages_select_by_dep=None, packages_skip_by_dep=None, packages_skip_up_to=None, packages_select_build_failed=False, packages_skip_build_finished=False, packages_select_test_failures=False, packages_skip_test_passed=False, packages_select=None, packages_skip=None, packages_select_regex=None, packages_skip_regex=None, packages_start=None, packages_end=None, allow_overriding=[], cmake_args=None, cmake_target=None, cmake_target_skip_unavailable=False, cmake_clean_cache=False, cmake_clean_first=False, cmake_force_configure=False, ament_cmake_args=None, catkin_cmake_args=None, catkin_skip_building_tests=False, mixin_files=None, mixin=None, verb_parser=<colcon_mixin.mixin.mixin_argument.MixinArgumentDecorator object at 0x77bac455ee10>, verb_extension=<colcon_core.verb.build.BuildVerb object at 0x77bac473a660>, main=<bound method BuildVerb.main of <colcon_core.verb.build.BuildVerb object at 0x77bac473a660>>, mixin_verb=('build',))
[1.498s] Level 1:colcon.colcon_core.package_discovery:discover_packages(colcon_meta) check parameters
[1.498s] Level 1:colcon.colcon_core.package_discovery:discover_packages(recursive) check parameters
[1.498s] Level 1:colcon.colcon_core.package_discovery:discover_packages(ignore) check parameters
[1.498s] Level 1:colcon.colcon_core.package_discovery:discover_packages(path) check parameters
[1.498s] Level 1:colcon.colcon_core.package_discovery:discover_packages(colcon_meta) discover
[1.499s] Level 1:colcon.colcon_core.package_discovery:discover_packages(recursive) discover
[1.499s] INFO:colcon.colcon_core.package_discovery:Crawling recursively for packages in '/home/vboxuser/apf_ws'
[1.499s] Level 1:colcon.colcon_core.package_identification:_identify(.) by extensions ['ignore', 'ignore_ament_install']
[1.499s] Level 1:colcon.colcon_core.package_identification:_identify(.) by extension 'ignore'
[1.499s] Level 1:colcon.colcon_core.package_identification:_identify(.) by extension 'ignore_ament_install'
[1.499s] Level 1:colcon.colcon_core.package_identification:_identify(.) by extensions ['colcon_pkg']
[1.499s] Level 1:colcon.colcon_core.package_identification:_identify(.) by extension 'colcon_pkg'
[1.499s] Level 1:colcon.colcon_core.package_identification:_identify(.) by extensions ['colcon_meta']
[1.499s] Level 1:colcon.colcon_core.package_identification:_identify(.) by extension 'colcon_meta'
[1.499s] Level 1:colcon.colcon_core.package_identification:_identify(.) by extensions ['ros']
[1.499s] Level 1:colcon.colcon_core.package_identification:_identify(.) by extension 'ros'
[1.598s] Level 1:colcon.colcon_core.package_identification:_identify(.) by extensions ['cmake', 'python']
[1.598s] Level 1:colcon.colcon_core.package_identification:_identify(.) by extension 'cmake'
[1.598s] Level 1:colcon.colcon_core.package_identification:_identify(.) by extension 'python'
[1.598s] Level 1:colcon.colcon_core.package_identification:_identify(.) by extensions ['python_setup_py']
[1.598s] Level 1:colcon.colcon_core.package_identification:_identify(.) by extension 'python_setup_py'
[1.599s] Level 1:colcon.colcon_core.package_identification:_identify(build) by extensions ['ignore', 'ignore_ament_install']
[1.599s] Level 1:colcon.colcon_core.package_identification:_identify(build) by extension 'ignore'
[1.599s] Level 1:colcon.colcon_core.package_identification:_identify(build) ignored
[1.599s] Level 1:colcon.colcon_core.package_identification:_identify(install) by extensions ['ignore', 'ignore_ament_install']
[1.600s] Level 1:colcon.colcon_core.package_identification:_identify(install) by extension 'ignore'
[1.600s] Level 1:colcon.colcon_core.package_identification:_identify(install) ignored
[1.600s] Level 1:colcon.colcon_core.package_identification:_identify(log) by extensions ['ignore', 'ignore_ament_install']
[1.600s] Level 1:colcon.colcon_core.package_identification:_identify(log) by extension 'ignore'
[1.600s] Level 1:colcon.colcon_core.package_identification:_identify(log) ignored
[1.601s] Level 1:colcon.colcon_core.package_identification:_identify(my_logs) by extensions ['ignore', 'ignore_ament_install']
[1.601s] Level 1:colcon.colcon_core.package_identification:_identify(my_logs) by extension 'ignore'
[1.601s] Level 1:colcon.colcon_core.package_identification:_identify(my_logs) by extension 'ignore_ament_install'
[1.602s] Level 1:colcon.colcon_core.package_identification:_identify(my_logs) by extensions ['colcon_pkg']
[1.602s] Level 1:colcon.colcon_core.package_identification:_identify(my_logs) by extension 'colcon_pkg'
[1.602s] Level 1:colcon.colcon_core.package_identification:_identify(my_logs) by extensions ['colcon_meta']
[1.602s] Level 1:colcon.colcon_core.package_identification:_identify(my_logs) by extension 'colcon_meta'
[1.602s] Level 1:colcon.colcon_core.package_identification:_identify(my_logs) by extensions ['ros']
[1.602s] Level 1:colcon.colcon_core.package_identification:_identify(my_logs) by extension 'ros'
[1.602s] Level 1:colcon.colcon_core.package_identification:_identify(my_logs) by extensions ['cmake', 'python']
[1.602s] Level 1:colcon.colcon_core.package_identification:_identify(my_logs) by extension 'cmake'
[1.602s] Level 1:colcon.colcon_core.package_identification:_identify(my_logs) by extension 'python'
[1.602s] Level 1:colcon.colcon_core.package_identification:_identify(my_logs) by extensions ['python_setup_py']
[1.602s] Level 1:colcon.colcon_core.package_identification:_identify(my_logs) by extension 'python_setup_py'
[1.603s] Level 1:colcon.colcon_core.package_identification:_identify(my_logs/apf_pkg_logs) by extensions ['ignore', 'ignore_ament_install']
[1.603s] Level 1:colcon.colcon_core.package_identification:_identify(my_logs/apf_pkg_logs) by extension 'ignore'
[1.603s] Level 1:colcon.colcon_core.package_identification:_identify(my_logs/apf_pkg_logs) by extension 'ignore_ament_install'
[1.603s] Level 1:colcon.colcon_core.package_identification:_identify(my_logs/apf_pkg_logs) by extensions ['colcon_pkg']
[1.603s] Level 1:colcon.colcon_core.package_identification:_identify(my_logs/apf_pkg_logs) by extension 'colcon_pkg'
[1.603s] Level 1:colcon.colcon_core.package_identification:_identify(my_logs/apf_pkg_logs) by extensions ['colcon_meta']
[1.603s] Level 1:colcon.colcon_core.package_identification:_identify(my_logs/apf_pkg_logs) by extension 'colcon_meta'
[1.603s] Level 1:colcon.colcon_core.package_identification:_identify(my_logs/apf_pkg_logs) by extensions ['ros']
[1.603s] Level 1:colcon.colcon_core.package_identification:_identify(my_logs/apf_pkg_logs) by extension 'ros'
[1.603s] Level 1:colcon.colcon_core.package_identification:_identify(my_logs/apf_pkg_logs) by extensions ['cmake', 'python']
[1.603s] Level 1:colcon.colcon_core.package_identification:_identify(my_logs/apf_pkg_logs) by extension 'cmake'
[1.604s] Level 1:colcon.colcon_core.package_identification:_identify(my_logs/apf_pkg_logs) by extension 'python'
[1.604s] Level 1:colcon.colcon_core.package_identification:_identify(my_logs/apf_pkg_logs) by extensions ['python_setup_py']
[1.604s] Level 1:colcon.colcon_core.package_identification:_identify(my_logs/apf_pkg_logs) by extension 'python_setup_py'
[1.604s] Level 1:colcon.colcon_core.package_identification:_identify(src) by extensions ['ignore', 'ignore_ament_install']
[1.604s] Level 1:colcon.colcon_core.package_identification:_identify(src) by extension 'ignore'
[1.604s] Level 1:colcon.colcon_core.package_identification:_identify(src) by extension 'ignore_ament_install'
[1.604s] Level 1:colcon.colcon_core.package_identification:_identify(src) by extensions ['colcon_pkg']
[1.604s] Level 1:colcon.colcon_core.package_identification:_identify(src) by extension 'colcon_pkg'
[1.604s] Level 1:colcon.colcon_core.package_identification:_identify(src) by extensions ['colcon_meta']
[1.604s] Level 1:colcon.colcon_core.package_identification:_identify(src) by extension 'colcon_meta'
[1.604s] Level 1:colcon.colcon_core.package_identification:_identify(src) by extensions ['ros']
[1.604s] Level 1:colcon.colcon_core.package_identification:_identify(src) by extension 'ros'
[1.604s] Level 1:colcon.colcon_core.package_identification:_identify(src) by extensions ['cmake', 'python']
[1.604s] Level 1:colcon.colcon_core.package_identification:_identify(src) by extension 'cmake'
[1.604s] Level 1:colcon.colcon_core.package_identification:_identify(src) by extension 'python'
[1.604s] Level 1:colcon.colcon_core.package_identification:_identify(src) by extensions ['python_setup_py']
[1.604s] Level 1:colcon.colcon_core.package_identification:_identify(src) by extension 'python_setup_py'
[1.605s] Level 1:colcon.colcon_core.package_identification:_identify(src/apf_pkg) by extensions ['ignore', 'ignore_ament_install']
[1.605s] Level 1:colcon.colcon_core.package_identification:_identify(src/apf_pkg) by extension 'ignore'
[1.605s] Level 1:colcon.colcon_core.package_identification:_identify(src/apf_pkg) by extension 'ignore_ament_install'
[1.605s] Level 1:colcon.colcon_core.package_identification:_identify(src/apf_pkg) by extensions ['colcon_pkg']
[1.605s] Level 1:colcon.colcon_core.package_identification:_identify(src/apf_pkg) by extension 'colcon_pkg'
[1.605s] Level 1:colcon.colcon_core.package_identification:_identify(src/apf_pkg) by extensions ['colcon_meta']
[1.605s] Level 1:colcon.colcon_core.package_identification:_identify(src/apf_pkg) by extension 'colcon_meta'
[1.605s] Level 1:colcon.colcon_core.package_identification:_identify(src/apf_pkg) by extensions ['ros']
[1.605s] Level 1:colcon.colcon_core.package_identification:_identify(src/apf_pkg) by extension 'ros'
[1.614s] DEBUG:colcon.colcon_core.package_identification:Package 'src/apf_pkg' with type 'ros.ament_python' and name 'apf_pkg'
[1.614s] Level 1:colcon.colcon_core.package_identification:_identify(src/ekf_pkg) by extensions ['ignore', 'ignore_ament_install']
[1.614s] Level 1:colcon.colcon_core.package_identification:_identify(src/ekf_pkg) by extension 'ignore'
[1.614s] Level 1:colcon.colcon_core.package_identification:_identify(src/ekf_pkg) by extension 'ignore_ament_install'
[1.614s] Level 1:colcon.colcon_core.package_identification:_identify(src/ekf_pkg) by extensions ['colcon_pkg']
[1.614s] Level 1:colcon.colcon_core.package_identification:_identify(src/ekf_pkg) by extension 'colcon_pkg'
[1.614s] Level 1:colcon.colcon_core.package_identification:_identify(src/ekf_pkg) by extensions ['colcon_meta']
[1.614s] Level 1:colcon.colcon_core.package_identification:_identify(src/ekf_pkg) by extension 'colcon_meta'
[1.614s] Level 1:colcon.colcon_core.package_identification:_identify(src/ekf_pkg) by extensions ['ros']
[1.614s] Level 1:colcon.colcon_core.package_identification:_identify(src/ekf_pkg) by extension 'ros'
[1.616s] DEBUG:colcon.colcon_core.package_identification:Package 'src/ekf_pkg' with type 'ros.ament_python' and name 'ekf_pkg'
[1.617s] Level 1:colcon.colcon_core.package_identification:_identify(src/lidar_odom) by extensions ['ignore', 'ignore_ament_install']
[1.617s] Level 1:colcon.colcon_core.package_identification:_identify(src/lidar_odom) by extension 'ignore'
[1.617s] Level 1:colcon.colcon_core.package_identification:_identify(src/lidar_odom) by extension 'ignore_ament_install'
[1.617s] Level 1:colcon.colcon_core.package_identification:_identify(src/lidar_odom) by extensions ['colcon_pkg']
[1.617s] Level 1:colcon.colcon_core.package_identification:_identify(src/lidar_odom) by extension 'colcon_pkg'
[1.617s] Level 1:colcon.colcon_core.package_identification:_identify(src/lidar_odom) by extensions ['colcon_meta']
[1.617s] Level 1:colcon.colcon_core.package_identification:_identify(src/lidar_odom) by extension 'colcon_meta'
[1.617s] Level 1:colcon.colcon_core.package_identification:_identify(src/lidar_odom) by extensions ['ros']
[1.617s] Level 1:colcon.colcon_core.package_identification:_identify(src/lidar_odom) by extension 'ros'
[1.619s] DEBUG:colcon.colcon_core.package_identification:Package 'src/lidar_odom' with type 'ros.ament_python' and name 'lidar_odom'
[1.619s] Level 1:colcon.colcon_core.package_identification:_identify(src/odom_cmd) by extensions ['ignore', 'ignore_ament_install']
[1.620s] Level 1:colcon.colcon_core.package_identification:_identify(src/odom_cmd) by extension 'ignore'
[1.620s] Level 1:colcon.colcon_core.package_identification:_identify(src/odom_cmd) by extension 'ignore_ament_install'
[1.620s] Level 1:colcon.colcon_core.package_identification:_identify(src/odom_cmd) by extensions ['colcon_pkg']
[1.620s] Level 1:colcon.colcon_core.package_identification:_identify(src/odom_cmd) by extension 'colcon_pkg'
[1.620s] Level 1:colcon.colcon_core.package_identification:_identify(src/odom_cmd) by extensions ['colcon_meta']
[1.620s] Level 1:colcon.colcon_core.package_identification:_identify(src/odom_cmd) by extension 'colcon_meta'
[1.620s] Level 1:colcon.colcon_core.package_identification:_identify(src/odom_cmd) by extensions ['ros']
[1.620s] Level 1:colcon.colcon_core.package_identification:_identify(src/odom_cmd) by extension 'ros'
[1.622s] DEBUG:colcon.colcon_core.package_identification:Package 'src/odom_cmd' with type 'ros.ament_python' and name 'odom_cmd'
[1.622s] Level 1:colcon.colcon_core.package_discovery:discover_packages(recursive) using defaults
[1.623s] Level 1:colcon.colcon_core.package_discovery:discover_packages(ignore) discover
[1.623s] Level 1:colcon.colcon_core.package_discovery:discover_packages(ignore) using defaults
[1.623s] Level 1:colcon.colcon_core.package_discovery:discover_packages(path) discover
[1.623s] Level 1:colcon.colcon_core.package_discovery:discover_packages(path) using defaults
[1.699s] Level 1:colcon.colcon_core.package_discovery:discover_packages(prefix_path) check parameters
[1.699s] Level 1:colcon.colcon_core.package_discovery:discover_packages(prefix_path) discover
[1.748s] DEBUG:colcon.colcon_installed_package_information.package_discovery:Found 4 installed packages in /home/vboxuser/apf_ws/install
[1.752s] DEBUG:colcon.colcon_installed_package_information.package_discovery:Found 1 installed packages in /home/vboxuser/myturtlebot_ws/install
[1.794s] DEBUG:colcon.colcon_installed_package_information.package_discovery:Found 15 installed packages in /home/vboxuser/turtlebot3_ws/install
[1.804s] DEBUG:colcon.colcon_installed_package_information.package_discovery:Found 497 installed packages in /opt/ros/jazzy
[1.807s] Level 1:colcon.colcon_core.package_discovery:discover_packages(prefix_path) using defaults
[2.444s] Level 5:colcon.colcon_core.verb:set package 'apf_pkg' build argument 'cmake_args' from command line to 'None'
[2.444s] Level 5:colcon.colcon_core.verb:set package 'apf_pkg' build argument 'cmake_target' from command line to 'None'
[2.444s] Level 5:colcon.colcon_core.verb:set package 'apf_pkg' build argument 'cmake_target_skip_unavailable' from command line to 'False'
[2.444s] Level 5:colcon.colcon_core.verb:set package 'apf_pkg' build argument 'cmake_clean_cache' from command line to 'False'
[2.444s] Level 5:colcon.colcon_core.verb:set package 'apf_pkg' build argument 'cmake_clean_first' from command line to 'False'
[2.444s] Level 5:colcon.colcon_core.verb:set package 'apf_pkg' build argument 'cmake_force_configure' from command line to 'False'
[2.444s] Level 5:colcon.colcon_core.verb:set package 'apf_pkg' build argument 'ament_cmake_args' from command line to 'None'
[2.444s] Level 5:colcon.colcon_core.verb:set package 'apf_pkg' build argument 'catkin_cmake_args' from command line to 'None'
[2.444s] Level 5:colcon.colcon_core.verb:set package 'apf_pkg' build argument 'catkin_skip_building_tests' from command line to 'False'
[2.444s] DEBUG:colcon.colcon_core.verb:Building package 'apf_pkg' with the following arguments: {'ament_cmake_args': None, 'build_base': '/home/vboxuser/apf_ws/build/apf_pkg', 'catkin_cmake_args': None, 'catkin_skip_building_tests': False, 'cmake_args': None, 'cmake_clean_cache': False, 'cmake_clean_first': False, 'cmake_force_configure': False, 'cmake_target': None, 'cmake_target_skip_unavailable': False, 'install_base': '/home/vboxuser/apf_ws/install/apf_pkg', 'merge_install': False, 'path': '/home/vboxuser/apf_ws/src/apf_pkg', 'symlink_install': False, 'test_result_base': None}
[2.444s] Level 5:colcon.colcon_core.verb:set package 'ekf_pkg' build argument 'cmake_args' from command line to 'None'
[2.445s] Level 5:colcon.colcon_core.verb:set package 'ekf_pkg' build argument 'cmake_target' from command line to 'None'
[2.445s] Level 5:colcon.colcon_core.verb:set package 'ekf_pkg' build argument 'cmake_target_skip_unavailable' from command line to 'False'
[2.445s] Level 5:colcon.colcon_core.verb:set package 'ekf_pkg' build argument 'cmake_clean_cache' from command line to 'False'
[2.445s] Level 5:colcon.colcon_core.verb:set package 'ekf_pkg' build argument 'cmake_clean_first' from command line to 'False'
[2.445s] Level 5:colcon.colcon_core.verb:set package 'ekf_pkg' build argument 'cmake_force_configure' from command line to 'False'
[2.445s] Level 5:colcon.colcon_core.verb:set package 'ekf_pkg' build argument 'ament_cmake_args' from command line to 'None'
[2.445s] Level 5:colcon.colcon_core.verb:set package 'ekf_pkg' build argument 'catkin_cmake_args' from command line to 'None'
[2.445s] Level 5:colcon.colcon_core.verb:set package 'ekf_pkg' build argument 'catkin_skip_building_tests' from command line to 'False'
[2.445s] DEBUG:colcon.colcon_core.verb:Building package 'ekf_pkg' with the following arguments: {'ament_cmake_args': None, 'build_base': '/home/vboxuser/apf_ws/build/ekf_pkg', 'catkin_cmake_args': None, 'catkin_skip_building_tests': False, 'cmake_args': None, 'cmake_clean_cache': False, 'cmake_clean_first': False, 'cmake_force_configure': False, 'cmake_target': None, 'cmake_target_skip_unavailable': False, 'install_base': '/home/vboxuser/apf_ws/install/ekf_pkg', 'merge_install': False, 'path': '/home/vboxuser/apf_ws/src/ekf_pkg', 'symlink_install': False, 'test_result_base': None}
[2.445s] Level 5:colcon.colcon_core.verb:set package 'lidar_odom' build argument 'cmake_args' from command line to 'None'
[2.445s] Level 5:colcon.colcon_core.verb:set package 'lidar_odom' build argument 'cmake_target' from command line to 'None'
[2.445s] Level 5:colcon.colcon_core.verb:set package 'lidar_odom' build argument 'cmake_target_skip_unavailable' from command line to 'False'
[2.445s] Level 5:colcon.colcon_core.verb:set package 'lidar_odom' build argument 'cmake_clean_cache' from command line to 'False'
[2.445s] Level 5:colcon.colcon_core.verb:set package 'lidar_odom' build argument 'cmake_clean_first' from command line to 'False'
[2.445s] Level 5:colcon.colcon_core.verb:set package 'lidar_odom' build argument 'cmake_force_configure' from command line to 'False'
[2.445s] Level 5:colcon.colcon_core.verb:set package 'lidar_odom' build argument 'ament_cmake_args' from command line to 'None'
[2.445s] Level 5:colcon.colcon_core.verb:set package 'lidar_odom' build argument 'catkin_cmake_args' from command line to 'None'
[2.445s] Level 5:colcon.colcon_core.verb:set package 'lidar_odom' build argument 'catkin_skip_building_tests' from command line to 'False'
[2.445s] DEBUG:colcon.colcon_core.verb:Building package 'lidar_odom' with the following arguments: {'ament_cmake_args': None, 'build_base': '/home/vboxuser/apf_ws/build/lidar_odom', 'catkin_cmake_args': None, 'catkin_skip_building_tests': False, 'cmake_args': None, 'cmake_clean_cache': False, 'cmake_clean_first': False, 'cmake_force_configure': False, 'cmake_target': None, 'cmake_target_skip_unavailable': False, 'install_base': '/home/vboxuser/apf_ws/install/lidar_odom', 'merge_install': False, 'path': '/home/vboxuser/apf_ws/src/lidar_odom', 'symlink_install': False, 'test_result_base': None}
[2.445s] Level 5:colcon.colcon_core.verb:set package 'odom_cmd' build argument 'cmake_args' from command line to 'None'
[2.445s] Level 5:colcon.colcon_core.verb:set package 'odom_cmd' build argument 'cmake_target' from command line to 'None'
[2.445s] Level 5:colcon.colcon_core.verb:set package 'odom_cmd' build argument 'cmake_target_skip_unavailable' from command line to 'False'
[2.445s] Level 5:colcon.colcon_core.verb:set package 'odom_cmd' build argument 'cmake_clean_cache' from command line to 'False'
[2.445s] Level 5:colcon.colcon_core.verb:set package 'odom_cmd' build argument 'cmake_clean_first' from command line to 'False'
[2.445s] Level 5:colcon.colcon_core.verb:set package 'odom_cmd' build argument 'cmake_force_configure' from command line to 'False'
[2.445s] Level 5:colcon.colcon_core.verb:set package 'odom_cmd' build argument 'ament_cmake_args' from command line to 'None'
[2.445s] Level 5:colcon.colcon_core.verb:set package 'odom_cmd' build argument 'catkin_cmake_args' from command line to 'None'
[2.445s] Level 5:colcon.colcon_core.verb:set package 'odom_cmd' build argument 'catkin_skip_building_tests' from command line to 'False'
[2.445s] DEBUG:colcon.colcon_core.verb:Building package 'odom_cmd' with the following arguments: {'ament_cmake_args': None, 'build_base': '/home/vboxuser/apf_ws/build/odom_cmd', 'catkin_cmake_args': None, 'catkin_skip_building_tests': False, 'cmake_args': None, 'cmake_clean_cache': False, 'cmake_clean_first': False, 'cmake_force_configure': False, 'cmake_target': None, 'cmake_target_skip_unavailable': False, 'install_base': '/home/vboxuser/apf_ws/install/odom_cmd', 'merge_install': False, 'path': '/home/vboxuser/apf_ws/src/odom_cmd', 'symlink_install': False, 'test_result_base': None}
[2.446s] INFO:colcon.colcon_core.executor:Executing jobs using 'parallel' executor
[2.447s] DEBUG:colcon.colcon_parallel_executor.executor.parallel:run_until_complete
[2.448s] INFO:colcon.colcon_ros.task.ament_python.build:Building ROS package in '/home/vboxuser/apf_ws/src/apf_pkg' with build type 'ament_python'
[2.448s] Level 1:colcon.colcon_core.shell:create_environment_hook('apf_pkg', 'ament_prefix_path')
[2.466s] INFO:colcon.colcon_core.plugin_system:Skipping extension 'colcon_core.shell.bat': Not used on non-Windows systems
[2.467s] INFO:colcon.colcon_core.shell:Creating environment hook '/home/vboxuser/apf_ws/install/apf_pkg/share/apf_pkg/hook/ament_prefix_path.ps1'
[2.469s] INFO:colcon.colcon_core.shell:Creating environment descriptor '/home/vboxuser/apf_ws/install/apf_pkg/share/apf_pkg/hook/ament_prefix_path.dsv'
[2.472s] INFO:colcon.colcon_core.shell:Creating environment hook '/home/vboxuser/apf_ws/install/apf_pkg/share/apf_pkg/hook/ament_prefix_path.sh'
[2.474s] INFO:colcon.colcon_core.shell:Skip shell extension 'powershell' for command environment: Not usable outside of PowerShell
[2.474s] DEBUG:colcon.colcon_core.shell:Skip shell extension 'dsv' for command environment
[2.482s] INFO:colcon.colcon_ros.task.ament_python.build:Building ROS package in '/home/vboxuser/apf_ws/src/ekf_pkg' with build type 'ament_python'
[2.483s] Level 1:colcon.colcon_core.shell:create_environment_hook('ekf_pkg', 'ament_prefix_path')
[2.483s] INFO:colcon.colcon_core.shell:Creating environment hook '/home/vboxuser/apf_ws/install/ekf_pkg/share/ekf_pkg/hook/ament_prefix_path.ps1'
[2.484s] INFO:colcon.colcon_core.shell:Creating environment descriptor '/home/vboxuser/apf_ws/install/ekf_pkg/share/ekf_pkg/hook/ament_prefix_path.dsv'
[2.484s] INFO:colcon.colcon_core.shell:Creating environment hook '/home/vboxuser/apf_ws/install/ekf_pkg/share/ekf_pkg/hook/ament_prefix_path.sh'
[2.485s] INFO:colcon.colcon_core.shell:Skip shell extension 'powershell' for command environment: Not usable outside of PowerShell
[2.485s] DEBUG:colcon.colcon_core.shell:Skip shell extension 'dsv' for command environment
[2.493s] INFO:colcon.colcon_ros.task.ament_python.build:Building ROS package in '/home/vboxuser/apf_ws/src/lidar_odom' with build type 'ament_python'
[2.493s] Level 1:colcon.colcon_core.shell:create_environment_hook('lidar_odom', 'ament_prefix_path')
[2.493s] INFO:colcon.colcon_core.shell:Creating environment hook '/home/vboxuser/apf_ws/install/lidar_odom/share/lidar_odom/hook/ament_prefix_path.ps1'
[2.495s] INFO:colcon.colcon_core.shell:Creating environment descriptor '/home/vboxuser/apf_ws/install/lidar_odom/share/lidar_odom/hook/ament_prefix_path.dsv'
[2.497s] INFO:colcon.colcon_core.shell:Creating environment hook '/home/vboxuser/apf_ws/install/lidar_odom/share/lidar_odom/hook/ament_prefix_path.sh'
[2.498s] INFO:colcon.colcon_core.shell:Skip shell extension 'powershell' for command environment: Not usable outside of PowerShell
[2.498s] DEBUG:colcon.colcon_core.shell:Skip shell extension 'dsv' for command environment
[2.506s] INFO:colcon.colcon_ros.task.ament_python.build:Building ROS package in '/home/vboxuser/apf_ws/src/odom_cmd' with build type 'ament_python'
[2.506s] Level 1:colcon.colcon_core.shell:create_environment_hook('odom_cmd', 'ament_prefix_path')
[2.507s] INFO:colcon.colcon_core.shell:Creating environment hook '/home/vboxuser/apf_ws/install/odom_cmd/share/odom_cmd/hook/ament_prefix_path.ps1'
[2.508s] INFO:colcon.colcon_core.shell:Creating environment descriptor '/home/vboxuser/apf_ws/install/odom_cmd/share/odom_cmd/hook/ament_prefix_path.dsv'
[2.509s] INFO:colcon.colcon_core.shell:Creating environment hook '/home/vboxuser/apf_ws/install/odom_cmd/share/odom_cmd/hook/ament_prefix_path.sh'
[2.511s] INFO:colcon.colcon_core.shell:Skip shell extension 'powershell' for command environment: Not usable outside of PowerShell
[2.511s] DEBUG:colcon.colcon_core.shell:Skip shell extension 'dsv' for command environment
[3.318s] INFO:colcon.colcon_core.task.python.build:Building Python package in '/home/vboxuser/apf_ws/src/apf_pkg'
[3.318s] INFO:colcon.colcon_core.shell:Skip shell extension 'powershell' for command environment: Not usable outside of PowerShell
[3.318s] DEBUG:colcon.colcon_core.shell:Skip shell extension 'dsv' for command environment
[3.818s] INFO:colcon.colcon_core.task.python.build:Building Python package in '/home/vboxuser/apf_ws/src/ekf_pkg'
[3.819s] INFO:colcon.colcon_core.shell:Skip shell extension 'powershell' for command environment: Not usable outside of PowerShell
[3.819s] DEBUG:colcon.colcon_core.shell:Skip shell extension 'dsv' for command environment
[4.210s] INFO:colcon.colcon_core.task.python.build:Building Python package in '/home/vboxuser/apf_ws/src/lidar_odom'
[4.211s] INFO:colcon.colcon_core.shell:Skip shell extension 'powershell' for command environment: Not usable outside of PowerShell
[4.211s] DEBUG:colcon.colcon_core.shell:Skip shell extension 'dsv' for command environment
[4.597s] INFO:colcon.colcon_core.task.python.build:Building Python package in '/home/vboxuser/apf_ws/src/odom_cmd'
[4.597s] INFO:colcon.colcon_core.shell:Skip shell extension 'powershell' for command environment: Not usable outside of PowerShell
[4.597s] DEBUG:colcon.colcon_core.shell:Skip shell extension 'dsv' for command environment
[6.411s] DEBUG:colcon.colcon_core.task.python.build:Available setuptools commands: bdist_egg, install_egg_info, bdist, build, egg_info, install_scripts, build_ext, upload_docs, install_lib, sdist, extract_messages, build_py, symlink_data, test, clean, compile_catalog, dist_info, init_catalog, setopt, install, build_scripts, bdist_dumb, build_clib, editable_wheel, update_catalog, check, rotate, easy_install, saveopts, register, bdist_rpm, install_headers, install_data, alias, upload, develop
[6.426s] DEBUG:colcon.colcon_core.event_handler.log_command:Invoking command in '/home/vboxuser/apf_ws/src/odom_cmd': DEBUGINFOD_URLS=https://debuginfod.ubuntu.com PYTHONPATH=/home/vboxuser/apf_ws/build/odom_cmd/prefix_override:/usr/lib/python3/dist-packages/colcon_core/task/python/colcon_distutils_commands:/home/vboxuser/apf_ws/install/odom_cmd/lib/python3.12/site-packages:${PYTHONPATH} /usr/bin/python3 -W ignore:setup.py install is deprecated -W ignore:easy_install command is deprecated setup.py egg_info --egg-base ../../build/odom_cmd build --build-base /home/vboxuser/apf_ws/build/odom_cmd/build install --record /home/vboxuser/apf_ws/build/odom_cmd/install.log --install-scripts $base/lib/odom_cmd --single-version-externally-managed install_data
[6.444s] DEBUG:colcon.colcon_core.task.python.build:Available setuptools commands: bdist_egg, install_egg_info, bdist, build, egg_info, install_scripts, build_ext, upload_docs, install_lib, sdist, extract_messages, build_py, symlink_data, test, clean, compile_catalog, dist_info, init_catalog, setopt, install, build_scripts, bdist_dumb, build_clib, editable_wheel, update_catalog, check, rotate, easy_install, saveopts, register, bdist_rpm, install_headers, install_data, alias, upload, develop
[6.446s] DEBUG:colcon.colcon_core.task.python.build:Available setuptools commands: bdist_egg, install_egg_info, bdist, build, egg_info, install_scripts, build_ext, upload_docs, install_lib, sdist, extract_messages, build_py, symlink_data, test, clean, compile_catalog, dist_info, init_catalog, setopt, install, build_scripts, bdist_dumb, build_clib, editable_wheel, update_catalog, check, rotate, easy_install, saveopts, register, bdist_rpm, install_headers, install_data, alias, upload, develop
[6.449s] DEBUG:colcon.colcon_core.task.python.build:Available setuptools commands: bdist_egg, install_egg_info, bdist, build, egg_info, install_scripts, build_ext, upload_docs, install_lib, sdist, extract_messages, build_py, symlink_data, test, clean, compile_catalog, dist_info, init_catalog, setopt, install, build_scripts, bdist_dumb, build_clib, editable_wheel, update_catalog, check, rotate, easy_install, saveopts, register, bdist_rpm, install_headers, install_data, alias, upload, develop
[6.450s] DEBUG:colcon.colcon_core.event_handler.log_command:Invoking command in '/home/vboxuser/apf_ws/src/apf_pkg': DEBUGINFOD_URLS=https://debuginfod.ubuntu.com PYTHONPATH=/home/vboxuser/apf_ws/build/apf_pkg/prefix_override:/usr/lib/python3/dist-packages/colcon_core/task/python/colcon_distutils_commands:/home/vboxuser/apf_ws/install/apf_pkg/lib/python3.12/site-packages:${PYTHONPATH} /usr/bin/python3 -W ignore:setup.py install is deprecated -W ignore:easy_install command is deprecated setup.py egg_info --egg-base ../../build/apf_pkg build --build-base /home/vboxuser/apf_ws/build/apf_pkg/build install --record /home/vboxuser/apf_ws/build/apf_pkg/install.log --install-scripts $base/lib/apf_pkg --single-version-externally-managed install_data
[6.451s] DEBUG:colcon.colcon_core.event_handler.log_command:Invoking command in '/home/vboxuser/apf_ws/src/lidar_odom': DEBUGINFOD_URLS=https://debuginfod.ubuntu.com PYTHONPATH=/home/vboxuser/apf_ws/build/lidar_odom/prefix_override:/usr/lib/python3/dist-packages/colcon_core/task/python/colcon_distutils_commands:/home/vboxuser/apf_ws/install/lidar_odom/lib/python3.12/site-packages:${PYTHONPATH} /usr/bin/python3 -W ignore:setup.py install is deprecated -W ignore:easy_install command is deprecated setup.py egg_info --egg-base ../../build/lidar_odom build --build-base /home/vboxuser/apf_ws/build/lidar_odom/build install --record /home/vboxuser/apf_ws/build/lidar_odom/install.log --install-scripts $base/lib/lidar_odom --single-version-externally-managed install_data
[6.453s] DEBUG:colcon.colcon_core.event_handler.log_command:Invoking command in '/home/vboxuser/apf_ws/src/ekf_pkg': DEBUGINFOD_URLS=https://debuginfod.ubuntu.com PYTHONPATH=/home/vboxuser/apf_ws/build/ekf_pkg/prefix_override:/usr/lib/python3/dist-packages/colcon_core/task/python/colcon_distutils_commands:/home/vboxuser/apf_ws/install/ekf_pkg/lib/python3.12/site-packages:${PYTHONPATH} /usr/bin/python3 -W ignore:setup.py install is deprecated -W ignore:easy_install command is deprecated setup.py egg_info --egg-base ../../build/ekf_pkg build --build-base /home/vboxuser/apf_ws/build/ekf_pkg/build install --record /home/vboxuser/apf_ws/build/ekf_pkg/install.log --install-scripts $base/lib/ekf_pkg --single-version-externally-managed install_data
[7.070s] DEBUG:colcon.colcon_core.event_handler.log_command:Invoked command in '/home/vboxuser/apf_ws/src/odom_cmd' returned '0': DEBUGINFOD_URLS=https://debuginfod.ubuntu.com PYTHONPATH=/home/vboxuser/apf_ws/build/odom_cmd/prefix_override:/usr/lib/python3/dist-packages/colcon_core/task/python/colcon_distutils_commands:/home/vboxuser/apf_ws/install/odom_cmd/lib/python3.12/site-packages:${PYTHONPATH} /usr/bin/python3 -W ignore:setup.py install is deprecated -W ignore:easy_install command is deprecated setup.py egg_info --egg-base ../../build/odom_cmd build --build-base /home/vboxuser/apf_ws/build/odom_cmd/build install --record /home/vboxuser/apf_ws/build/odom_cmd/install.log --install-scripts $base/lib/odom_cmd --single-version-externally-managed install_data
[7.091s] Level 1:colcon.colcon_core.environment:checking '/home/vboxuser/apf_ws/install/odom_cmd' for CMake module files
[7.095s] Level 1:colcon.colcon_core.environment:checking '/home/vboxuser/apf_ws/install/odom_cmd' for CMake config files
[7.101s] Level 1:colcon.colcon_core.environment:checking '/home/vboxuser/apf_ws/install/odom_cmd/lib'
[7.101s] Level 1:colcon.colcon_core.environment:checking '/home/vboxuser/apf_ws/install/odom_cmd/bin'
[7.101s] Level 1:colcon.colcon_core.environment:checking '/home/vboxuser/apf_ws/install/odom_cmd/lib/pkgconfig/odom_cmd.pc'
[7.102s] Level 1:colcon.colcon_core.environment:checking '/home/vboxuser/apf_ws/install/odom_cmd/lib/python3.12/site-packages'
[7.102s] Level 1:colcon.colcon_core.shell:create_environment_hook('odom_cmd', 'pythonpath')
[7.102s] INFO:colcon.colcon_core.shell:Creating environment hook '/home/vboxuser/apf_ws/install/odom_cmd/share/odom_cmd/hook/pythonpath.ps1'
[7.103s] INFO:colcon.colcon_core.shell:Creating environment descriptor '/home/vboxuser/apf_ws/install/odom_cmd/share/odom_cmd/hook/pythonpath.dsv'
[7.103s] INFO:colcon.colcon_core.shell:Creating environment hook '/home/vboxuser/apf_ws/install/odom_cmd/share/odom_cmd/hook/pythonpath.sh'
[7.104s] Level 1:colcon.colcon_core.environment:checking '/home/vboxuser/apf_ws/install/odom_cmd/bin'
[7.104s] Level 1:colcon.colcon_core.environment:create_environment_scripts_only(odom_cmd)
[7.105s] INFO:colcon.colcon_core.shell:Creating package script '/home/vboxuser/apf_ws/install/odom_cmd/share/odom_cmd/package.ps1'
[7.107s] INFO:colcon.colcon_core.shell:Creating package descriptor '/home/vboxuser/apf_ws/install/odom_cmd/share/odom_cmd/package.dsv'
[7.108s] INFO:colcon.colcon_core.shell:Creating package script '/home/vboxuser/apf_ws/install/odom_cmd/share/odom_cmd/package.sh'
[7.109s] INFO:colcon.colcon_core.shell:Creating package script '/home/vboxuser/apf_ws/install/odom_cmd/share/odom_cmd/package.bash'
[7.111s] INFO:colcon.colcon_core.shell:Creating package script '/home/vboxuser/apf_ws/install/odom_cmd/share/odom_cmd/package.zsh'
[7.112s] Level 1:colcon.colcon_core.environment:create_file_with_runtime_dependencies(/home/vboxuser/apf_ws/install/odom_cmd/share/colcon-core/packages/odom_cmd)
[7.115s] Level 1:colcon.colcon_core.environment:checking '/home/vboxuser/apf_ws/install/apf_pkg' for CMake module files
[7.119s] DEBUG:colcon.colcon_core.event_handler.log_command:Invoked command in '/home/vboxuser/apf_ws/src/apf_pkg' returned '0': DEBUGINFOD_URLS=https://debuginfod.ubuntu.com PYTHONPATH=/home/vboxuser/apf_ws/build/apf_pkg/prefix_override:/usr/lib/python3/dist-packages/colcon_core/task/python/colcon_distutils_commands:/home/vboxuser/apf_ws/install/apf_pkg/lib/python3.12/site-packages:${PYTHONPATH} /usr/bin/python3 -W ignore:setup.py install is deprecated -W ignore:easy_install command is deprecated setup.py egg_info --egg-base ../../build/apf_pkg build --build-base /home/vboxuser/apf_ws/build/apf_pkg/build install --record /home/vboxuser/apf_ws/build/apf_pkg/install.log --install-scripts $base/lib/apf_pkg --single-version-externally-managed install_data
[7.123s] Level 1:colcon.colcon_core.environment:checking '/home/vboxuser/apf_ws/install/apf_pkg' for CMake config files
[7.129s] Level 1:colcon.colcon_core.environment:checking '/home/vboxuser/apf_ws/install/apf_pkg/lib'
[7.129s] Level 1:colcon.colcon_core.environment:checking '/home/vboxuser/apf_ws/install/apf_pkg/bin'
[7.129s] Level 1:colcon.colcon_core.environment:checking '/home/vboxuser/apf_ws/install/apf_pkg/lib/pkgconfig/apf_pkg.pc'
[7.129s] Level 1:colcon.colcon_core.environment:checking '/home/vboxuser/apf_ws/install/apf_pkg/lib/python3.12/site-packages'
[7.129s] Level 1:colcon.colcon_core.shell:create_environment_hook('apf_pkg', 'pythonpath')
[7.130s] INFO:colcon.colcon_core.shell:Creating environment hook '/home/vboxuser/apf_ws/install/apf_pkg/share/apf_pkg/hook/pythonpath.ps1'
[7.130s] INFO:colcon.colcon_core.shell:Creating environment descriptor '/home/vboxuser/apf_ws/install/apf_pkg/share/apf_pkg/hook/pythonpath.dsv'
[7.131s] INFO:colcon.colcon_core.shell:Creating environment hook '/home/vboxuser/apf_ws/install/apf_pkg/share/apf_pkg/hook/pythonpath.sh'
[7.132s] Level 1:colcon.colcon_core.environment:checking '/home/vboxuser/apf_ws/install/apf_pkg/bin'
[7.132s] Level 1:colcon.colcon_core.environment:create_environment_scripts_only(apf_pkg)
[7.132s] INFO:colcon.colcon_core.shell:Creating package script '/home/vboxuser/apf_ws/install/apf_pkg/share/apf_pkg/package.ps1'
[7.132s] INFO:colcon.colcon_core.shell:Creating package descriptor '/home/vboxuser/apf_ws/install/apf_pkg/share/apf_pkg/package.dsv'
[7.133s] INFO:colcon.colcon_core.shell:Creating package script '/home/vboxuser/apf_ws/install/apf_pkg/share/apf_pkg/package.sh'
[7.134s] INFO:colcon.colcon_core.shell:Creating package script '/home/vboxuser/apf_ws/install/apf_pkg/share/apf_pkg/package.bash'
[7.134s] INFO:colcon.colcon_core.shell:Creating package script '/home/vboxuser/apf_ws/install/apf_pkg/share/apf_pkg/package.zsh'
[7.134s] Level 1:colcon.colcon_core.environment:create_file_with_runtime_dependencies(/home/vboxuser/apf_ws/install/apf_pkg/share/colcon-core/packages/apf_pkg)
[7.135s] Level 1:colcon.colcon_core.environment:checking '/home/vboxuser/apf_ws/install/ekf_pkg' for CMake module files
[7.137s] DEBUG:colcon.colcon_core.event_handler.log_command:Invoked command in '/home/vboxuser/apf_ws/src/ekf_pkg' returned '0': DEBUGINFOD_URLS=https://debuginfod.ubuntu.com PYTHONPATH=/home/vboxuser/apf_ws/build/ekf_pkg/prefix_override:/usr/lib/python3/dist-packages/colcon_core/task/python/colcon_distutils_commands:/home/vboxuser/apf_ws/install/ekf_pkg/lib/python3.12/site-packages:${PYTHONPATH} /usr/bin/python3 -W ignore:setup.py install is deprecated -W ignore:easy_install command is deprecated setup.py egg_info --egg-base ../../build/ekf_pkg build --build-base /home/vboxuser/apf_ws/build/ekf_pkg/build install --record /home/vboxuser/apf_ws/build/ekf_pkg/install.log --install-scripts $base/lib/ekf_pkg --single-version-externally-managed install_data
[7.139s] Level 1:colcon.colcon_core.environment:checking '/home/vboxuser/apf_ws/install/ekf_pkg' for CMake config files
[7.139s] Level 1:colcon.colcon_core.environment:checking '/home/vboxuser/apf_ws/install/ekf_pkg/lib'
[7.139s] Level 1:colcon.colcon_core.environment:checking '/home/vboxuser/apf_ws/install/ekf_pkg/bin'
[7.139s] Level 1:colcon.colcon_core.environment:checking '/home/vboxuser/apf_ws/install/ekf_pkg/lib/pkgconfig/ekf_pkg.pc'
[7.140s] Level 1:colcon.colcon_core.environment:checking '/home/vboxuser/apf_ws/install/ekf_pkg/lib/python3.12/site-packages'
[7.140s] Level 1:colcon.colcon_core.shell:create_environment_hook('ekf_pkg', 'pythonpath')
[7.140s] INFO:colcon.colcon_core.shell:Creating environment hook '/home/vboxuser/apf_ws/install/ekf_pkg/share/ekf_pkg/hook/pythonpath.ps1'
[7.141s] INFO:colcon.colcon_core.shell:Creating environment descriptor '/home/vboxuser/apf_ws/install/ekf_pkg/share/ekf_pkg/hook/pythonpath.dsv'
[7.141s] INFO:colcon.colcon_core.shell:Creating environment hook '/home/vboxuser/apf_ws/install/ekf_pkg/share/ekf_pkg/hook/pythonpath.sh'
[7.141s] Level 1:colcon.colcon_core.environment:checking '/home/vboxuser/apf_ws/install/ekf_pkg/bin'
[7.141s] Level 1:colcon.colcon_core.environment:create_environment_scripts_only(ekf_pkg)
[7.142s] INFO:colcon.colcon_core.shell:Creating package script '/home/vboxuser/apf_ws/install/ekf_pkg/share/ekf_pkg/package.ps1'
[7.143s] INFO:colcon.colcon_core.shell:Creating package descriptor '/home/vboxuser/apf_ws/install/ekf_pkg/share/ekf_pkg/package.dsv'
[7.143s] INFO:colcon.colcon_core.shell:Creating package script '/home/vboxuser/apf_ws/install/ekf_pkg/share/ekf_pkg/package.sh'
[7.144s] INFO:colcon.colcon_core.shell:Creating package script '/home/vboxuser/apf_ws/install/ekf_pkg/share/ekf_pkg/package.bash'
[7.144s] INFO:colcon.colcon_core.shell:Creating package script '/home/vboxuser/apf_ws/install/ekf_pkg/share/ekf_pkg/package.zsh'
[7.145s] Level 1:colcon.colcon_core.environment:create_file_with_runtime_dependencies(/home/vboxuser/apf_ws/install/ekf_pkg/share/colcon-core/packages/ekf_pkg)
[7.148s] Level 1:colcon.colcon_core.environment:checking '/home/vboxuser/apf_ws/install/lidar_odom' for CMake module files
[7.149s] DEBUG:colcon.colcon_core.event_handler.log_command:Invoked command in '/home/vboxuser/apf_ws/src/lidar_odom' returned '0': DEBUGINFOD_URLS=https://debuginfod.ubuntu.com PYTHONPATH=/home/vboxuser/apf_ws/build/lidar_odom/prefix_override:/usr/lib/python3/dist-packages/colcon_core/task/python/colcon_distutils_commands:/home/vboxuser/apf_ws/install/lidar_odom/lib/python3.12/site-packages:${PYTHONPATH} /usr/bin/python3 -W ignore:setup.py install is deprecated -W ignore:easy_install command is deprecated setup.py egg_info --egg-base ../../build/lidar_odom build --build-base /home/vboxuser/apf_ws/build/lidar_odom/build install --record /home/vboxuser/apf_ws/build/lidar_odom/install.log --install-scripts $base/lib/lidar_odom --single-version-externally-managed install_data
[7.150s] Level 1:colcon.colcon_core.environment:checking '/home/vboxuser/apf_ws/install/lidar_odom' for CMake config files
[7.155s] Level 1:colcon.colcon_core.environment:checking '/home/vboxuser/apf_ws/install/lidar_odom/lib'
[7.155s] Level 1:colcon.colcon_core.environment:checking '/home/vboxuser/apf_ws/install/lidar_odom/bin'
[7.155s] Level 1:colcon.colcon_core.environment:checking '/home/vboxuser/apf_ws/install/lidar_odom/lib/pkgconfig/lidar_odom.pc'
[7.155s] Level 1:colcon.colcon_core.environment:checking '/home/vboxuser/apf_ws/install/lidar_odom/lib/python3.12/site-packages'
[7.156s] Level 1:colcon.colcon_core.shell:create_environment_hook('lidar_odom', 'pythonpath')
[7.156s] INFO:colcon.colcon_core.shell:Creating environment hook '/home/vboxuser/apf_ws/install/lidar_odom/share/lidar_odom/hook/pythonpath.ps1'
[7.156s] INFO:colcon.colcon_core.shell:Creating environment descriptor '/home/vboxuser/apf_ws/install/lidar_odom/share/lidar_odom/hook/pythonpath.dsv'
[7.157s] INFO:colcon.colcon_core.shell:Creating environment hook '/home/vboxuser/apf_ws/install/lidar_odom/share/lidar_odom/hook/pythonpath.sh'
[7.157s] Level 1:colcon.colcon_core.environment:checking '/home/vboxuser/apf_ws/install/lidar_odom/bin'
[7.158s] Level 1:colcon.colcon_core.environment:create_environment_scripts_only(lidar_odom)
[7.158s] INFO:colcon.colcon_core.shell:Creating package script '/home/vboxuser/apf_ws/install/lidar_odom/share/lidar_odom/package.ps1'
[7.158s] INFO:colcon.colcon_core.shell:Creating package descriptor '/home/vboxuser/apf_ws/install/lidar_odom/share/lidar_odom/package.dsv'
[7.159s] INFO:colcon.colcon_core.shell:Creating package script '/home/vboxuser/apf_ws/install/lidar_odom/share/lidar_odom/package.sh'
[7.159s] INFO:colcon.colcon_core.shell:Creating package script '/home/vboxuser/apf_ws/install/lidar_odom/share/lidar_odom/package.bash'
[7.160s] INFO:colcon.colcon_core.shell:Creating package script '/home/vboxuser/apf_ws/install/lidar_odom/share/lidar_odom/package.zsh'
[7.160s] Level 1:colcon.colcon_core.environment:create_file_with_runtime_dependencies(/home/vboxuser/apf_ws/install/lidar_odom/share/colcon-core/packages/lidar_odom)
[7.160s] DEBUG:colcon.colcon_parallel_executor.executor.parallel:closing loop
[7.161s] DEBUG:colcon.colcon_parallel_executor.executor.parallel:loop closed
[7.161s] DEBUG:colcon.colcon_parallel_executor.executor.parallel:run_until_complete finished with '0'
[7.161s] DEBUG:colcon.colcon_core.event_reactor:joining thread
[7.216s] INFO:colcon.colcon_core.plugin_system:Skipping extension 'colcon_notification.desktop_notification.terminal_notifier': Not used on non-Darwin systems
[7.216s] INFO:colcon.colcon_core.plugin_system:Skipping extension 'colcon_notification.desktop_notification.win32': Not used on non-Windows systems
[7.217s] INFO:colcon.colcon_notification.desktop_notification:Sending desktop notification using 'notify2'
[7.332s] DEBUG:colcon.colcon_core.event_reactor:joined thread
[7.333s] INFO:colcon.colcon_core.shell:Creating prefix script '/home/vboxuser/apf_ws/install/local_setup.ps1'
[7.335s] INFO:colcon.colcon_core.shell:Creating prefix util module '/home/vboxuser/apf_ws/install/_local_setup_util_ps1.py'
[7.337s] INFO:colcon.colcon_core.shell:Creating prefix chain script '/home/vboxuser/apf_ws/install/setup.ps1'
[7.340s] INFO:colcon.colcon_core.shell:Creating prefix script '/home/vboxuser/apf_ws/install/local_setup.sh'
[7.341s] INFO:colcon.colcon_core.shell:Creating prefix util module '/home/vboxuser/apf_ws/install/_local_setup_util_sh.py'
[7.342s] INFO:colcon.colcon_core.shell:Creating prefix chain script '/home/vboxuser/apf_ws/install/setup.sh'
[7.344s] INFO:colcon.colcon_core.shell:Creating prefix script '/home/vboxuser/apf_ws/install/local_setup.bash'
[7.347s] INFO:colcon.colcon_core.shell:Creating prefix chain script '/home/vboxuser/apf_ws/install/setup.bash'
[7.349s] INFO:colcon.colcon_core.shell:Creating prefix script '/home/vboxuser/apf_ws/install/local_setup.zsh'
[7.352s] INFO:colcon.colcon_core.shell:Creating prefix chain script '/home/vboxuser/apf_ws/install/setup.zsh'
