[5.731s] Invoking command in '/home/vboxuser/apf_ws/src/odom_cmd': DEBUGINFOD_URLS=https://debuginfod.ubuntu.com PYTHONPATH=/home/vboxuser/apf_ws/build/odom_cmd/prefix_override:/usr/lib/python3/dist-packages/colcon_core/task/python/colcon_distutils_commands:/home/vboxuser/apf_ws/install/odom_cmd/lib/python3.12/site-packages:${PYTHONPATH} /usr/bin/python3 -W ignore:setup.py install is deprecated -W ignore:easy_install command is deprecated setup.py egg_info --egg-base ../../build/odom_cmd build --build-base /home/vboxuser/apf_ws/build/odom_cmd/build install --record /home/vboxuser/apf_ws/build/odom_cmd/install.log --install-scripts $base/lib/odom_cmd --single-version-externally-managed install_data
[6.299s] running egg_info
[6.324s] writing ../../build/odom_cmd/odom_cmd.egg-info/PKG-INFO
[6.329s] writing dependency_links to ../../build/odom_cmd/odom_cmd.egg-info/dependency_links.txt
[6.332s] writing entry points to ../../build/odom_cmd/odom_cmd.egg-info/entry_points.txt
[6.333s] writing requirements to ../../build/odom_cmd/odom_cmd.egg-info/requires.txt
[6.335s] writing top-level names to ../../build/odom_cmd/odom_cmd.egg-info/top_level.txt
[6.442s] reading manifest file '../../build/odom_cmd/odom_cmd.egg-info/SOURCES.txt'
[6.449s] writing manifest file '../../build/odom_cmd/odom_cmd.egg-info/SOURCES.txt'
[6.449s] running build
[6.449s] running build_py
[6.457s] running install
[6.478s] running install_lib
[6.534s] running install_data
[6.535s] running install_egg_info
[6.584s] removing '/home/vboxuser/apf_ws/install/odom_cmd/lib/python3.12/site-packages/odom_cmd-0.0.0-py3.12.egg-info' (and everything under it)
[6.590s] Copying ../../build/odom_cmd/odom_cmd.egg-info to /home/vboxuser/apf_ws/install/odom_cmd/lib/python3.12/site-packages/odom_cmd-0.0.0-py3.12.egg-info
[6.593s] running install_scripts
[6.951s] Installing cmd_robot script to /home/vboxuser/apf_ws/install/odom_cmd/lib/odom_cmd
[6.976s] Installing cmd_robot_path script to /home/vboxuser/apf_ws/install/odom_cmd/lib/odom_cmd
[6.978s] Installing logger script to /home/vboxuser/apf_ws/install/odom_cmd/lib/odom_cmd
[6.981s] writing list of installed files to '/home/vboxuser/apf_ws/build/odom_cmd/install.log'
[7.211s] Invoked command in '/home/vboxuser/apf_ws/src/odom_cmd' returned '0': DEBUGINFOD_URLS=https://debuginfod.ubuntu.com PYTHONPATH=/home/vboxuser/apf_ws/build/odom_cmd/prefix_override:/usr/lib/python3/dist-packages/colcon_core/task/python/colcon_distutils_commands:/home/vboxuser/apf_ws/install/odom_cmd/lib/python3.12/site-packages:${PYTHONPATH} /usr/bin/python3 -W ignore:setup.py install is deprecated -W ignore:easy_install command is deprecated setup.py egg_info --egg-base ../../build/odom_cmd build --build-base /home/vboxuser/apf_ws/build/odom_cmd/build install --record /home/vboxuser/apf_ws/build/odom_cmd/install.log --install-scripts $base/lib/odom_cmd --single-version-externally-managed install_data
