[5.205s] Invoking command in '/home/vboxuser/apf_ws/src/robot_bringup': DEBUGINFOD_URLS=https://debuginfod.ubuntu.com PYTHONPATH=/home/vboxuser/apf_ws/build/robot_bringup/prefix_override:/usr/lib/python3/dist-packages/colcon_core/task/python/colcon_distutils_commands:/home/vboxuser/apf_ws/install/robot_bringup/lib/python3.12/site-packages:${PYTHONPATH} /usr/bin/python3 -W ignore:setup.py install is deprecated -W ignore:easy_install command is deprecated setup.py egg_info --egg-base ../../build/robot_bringup build --build-base /home/vboxuser/apf_ws/build/robot_bringup/build install --record /home/vboxuser/apf_ws/build/robot_bringup/install.log --install-scripts $base/lib/robot_bringup --single-version-externally-managed install_data
[5.754s] running egg_info
[5.803s] writing ../../build/robot_bringup/robot_bringup.egg-info/PKG-INFO
[5.814s] writing dependency_links to ../../build/robot_bringup/robot_bringup.egg-info/dependency_links.txt
[5.814s] writing requirements to ../../build/robot_bringup/robot_bringup.egg-info/requires.txt
[5.814s] writing top-level names to ../../build/robot_bringup/robot_bringup.egg-info/top_level.txt
[5.892s] reading manifest file '../../build/robot_bringup/robot_bringup.egg-info/SOURCES.txt'
[5.919s] writing manifest file '../../build/robot_bringup/robot_bringup.egg-info/SOURCES.txt'
[5.920s] running build
[5.920s] running build_py
[5.925s] running install
[5.945s] running install_lib
[6.020s] running install_data
[6.020s] copying launch/bringup_cmd.launch.py -> /home/vboxuser/apf_ws/install/robot_bringup/share/robot_bringup/launch
[6.020s] copying launch/start_cmd.launch.py -> /home/vboxuser/apf_ws/install/robot_bringup/share/robot_bringup/launch
[6.020s] running install_egg_info
[6.089s] removing '/home/vboxuser/apf_ws/install/robot_bringup/lib/python3.12/site-packages/robot_bringup-0.0.0-py3.12.egg-info' (and everything under it)
[6.092s] Copying ../../build/robot_bringup/robot_bringup.egg-info to /home/vboxuser/apf_ws/install/robot_bringup/lib/python3.12/site-packages/robot_bringup-0.0.0-py3.12.egg-info
[6.094s] running install_scripts
[6.492s] writing list of installed files to '/home/vboxuser/apf_ws/build/robot_bringup/install.log'
[6.552s] Invoked command in '/home/vboxuser/apf_ws/src/robot_bringup' returned '0': DEBUGINFOD_URLS=https://debuginfod.ubuntu.com PYTHONPATH=/home/vboxuser/apf_ws/build/robot_bringup/prefix_override:/usr/lib/python3/dist-packages/colcon_core/task/python/colcon_distutils_commands:/home/vboxuser/apf_ws/install/robot_bringup/lib/python3.12/site-packages:${PYTHONPATH} /usr/bin/python3 -W ignore:setup.py install is deprecated -W ignore:easy_install command is deprecated setup.py egg_info --egg-base ../../build/robot_bringup build --build-base /home/vboxuser/apf_ws/build/robot_bringup/build install --record /home/vboxuser/apf_ws/build/robot_bringup/install.log --install-scripts $base/lib/robot_bringup --single-version-externally-managed install_data
