[8.074s] Invoking command in '/home/vboxuser/apf_ws/src/lidar_odom': DEBUGINFOD_URLS=https://debuginfod.ubuntu.com PYTHONPATH=/home/vboxuser/apf_ws/build/lidar_odom/prefix_override:/usr/lib/python3/dist-packages/colcon_core/task/python/colcon_distutils_commands:/home/vboxuser/apf_ws/install/lidar_odom/lib/python3.12/site-packages:${PYTHONPATH} /usr/bin/python3 -W ignore:setup.py install is deprecated -W ignore:easy_install command is deprecated setup.py egg_info --egg-base ../../build/lidar_odom build --build-base /home/vboxuser/apf_ws/build/lidar_odom/build install --record /home/vboxuser/apf_ws/build/lidar_odom/install.log --install-scripts $base/lib/lidar_odom --single-version-externally-managed install_data
[8.595s] running egg_info
[8.633s] writing ../../build/lidar_odom/lidar_odom.egg-info/PKG-INFO
[8.637s] writing dependency_links to ../../build/lidar_odom/lidar_odom.egg-info/dependency_links.txt
[8.638s] writing entry points to ../../build/lidar_odom/lidar_odom.egg-info/entry_points.txt
[8.638s] writing requirements to ../../build/lidar_odom/lidar_odom.egg-info/requires.txt
[8.639s] writing top-level names to ../../build/lidar_odom/lidar_odom.egg-info/top_level.txt
[8.717s] reading manifest file '../../build/lidar_odom/lidar_odom.egg-info/SOURCES.txt'
[8.726s] writing manifest file '../../build/lidar_odom/lidar_odom.egg-info/SOURCES.txt'
[8.726s] running build
[8.726s] running build_py
[8.726s] running install
[8.735s] running install_lib
[8.797s] running install_data
[8.800s] running install_egg_info
[8.854s] removing '/home/vboxuser/apf_ws/install/lidar_odom/lib/python3.12/site-packages/lidar_odom-0.0.0-py3.12.egg-info' (and everything under it)
[8.861s] Copying ../../build/lidar_odom/lidar_odom.egg-info to /home/vboxuser/apf_ws/install/lidar_odom/lib/python3.12/site-packages/lidar_odom-0.0.0-py3.12.egg-info
[8.861s] running install_scripts
[9.105s] Installing cmd_robot script to /home/vboxuser/apf_ws/install/lidar_odom/lib/lidar_odom
[9.108s] Installing filter_lidar script to /home/vboxuser/apf_ws/install/lidar_odom/lib/lidar_odom
[9.109s] Installing icp_localization_node script to /home/vboxuser/apf_ws/install/lidar_odom/lib/lidar_odom
[9.115s] Installing icp_mapping script to /home/vboxuser/apf_ws/install/lidar_odom/lib/lidar_odom
[9.118s] Installing logger script to /home/vboxuser/apf_ws/install/lidar_odom/lib/lidar_odom
[9.121s] Installing map_loader script to /home/vboxuser/apf_ws/install/lidar_odom/lib/lidar_odom
[9.121s] Installing record_lidar script to /home/vboxuser/apf_ws/install/lidar_odom/lib/lidar_odom
[9.122s] writing list of installed files to '/home/vboxuser/apf_ws/build/lidar_odom/install.log'
[9.311s] Invoked command in '/home/vboxuser/apf_ws/src/lidar_odom' returned '0': DEBUGINFOD_URLS=https://debuginfod.ubuntu.com PYTHONPATH=/home/vboxuser/apf_ws/build/lidar_odom/prefix_override:/usr/lib/python3/dist-packages/colcon_core/task/python/colcon_distutils_commands:/home/vboxuser/apf_ws/install/lidar_odom/lib/python3.12/site-packages:${PYTHONPATH} /usr/bin/python3 -W ignore:setup.py install is deprecated -W ignore:easy_install command is deprecated setup.py egg_info --egg-base ../../build/lidar_odom build --build-base /home/vboxuser/apf_ws/build/lidar_odom/build install --record /home/vboxuser/apf_ws/build/lidar_odom/install.log --install-scripts $base/lib/lidar_odom --single-version-externally-managed install_data
