[5.455s] Invoking command in '/home/vboxuser/apf_ws/src/lidar_odom': DEBUGINFOD_URLS=https://debuginfod.ubuntu.com PYTHONPATH=/home/vboxuser/apf_ws/build/lidar_odom/prefix_override:/usr/lib/python3/dist-packages/colcon_core/task/python/colcon_distutils_commands:/home/vboxuser/apf_ws/install/lidar_odom/lib/python3.12/site-packages:${PYTHONPATH} /usr/bin/python3 -W ignore:setup.py install is deprecated -W ignore:easy_install command is deprecated setup.py egg_info --egg-base ../../build/lidar_odom build --build-base /home/vboxuser/apf_ws/build/lidar_odom/build install --record /home/vboxuser/apf_ws/build/lidar_odom/install.log --install-scripts $base/lib/lidar_odom --single-version-externally-managed install_data
[5.957s] running egg_info
[5.992s] writing ../../build/lidar_odom/lidar_odom.egg-info/PKG-INFO
[5.993s] writing dependency_links to ../../build/lidar_odom/lidar_odom.egg-info/dependency_links.txt
[5.995s] writing entry points to ../../build/lidar_odom/lidar_odom.egg-info/entry_points.txt
[5.998s] writing requirements to ../../build/lidar_odom/lidar_odom.egg-info/requires.txt
[6.000s] writing top-level names to ../../build/lidar_odom/lidar_odom.egg-info/top_level.txt
[6.106s] reading manifest file '../../build/lidar_odom/lidar_odom.egg-info/SOURCES.txt'
[6.110s] writing manifest file '../../build/lidar_odom/lidar_odom.egg-info/SOURCES.txt'
[6.117s] running build
[6.117s] running build_py
[6.117s] copying lidar_odom/filter_lidar.py -> /home/vboxuser/apf_ws/build/lidar_odom/build/lib/lidar_odom
[6.118s] running install
[6.125s] running install_lib
[6.191s] copying /home/vboxuser/apf_ws/build/lidar_odom/build/lib/lidar_odom/filter_lidar.py -> /home/vboxuser/apf_ws/install/lidar_odom/lib/python3.12/site-packages/lidar_odom
[6.191s] byte-compiling /home/vboxuser/apf_ws/install/lidar_odom/lib/python3.12/site-packages/lidar_odom/filter_lidar.py to filter_lidar.cpython-312.pyc
[6.191s] running install_data
[6.191s] running install_egg_info
[6.254s] removing '/home/vboxuser/apf_ws/install/lidar_odom/lib/python3.12/site-packages/lidar_odom-0.0.0-py3.12.egg-info' (and everything under it)
[6.254s] Copying ../../build/lidar_odom/lidar_odom.egg-info to /home/vboxuser/apf_ws/install/lidar_odom/lib/python3.12/site-packages/lidar_odom-0.0.0-py3.12.egg-info
[6.258s] running install_scripts
[6.566s] Installing cmd_robot script to /home/vboxuser/apf_ws/install/lidar_odom/lib/lidar_odom
[6.571s] Installing filter_lidar script to /home/vboxuser/apf_ws/install/lidar_odom/lib/lidar_odom
[6.572s] Installing icp_localization_node script to /home/vboxuser/apf_ws/install/lidar_odom/lib/lidar_odom
[6.573s] Installing icp_mapping script to /home/vboxuser/apf_ws/install/lidar_odom/lib/lidar_odom
[6.574s] Installing logger script to /home/vboxuser/apf_ws/install/lidar_odom/lib/lidar_odom
[6.574s] Installing map_loader script to /home/vboxuser/apf_ws/install/lidar_odom/lib/lidar_odom
[6.577s] Installing record_lidar script to /home/vboxuser/apf_ws/install/lidar_odom/lib/lidar_odom
[6.577s] writing list of installed files to '/home/vboxuser/apf_ws/build/lidar_odom/install.log'
[6.612s] Invoked command in '/home/vboxuser/apf_ws/src/lidar_odom' returned '0': DEBUGINFOD_URLS=https://debuginfod.ubuntu.com PYTHONPATH=/home/vboxuser/apf_ws/build/lidar_odom/prefix_override:/usr/lib/python3/dist-packages/colcon_core/task/python/colcon_distutils_commands:/home/vboxuser/apf_ws/install/lidar_odom/lib/python3.12/site-packages:${PYTHONPATH} /usr/bin/python3 -W ignore:setup.py install is deprecated -W ignore:easy_install command is deprecated setup.py egg_info --egg-base ../../build/lidar_odom build --build-base /home/vboxuser/apf_ws/build/lidar_odom/build install --record /home/vboxuser/apf_ws/build/lidar_odom/install.log --install-scripts $base/lib/lidar_odom --single-version-externally-managed install_data
