[14.023s] Invoking command in '/home/vboxuser/apf_ws/src/ekf_pkg': DEBUGINFOD_URLS=https://debuginfod.ubuntu.com PYTHONPATH=/home/vboxuser/apf_ws/build/ekf_pkg/prefix_override:/usr/lib/python3/dist-packages/colcon_core/task/python/colcon_distutils_commands:/home/vboxuser/apf_ws/install/ekf_pkg/lib/python3.12/site-packages:${PYTHONPATH} /usr/bin/python3 -W ignore:setup.py install is deprecated -W ignore:easy_install command is deprecated setup.py egg_info --egg-base ../../build/ekf_pkg build --build-base /home/vboxuser/apf_ws/build/ekf_pkg/build install --record /home/vboxuser/apf_ws/build/ekf_pkg/install.log --install-scripts $base/lib/ekf_pkg --single-version-externally-managed install_data
[14.686s] running egg_info
[14.741s] writing ../../build/ekf_pkg/ekf_pkg.egg-info/PKG-INFO
[14.747s] writing dependency_links to ../../build/ekf_pkg/ekf_pkg.egg-info/dependency_links.txt
[14.750s] writing entry points to ../../build/ekf_pkg/ekf_pkg.egg-info/entry_points.txt
[14.751s] writing requirements to ../../build/ekf_pkg/ekf_pkg.egg-info/requires.txt
[14.753s] writing top-level names to ../../build/ekf_pkg/ekf_pkg.egg-info/top_level.txt
[14.905s] reading manifest file '../../build/ekf_pkg/ekf_pkg.egg-info/SOURCES.txt'
[14.912s] writing manifest file '../../build/ekf_pkg/ekf_pkg.egg-info/SOURCES.txt'
[14.914s] running build
[14.915s] running build_py
[14.930s] running install
[14.942s] running install_lib
[15.020s] running install_data
[15.021s] running install_egg_info
[15.082s] removing '/home/vboxuser/apf_ws/install/ekf_pkg/lib/python3.12/site-packages/ekf_pkg-0.0.0-py3.12.egg-info' (and everything under it)
[15.087s] Copying ../../build/ekf_pkg/ekf_pkg.egg-info to /home/vboxuser/apf_ws/install/ekf_pkg/lib/python3.12/site-packages/ekf_pkg-0.0.0-py3.12.egg-info
[15.088s] running install_scripts
[15.546s] Installing ekf_node script to /home/vboxuser/apf_ws/install/ekf_pkg/lib/ekf_pkg
[15.549s] Installing ekf_with_mapping script to /home/vboxuser/apf_ws/install/ekf_pkg/lib/ekf_pkg
[15.551s] Installing logger script to /home/vboxuser/apf_ws/install/ekf_pkg/lib/ekf_pkg
[15.562s] Installing logger_map script to /home/vboxuser/apf_ws/install/ekf_pkg/lib/ekf_pkg
[15.563s] writing list of installed files to '/home/vboxuser/apf_ws/build/ekf_pkg/install.log'
[15.684s] Invoked command in '/home/vboxuser/apf_ws/src/ekf_pkg' returned '0': DEBUGINFOD_URLS=https://debuginfod.ubuntu.com PYTHONPATH=/home/vboxuser/apf_ws/build/ekf_pkg/prefix_override:/usr/lib/python3/dist-packages/colcon_core/task/python/colcon_distutils_commands:/home/vboxuser/apf_ws/install/ekf_pkg/lib/python3.12/site-packages:${PYTHONPATH} /usr/bin/python3 -W ignore:setup.py install is deprecated -W ignore:easy_install command is deprecated setup.py egg_info --egg-base ../../build/ekf_pkg build --build-base /home/vboxuser/apf_ws/build/ekf_pkg/build install --record /home/vboxuser/apf_ws/build/ekf_pkg/install.log --install-scripts $base/lib/ekf_pkg --single-version-externally-managed install_data
