[4.482s] Invoking command in '/home/vboxuser/apf_ws/src/lidar_odom': DEBUGINFOD_URLS=https://debuginfod.ubuntu.com PYTHONPATH=/home/vboxuser/apf_ws/build/lidar_odom/prefix_override:/usr/lib/python3/dist-packages/colcon_core/task/python/colcon_distutils_commands:/home/vboxuser/apf_ws/install/lidar_odom/lib/python3.12/site-packages:${PYTHONPATH} /usr/bin/python3 -W ignore:setup.py install is deprecated -W ignore:easy_install command is deprecated setup.py egg_info --egg-base ../../build/lidar_odom build --build-base /home/vboxuser/apf_ws/build/lidar_odom/build install --record /home/vboxuser/apf_ws/build/lidar_odom/install.log --install-scripts $base/lib/lidar_odom --single-version-externally-managed install_data
[4.934s] running egg_info
[4.980s] writing ../../build/lidar_odom/lidar_odom.egg-info/PKG-INFO
[4.983s] writing dependency_links to ../../build/lidar_odom/lidar_odom.egg-info/dependency_links.txt
[4.984s] writing entry points to ../../build/lidar_odom/lidar_odom.egg-info/entry_points.txt
[4.986s] writing requirements to ../../build/lidar_odom/lidar_odom.egg-info/requires.txt
[4.986s] writing top-level names to ../../build/lidar_odom/lidar_odom.egg-info/top_level.txt
[5.069s] reading manifest file '../../build/lidar_odom/lidar_odom.egg-info/SOURCES.txt'
[5.075s] writing manifest file '../../build/lidar_odom/lidar_odom.egg-info/SOURCES.txt'
[5.075s] running build
[5.076s] running build_py
[5.080s] copying lidar_odom/map_loader.py -> /home/vboxuser/apf_ws/build/lidar_odom/build/lib/lidar_odom
[5.088s] running install
[5.101s] running install_lib
[5.143s] copying /home/vboxuser/apf_ws/build/lidar_odom/build/lib/lidar_odom/map_loader.py -> /home/vboxuser/apf_ws/install/lidar_odom/lib/python3.12/site-packages/lidar_odom
[5.152s] byte-compiling /home/vboxuser/apf_ws/install/lidar_odom/lib/python3.12/site-packages/lidar_odom/map_loader.py to map_loader.cpython-312.pyc
[5.154s] running install_data
[5.154s] running install_egg_info
[5.191s] removing '/home/vboxuser/apf_ws/install/lidar_odom/lib/python3.12/site-packages/lidar_odom-0.0.0-py3.12.egg-info' (and everything under it)
[5.191s] Copying ../../build/lidar_odom/lidar_odom.egg-info to /home/vboxuser/apf_ws/install/lidar_odom/lib/python3.12/site-packages/lidar_odom-0.0.0-py3.12.egg-info
[5.195s] running install_scripts
[5.411s] Installing cmd_robot script to /home/vboxuser/apf_ws/install/lidar_odom/lib/lidar_odom
[5.416s] Installing filter_lidar script to /home/vboxuser/apf_ws/install/lidar_odom/lib/lidar_odom
[5.425s] Installing icp_localization_node script to /home/vboxuser/apf_ws/install/lidar_odom/lib/lidar_odom
[5.425s] Installing icp_mapping script to /home/vboxuser/apf_ws/install/lidar_odom/lib/lidar_odom
[5.425s] Installing logger script to /home/vboxuser/apf_ws/install/lidar_odom/lib/lidar_odom
[5.425s] Installing logger_map script to /home/vboxuser/apf_ws/install/lidar_odom/lib/lidar_odom
[5.425s] Installing map_loader script to /home/vboxuser/apf_ws/install/lidar_odom/lib/lidar_odom
[5.425s] Installing record_lidar script to /home/vboxuser/apf_ws/install/lidar_odom/lib/lidar_odom
[5.426s] writing list of installed files to '/home/vboxuser/apf_ws/build/lidar_odom/install.log'
[5.669s] Invoked command in '/home/vboxuser/apf_ws/src/lidar_odom' returned '0': DEBUGINFOD_URLS=https://debuginfod.ubuntu.com PYTHONPATH=/home/vboxuser/apf_ws/build/lidar_odom/prefix_override:/usr/lib/python3/dist-packages/colcon_core/task/python/colcon_distutils_commands:/home/vboxuser/apf_ws/install/lidar_odom/lib/python3.12/site-packages:${PYTHONPATH} /usr/bin/python3 -W ignore:setup.py install is deprecated -W ignore:easy_install command is deprecated setup.py egg_info --egg-base ../../build/lidar_odom build --build-base /home/vboxuser/apf_ws/build/lidar_odom/build install --record /home/vboxuser/apf_ws/build/lidar_odom/install.log --install-scripts $base/lib/lidar_odom --single-version-externally-managed install_data
