[0.124s] DEBUG:colcon:Command line arguments: ['/usr/bin/colcon', 'build', '--packages-select', 'lidar_odom']
[0.124s] DEBUG:colcon:Parsed command line arguments: Namespace(log_base=None, log_level=None, verb_name='build', build_base='build', install_base='install', merge_install=False, symlink_install=False, test_result_base=None, continue_on_error=False, executor='parallel', parallel_workers=5, event_handlers=None, ignore_user_meta=False, metas=['./colcon.meta'], base_paths=['.'], packages_ignore=None, packages_ignore_regex=None, paths=None, packages_up_to=None, packages_up_to_regex=None, packages_above=None, packages_above_and_dependencies=None, packages_above_depth=None, packages_select_by_dep=None, packages_skip_by_dep=None, packages_skip_up_to=None, packages_select_build_failed=False, packages_skip_build_finished=False, packages_select_test_failures=False, packages_skip_test_passed=False, packages_select=['lidar_odom'], packages_skip=None, packages_select_regex=None, packages_skip_regex=None, packages_start=None, packages_end=None, allow_overriding=[], cmake_args=None, cmake_target=None, cmake_target_skip_unavailable=False, cmake_clean_cache=False, cmake_clean_first=False, cmake_force_configure=False, ament_cmake_args=None, catkin_cmake_args=None, catkin_skip_building_tests=False, mixin_files=None, mixin=None, verb_parser=<colcon_mixin.mixin.mixin_argument.MixinArgumentDecorator object at 0x71577c3aae10>, verb_extension=<colcon_core.verb.build.BuildVerb object at 0x71577c4cb7a0>, main=<bound method BuildVerb.main of <colcon_core.verb.build.BuildVerb object at 0x71577c4cb7a0>>, mixin_verb=('build',))
[0.167s] Level 1:colcon.colcon_core.package_discovery:discover_packages(colcon_meta) check parameters
[0.167s] Level 1:colcon.colcon_core.package_discovery:discover_packages(recursive) check parameters
[0.167s] Level 1:colcon.colcon_core.package_discovery:discover_packages(ignore) check parameters
[0.167s] Level 1:colcon.colcon_core.package_discovery:discover_packages(path) check parameters
[0.167s] Level 1:colcon.colcon_core.package_discovery:discover_packages(colcon_meta) discover
[0.167s] Level 1:colcon.colcon_core.package_discovery:discover_packages(recursive) discover
[0.167s] INFO:colcon.colcon_core.package_discovery:Crawling recursively for packages in '/home/vboxuser/apf_ws'
[0.167s] Level 1:colcon.colcon_core.package_identification:_identify(.) by extensions ['ignore', 'ignore_ament_install']
[0.168s] Level 1:colcon.colcon_core.package_identification:_identify(.) by extension 'ignore'
[0.168s] Level 1:colcon.colcon_core.package_identification:_identify(.) by extension 'ignore_ament_install'
[0.168s] Level 1:colcon.colcon_core.package_identification:_identify(.) by extensions ['colcon_pkg']
[0.168s] Level 1:colcon.colcon_core.package_identification:_identify(.) by extension 'colcon_pkg'
[0.168s] Level 1:colcon.colcon_core.package_identification:_identify(.) by extensions ['colcon_meta']
[0.168s] Level 1:colcon.colcon_core.package_identification:_identify(.) by extension 'colcon_meta'
[0.168s] Level 1:colcon.colcon_core.package_identification:_identify(.) by extensions ['ros']
[0.168s] Level 1:colcon.colcon_core.package_identification:_identify(.) by extension 'ros'
[0.196s] Level 1:colcon.colcon_core.package_identification:_identify(.) by extensions ['cmake', 'python']
[0.197s] Level 1:colcon.colcon_core.package_identification:_identify(.) by extension 'cmake'
[0.197s] Level 1:colcon.colcon_core.package_identification:_identify(.) by extension 'python'
[0.197s] Level 1:colcon.colcon_core.package_identification:_identify(.) by extensions ['python_setup_py']
[0.197s] Level 1:colcon.colcon_core.package_identification:_identify(.) by extension 'python_setup_py'
[0.197s] Level 1:colcon.colcon_core.package_identification:_identify(build) by extensions ['ignore', 'ignore_ament_install']
[0.197s] Level 1:colcon.colcon_core.package_identification:_identify(build) by extension 'ignore'
[0.197s] Level 1:colcon.colcon_core.package_identification:_identify(build) ignored
[0.197s] Level 1:colcon.colcon_core.package_identification:_identify(install) by extensions ['ignore', 'ignore_ament_install']
[0.197s] Level 1:colcon.colcon_core.package_identification:_identify(install) by extension 'ignore'
[0.197s] Level 1:colcon.colcon_core.package_identification:_identify(install) ignored
[0.197s] Level 1:colcon.colcon_core.package_identification:_identify(log) by extensions ['ignore', 'ignore_ament_install']
[0.197s] Level 1:colcon.colcon_core.package_identification:_identify(log) by extension 'ignore'
[0.197s] Level 1:colcon.colcon_core.package_identification:_identify(log) ignored
[0.197s] Level 1:colcon.colcon_core.package_identification:_identify(src) by extensions ['ignore', 'ignore_ament_install']
[0.198s] Level 1:colcon.colcon_core.package_identification:_identify(src) by extension 'ignore'
[0.198s] Level 1:colcon.colcon_core.package_identification:_identify(src) by extension 'ignore_ament_install'
[0.198s] Level 1:colcon.colcon_core.package_identification:_identify(src) by extensions ['colcon_pkg']
[0.198s] Level 1:colcon.colcon_core.package_identification:_identify(src) by extension 'colcon_pkg'
[0.198s] Level 1:colcon.colcon_core.package_identification:_identify(src) by extensions ['colcon_meta']
[0.198s] Level 1:colcon.colcon_core.package_identification:_identify(src) by extension 'colcon_meta'
[0.198s] Level 1:colcon.colcon_core.package_identification:_identify(src) by extensions ['ros']
[0.198s] Level 1:colcon.colcon_core.package_identification:_identify(src) by extension 'ros'
[0.198s] Level 1:colcon.colcon_core.package_identification:_identify(src) by extensions ['cmake', 'python']
[0.198s] Level 1:colcon.colcon_core.package_identification:_identify(src) by extension 'cmake'
[0.198s] Level 1:colcon.colcon_core.package_identification:_identify(src) by extension 'python'
[0.198s] Level 1:colcon.colcon_core.package_identification:_identify(src) by extensions ['python_setup_py']
[0.198s] Level 1:colcon.colcon_core.package_identification:_identify(src) by extension 'python_setup_py'
[0.198s] Level 1:colcon.colcon_core.package_identification:_identify(src/apf_pkg) by extensions ['ignore', 'ignore_ament_install']
[0.198s] Level 1:colcon.colcon_core.package_identification:_identify(src/apf_pkg) by extension 'ignore'
[0.198s] Level 1:colcon.colcon_core.package_identification:_identify(src/apf_pkg) by extension 'ignore_ament_install'
[0.198s] Level 1:colcon.colcon_core.package_identification:_identify(src/apf_pkg) by extensions ['colcon_pkg']
[0.198s] Level 1:colcon.colcon_core.package_identification:_identify(src/apf_pkg) by extension 'colcon_pkg'
[0.198s] Level 1:colcon.colcon_core.package_identification:_identify(src/apf_pkg) by extensions ['colcon_meta']
[0.198s] Level 1:colcon.colcon_core.package_identification:_identify(src/apf_pkg) by extension 'colcon_meta'
[0.198s] Level 1:colcon.colcon_core.package_identification:_identify(src/apf_pkg) by extensions ['ros']
[0.199s] Level 1:colcon.colcon_core.package_identification:_identify(src/apf_pkg) by extension 'ros'
[0.201s] DEBUG:colcon.colcon_core.package_identification:Package 'src/apf_pkg' with type 'ros.ament_python' and name 'apf_pkg'
[0.201s] Level 1:colcon.colcon_core.package_identification:_identify(src/lidar_odom) by extensions ['ignore', 'ignore_ament_install']
[0.201s] Level 1:colcon.colcon_core.package_identification:_identify(src/lidar_odom) by extension 'ignore'
[0.201s] Level 1:colcon.colcon_core.package_identification:_identify(src/lidar_odom) by extension 'ignore_ament_install'
[0.201s] Level 1:colcon.colcon_core.package_identification:_identify(src/lidar_odom) by extensions ['colcon_pkg']
[0.202s] Level 1:colcon.colcon_core.package_identification:_identify(src/lidar_odom) by extension 'colcon_pkg'
[0.202s] Level 1:colcon.colcon_core.package_identification:_identify(src/lidar_odom) by extensions ['colcon_meta']
[0.202s] Level 1:colcon.colcon_core.package_identification:_identify(src/lidar_odom) by extension 'colcon_meta'
[0.202s] Level 1:colcon.colcon_core.package_identification:_identify(src/lidar_odom) by extensions ['ros']
[0.202s] Level 1:colcon.colcon_core.package_identification:_identify(src/lidar_odom) by extension 'ros'
[0.202s] DEBUG:colcon.colcon_core.package_identification:Package 'src/lidar_odom' with type 'ros.ament_python' and name 'lidar_odom'
[0.202s] Level 1:colcon.colcon_core.package_identification:_identify(src/log_pkg) by extensions ['ignore', 'ignore_ament_install']
[0.202s] Level 1:colcon.colcon_core.package_identification:_identify(src/log_pkg) by extension 'ignore'
[0.203s] Level 1:colcon.colcon_core.package_identification:_identify(src/log_pkg) by extension 'ignore_ament_install'
[0.203s] Level 1:colcon.colcon_core.package_identification:_identify(src/log_pkg) by extensions ['colcon_pkg']
[0.203s] Level 1:colcon.colcon_core.package_identification:_identify(src/log_pkg) by extension 'colcon_pkg'
[0.203s] Level 1:colcon.colcon_core.package_identification:_identify(src/log_pkg) by extensions ['colcon_meta']
[0.203s] Level 1:colcon.colcon_core.package_identification:_identify(src/log_pkg) by extension 'colcon_meta'
[0.203s] Level 1:colcon.colcon_core.package_identification:_identify(src/log_pkg) by extensions ['ros']
[0.203s] Level 1:colcon.colcon_core.package_identification:_identify(src/log_pkg) by extension 'ros'
[0.203s] DEBUG:colcon.colcon_core.package_identification:Package 'src/log_pkg' with type 'ros.ament_python' and name 'log_pkg'
[0.203s] Level 1:colcon.colcon_core.package_identification:_identify(src/odom_cmd) by extensions ['ignore', 'ignore_ament_install']
[0.204s] Level 1:colcon.colcon_core.package_identification:_identify(src/odom_cmd) by extension 'ignore'
[0.204s] Level 1:colcon.colcon_core.package_identification:_identify(src/odom_cmd) by extension 'ignore_ament_install'
[0.204s] Level 1:colcon.colcon_core.package_identification:_identify(src/odom_cmd) by extensions ['colcon_pkg']
[0.204s] Level 1:colcon.colcon_core.package_identification:_identify(src/odom_cmd) by extension 'colcon_pkg'
[0.204s] Level 1:colcon.colcon_core.package_identification:_identify(src/odom_cmd) by extensions ['colcon_meta']
[0.204s] Level 1:colcon.colcon_core.package_identification:_identify(src/odom_cmd) by extension 'colcon_meta'
[0.204s] Level 1:colcon.colcon_core.package_identification:_identify(src/odom_cmd) by extensions ['ros']
[0.204s] Level 1:colcon.colcon_core.package_identification:_identify(src/odom_cmd) by extension 'ros'
[0.204s] DEBUG:colcon.colcon_core.package_identification:Package 'src/odom_cmd' with type 'ros.ament_python' and name 'odom_cmd'
[0.204s] Level 1:colcon.colcon_core.package_discovery:discover_packages(recursive) using defaults
[0.204s] Level 1:colcon.colcon_core.package_discovery:discover_packages(ignore) discover
[0.204s] Level 1:colcon.colcon_core.package_discovery:discover_packages(ignore) using defaults
[0.205s] Level 1:colcon.colcon_core.package_discovery:discover_packages(path) discover
[0.205s] Level 1:colcon.colcon_core.package_discovery:discover_packages(path) using defaults
[0.224s] INFO:colcon.colcon_core.package_selection:Skipping not selected package 'apf_pkg' in 'src/apf_pkg'
[0.225s] INFO:colcon.colcon_core.package_selection:Skipping not selected package 'log_pkg' in 'src/log_pkg'
[0.225s] INFO:colcon.colcon_core.package_selection:Skipping not selected package 'odom_cmd' in 'src/odom_cmd'
[0.225s] Level 1:colcon.colcon_core.package_discovery:discover_packages(prefix_path) check parameters
[0.225s] Level 1:colcon.colcon_core.package_discovery:discover_packages(prefix_path) discover
[0.228s] DEBUG:colcon.colcon_installed_package_information.package_discovery:Found 4 installed packages in /home/vboxuser/apf_ws/install
[0.228s] DEBUG:colcon.colcon_installed_package_information.package_discovery:Found 1 installed packages in /home/vboxuser/myturtlebot_ws/install
[0.229s] DEBUG:colcon.colcon_installed_package_information.package_discovery:Found 15 installed packages in /home/vboxuser/turtlebot3_ws/install
[0.231s] DEBUG:colcon.colcon_installed_package_information.package_discovery:Found 497 installed packages in /opt/ros/jazzy
[0.233s] Level 1:colcon.colcon_core.package_discovery:discover_packages(prefix_path) using defaults
[0.319s] Level 5:colcon.colcon_core.verb:set package 'lidar_odom' build argument 'cmake_args' from command line to 'None'
[0.319s] Level 5:colcon.colcon_core.verb:set package 'lidar_odom' build argument 'cmake_target' from command line to 'None'
[0.319s] Level 5:colcon.colcon_core.verb:set package 'lidar_odom' build argument 'cmake_target_skip_unavailable' from command line to 'False'
[0.319s] Level 5:colcon.colcon_core.verb:set package 'lidar_odom' build argument 'cmake_clean_cache' from command line to 'False'
[0.319s] Level 5:colcon.colcon_core.verb:set package 'lidar_odom' build argument 'cmake_clean_first' from command line to 'False'
[0.319s] Level 5:colcon.colcon_core.verb:set package 'lidar_odom' build argument 'cmake_force_configure' from command line to 'False'
[0.319s] Level 5:colcon.colcon_core.verb:set package 'lidar_odom' build argument 'ament_cmake_args' from command line to 'None'
[0.319s] Level 5:colcon.colcon_core.verb:set package 'lidar_odom' build argument 'catkin_cmake_args' from command line to 'None'
[0.319s] Level 5:colcon.colcon_core.verb:set package 'lidar_odom' build argument 'catkin_skip_building_tests' from command line to 'False'
[0.319s] DEBUG:colcon.colcon_core.verb:Building package 'lidar_odom' with the following arguments: {'ament_cmake_args': None, 'build_base': '/home/vboxuser/apf_ws/build/lidar_odom', 'catkin_cmake_args': None, 'catkin_skip_building_tests': False, 'cmake_args': None, 'cmake_clean_cache': False, 'cmake_clean_first': False, 'cmake_force_configure': False, 'cmake_target': None, 'cmake_target_skip_unavailable': False, 'install_base': '/home/vboxuser/apf_ws/install/lidar_odom', 'merge_install': False, 'path': '/home/vboxuser/apf_ws/src/lidar_odom', 'symlink_install': False, 'test_result_base': None}
[0.319s] INFO:colcon.colcon_core.executor:Executing jobs using 'parallel' executor
[0.321s] DEBUG:colcon.colcon_parallel_executor.executor.parallel:run_until_complete
[0.321s] INFO:colcon.colcon_ros.task.ament_python.build:Building ROS package in '/home/vboxuser/apf_ws/src/lidar_odom' with build type 'ament_python'
[0.321s] Level 1:colcon.colcon_core.shell:create_environment_hook('lidar_odom', 'ament_prefix_path')
[0.324s] INFO:colcon.colcon_core.plugin_system:Skipping extension 'colcon_core.shell.bat': Not used on non-Windows systems
[0.325s] INFO:colcon.colcon_core.shell:Creating environment hook '/home/vboxuser/apf_ws/install/lidar_odom/share/lidar_odom/hook/ament_prefix_path.ps1'
[0.325s] INFO:colcon.colcon_core.shell:Creating environment descriptor '/home/vboxuser/apf_ws/install/lidar_odom/share/lidar_odom/hook/ament_prefix_path.dsv'
[0.326s] INFO:colcon.colcon_core.shell:Creating environment hook '/home/vboxuser/apf_ws/install/lidar_odom/share/lidar_odom/hook/ament_prefix_path.sh'
[0.327s] INFO:colcon.colcon_core.shell:Skip shell extension 'powershell' for command environment: Not usable outside of PowerShell
[0.327s] DEBUG:colcon.colcon_core.shell:Skip shell extension 'dsv' for command environment
[0.543s] INFO:colcon.colcon_core.task.python.build:Building Python package in '/home/vboxuser/apf_ws/src/lidar_odom'
[0.544s] INFO:colcon.colcon_core.shell:Skip shell extension 'powershell' for command environment: Not usable outside of PowerShell
[0.544s] DEBUG:colcon.colcon_core.shell:Skip shell extension 'dsv' for command environment
[1.129s] DEBUG:colcon.colcon_core.task.python.build:Available setuptools commands: alias, bdist_egg, bdist, dist_info, egg_info, install_headers, build_scripts, install_egg_info, easy_install, editable_wheel, extract_messages, develop, sdist, check, init_catalog, build_clib, upload, build_py, build_ext, install_lib, setopt, symlink_data, build, bdist_rpm, test, register, bdist_dumb, rotate, saveopts, clean, upload_docs, update_catalog, compile_catalog, install, install_data, install_scripts
[1.135s] DEBUG:colcon.colcon_core.event_handler.log_command:Invoking command in '/home/vboxuser/apf_ws/src/lidar_odom': DEBUGINFOD_URLS=https://debuginfod.ubuntu.com PYTHONPATH=/home/vboxuser/apf_ws/build/lidar_odom/prefix_override:/usr/lib/python3/dist-packages/colcon_core/task/python/colcon_distutils_commands:/home/vboxuser/apf_ws/install/lidar_odom/lib/python3.12/site-packages:${PYTHONPATH} /usr/bin/python3 -W ignore:setup.py install is deprecated -W ignore:easy_install command is deprecated setup.py egg_info --egg-base ../../build/lidar_odom build --build-base /home/vboxuser/apf_ws/build/lidar_odom/build install --record /home/vboxuser/apf_ws/build/lidar_odom/install.log --install-scripts $base/lib/lidar_odom --single-version-externally-managed install_data
[1.671s] DEBUG:colcon.colcon_core.event_handler.log_command:Invoked command in '/home/vboxuser/apf_ws/src/lidar_odom' returned '0': DEBUGINFOD_URLS=https://debuginfod.ubuntu.com PYTHONPATH=/home/vboxuser/apf_ws/build/lidar_odom/prefix_override:/usr/lib/python3/dist-packages/colcon_core/task/python/colcon_distutils_commands:/home/vboxuser/apf_ws/install/lidar_odom/lib/python3.12/site-packages:${PYTHONPATH} /usr/bin/python3 -W ignore:setup.py install is deprecated -W ignore:easy_install command is deprecated setup.py egg_info --egg-base ../../build/lidar_odom build --build-base /home/vboxuser/apf_ws/build/lidar_odom/build install --record /home/vboxuser/apf_ws/build/lidar_odom/install.log --install-scripts $base/lib/lidar_odom --single-version-externally-managed install_data
[1.673s] Level 1:colcon.colcon_core.environment:checking '/home/vboxuser/apf_ws/install/lidar_odom' for CMake module files
[1.674s] Level 1:colcon.colcon_core.environment:checking '/home/vboxuser/apf_ws/install/lidar_odom' for CMake config files
[1.674s] Level 1:colcon.colcon_core.environment:checking '/home/vboxuser/apf_ws/install/lidar_odom/lib'
[1.674s] Level 1:colcon.colcon_core.environment:checking '/home/vboxuser/apf_ws/install/lidar_odom/bin'
[1.674s] Level 1:colcon.colcon_core.environment:checking '/home/vboxuser/apf_ws/install/lidar_odom/lib/pkgconfig/lidar_odom.pc'
[1.674s] Level 1:colcon.colcon_core.environment:checking '/home/vboxuser/apf_ws/install/lidar_odom/lib/python3.12/site-packages'
[1.675s] Level 1:colcon.colcon_core.shell:create_environment_hook('lidar_odom', 'pythonpath')
[1.675s] INFO:colcon.colcon_core.shell:Creating environment hook '/home/vboxuser/apf_ws/install/lidar_odom/share/lidar_odom/hook/pythonpath.ps1'
[1.676s] INFO:colcon.colcon_core.shell:Creating environment descriptor '/home/vboxuser/apf_ws/install/lidar_odom/share/lidar_odom/hook/pythonpath.dsv'
[1.676s] INFO:colcon.colcon_core.shell:Creating environment hook '/home/vboxuser/apf_ws/install/lidar_odom/share/lidar_odom/hook/pythonpath.sh'
[1.677s] Level 1:colcon.colcon_core.environment:checking '/home/vboxuser/apf_ws/install/lidar_odom/bin'
[1.677s] Level 1:colcon.colcon_core.environment:create_environment_scripts_only(lidar_odom)
[1.677s] INFO:colcon.colcon_core.shell:Creating package script '/home/vboxuser/apf_ws/install/lidar_odom/share/lidar_odom/package.ps1'
[1.679s] INFO:colcon.colcon_core.shell:Creating package descriptor '/home/vboxuser/apf_ws/install/lidar_odom/share/lidar_odom/package.dsv'
[1.680s] INFO:colcon.colcon_core.shell:Creating package script '/home/vboxuser/apf_ws/install/lidar_odom/share/lidar_odom/package.sh'
[1.681s] INFO:colcon.colcon_core.shell:Creating package script '/home/vboxuser/apf_ws/install/lidar_odom/share/lidar_odom/package.bash'
[1.682s] INFO:colcon.colcon_core.shell:Creating package script '/home/vboxuser/apf_ws/install/lidar_odom/share/lidar_odom/package.zsh'
[1.683s] Level 1:colcon.colcon_core.environment:create_file_with_runtime_dependencies(/home/vboxuser/apf_ws/install/lidar_odom/share/colcon-core/packages/lidar_odom)
[1.683s] DEBUG:colcon.colcon_parallel_executor.executor.parallel:closing loop
[1.684s] DEBUG:colcon.colcon_parallel_executor.executor.parallel:loop closed
[1.684s] DEBUG:colcon.colcon_parallel_executor.executor.parallel:run_until_complete finished with '0'
[1.684s] DEBUG:colcon.colcon_core.event_reactor:joining thread
[1.692s] INFO:colcon.colcon_core.plugin_system:Skipping extension 'colcon_notification.desktop_notification.terminal_notifier': Not used on non-Darwin systems
[1.692s] INFO:colcon.colcon_core.plugin_system:Skipping extension 'colcon_notification.desktop_notification.win32': Not used on non-Windows systems
[1.692s] INFO:colcon.colcon_notification.desktop_notification:Sending desktop notification using 'notify2'
[1.713s] DEBUG:colcon.colcon_core.event_reactor:joined thread
[1.713s] INFO:colcon.colcon_core.shell:Creating prefix script '/home/vboxuser/apf_ws/install/local_setup.ps1'
[1.714s] INFO:colcon.colcon_core.shell:Creating prefix util module '/home/vboxuser/apf_ws/install/_local_setup_util_ps1.py'
[1.715s] INFO:colcon.colcon_core.shell:Creating prefix chain script '/home/vboxuser/apf_ws/install/setup.ps1'
[1.717s] INFO:colcon.colcon_core.shell:Creating prefix script '/home/vboxuser/apf_ws/install/local_setup.sh'
[1.718s] INFO:colcon.colcon_core.shell:Creating prefix util module '/home/vboxuser/apf_ws/install/_local_setup_util_sh.py'
[1.718s] INFO:colcon.colcon_core.shell:Creating prefix chain script '/home/vboxuser/apf_ws/install/setup.sh'
[1.720s] INFO:colcon.colcon_core.shell:Creating prefix script '/home/vboxuser/apf_ws/install/local_setup.bash'
[1.721s] INFO:colcon.colcon_core.shell:Creating prefix chain script '/home/vboxuser/apf_ws/install/setup.bash'
[1.723s] INFO:colcon.colcon_core.shell:Creating prefix script '/home/vboxuser/apf_ws/install/local_setup.zsh'
[1.723s] INFO:colcon.colcon_core.shell:Creating prefix chain script '/home/vboxuser/apf_ws/install/setup.zsh'
