[3.061s] Invoking command in '/home/vboxuser/apf_ws/src/ekf_pkg': DEBUGINFOD_URLS=https://debuginfod.ubuntu.com PYTHONPATH=/home/vboxuser/apf_ws/build/ekf_pkg/prefix_override:/usr/lib/python3/dist-packages/colcon_core/task/python/colcon_distutils_commands:/home/vboxuser/apf_ws/install/ekf_pkg/lib/python3.12/site-packages:${PYTHONPATH} /usr/bin/python3 -W ignore:setup.py install is deprecated -W ignore:easy_install command is deprecated setup.py egg_info --egg-base ../../build/ekf_pkg build --build-base /home/vboxuser/apf_ws/build/ekf_pkg/build install --record /home/vboxuser/apf_ws/build/ekf_pkg/install.log --install-scripts $base/lib/ekf_pkg --single-version-externally-managed install_data
[3.505s] running egg_info
[3.530s] writing ../../build/ekf_pkg/ekf_pkg.egg-info/PKG-INFO
[3.531s] writing dependency_links to ../../build/ekf_pkg/ekf_pkg.egg-info/dependency_links.txt
[3.543s] writing entry points to ../../build/ekf_pkg/ekf_pkg.egg-info/entry_points.txt
[3.547s] writing requirements to ../../build/ekf_pkg/ekf_pkg.egg-info/requires.txt
[3.547s] writing top-level names to ../../build/ekf_pkg/ekf_pkg.egg-info/top_level.txt
[3.618s] reading manifest file '../../build/ekf_pkg/ekf_pkg.egg-info/SOURCES.txt'
[3.621s] writing manifest file '../../build/ekf_pkg/ekf_pkg.egg-info/SOURCES.txt'
[3.626s] running build
[3.627s] running build_py
[3.633s] copying ekf_pkg/ekf_node.py -> /home/vboxuser/apf_ws/build/ekf_pkg/build/lib/ekf_pkg
[3.633s] running install
[3.645s] running install_lib
[3.675s] copying /home/vboxuser/apf_ws/build/ekf_pkg/build/lib/ekf_pkg/ekf_node.py -> /home/vboxuser/apf_ws/install/ekf_pkg/lib/python3.12/site-packages/ekf_pkg
[3.678s] byte-compiling /home/vboxuser/apf_ws/install/ekf_pkg/lib/python3.12/site-packages/ekf_pkg/ekf_node.py to ekf_node.cpython-312.pyc
[3.691s] running install_data
[3.692s] running install_egg_info
[3.739s] removing '/home/vboxuser/apf_ws/install/ekf_pkg/lib/python3.12/site-packages/ekf_pkg-0.0.0-py3.12.egg-info' (and everything under it)
[3.740s] Copying ../../build/ekf_pkg/ekf_pkg.egg-info to /home/vboxuser/apf_ws/install/ekf_pkg/lib/python3.12/site-packages/ekf_pkg-0.0.0-py3.12.egg-info
[3.744s] running install_scripts
[3.973s] Installing ekf_node script to /home/vboxuser/apf_ws/install/ekf_pkg/lib/ekf_pkg
[3.976s] Installing logger script to /home/vboxuser/apf_ws/install/ekf_pkg/lib/ekf_pkg
[3.984s] writing list of installed files to '/home/vboxuser/apf_ws/build/ekf_pkg/install.log'
[4.078s] Invoked command in '/home/vboxuser/apf_ws/src/ekf_pkg' returned '0': DEBUGINFOD_URLS=https://debuginfod.ubuntu.com PYTHONPATH=/home/vboxuser/apf_ws/build/ekf_pkg/prefix_override:/usr/lib/python3/dist-packages/colcon_core/task/python/colcon_distutils_commands:/home/vboxuser/apf_ws/install/ekf_pkg/lib/python3.12/site-packages:${PYTHONPATH} /usr/bin/python3 -W ignore:setup.py install is deprecated -W ignore:easy_install command is deprecated setup.py egg_info --egg-base ../../build/ekf_pkg build --build-base /home/vboxuser/apf_ws/build/ekf_pkg/build install --record /home/vboxuser/apf_ws/build/ekf_pkg/install.log --install-scripts $base/lib/ekf_pkg --single-version-externally-managed install_data
