[1.491s] DEBUG:colcon:Command line arguments: ['/usr/bin/colcon', 'build']
[1.491s] DEBUG:colcon:Parsed command line arguments: Namespace(log_base=None, log_level=None, verb_name='build', build_base='build', install_base='install', merge_install=False, symlink_install=False, test_result_base=None, continue_on_error=False, executor='parallel', parallel_workers=5, event_handlers=None, ignore_user_meta=False, metas=['./colcon.meta'], base_paths=['.'], packages_ignore=None, packages_ignore_regex=None, paths=None, packages_up_to=None, packages_up_to_regex=None, packages_above=None, packages_above_and_dependencies=None, packages_above_depth=None, packages_select_by_dep=None, packages_skip_by_dep=None, packages_skip_up_to=None, packages_select_build_failed=False, packages_skip_build_finished=False, packages_select_test_failures=False, packages_skip_test_passed=False, packages_select=None, packages_skip=None, packages_select_regex=None, packages_skip_regex=None, packages_start=None, packages_end=None, allow_overriding=[], cmake_args=None, cmake_target=None, cmake_target_skip_unavailable=False, cmake_clean_cache=False, cmake_clean_first=False, cmake_force_configure=False, ament_cmake_args=None, catkin_cmake_args=None, catkin_skip_building_tests=False, mixin_files=None, mixin=None, verb_parser=<colcon_mixin.mixin.mixin_argument.MixinArgumentDecorator object at 0x7f897cfbaf00>, verb_extension=<colcon_core.verb.build.BuildVerb object at 0x7f897d0db6e0>, main=<bound method BuildVerb.main of <colcon_core.verb.build.BuildVerb object at 0x7f897d0db6e0>>, mixin_verb=('build',))
[1.905s] Level 1:colcon.colcon_core.package_discovery:discover_packages(colcon_meta) check parameters
[1.905s] Level 1:colcon.colcon_core.package_discovery:discover_packages(recursive) check parameters
[1.905s] Level 1:colcon.colcon_core.package_discovery:discover_packages(ignore) check parameters
[1.905s] Level 1:colcon.colcon_core.package_discovery:discover_packages(path) check parameters
[1.905s] Level 1:colcon.colcon_core.package_discovery:discover_packages(colcon_meta) discover
[1.905s] Level 1:colcon.colcon_core.package_discovery:discover_packages(recursive) discover
[1.906s] INFO:colcon.colcon_core.package_discovery:Crawling recursively for packages in '/home/vboxuser/apf_ws'
[1.906s] Level 1:colcon.colcon_core.package_identification:_identify(.) by extensions ['ignore', 'ignore_ament_install']
[1.906s] Level 1:colcon.colcon_core.package_identification:_identify(.) by extension 'ignore'
[1.906s] Level 1:colcon.colcon_core.package_identification:_identify(.) by extension 'ignore_ament_install'
[1.906s] Level 1:colcon.colcon_core.package_identification:_identify(.) by extensions ['colcon_pkg']
[1.906s] Level 1:colcon.colcon_core.package_identification:_identify(.) by extension 'colcon_pkg'
[1.906s] Level 1:colcon.colcon_core.package_identification:_identify(.) by extensions ['colcon_meta']
[1.906s] Level 1:colcon.colcon_core.package_identification:_identify(.) by extension 'colcon_meta'
[1.906s] Level 1:colcon.colcon_core.package_identification:_identify(.) by extensions ['ros']
[1.906s] Level 1:colcon.colcon_core.package_identification:_identify(.) by extension 'ros'
[2.123s] Level 1:colcon.colcon_core.package_identification:_identify(.) by extensions ['cmake', 'python']
[2.123s] Level 1:colcon.colcon_core.package_identification:_identify(.) by extension 'cmake'
[2.123s] Level 1:colcon.colcon_core.package_identification:_identify(.) by extension 'python'
[2.123s] Level 1:colcon.colcon_core.package_identification:_identify(.) by extensions ['python_setup_py']
[2.123s] Level 1:colcon.colcon_core.package_identification:_identify(.) by extension 'python_setup_py'
[2.126s] Level 1:colcon.colcon_core.package_identification:_identify(build) by extensions ['ignore', 'ignore_ament_install']
[2.126s] Level 1:colcon.colcon_core.package_identification:_identify(build) by extension 'ignore'
[2.126s] Level 1:colcon.colcon_core.package_identification:_identify(build) ignored
[2.127s] Level 1:colcon.colcon_core.package_identification:_identify(install) by extensions ['ignore', 'ignore_ament_install']
[2.127s] Level 1:colcon.colcon_core.package_identification:_identify(install) by extension 'ignore'
[2.127s] Level 1:colcon.colcon_core.package_identification:_identify(install) ignored
[2.127s] Level 1:colcon.colcon_core.package_identification:_identify(log) by extensions ['ignore', 'ignore_ament_install']
[2.127s] Level 1:colcon.colcon_core.package_identification:_identify(log) by extension 'ignore'
[2.127s] Level 1:colcon.colcon_core.package_identification:_identify(log) ignored
[2.127s] Level 1:colcon.colcon_core.package_identification:_identify(my_logs) by extensions ['ignore', 'ignore_ament_install']
[2.128s] Level 1:colcon.colcon_core.package_identification:_identify(my_logs) by extension 'ignore'
[2.128s] Level 1:colcon.colcon_core.package_identification:_identify(my_logs) by extension 'ignore_ament_install'
[2.128s] Level 1:colcon.colcon_core.package_identification:_identify(my_logs) by extensions ['colcon_pkg']
[2.128s] Level 1:colcon.colcon_core.package_identification:_identify(my_logs) by extension 'colcon_pkg'
[2.128s] Level 1:colcon.colcon_core.package_identification:_identify(my_logs) by extensions ['colcon_meta']
[2.128s] Level 1:colcon.colcon_core.package_identification:_identify(my_logs) by extension 'colcon_meta'
[2.128s] Level 1:colcon.colcon_core.package_identification:_identify(my_logs) by extensions ['ros']
[2.128s] Level 1:colcon.colcon_core.package_identification:_identify(my_logs) by extension 'ros'
[2.128s] Level 1:colcon.colcon_core.package_identification:_identify(my_logs) by extensions ['cmake', 'python']
[2.128s] Level 1:colcon.colcon_core.package_identification:_identify(my_logs) by extension 'cmake'
[2.128s] Level 1:colcon.colcon_core.package_identification:_identify(my_logs) by extension 'python'
[2.129s] Level 1:colcon.colcon_core.package_identification:_identify(my_logs) by extensions ['python_setup_py']
[2.129s] Level 1:colcon.colcon_core.package_identification:_identify(my_logs) by extension 'python_setup_py'
[2.129s] Level 1:colcon.colcon_core.package_identification:_identify(my_logs/apf_pkg_logs) by extensions ['ignore', 'ignore_ament_install']
[2.129s] Level 1:colcon.colcon_core.package_identification:_identify(my_logs/apf_pkg_logs) by extension 'ignore'
[2.129s] Level 1:colcon.colcon_core.package_identification:_identify(my_logs/apf_pkg_logs) by extension 'ignore_ament_install'
[2.129s] Level 1:colcon.colcon_core.package_identification:_identify(my_logs/apf_pkg_logs) by extensions ['colcon_pkg']
[2.129s] Level 1:colcon.colcon_core.package_identification:_identify(my_logs/apf_pkg_logs) by extension 'colcon_pkg'
[2.129s] Level 1:colcon.colcon_core.package_identification:_identify(my_logs/apf_pkg_logs) by extensions ['colcon_meta']
[2.129s] Level 1:colcon.colcon_core.package_identification:_identify(my_logs/apf_pkg_logs) by extension 'colcon_meta'
[2.129s] Level 1:colcon.colcon_core.package_identification:_identify(my_logs/apf_pkg_logs) by extensions ['ros']
[2.129s] Level 1:colcon.colcon_core.package_identification:_identify(my_logs/apf_pkg_logs) by extension 'ros'
[2.129s] Level 1:colcon.colcon_core.package_identification:_identify(my_logs/apf_pkg_logs) by extensions ['cmake', 'python']
[2.129s] Level 1:colcon.colcon_core.package_identification:_identify(my_logs/apf_pkg_logs) by extension 'cmake'
[2.130s] Level 1:colcon.colcon_core.package_identification:_identify(my_logs/apf_pkg_logs) by extension 'python'
[2.130s] Level 1:colcon.colcon_core.package_identification:_identify(my_logs/apf_pkg_logs) by extensions ['python_setup_py']
[2.130s] Level 1:colcon.colcon_core.package_identification:_identify(my_logs/apf_pkg_logs) by extension 'python_setup_py'
[2.130s] Level 1:colcon.colcon_core.package_identification:_identify(my_logs/ekf_logs) by extensions ['ignore', 'ignore_ament_install']
[2.130s] Level 1:colcon.colcon_core.package_identification:_identify(my_logs/ekf_logs) by extension 'ignore'
[2.130s] Level 1:colcon.colcon_core.package_identification:_identify(my_logs/ekf_logs) by extension 'ignore_ament_install'
[2.130s] Level 1:colcon.colcon_core.package_identification:_identify(my_logs/ekf_logs) by extensions ['colcon_pkg']
[2.130s] Level 1:colcon.colcon_core.package_identification:_identify(my_logs/ekf_logs) by extension 'colcon_pkg'
[2.130s] Level 1:colcon.colcon_core.package_identification:_identify(my_logs/ekf_logs) by extensions ['colcon_meta']
[2.130s] Level 1:colcon.colcon_core.package_identification:_identify(my_logs/ekf_logs) by extension 'colcon_meta'
[2.130s] Level 1:colcon.colcon_core.package_identification:_identify(my_logs/ekf_logs) by extensions ['ros']
[2.130s] Level 1:colcon.colcon_core.package_identification:_identify(my_logs/ekf_logs) by extension 'ros'
[2.131s] Level 1:colcon.colcon_core.package_identification:_identify(my_logs/ekf_logs) by extensions ['cmake', 'python']
[2.131s] Level 1:colcon.colcon_core.package_identification:_identify(my_logs/ekf_logs) by extension 'cmake'
[2.131s] Level 1:colcon.colcon_core.package_identification:_identify(my_logs/ekf_logs) by extension 'python'
[2.131s] Level 1:colcon.colcon_core.package_identification:_identify(my_logs/ekf_logs) by extensions ['python_setup_py']
[2.131s] Level 1:colcon.colcon_core.package_identification:_identify(my_logs/ekf_logs) by extension 'python_setup_py'
[2.134s] Level 1:colcon.colcon_core.package_identification:_identify(my_logs/lidar_odom_logs) by extensions ['ignore', 'ignore_ament_install']
[2.134s] Level 1:colcon.colcon_core.package_identification:_identify(my_logs/lidar_odom_logs) by extension 'ignore'
[2.134s] Level 1:colcon.colcon_core.package_identification:_identify(my_logs/lidar_odom_logs) by extension 'ignore_ament_install'
[2.134s] Level 1:colcon.colcon_core.package_identification:_identify(my_logs/lidar_odom_logs) by extensions ['colcon_pkg']
[2.135s] Level 1:colcon.colcon_core.package_identification:_identify(my_logs/lidar_odom_logs) by extension 'colcon_pkg'
[2.135s] Level 1:colcon.colcon_core.package_identification:_identify(my_logs/lidar_odom_logs) by extensions ['colcon_meta']
[2.135s] Level 1:colcon.colcon_core.package_identification:_identify(my_logs/lidar_odom_logs) by extension 'colcon_meta'
[2.135s] Level 1:colcon.colcon_core.package_identification:_identify(my_logs/lidar_odom_logs) by extensions ['ros']
[2.135s] Level 1:colcon.colcon_core.package_identification:_identify(my_logs/lidar_odom_logs) by extension 'ros'
[2.135s] Level 1:colcon.colcon_core.package_identification:_identify(my_logs/lidar_odom_logs) by extensions ['cmake', 'python']
[2.135s] Level 1:colcon.colcon_core.package_identification:_identify(my_logs/lidar_odom_logs) by extension 'cmake'
[2.135s] Level 1:colcon.colcon_core.package_identification:_identify(my_logs/lidar_odom_logs) by extension 'python'
[2.135s] Level 1:colcon.colcon_core.package_identification:_identify(my_logs/lidar_odom_logs) by extensions ['python_setup_py']
[2.135s] Level 1:colcon.colcon_core.package_identification:_identify(my_logs/lidar_odom_logs) by extension 'python_setup_py'
[2.135s] Level 1:colcon.colcon_core.package_identification:_identify(src) by extensions ['ignore', 'ignore_ament_install']
[2.135s] Level 1:colcon.colcon_core.package_identification:_identify(src) by extension 'ignore'
[2.136s] Level 1:colcon.colcon_core.package_identification:_identify(src) by extension 'ignore_ament_install'
[2.136s] Level 1:colcon.colcon_core.package_identification:_identify(src) by extensions ['colcon_pkg']
[2.136s] Level 1:colcon.colcon_core.package_identification:_identify(src) by extension 'colcon_pkg'
[2.136s] Level 1:colcon.colcon_core.package_identification:_identify(src) by extensions ['colcon_meta']
[2.136s] Level 1:colcon.colcon_core.package_identification:_identify(src) by extension 'colcon_meta'
[2.136s] Level 1:colcon.colcon_core.package_identification:_identify(src) by extensions ['ros']
[2.136s] Level 1:colcon.colcon_core.package_identification:_identify(src) by extension 'ros'
[2.137s] Level 1:colcon.colcon_core.package_identification:_identify(src) by extensions ['cmake', 'python']
[2.137s] Level 1:colcon.colcon_core.package_identification:_identify(src) by extension 'cmake'
[2.137s] Level 1:colcon.colcon_core.package_identification:_identify(src) by extension 'python'
[2.137s] Level 1:colcon.colcon_core.package_identification:_identify(src) by extensions ['python_setup_py']
[2.137s] Level 1:colcon.colcon_core.package_identification:_identify(src) by extension 'python_setup_py'
[2.137s] Level 1:colcon.colcon_core.package_identification:_identify(src/apf_pkg) by extensions ['ignore', 'ignore_ament_install']
[2.137s] Level 1:colcon.colcon_core.package_identification:_identify(src/apf_pkg) by extension 'ignore'
[2.137s] Level 1:colcon.colcon_core.package_identification:_identify(src/apf_pkg) by extension 'ignore_ament_install'
[2.137s] Level 1:colcon.colcon_core.package_identification:_identify(src/apf_pkg) by extensions ['colcon_pkg']
[2.137s] Level 1:colcon.colcon_core.package_identification:_identify(src/apf_pkg) by extension 'colcon_pkg'
[2.137s] Level 1:colcon.colcon_core.package_identification:_identify(src/apf_pkg) by extensions ['colcon_meta']
[2.137s] Level 1:colcon.colcon_core.package_identification:_identify(src/apf_pkg) by extension 'colcon_meta'
[2.137s] Level 1:colcon.colcon_core.package_identification:_identify(src/apf_pkg) by extensions ['ros']
[2.137s] Level 1:colcon.colcon_core.package_identification:_identify(src/apf_pkg) by extension 'ros'
[2.159s] DEBUG:colcon.colcon_core.package_identification:Package 'src/apf_pkg' with type 'ros.ament_python' and name 'apf_pkg'
[2.159s] Level 1:colcon.colcon_core.package_identification:_identify(src/ekf_pkg) by extensions ['ignore', 'ignore_ament_install']
[2.160s] Level 1:colcon.colcon_core.package_identification:_identify(src/ekf_pkg) by extension 'ignore'
[2.161s] Level 1:colcon.colcon_core.package_identification:_identify(src/ekf_pkg) by extension 'ignore_ament_install'
[2.161s] Level 1:colcon.colcon_core.package_identification:_identify(src/ekf_pkg) by extensions ['colcon_pkg']
[2.161s] Level 1:colcon.colcon_core.package_identification:_identify(src/ekf_pkg) by extension 'colcon_pkg'
[2.161s] Level 1:colcon.colcon_core.package_identification:_identify(src/ekf_pkg) by extensions ['colcon_meta']
[2.161s] Level 1:colcon.colcon_core.package_identification:_identify(src/ekf_pkg) by extension 'colcon_meta'
[2.162s] Level 1:colcon.colcon_core.package_identification:_identify(src/ekf_pkg) by extensions ['ros']
[2.162s] Level 1:colcon.colcon_core.package_identification:_identify(src/ekf_pkg) by extension 'ros'
[2.167s] DEBUG:colcon.colcon_core.package_identification:Package 'src/ekf_pkg' with type 'ros.ament_python' and name 'ekf_pkg'
[2.168s] Level 1:colcon.colcon_core.package_identification:_identify(src/lidar_odom) by extensions ['ignore', 'ignore_ament_install']
[2.168s] Level 1:colcon.colcon_core.package_identification:_identify(src/lidar_odom) by extension 'ignore'
[2.168s] Level 1:colcon.colcon_core.package_identification:_identify(src/lidar_odom) by extension 'ignore_ament_install'
[2.168s] Level 1:colcon.colcon_core.package_identification:_identify(src/lidar_odom) by extensions ['colcon_pkg']
[2.168s] Level 1:colcon.colcon_core.package_identification:_identify(src/lidar_odom) by extension 'colcon_pkg'
[2.168s] Level 1:colcon.colcon_core.package_identification:_identify(src/lidar_odom) by extensions ['colcon_meta']
[2.169s] Level 1:colcon.colcon_core.package_identification:_identify(src/lidar_odom) by extension 'colcon_meta'
[2.169s] Level 1:colcon.colcon_core.package_identification:_identify(src/lidar_odom) by extensions ['ros']
[2.169s] Level 1:colcon.colcon_core.package_identification:_identify(src/lidar_odom) by extension 'ros'
[2.174s] DEBUG:colcon.colcon_core.package_identification:Package 'src/lidar_odom' with type 'ros.ament_python' and name 'lidar_odom'
[2.174s] Level 1:colcon.colcon_core.package_identification:_identify(src/odom_cmd) by extensions ['ignore', 'ignore_ament_install']
[2.176s] Level 1:colcon.colcon_core.package_identification:_identify(src/odom_cmd) by extension 'ignore'
[2.176s] Level 1:colcon.colcon_core.package_identification:_identify(src/odom_cmd) by extension 'ignore_ament_install'
[2.176s] Level 1:colcon.colcon_core.package_identification:_identify(src/odom_cmd) by extensions ['colcon_pkg']
[2.176s] Level 1:colcon.colcon_core.package_identification:_identify(src/odom_cmd) by extension 'colcon_pkg'
[2.176s] Level 1:colcon.colcon_core.package_identification:_identify(src/odom_cmd) by extensions ['colcon_meta']
[2.176s] Level 1:colcon.colcon_core.package_identification:_identify(src/odom_cmd) by extension 'colcon_meta'
[2.176s] Level 1:colcon.colcon_core.package_identification:_identify(src/odom_cmd) by extensions ['ros']
[2.176s] Level 1:colcon.colcon_core.package_identification:_identify(src/odom_cmd) by extension 'ros'
[2.179s] DEBUG:colcon.colcon_core.package_identification:Package 'src/odom_cmd' with type 'ros.ament_python' and name 'odom_cmd'
[2.179s] Level 1:colcon.colcon_core.package_identification:_identify(src/robot_bringup) by extensions ['ignore', 'ignore_ament_install']
[2.180s] Level 1:colcon.colcon_core.package_identification:_identify(src/robot_bringup) by extension 'ignore'
[2.180s] Level 1:colcon.colcon_core.package_identification:_identify(src/robot_bringup) by extension 'ignore_ament_install'
[2.180s] Level 1:colcon.colcon_core.package_identification:_identify(src/robot_bringup) by extensions ['colcon_pkg']
[2.180s] Level 1:colcon.colcon_core.package_identification:_identify(src/robot_bringup) by extension 'colcon_pkg'
[2.180s] Level 1:colcon.colcon_core.package_identification:_identify(src/robot_bringup) by extensions ['colcon_meta']
[2.180s] Level 1:colcon.colcon_core.package_identification:_identify(src/robot_bringup) by extension 'colcon_meta'
[2.183s] Level 1:colcon.colcon_core.package_identification:_identify(src/robot_bringup) by extensions ['ros']
[2.184s] Level 1:colcon.colcon_core.package_identification:_identify(src/robot_bringup) by extension 'ros'
[2.186s] DEBUG:colcon.colcon_core.package_identification:Package 'src/robot_bringup' with type 'ros.ament_python' and name 'robot_bringup'
[2.186s] Level 1:colcon.colcon_core.package_discovery:discover_packages(recursive) using defaults
[2.186s] Level 1:colcon.colcon_core.package_discovery:discover_packages(ignore) discover
[2.186s] Level 1:colcon.colcon_core.package_discovery:discover_packages(ignore) using defaults
[2.186s] Level 1:colcon.colcon_core.package_discovery:discover_packages(path) discover
[2.186s] Level 1:colcon.colcon_core.package_discovery:discover_packages(path) using defaults
[2.366s] Level 1:colcon.colcon_core.package_discovery:discover_packages(prefix_path) check parameters
[2.366s] Level 1:colcon.colcon_core.package_discovery:discover_packages(prefix_path) discover
[2.540s] DEBUG:colcon.colcon_installed_package_information.package_discovery:Found 6 installed packages in /home/vboxuser/apf_ws/install
[2.553s] DEBUG:colcon.colcon_installed_package_information.package_discovery:Found 1 installed packages in /home/vboxuser/myturtlebot_ws/install
[2.714s] DEBUG:colcon.colcon_installed_package_information.package_discovery:Found 15 installed packages in /home/vboxuser/turtlebot3_ws/install
[2.720s] DEBUG:colcon.colcon_installed_package_information.package_discovery:Found 497 installed packages in /opt/ros/jazzy
[2.733s] Level 1:colcon.colcon_core.package_discovery:discover_packages(prefix_path) using defaults
[4.284s] Level 5:colcon.colcon_core.verb:set package 'apf_pkg' build argument 'cmake_args' from command line to 'None'
[4.284s] Level 5:colcon.colcon_core.verb:set package 'apf_pkg' build argument 'cmake_target' from command line to 'None'
[4.285s] Level 5:colcon.colcon_core.verb:set package 'apf_pkg' build argument 'cmake_target_skip_unavailable' from command line to 'False'
[4.285s] Level 5:colcon.colcon_core.verb:set package 'apf_pkg' build argument 'cmake_clean_cache' from command line to 'False'
[4.285s] Level 5:colcon.colcon_core.verb:set package 'apf_pkg' build argument 'cmake_clean_first' from command line to 'False'
[4.285s] Level 5:colcon.colcon_core.verb:set package 'apf_pkg' build argument 'cmake_force_configure' from command line to 'False'
[4.285s] Level 5:colcon.colcon_core.verb:set package 'apf_pkg' build argument 'ament_cmake_args' from command line to 'None'
[4.285s] Level 5:colcon.colcon_core.verb:set package 'apf_pkg' build argument 'catkin_cmake_args' from command line to 'None'
[4.285s] Level 5:colcon.colcon_core.verb:set package 'apf_pkg' build argument 'catkin_skip_building_tests' from command line to 'False'
[4.285s] DEBUG:colcon.colcon_core.verb:Building package 'apf_pkg' with the following arguments: {'ament_cmake_args': None, 'build_base': '/home/vboxuser/apf_ws/build/apf_pkg', 'catkin_cmake_args': None, 'catkin_skip_building_tests': False, 'cmake_args': None, 'cmake_clean_cache': False, 'cmake_clean_first': False, 'cmake_force_configure': False, 'cmake_target': None, 'cmake_target_skip_unavailable': False, 'install_base': '/home/vboxuser/apf_ws/install/apf_pkg', 'merge_install': False, 'path': '/home/vboxuser/apf_ws/src/apf_pkg', 'symlink_install': False, 'test_result_base': None}
[4.285s] Level 5:colcon.colcon_core.verb:set package 'ekf_pkg' build argument 'cmake_args' from command line to 'None'
[4.285s] Level 5:colcon.colcon_core.verb:set package 'ekf_pkg' build argument 'cmake_target' from command line to 'None'
[4.285s] Level 5:colcon.colcon_core.verb:set package 'ekf_pkg' build argument 'cmake_target_skip_unavailable' from command line to 'False'
[4.285s] Level 5:colcon.colcon_core.verb:set package 'ekf_pkg' build argument 'cmake_clean_cache' from command line to 'False'
[4.285s] Level 5:colcon.colcon_core.verb:set package 'ekf_pkg' build argument 'cmake_clean_first' from command line to 'False'
[4.285s] Level 5:colcon.colcon_core.verb:set package 'ekf_pkg' build argument 'cmake_force_configure' from command line to 'False'
[4.285s] Level 5:colcon.colcon_core.verb:set package 'ekf_pkg' build argument 'ament_cmake_args' from command line to 'None'
[4.285s] Level 5:colcon.colcon_core.verb:set package 'ekf_pkg' build argument 'catkin_cmake_args' from command line to 'None'
[4.285s] Level 5:colcon.colcon_core.verb:set package 'ekf_pkg' build argument 'catkin_skip_building_tests' from command line to 'False'
[4.285s] DEBUG:colcon.colcon_core.verb:Building package 'ekf_pkg' with the following arguments: {'ament_cmake_args': None, 'build_base': '/home/vboxuser/apf_ws/build/ekf_pkg', 'catkin_cmake_args': None, 'catkin_skip_building_tests': False, 'cmake_args': None, 'cmake_clean_cache': False, 'cmake_clean_first': False, 'cmake_force_configure': False, 'cmake_target': None, 'cmake_target_skip_unavailable': False, 'install_base': '/home/vboxuser/apf_ws/install/ekf_pkg', 'merge_install': False, 'path': '/home/vboxuser/apf_ws/src/ekf_pkg', 'symlink_install': False, 'test_result_base': None}
[4.285s] Level 5:colcon.colcon_core.verb:set package 'lidar_odom' build argument 'cmake_args' from command line to 'None'
[4.285s] Level 5:colcon.colcon_core.verb:set package 'lidar_odom' build argument 'cmake_target' from command line to 'None'
[4.285s] Level 5:colcon.colcon_core.verb:set package 'lidar_odom' build argument 'cmake_target_skip_unavailable' from command line to 'False'
[4.285s] Level 5:colcon.colcon_core.verb:set package 'lidar_odom' build argument 'cmake_clean_cache' from command line to 'False'
[4.285s] Level 5:colcon.colcon_core.verb:set package 'lidar_odom' build argument 'cmake_clean_first' from command line to 'False'
[4.285s] Level 5:colcon.colcon_core.verb:set package 'lidar_odom' build argument 'cmake_force_configure' from command line to 'False'
[4.285s] Level 5:colcon.colcon_core.verb:set package 'lidar_odom' build argument 'ament_cmake_args' from command line to 'None'
[4.286s] Level 5:colcon.colcon_core.verb:set package 'lidar_odom' build argument 'catkin_cmake_args' from command line to 'None'
[4.286s] Level 5:colcon.colcon_core.verb:set package 'lidar_odom' build argument 'catkin_skip_building_tests' from command line to 'False'
[4.286s] DEBUG:colcon.colcon_core.verb:Building package 'lidar_odom' with the following arguments: {'ament_cmake_args': None, 'build_base': '/home/vboxuser/apf_ws/build/lidar_odom', 'catkin_cmake_args': None, 'catkin_skip_building_tests': False, 'cmake_args': None, 'cmake_clean_cache': False, 'cmake_clean_first': False, 'cmake_force_configure': False, 'cmake_target': None, 'cmake_target_skip_unavailable': False, 'install_base': '/home/vboxuser/apf_ws/install/lidar_odom', 'merge_install': False, 'path': '/home/vboxuser/apf_ws/src/lidar_odom', 'symlink_install': False, 'test_result_base': None}
[4.286s] Level 5:colcon.colcon_core.verb:set package 'odom_cmd' build argument 'cmake_args' from command line to 'None'
[4.286s] Level 5:colcon.colcon_core.verb:set package 'odom_cmd' build argument 'cmake_target' from command line to 'None'
[4.286s] Level 5:colcon.colcon_core.verb:set package 'odom_cmd' build argument 'cmake_target_skip_unavailable' from command line to 'False'
[4.286s] Level 5:colcon.colcon_core.verb:set package 'odom_cmd' build argument 'cmake_clean_cache' from command line to 'False'
[4.286s] Level 5:colcon.colcon_core.verb:set package 'odom_cmd' build argument 'cmake_clean_first' from command line to 'False'
[4.286s] Level 5:colcon.colcon_core.verb:set package 'odom_cmd' build argument 'cmake_force_configure' from command line to 'False'
[4.286s] Level 5:colcon.colcon_core.verb:set package 'odom_cmd' build argument 'ament_cmake_args' from command line to 'None'
[4.286s] Level 5:colcon.colcon_core.verb:set package 'odom_cmd' build argument 'catkin_cmake_args' from command line to 'None'
[4.286s] Level 5:colcon.colcon_core.verb:set package 'odom_cmd' build argument 'catkin_skip_building_tests' from command line to 'False'
[4.286s] DEBUG:colcon.colcon_core.verb:Building package 'odom_cmd' with the following arguments: {'ament_cmake_args': None, 'build_base': '/home/vboxuser/apf_ws/build/odom_cmd', 'catkin_cmake_args': None, 'catkin_skip_building_tests': False, 'cmake_args': None, 'cmake_clean_cache': False, 'cmake_clean_first': False, 'cmake_force_configure': False, 'cmake_target': None, 'cmake_target_skip_unavailable': False, 'install_base': '/home/vboxuser/apf_ws/install/odom_cmd', 'merge_install': False, 'path': '/home/vboxuser/apf_ws/src/odom_cmd', 'symlink_install': False, 'test_result_base': None}
[4.286s] Level 5:colcon.colcon_core.verb:set package 'robot_bringup' build argument 'cmake_args' from command line to 'None'
[4.286s] Level 5:colcon.colcon_core.verb:set package 'robot_bringup' build argument 'cmake_target' from command line to 'None'
[4.286s] Level 5:colcon.colcon_core.verb:set package 'robot_bringup' build argument 'cmake_target_skip_unavailable' from command line to 'False'
[4.286s] Level 5:colcon.colcon_core.verb:set package 'robot_bringup' build argument 'cmake_clean_cache' from command line to 'False'
[4.286s] Level 5:colcon.colcon_core.verb:set package 'robot_bringup' build argument 'cmake_clean_first' from command line to 'False'
[4.286s] Level 5:colcon.colcon_core.verb:set package 'robot_bringup' build argument 'cmake_force_configure' from command line to 'False'
[4.286s] Level 5:colcon.colcon_core.verb:set package 'robot_bringup' build argument 'ament_cmake_args' from command line to 'None'
[4.286s] Level 5:colcon.colcon_core.verb:set package 'robot_bringup' build argument 'catkin_cmake_args' from command line to 'None'
[4.286s] Level 5:colcon.colcon_core.verb:set package 'robot_bringup' build argument 'catkin_skip_building_tests' from command line to 'False'
[4.286s] DEBUG:colcon.colcon_core.verb:Building package 'robot_bringup' with the following arguments: {'ament_cmake_args': None, 'build_base': '/home/vboxuser/apf_ws/build/robot_bringup', 'catkin_cmake_args': None, 'catkin_skip_building_tests': False, 'cmake_args': None, 'cmake_clean_cache': False, 'cmake_clean_first': False, 'cmake_force_configure': False, 'cmake_target': None, 'cmake_target_skip_unavailable': False, 'install_base': '/home/vboxuser/apf_ws/install/robot_bringup', 'merge_install': False, 'path': '/home/vboxuser/apf_ws/src/robot_bringup', 'symlink_install': False, 'test_result_base': None}
[4.286s] INFO:colcon.colcon_core.executor:Executing jobs using 'parallel' executor
[4.289s] DEBUG:colcon.colcon_parallel_executor.executor.parallel:run_until_complete
[4.289s] INFO:colcon.colcon_ros.task.ament_python.build:Building ROS package in '/home/vboxuser/apf_ws/src/apf_pkg' with build type 'ament_python'
[4.289s] Level 1:colcon.colcon_core.shell:create_environment_hook('apf_pkg', 'ament_prefix_path')
[4.323s] INFO:colcon.colcon_core.plugin_system:Skipping extension 'colcon_core.shell.bat': Not used on non-Windows systems
[4.323s] INFO:colcon.colcon_core.shell:Creating environment hook '/home/vboxuser/apf_ws/install/apf_pkg/share/apf_pkg/hook/ament_prefix_path.ps1'
[4.335s] INFO:colcon.colcon_core.shell:Creating environment descriptor '/home/vboxuser/apf_ws/install/apf_pkg/share/apf_pkg/hook/ament_prefix_path.dsv'
[4.343s] INFO:colcon.colcon_core.shell:Creating environment hook '/home/vboxuser/apf_ws/install/apf_pkg/share/apf_pkg/hook/ament_prefix_path.sh'
[4.351s] INFO:colcon.colcon_core.shell:Skip shell extension 'powershell' for command environment: Not usable outside of PowerShell
[4.351s] DEBUG:colcon.colcon_core.shell:Skip shell extension 'dsv' for command environment
[4.365s] INFO:colcon.colcon_ros.task.ament_python.build:Building ROS package in '/home/vboxuser/apf_ws/src/ekf_pkg' with build type 'ament_python'
[4.365s] Level 1:colcon.colcon_core.shell:create_environment_hook('ekf_pkg', 'ament_prefix_path')
[4.365s] INFO:colcon.colcon_core.shell:Creating environment hook '/home/vboxuser/apf_ws/install/ekf_pkg/share/ekf_pkg/hook/ament_prefix_path.ps1'
[4.373s] INFO:colcon.colcon_core.shell:Creating environment descriptor '/home/vboxuser/apf_ws/install/ekf_pkg/share/ekf_pkg/hook/ament_prefix_path.dsv'
[4.373s] INFO:colcon.colcon_core.shell:Creating environment hook '/home/vboxuser/apf_ws/install/ekf_pkg/share/ekf_pkg/hook/ament_prefix_path.sh'
[4.375s] INFO:colcon.colcon_core.shell:Skip shell extension 'powershell' for command environment: Not usable outside of PowerShell
[4.375s] DEBUG:colcon.colcon_core.shell:Skip shell extension 'dsv' for command environment
[4.393s] INFO:colcon.colcon_ros.task.ament_python.build:Building ROS package in '/home/vboxuser/apf_ws/src/lidar_odom' with build type 'ament_python'
[4.393s] Level 1:colcon.colcon_core.shell:create_environment_hook('lidar_odom', 'ament_prefix_path')
[4.393s] INFO:colcon.colcon_core.shell:Creating environment hook '/home/vboxuser/apf_ws/install/lidar_odom/share/lidar_odom/hook/ament_prefix_path.ps1'
[4.399s] INFO:colcon.colcon_core.shell:Creating environment descriptor '/home/vboxuser/apf_ws/install/lidar_odom/share/lidar_odom/hook/ament_prefix_path.dsv'
[4.407s] INFO:colcon.colcon_core.shell:Creating environment hook '/home/vboxuser/apf_ws/install/lidar_odom/share/lidar_odom/hook/ament_prefix_path.sh'
[4.410s] INFO:colcon.colcon_core.shell:Skip shell extension 'powershell' for command environment: Not usable outside of PowerShell
[4.410s] DEBUG:colcon.colcon_core.shell:Skip shell extension 'dsv' for command environment
[4.427s] INFO:colcon.colcon_ros.task.ament_python.build:Building ROS package in '/home/vboxuser/apf_ws/src/odom_cmd' with build type 'ament_python'
[4.428s] Level 1:colcon.colcon_core.shell:create_environment_hook('odom_cmd', 'ament_prefix_path')
[4.428s] INFO:colcon.colcon_core.shell:Creating environment hook '/home/vboxuser/apf_ws/install/odom_cmd/share/odom_cmd/hook/ament_prefix_path.ps1'
[4.433s] INFO:colcon.colcon_core.shell:Creating environment descriptor '/home/vboxuser/apf_ws/install/odom_cmd/share/odom_cmd/hook/ament_prefix_path.dsv'
[4.440s] INFO:colcon.colcon_core.shell:Creating environment hook '/home/vboxuser/apf_ws/install/odom_cmd/share/odom_cmd/hook/ament_prefix_path.sh'
[4.445s] INFO:colcon.colcon_core.shell:Skip shell extension 'powershell' for command environment: Not usable outside of PowerShell
[4.445s] DEBUG:colcon.colcon_core.shell:Skip shell extension 'dsv' for command environment
[4.465s] INFO:colcon.colcon_ros.task.ament_python.build:Building ROS package in '/home/vboxuser/apf_ws/src/robot_bringup' with build type 'ament_python'
[4.465s] Level 1:colcon.colcon_core.shell:create_environment_hook('robot_bringup', 'ament_prefix_path')
[4.466s] INFO:colcon.colcon_core.shell:Creating environment hook '/home/vboxuser/apf_ws/install/robot_bringup/share/robot_bringup/hook/ament_prefix_path.ps1'
[4.469s] INFO:colcon.colcon_core.shell:Creating environment descriptor '/home/vboxuser/apf_ws/install/robot_bringup/share/robot_bringup/hook/ament_prefix_path.dsv'
[4.472s] INFO:colcon.colcon_core.shell:Creating environment hook '/home/vboxuser/apf_ws/install/robot_bringup/share/robot_bringup/hook/ament_prefix_path.sh'
[4.476s] INFO:colcon.colcon_core.shell:Skip shell extension 'powershell' for command environment: Not usable outside of PowerShell
[4.476s] DEBUG:colcon.colcon_core.shell:Skip shell extension 'dsv' for command environment
[5.023s] INFO:colcon.colcon_core.task.python.build:Building Python package in '/home/vboxuser/apf_ws/src/apf_pkg'
[5.023s] INFO:colcon.colcon_core.shell:Skip shell extension 'powershell' for command environment: Not usable outside of PowerShell
[5.023s] DEBUG:colcon.colcon_core.shell:Skip shell extension 'dsv' for command environment
[5.508s] INFO:colcon.colcon_core.task.python.build:Building Python package in '/home/vboxuser/apf_ws/src/ekf_pkg'
[5.509s] INFO:colcon.colcon_core.shell:Skip shell extension 'powershell' for command environment: Not usable outside of PowerShell
[5.509s] DEBUG:colcon.colcon_core.shell:Skip shell extension 'dsv' for command environment
[5.857s] INFO:colcon.colcon_core.task.python.build:Building Python package in '/home/vboxuser/apf_ws/src/lidar_odom'
[5.858s] INFO:colcon.colcon_core.shell:Skip shell extension 'powershell' for command environment: Not usable outside of PowerShell
[5.858s] DEBUG:colcon.colcon_core.shell:Skip shell extension 'dsv' for command environment
[6.346s] INFO:colcon.colcon_core.task.python.build:Building Python package in '/home/vboxuser/apf_ws/src/odom_cmd'
[6.346s] INFO:colcon.colcon_core.shell:Skip shell extension 'powershell' for command environment: Not usable outside of PowerShell
[6.346s] DEBUG:colcon.colcon_core.shell:Skip shell extension 'dsv' for command environment
[6.998s] INFO:colcon.colcon_core.task.python.build:Building Python package in '/home/vboxuser/apf_ws/src/robot_bringup'
[6.998s] INFO:colcon.colcon_core.shell:Skip shell extension 'powershell' for command environment: Not usable outside of PowerShell
[6.998s] DEBUG:colcon.colcon_core.shell:Skip shell extension 'dsv' for command environment
[10.857s] DEBUG:colcon.colcon_core.task.python.build:Available setuptools commands: build_ext, install_scripts, install, build_clib, egg_info, bdist, build_scripts, upload, easy_install, rotate, sdist, symlink_data, dist_info, build, install_data, install_lib, check, develop, init_catalog, upload_docs, bdist_dumb, register, install_egg_info, install_headers, clean, test, bdist_egg, update_catalog, build_py, extract_messages, setopt, bdist_rpm, alias, compile_catalog, saveopts, editable_wheel
[10.875s] DEBUG:colcon.colcon_core.event_handler.log_command:Invoking command in '/home/vboxuser/apf_ws/src/lidar_odom': DEBUGINFOD_URLS=https://debuginfod.ubuntu.com PYTHONPATH=/home/vboxuser/apf_ws/build/lidar_odom/prefix_override:/usr/lib/python3/dist-packages/colcon_core/task/python/colcon_distutils_commands:/home/vboxuser/apf_ws/install/lidar_odom/lib/python3.12/site-packages:${PYTHONPATH} /usr/bin/python3 -W ignore:setup.py install is deprecated -W ignore:easy_install command is deprecated setup.py egg_info --egg-base ../../build/lidar_odom build --build-base /home/vboxuser/apf_ws/build/lidar_odom/build install --record /home/vboxuser/apf_ws/build/lidar_odom/install.log --install-scripts $base/lib/lidar_odom --single-version-externally-managed install_data
[10.927s] DEBUG:colcon.colcon_core.task.python.build:Available setuptools commands: build_ext, install_scripts, install, build_clib, egg_info, bdist, build_scripts, upload, easy_install, rotate, sdist, symlink_data, dist_info, build, install_data, install_lib, check, develop, init_catalog, upload_docs, bdist_dumb, register, install_egg_info, install_headers, clean, test, bdist_egg, update_catalog, build_py, extract_messages, setopt, bdist_rpm, alias, compile_catalog, saveopts, editable_wheel
[10.932s] DEBUG:colcon.colcon_core.event_handler.log_command:Invoking command in '/home/vboxuser/apf_ws/src/odom_cmd': DEBUGINFOD_URLS=https://debuginfod.ubuntu.com PYTHONPATH=/home/vboxuser/apf_ws/build/odom_cmd/prefix_override:/usr/lib/python3/dist-packages/colcon_core/task/python/colcon_distutils_commands:/home/vboxuser/apf_ws/install/odom_cmd/lib/python3.12/site-packages:${PYTHONPATH} /usr/bin/python3 -W ignore:setup.py install is deprecated -W ignore:easy_install command is deprecated setup.py egg_info --egg-base ../../build/odom_cmd build --build-base /home/vboxuser/apf_ws/build/odom_cmd/build install --record /home/vboxuser/apf_ws/build/odom_cmd/install.log --install-scripts $base/lib/odom_cmd --single-version-externally-managed install_data
[10.934s] DEBUG:colcon.colcon_core.task.python.build:Available setuptools commands: build_ext, install_scripts, install, build_clib, egg_info, bdist, build_scripts, upload, easy_install, rotate, sdist, symlink_data, dist_info, build, install_data, install_lib, check, develop, init_catalog, upload_docs, bdist_dumb, register, install_egg_info, install_headers, clean, test, bdist_egg, update_catalog, build_py, extract_messages, setopt, bdist_rpm, alias, compile_catalog, saveopts, editable_wheel
[10.936s] DEBUG:colcon.colcon_core.event_handler.log_command:Invoking command in '/home/vboxuser/apf_ws/src/apf_pkg': DEBUGINFOD_URLS=https://debuginfod.ubuntu.com PYTHONPATH=/home/vboxuser/apf_ws/build/apf_pkg/prefix_override:/usr/lib/python3/dist-packages/colcon_core/task/python/colcon_distutils_commands:/home/vboxuser/apf_ws/install/apf_pkg/lib/python3.12/site-packages:${PYTHONPATH} /usr/bin/python3 -W ignore:setup.py install is deprecated -W ignore:easy_install command is deprecated setup.py egg_info --egg-base ../../build/apf_pkg build --build-base /home/vboxuser/apf_ws/build/apf_pkg/build install --record /home/vboxuser/apf_ws/build/apf_pkg/install.log --install-scripts $base/lib/apf_pkg --single-version-externally-managed install_data
[10.984s] DEBUG:colcon.colcon_core.task.python.build:Available setuptools commands: build_ext, install_scripts, install, build_clib, egg_info, bdist, build_scripts, upload, easy_install, rotate, sdist, symlink_data, dist_info, build, install_data, install_lib, check, develop, init_catalog, upload_docs, bdist_dumb, register, install_egg_info, install_headers, clean, test, bdist_egg, update_catalog, build_py, extract_messages, setopt, bdist_rpm, alias, compile_catalog, saveopts, editable_wheel
[10.989s] DEBUG:colcon.colcon_core.event_handler.log_command:Invoking command in '/home/vboxuser/apf_ws/src/robot_bringup': DEBUGINFOD_URLS=https://debuginfod.ubuntu.com PYTHONPATH=/home/vboxuser/apf_ws/build/robot_bringup/prefix_override:/usr/lib/python3/dist-packages/colcon_core/task/python/colcon_distutils_commands:/home/vboxuser/apf_ws/install/robot_bringup/lib/python3.12/site-packages:${PYTHONPATH} /usr/bin/python3 -W ignore:setup.py install is deprecated -W ignore:easy_install command is deprecated setup.py egg_info --egg-base ../../build/robot_bringup build --build-base /home/vboxuser/apf_ws/build/robot_bringup/build install --record /home/vboxuser/apf_ws/build/robot_bringup/install.log --install-scripts $base/lib/robot_bringup --single-version-externally-managed install_data
[10.994s] DEBUG:colcon.colcon_core.task.python.build:Available setuptools commands: build_ext, install_scripts, install, build_clib, egg_info, bdist, build_scripts, upload, easy_install, rotate, sdist, symlink_data, dist_info, build, install_data, install_lib, check, develop, init_catalog, upload_docs, bdist_dumb, register, install_egg_info, install_headers, clean, test, bdist_egg, update_catalog, build_py, extract_messages, setopt, bdist_rpm, alias, compile_catalog, saveopts, editable_wheel
[11.097s] DEBUG:colcon.colcon_core.event_handler.log_command:Invoking command in '/home/vboxuser/apf_ws/src/ekf_pkg': DEBUGINFOD_URLS=https://debuginfod.ubuntu.com PYTHONPATH=/home/vboxuser/apf_ws/build/ekf_pkg/prefix_override:/usr/lib/python3/dist-packages/colcon_core/task/python/colcon_distutils_commands:/home/vboxuser/apf_ws/install/ekf_pkg/lib/python3.12/site-packages:${PYTHONPATH} /usr/bin/python3 -W ignore:setup.py install is deprecated -W ignore:easy_install command is deprecated setup.py egg_info --egg-base ../../build/ekf_pkg build --build-base /home/vboxuser/apf_ws/build/ekf_pkg/build install --record /home/vboxuser/apf_ws/build/ekf_pkg/install.log --install-scripts $base/lib/ekf_pkg --single-version-externally-managed install_data
[12.515s] DEBUG:colcon.colcon_core.event_handler.log_command:Invoked command in '/home/vboxuser/apf_ws/src/ekf_pkg' returned '0': DEBUGINFOD_URLS=https://debuginfod.ubuntu.com PYTHONPATH=/home/vboxuser/apf_ws/build/ekf_pkg/prefix_override:/usr/lib/python3/dist-packages/colcon_core/task/python/colcon_distutils_commands:/home/vboxuser/apf_ws/install/ekf_pkg/lib/python3.12/site-packages:${PYTHONPATH} /usr/bin/python3 -W ignore:setup.py install is deprecated -W ignore:easy_install command is deprecated setup.py egg_info --egg-base ../../build/ekf_pkg build --build-base /home/vboxuser/apf_ws/build/ekf_pkg/build install --record /home/vboxuser/apf_ws/build/ekf_pkg/install.log --install-scripts $base/lib/ekf_pkg --single-version-externally-managed install_data
[12.590s] Level 1:colcon.colcon_core.environment:checking '/home/vboxuser/apf_ws/install/ekf_pkg' for CMake module files
[12.599s] Level 1:colcon.colcon_core.environment:checking '/home/vboxuser/apf_ws/install/ekf_pkg' for CMake config files
[12.614s] Level 1:colcon.colcon_core.environment:checking '/home/vboxuser/apf_ws/install/ekf_pkg/lib'
[12.615s] Level 1:colcon.colcon_core.environment:checking '/home/vboxuser/apf_ws/install/ekf_pkg/bin'
[12.615s] Level 1:colcon.colcon_core.environment:checking '/home/vboxuser/apf_ws/install/ekf_pkg/lib/pkgconfig/ekf_pkg.pc'
[12.615s] Level 1:colcon.colcon_core.environment:checking '/home/vboxuser/apf_ws/install/ekf_pkg/lib/python3.12/site-packages'
[12.616s] Level 1:colcon.colcon_core.shell:create_environment_hook('ekf_pkg', 'pythonpath')
[12.616s] INFO:colcon.colcon_core.shell:Creating environment hook '/home/vboxuser/apf_ws/install/ekf_pkg/share/ekf_pkg/hook/pythonpath.ps1'
[12.620s] INFO:colcon.colcon_core.shell:Creating environment descriptor '/home/vboxuser/apf_ws/install/ekf_pkg/share/ekf_pkg/hook/pythonpath.dsv'
[12.622s] INFO:colcon.colcon_core.shell:Creating environment hook '/home/vboxuser/apf_ws/install/ekf_pkg/share/ekf_pkg/hook/pythonpath.sh'
[12.629s] Level 1:colcon.colcon_core.environment:checking '/home/vboxuser/apf_ws/install/ekf_pkg/bin'
[12.629s] Level 1:colcon.colcon_core.environment:create_environment_scripts_only(ekf_pkg)
[12.630s] INFO:colcon.colcon_core.shell:Creating package script '/home/vboxuser/apf_ws/install/ekf_pkg/share/ekf_pkg/package.ps1'
[12.637s] INFO:colcon.colcon_core.shell:Creating package descriptor '/home/vboxuser/apf_ws/install/ekf_pkg/share/ekf_pkg/package.dsv'
[12.642s] INFO:colcon.colcon_core.shell:Creating package script '/home/vboxuser/apf_ws/install/ekf_pkg/share/ekf_pkg/package.sh'
[12.650s] INFO:colcon.colcon_core.shell:Creating package script '/home/vboxuser/apf_ws/install/ekf_pkg/share/ekf_pkg/package.bash'
[12.655s] INFO:colcon.colcon_core.shell:Creating package script '/home/vboxuser/apf_ws/install/ekf_pkg/share/ekf_pkg/package.zsh'
[12.660s] Level 1:colcon.colcon_core.environment:create_file_with_runtime_dependencies(/home/vboxuser/apf_ws/install/ekf_pkg/share/colcon-core/packages/ekf_pkg)
[12.687s] Level 1:colcon.colcon_core.environment:checking '/home/vboxuser/apf_ws/install/lidar_odom' for CMake module files
[12.688s] DEBUG:colcon.colcon_core.event_handler.log_command:Invoked command in '/home/vboxuser/apf_ws/src/lidar_odom' returned '0': DEBUGINFOD_URLS=https://debuginfod.ubuntu.com PYTHONPATH=/home/vboxuser/apf_ws/build/lidar_odom/prefix_override:/usr/lib/python3/dist-packages/colcon_core/task/python/colcon_distutils_commands:/home/vboxuser/apf_ws/install/lidar_odom/lib/python3.12/site-packages:${PYTHONPATH} /usr/bin/python3 -W ignore:setup.py install is deprecated -W ignore:easy_install command is deprecated setup.py egg_info --egg-base ../../build/lidar_odom build --build-base /home/vboxuser/apf_ws/build/lidar_odom/build install --record /home/vboxuser/apf_ws/build/lidar_odom/install.log --install-scripts $base/lib/lidar_odom --single-version-externally-managed install_data
[12.688s] Level 1:colcon.colcon_core.environment:checking '/home/vboxuser/apf_ws/install/lidar_odom' for CMake config files
[12.702s] Level 1:colcon.colcon_core.environment:checking '/home/vboxuser/apf_ws/install/lidar_odom/lib'
[12.702s] Level 1:colcon.colcon_core.environment:checking '/home/vboxuser/apf_ws/install/lidar_odom/bin'
[12.702s] Level 1:colcon.colcon_core.environment:checking '/home/vboxuser/apf_ws/install/lidar_odom/lib/pkgconfig/lidar_odom.pc'
[12.702s] Level 1:colcon.colcon_core.environment:checking '/home/vboxuser/apf_ws/install/lidar_odom/lib/python3.12/site-packages'
[12.702s] Level 1:colcon.colcon_core.shell:create_environment_hook('lidar_odom', 'pythonpath')
[12.702s] INFO:colcon.colcon_core.shell:Creating environment hook '/home/vboxuser/apf_ws/install/lidar_odom/share/lidar_odom/hook/pythonpath.ps1'
[12.704s] INFO:colcon.colcon_core.shell:Creating environment descriptor '/home/vboxuser/apf_ws/install/lidar_odom/share/lidar_odom/hook/pythonpath.dsv'
[12.706s] INFO:colcon.colcon_core.shell:Creating environment hook '/home/vboxuser/apf_ws/install/lidar_odom/share/lidar_odom/hook/pythonpath.sh'
[12.708s] Level 1:colcon.colcon_core.environment:checking '/home/vboxuser/apf_ws/install/lidar_odom/bin'
[12.708s] Level 1:colcon.colcon_core.environment:create_environment_scripts_only(lidar_odom)
[12.709s] INFO:colcon.colcon_core.shell:Creating package script '/home/vboxuser/apf_ws/install/lidar_odom/share/lidar_odom/package.ps1'
[12.716s] INFO:colcon.colcon_core.shell:Creating package descriptor '/home/vboxuser/apf_ws/install/lidar_odom/share/lidar_odom/package.dsv'
[12.718s] INFO:colcon.colcon_core.shell:Creating package script '/home/vboxuser/apf_ws/install/lidar_odom/share/lidar_odom/package.sh'
[12.719s] INFO:colcon.colcon_core.shell:Creating package script '/home/vboxuser/apf_ws/install/lidar_odom/share/lidar_odom/package.bash'
[12.721s] INFO:colcon.colcon_core.shell:Creating package script '/home/vboxuser/apf_ws/install/lidar_odom/share/lidar_odom/package.zsh'
[12.722s] Level 1:colcon.colcon_core.environment:create_file_with_runtime_dependencies(/home/vboxuser/apf_ws/install/lidar_odom/share/colcon-core/packages/lidar_odom)
[12.743s] Level 1:colcon.colcon_core.environment:checking '/home/vboxuser/apf_ws/install/odom_cmd' for CMake module files
[12.750s] Level 1:colcon.colcon_core.environment:checking '/home/vboxuser/apf_ws/install/odom_cmd' for CMake config files
[12.752s] DEBUG:colcon.colcon_core.event_handler.log_command:Invoked command in '/home/vboxuser/apf_ws/src/odom_cmd' returned '0': DEBUGINFOD_URLS=https://debuginfod.ubuntu.com PYTHONPATH=/home/vboxuser/apf_ws/build/odom_cmd/prefix_override:/usr/lib/python3/dist-packages/colcon_core/task/python/colcon_distutils_commands:/home/vboxuser/apf_ws/install/odom_cmd/lib/python3.12/site-packages:${PYTHONPATH} /usr/bin/python3 -W ignore:setup.py install is deprecated -W ignore:easy_install command is deprecated setup.py egg_info --egg-base ../../build/odom_cmd build --build-base /home/vboxuser/apf_ws/build/odom_cmd/build install --record /home/vboxuser/apf_ws/build/odom_cmd/install.log --install-scripts $base/lib/odom_cmd --single-version-externally-managed install_data
[12.766s] Level 1:colcon.colcon_core.environment:checking '/home/vboxuser/apf_ws/install/odom_cmd/lib'
[12.766s] Level 1:colcon.colcon_core.environment:checking '/home/vboxuser/apf_ws/install/odom_cmd/bin'
[12.766s] Level 1:colcon.colcon_core.environment:checking '/home/vboxuser/apf_ws/install/odom_cmd/lib/pkgconfig/odom_cmd.pc'
[12.766s] Level 1:colcon.colcon_core.environment:checking '/home/vboxuser/apf_ws/install/odom_cmd/lib/python3.12/site-packages'
[12.766s] Level 1:colcon.colcon_core.shell:create_environment_hook('odom_cmd', 'pythonpath')
[12.767s] INFO:colcon.colcon_core.shell:Creating environment hook '/home/vboxuser/apf_ws/install/odom_cmd/share/odom_cmd/hook/pythonpath.ps1'
[12.769s] INFO:colcon.colcon_core.shell:Creating environment descriptor '/home/vboxuser/apf_ws/install/odom_cmd/share/odom_cmd/hook/pythonpath.dsv'
[12.776s] INFO:colcon.colcon_core.shell:Creating environment hook '/home/vboxuser/apf_ws/install/odom_cmd/share/odom_cmd/hook/pythonpath.sh'
[12.781s] Level 1:colcon.colcon_core.environment:checking '/home/vboxuser/apf_ws/install/odom_cmd/bin'
[12.781s] Level 1:colcon.colcon_core.environment:create_environment_scripts_only(odom_cmd)
[12.781s] INFO:colcon.colcon_core.shell:Creating package script '/home/vboxuser/apf_ws/install/odom_cmd/share/odom_cmd/package.ps1'
[12.784s] INFO:colcon.colcon_core.shell:Creating package descriptor '/home/vboxuser/apf_ws/install/odom_cmd/share/odom_cmd/package.dsv'
[12.795s] INFO:colcon.colcon_core.shell:Creating package script '/home/vboxuser/apf_ws/install/odom_cmd/share/odom_cmd/package.sh'
[12.799s] INFO:colcon.colcon_core.shell:Creating package script '/home/vboxuser/apf_ws/install/odom_cmd/share/odom_cmd/package.bash'
[12.808s] INFO:colcon.colcon_core.shell:Creating package script '/home/vboxuser/apf_ws/install/odom_cmd/share/odom_cmd/package.zsh'
[12.817s] Level 1:colcon.colcon_core.environment:create_file_with_runtime_dependencies(/home/vboxuser/apf_ws/install/odom_cmd/share/colcon-core/packages/odom_cmd)
[12.913s] Level 1:colcon.colcon_core.environment:checking '/home/vboxuser/apf_ws/install/apf_pkg' for CMake module files
[12.920s] Level 1:colcon.colcon_core.environment:checking '/home/vboxuser/apf_ws/install/apf_pkg' for CMake config files
[12.938s] DEBUG:colcon.colcon_core.event_handler.log_command:Invoked command in '/home/vboxuser/apf_ws/src/apf_pkg' returned '0': DEBUGINFOD_URLS=https://debuginfod.ubuntu.com PYTHONPATH=/home/vboxuser/apf_ws/build/apf_pkg/prefix_override:/usr/lib/python3/dist-packages/colcon_core/task/python/colcon_distutils_commands:/home/vboxuser/apf_ws/install/apf_pkg/lib/python3.12/site-packages:${PYTHONPATH} /usr/bin/python3 -W ignore:setup.py install is deprecated -W ignore:easy_install command is deprecated setup.py egg_info --egg-base ../../build/apf_pkg build --build-base /home/vboxuser/apf_ws/build/apf_pkg/build install --record /home/vboxuser/apf_ws/build/apf_pkg/install.log --install-scripts $base/lib/apf_pkg --single-version-externally-managed install_data
[12.939s] Level 1:colcon.colcon_core.environment:checking '/home/vboxuser/apf_ws/install/apf_pkg/lib'
[12.939s] Level 1:colcon.colcon_core.environment:checking '/home/vboxuser/apf_ws/install/apf_pkg/bin'
[12.939s] Level 1:colcon.colcon_core.environment:checking '/home/vboxuser/apf_ws/install/apf_pkg/lib/pkgconfig/apf_pkg.pc'
[12.940s] Level 1:colcon.colcon_core.environment:checking '/home/vboxuser/apf_ws/install/apf_pkg/lib/python3.12/site-packages'
[12.940s] Level 1:colcon.colcon_core.shell:create_environment_hook('apf_pkg', 'pythonpath')
[12.940s] INFO:colcon.colcon_core.shell:Creating environment hook '/home/vboxuser/apf_ws/install/apf_pkg/share/apf_pkg/hook/pythonpath.ps1'
[12.943s] INFO:colcon.colcon_core.shell:Creating environment descriptor '/home/vboxuser/apf_ws/install/apf_pkg/share/apf_pkg/hook/pythonpath.dsv'
[12.945s] INFO:colcon.colcon_core.shell:Creating environment hook '/home/vboxuser/apf_ws/install/apf_pkg/share/apf_pkg/hook/pythonpath.sh'
[12.948s] Level 1:colcon.colcon_core.environment:checking '/home/vboxuser/apf_ws/install/apf_pkg/bin'
[12.948s] Level 1:colcon.colcon_core.environment:create_environment_scripts_only(apf_pkg)
[12.949s] INFO:colcon.colcon_core.shell:Creating package script '/home/vboxuser/apf_ws/install/apf_pkg/share/apf_pkg/package.ps1'
[12.951s] INFO:colcon.colcon_core.shell:Creating package descriptor '/home/vboxuser/apf_ws/install/apf_pkg/share/apf_pkg/package.dsv'
[12.953s] INFO:colcon.colcon_core.shell:Creating package script '/home/vboxuser/apf_ws/install/apf_pkg/share/apf_pkg/package.sh'
[12.954s] INFO:colcon.colcon_core.shell:Creating package script '/home/vboxuser/apf_ws/install/apf_pkg/share/apf_pkg/package.bash'
[12.955s] INFO:colcon.colcon_core.shell:Creating package script '/home/vboxuser/apf_ws/install/apf_pkg/share/apf_pkg/package.zsh'
[12.956s] Level 1:colcon.colcon_core.environment:create_file_with_runtime_dependencies(/home/vboxuser/apf_ws/install/apf_pkg/share/colcon-core/packages/apf_pkg)
[13.066s] Level 1:colcon.colcon_core.environment:checking '/home/vboxuser/apf_ws/install/robot_bringup' for CMake module files
[13.069s] DEBUG:colcon.colcon_core.event_handler.log_command:Invoked command in '/home/vboxuser/apf_ws/src/robot_bringup' returned '0': DEBUGINFOD_URLS=https://debuginfod.ubuntu.com PYTHONPATH=/home/vboxuser/apf_ws/build/robot_bringup/prefix_override:/usr/lib/python3/dist-packages/colcon_core/task/python/colcon_distutils_commands:/home/vboxuser/apf_ws/install/robot_bringup/lib/python3.12/site-packages:${PYTHONPATH} /usr/bin/python3 -W ignore:setup.py install is deprecated -W ignore:easy_install command is deprecated setup.py egg_info --egg-base ../../build/robot_bringup build --build-base /home/vboxuser/apf_ws/build/robot_bringup/build install --record /home/vboxuser/apf_ws/build/robot_bringup/install.log --install-scripts $base/lib/robot_bringup --single-version-externally-managed install_data
[13.075s] Level 1:colcon.colcon_core.environment:checking '/home/vboxuser/apf_ws/install/robot_bringup' for CMake config files
[13.088s] Level 1:colcon.colcon_core.environment:checking '/home/vboxuser/apf_ws/install/robot_bringup/lib'
[13.088s] Level 1:colcon.colcon_core.environment:checking '/home/vboxuser/apf_ws/install/robot_bringup/bin'
[13.088s] Level 1:colcon.colcon_core.environment:checking '/home/vboxuser/apf_ws/install/robot_bringup/lib/pkgconfig/robot_bringup.pc'
[13.088s] Level 1:colcon.colcon_core.environment:checking '/home/vboxuser/apf_ws/install/robot_bringup/lib/python3.12/site-packages'
[13.088s] Level 1:colcon.colcon_core.shell:create_environment_hook('robot_bringup', 'pythonpath')
[13.089s] INFO:colcon.colcon_core.shell:Creating environment hook '/home/vboxuser/apf_ws/install/robot_bringup/share/robot_bringup/hook/pythonpath.ps1'
[13.089s] INFO:colcon.colcon_core.shell:Creating environment descriptor '/home/vboxuser/apf_ws/install/robot_bringup/share/robot_bringup/hook/pythonpath.dsv'
[13.095s] INFO:colcon.colcon_core.shell:Creating environment hook '/home/vboxuser/apf_ws/install/robot_bringup/share/robot_bringup/hook/pythonpath.sh'
[13.096s] Level 1:colcon.colcon_core.environment:checking '/home/vboxuser/apf_ws/install/robot_bringup/bin'
[13.096s] Level 1:colcon.colcon_core.environment:create_environment_scripts_only(robot_bringup)
[13.097s] INFO:colcon.colcon_core.shell:Creating package script '/home/vboxuser/apf_ws/install/robot_bringup/share/robot_bringup/package.ps1'
[13.100s] INFO:colcon.colcon_core.shell:Creating package descriptor '/home/vboxuser/apf_ws/install/robot_bringup/share/robot_bringup/package.dsv'
[13.109s] INFO:colcon.colcon_core.shell:Creating package script '/home/vboxuser/apf_ws/install/robot_bringup/share/robot_bringup/package.sh'
[13.112s] INFO:colcon.colcon_core.shell:Creating package script '/home/vboxuser/apf_ws/install/robot_bringup/share/robot_bringup/package.bash'
[13.115s] INFO:colcon.colcon_core.shell:Creating package script '/home/vboxuser/apf_ws/install/robot_bringup/share/robot_bringup/package.zsh'
[13.119s] Level 1:colcon.colcon_core.environment:create_file_with_runtime_dependencies(/home/vboxuser/apf_ws/install/robot_bringup/share/colcon-core/packages/robot_bringup)
[13.123s] DEBUG:colcon.colcon_parallel_executor.executor.parallel:closing loop
[13.126s] DEBUG:colcon.colcon_parallel_executor.executor.parallel:loop closed
[13.126s] DEBUG:colcon.colcon_parallel_executor.executor.parallel:run_until_complete finished with '0'
[13.126s] DEBUG:colcon.colcon_core.event_reactor:joining thread
[13.200s] INFO:colcon.colcon_core.plugin_system:Skipping extension 'colcon_notification.desktop_notification.terminal_notifier': Not used on non-Darwin systems
[13.200s] INFO:colcon.colcon_core.plugin_system:Skipping extension 'colcon_notification.desktop_notification.win32': Not used on non-Windows systems
[13.200s] INFO:colcon.colcon_notification.desktop_notification:Sending desktop notification using 'notify2'
[13.341s] DEBUG:colcon.colcon_core.event_reactor:joined thread
[13.342s] INFO:colcon.colcon_core.shell:Creating prefix script '/home/vboxuser/apf_ws/install/local_setup.ps1'
[13.346s] INFO:colcon.colcon_core.shell:Creating prefix util module '/home/vboxuser/apf_ws/install/_local_setup_util_ps1.py'
[13.349s] INFO:colcon.colcon_core.shell:Creating prefix chain script '/home/vboxuser/apf_ws/install/setup.ps1'
[13.355s] INFO:colcon.colcon_core.shell:Creating prefix script '/home/vboxuser/apf_ws/install/local_setup.sh'
[13.360s] INFO:colcon.colcon_core.shell:Creating prefix util module '/home/vboxuser/apf_ws/install/_local_setup_util_sh.py'
[13.363s] INFO:colcon.colcon_core.shell:Creating prefix chain script '/home/vboxuser/apf_ws/install/setup.sh'
[13.372s] INFO:colcon.colcon_core.shell:Creating prefix script '/home/vboxuser/apf_ws/install/local_setup.bash'
[13.378s] INFO:colcon.colcon_core.shell:Creating prefix chain script '/home/vboxuser/apf_ws/install/setup.bash'
[13.401s] INFO:colcon.colcon_core.shell:Creating prefix script '/home/vboxuser/apf_ws/install/local_setup.zsh'
[13.412s] INFO:colcon.colcon_core.shell:Creating prefix chain script '/home/vboxuser/apf_ws/install/setup.zsh'
