[3.533s] Invoking command in '/home/vboxuser/apf_ws/src/apf_pkg': DEBUGINFOD_URLS=https://debuginfod.ubuntu.com PYTHONPATH=/home/vboxuser/apf_ws/build/apf_pkg/prefix_override:/usr/lib/python3/dist-packages/colcon_core/task/python/colcon_distutils_commands:/home/vboxuser/apf_ws/install/apf_pkg/lib/python3.12/site-packages:${PYTHONPATH} /usr/bin/python3 -W ignore:setup.py install is deprecated -W ignore:easy_install command is deprecated setup.py egg_info --egg-base ../../build/apf_pkg build --build-base /home/vboxuser/apf_ws/build/apf_pkg/build install --record /home/vboxuser/apf_ws/build/apf_pkg/install.log --install-scripts $base/lib/apf_pkg --single-version-externally-managed install_data
[4.155s] running egg_info
[4.201s] writing ../../build/apf_pkg/apf_pkg.egg-info/PKG-INFO
[4.203s] writing dependency_links to ../../build/apf_pkg/apf_pkg.egg-info/dependency_links.txt
[4.203s] writing entry points to ../../build/apf_pkg/apf_pkg.egg-info/entry_points.txt
[4.204s] writing requirements to ../../build/apf_pkg/apf_pkg.egg-info/requires.txt
[4.205s] writing top-level names to ../../build/apf_pkg/apf_pkg.egg-info/top_level.txt
[4.313s] reading manifest file '../../build/apf_pkg/apf_pkg.egg-info/SOURCES.txt'
[4.315s] writing manifest file '../../build/apf_pkg/apf_pkg.egg-info/SOURCES.txt'
[4.316s] running build
[4.316s] running build_py
[4.317s] running install
[4.327s] running install_lib
[4.400s] running install_data
[4.402s] running install_egg_info
[4.429s] removing '/home/vboxuser/apf_ws/install/apf_pkg/lib/python3.12/site-packages/apf_pkg-0.0.0-py3.12.egg-info' (and everything under it)
[4.441s] Copying ../../build/apf_pkg/apf_pkg.egg-info to /home/vboxuser/apf_ws/install/apf_pkg/lib/python3.12/site-packages/apf_pkg-0.0.0-py3.12.egg-info
[4.452s] running install_scripts
[4.739s] Installing apf_controller script to /home/vboxuser/apf_ws/install/apf_pkg/lib/apf_pkg
[4.741s] Installing apf_node script to /home/vboxuser/apf_ws/install/apf_pkg/lib/apf_pkg
[4.741s] Installing logger script to /home/vboxuser/apf_ws/install/apf_pkg/lib/apf_pkg
[4.741s] writing list of installed files to '/home/vboxuser/apf_ws/build/apf_pkg/install.log'
[4.920s] Invoked command in '/home/vboxuser/apf_ws/src/apf_pkg' returned '0': DEBUGINFOD_URLS=https://debuginfod.ubuntu.com PYTHONPATH=/home/vboxuser/apf_ws/build/apf_pkg/prefix_override:/usr/lib/python3/dist-packages/colcon_core/task/python/colcon_distutils_commands:/home/vboxuser/apf_ws/install/apf_pkg/lib/python3.12/site-packages:${PYTHONPATH} /usr/bin/python3 -W ignore:setup.py install is deprecated -W ignore:easy_install command is deprecated setup.py egg_info --egg-base ../../build/apf_pkg build --build-base /home/vboxuser/apf_ws/build/apf_pkg/build install --record /home/vboxuser/apf_ws/build/apf_pkg/install.log --install-scripts $base/lib/apf_pkg --single-version-externally-managed install_data
