[7.292s] Invoking command in '/home/vboxuser/apf_ws/src/ekf_pkg': DEBUGINFOD_URLS=https://debuginfod.ubuntu.com PYTHONPATH=/home/vboxuser/apf_ws/build/ekf_pkg/prefix_override:/usr/lib/python3/dist-packages/colcon_core/task/python/colcon_distutils_commands:/home/vboxuser/apf_ws/install/ekf_pkg/lib/python3.12/site-packages:${PYTHONPATH} /usr/bin/python3 -W ignore:setup.py install is deprecated -W ignore:easy_install command is deprecated setup.py egg_info --egg-base ../../build/ekf_pkg build --build-base /home/vboxuser/apf_ws/build/ekf_pkg/build install --record /home/vboxuser/apf_ws/build/ekf_pkg/install.log --install-scripts $base/lib/ekf_pkg --single-version-externally-managed install_data
[8.203s] running egg_info
[8.203s] creating ../../build/ekf_pkg/ekf_pkg.egg-info
[8.245s] writing ../../build/ekf_pkg/ekf_pkg.egg-info/PKG-INFO
[8.246s] writing dependency_links to ../../build/ekf_pkg/ekf_pkg.egg-info/dependency_links.txt
[8.246s] writing entry points to ../../build/ekf_pkg/ekf_pkg.egg-info/entry_points.txt
[8.247s] writing requirements to ../../build/ekf_pkg/ekf_pkg.egg-info/requires.txt
[8.247s] writing top-level names to ../../build/ekf_pkg/ekf_pkg.egg-info/top_level.txt
[8.247s] writing manifest file '../../build/ekf_pkg/ekf_pkg.egg-info/SOURCES.txt'
[8.345s] reading manifest file '../../build/ekf_pkg/ekf_pkg.egg-info/SOURCES.txt'
[8.345s] writing manifest file '../../build/ekf_pkg/ekf_pkg.egg-info/SOURCES.txt'
[8.346s] running build
[8.346s] running build_py
[8.346s] creating /home/vboxuser/apf_ws/build/ekf_pkg/build
[8.346s] creating /home/vboxuser/apf_ws/build/ekf_pkg/build/lib
[8.347s] creating /home/vboxuser/apf_ws/build/ekf_pkg/build/lib/ekf_pkg
[8.347s] copying ekf_pkg/__init__.py -> /home/vboxuser/apf_ws/build/ekf_pkg/build/lib/ekf_pkg
[8.352s] copying ekf_pkg/ekf_with_mapping.py -> /home/vboxuser/apf_ws/build/ekf_pkg/build/lib/ekf_pkg
[8.366s] copying ekf_pkg/ekf_node.py -> /home/vboxuser/apf_ws/build/ekf_pkg/build/lib/ekf_pkg
[8.370s] copying ekf_pkg/logger.py -> /home/vboxuser/apf_ws/build/ekf_pkg/build/lib/ekf_pkg
[8.372s] running install
[8.379s] running install_lib
[8.421s] creating /home/vboxuser/apf_ws/install/ekf_pkg/lib/python3.12/site-packages/ekf_pkg
[8.421s] copying /home/vboxuser/apf_ws/build/ekf_pkg/build/lib/ekf_pkg/__init__.py -> /home/vboxuser/apf_ws/install/ekf_pkg/lib/python3.12/site-packages/ekf_pkg
[8.421s] copying /home/vboxuser/apf_ws/build/ekf_pkg/build/lib/ekf_pkg/ekf_with_mapping.py -> /home/vboxuser/apf_ws/install/ekf_pkg/lib/python3.12/site-packages/ekf_pkg
[8.421s] copying /home/vboxuser/apf_ws/build/ekf_pkg/build/lib/ekf_pkg/ekf_node.py -> /home/vboxuser/apf_ws/install/ekf_pkg/lib/python3.12/site-packages/ekf_pkg
[8.434s] copying /home/vboxuser/apf_ws/build/ekf_pkg/build/lib/ekf_pkg/logger.py -> /home/vboxuser/apf_ws/install/ekf_pkg/lib/python3.12/site-packages/ekf_pkg
[8.439s] byte-compiling /home/vboxuser/apf_ws/install/ekf_pkg/lib/python3.12/site-packages/ekf_pkg/__init__.py to __init__.cpython-312.pyc
[8.440s] byte-compiling /home/vboxuser/apf_ws/install/ekf_pkg/lib/python3.12/site-packages/ekf_pkg/ekf_with_mapping.py to ekf_with_mapping.cpython-312.pyc
[8.445s] byte-compiling /home/vboxuser/apf_ws/install/ekf_pkg/lib/python3.12/site-packages/ekf_pkg/ekf_node.py to ekf_node.cpython-312.pyc
[8.450s] byte-compiling /home/vboxuser/apf_ws/install/ekf_pkg/lib/python3.12/site-packages/ekf_pkg/logger.py to logger.cpython-312.pyc
[8.457s] running install_data
[8.457s] creating /home/vboxuser/apf_ws/install/ekf_pkg/share/ament_index
[8.458s] creating /home/vboxuser/apf_ws/install/ekf_pkg/share/ament_index/resource_index
[8.458s] creating /home/vboxuser/apf_ws/install/ekf_pkg/share/ament_index/resource_index/packages
[8.458s] copying resource/ekf_pkg -> /home/vboxuser/apf_ws/install/ekf_pkg/share/ament_index/resource_index/packages
[8.458s] copying package.xml -> /home/vboxuser/apf_ws/install/ekf_pkg/share/ekf_pkg
[8.458s] creating /home/vboxuser/apf_ws/install/ekf_pkg/share/ekf_pkg/launch
[8.458s] copying launch/ekf_pkg.launch.py -> /home/vboxuser/apf_ws/install/ekf_pkg/share/ekf_pkg/launch
[8.461s] copying launch/ekf_pkg_map.launch.py -> /home/vboxuser/apf_ws/install/ekf_pkg/share/ekf_pkg/launch
[8.465s] running install_egg_info
[8.501s] Copying ../../build/ekf_pkg/ekf_pkg.egg-info to /home/vboxuser/apf_ws/install/ekf_pkg/lib/python3.12/site-packages/ekf_pkg-0.0.0-py3.12.egg-info
[8.513s] running install_scripts
[9.121s] Installing ekf_node script to /home/vboxuser/apf_ws/install/ekf_pkg/lib/ekf_pkg
[9.123s] Installing ekf_with_mapping script to /home/vboxuser/apf_ws/install/ekf_pkg/lib/ekf_pkg
[9.123s] Installing logger script to /home/vboxuser/apf_ws/install/ekf_pkg/lib/ekf_pkg
[9.138s] writing list of installed files to '/home/vboxuser/apf_ws/build/ekf_pkg/install.log'
[12.260s] Invoked command in '/home/vboxuser/apf_ws/src/ekf_pkg' returned '0': DEBUGINFOD_URLS=https://debuginfod.ubuntu.com PYTHONPATH=/home/vboxuser/apf_ws/build/ekf_pkg/prefix_override:/usr/lib/python3/dist-packages/colcon_core/task/python/colcon_distutils_commands:/home/vboxuser/apf_ws/install/ekf_pkg/lib/python3.12/site-packages:${PYTHONPATH} /usr/bin/python3 -W ignore:setup.py install is deprecated -W ignore:easy_install command is deprecated setup.py egg_info --egg-base ../../build/ekf_pkg build --build-base /home/vboxuser/apf_ws/build/ekf_pkg/build install --record /home/vboxuser/apf_ws/build/ekf_pkg/install.log --install-scripts $base/lib/ekf_pkg --single-version-externally-managed install_data
