[2.288s] Invoking command in '/home/vboxuser/apf_ws/src/odom_cmd': DEBUGINFOD_URLS=https://debuginfod.ubuntu.com PYTHONPATH=/home/vboxuser/apf_ws/build/odom_cmd/prefix_override:/usr/lib/python3/dist-packages/colcon_core/task/python/colcon_distutils_commands:/home/vboxuser/apf_ws/install/odom_cmd/lib/python3.12/site-packages:${PYTHONPATH} /usr/bin/python3 -W ignore:setup.py install is deprecated -W ignore:easy_install command is deprecated setup.py egg_info --egg-base ../../build/odom_cmd build --build-base /home/vboxuser/apf_ws/build/odom_cmd/build install --record /home/vboxuser/apf_ws/build/odom_cmd/install.log --install-scripts $base/lib/odom_cmd --single-version-externally-managed install_data
[2.594s] running egg_info
[2.617s] writing ../../build/odom_cmd/odom_cmd.egg-info/PKG-INFO
[2.618s] writing dependency_links to ../../build/odom_cmd/odom_cmd.egg-info/dependency_links.txt
[2.619s] writing entry points to ../../build/odom_cmd/odom_cmd.egg-info/entry_points.txt
[2.619s] writing requirements to ../../build/odom_cmd/odom_cmd.egg-info/requires.txt
[2.619s] writing top-level names to ../../build/odom_cmd/odom_cmd.egg-info/top_level.txt
[2.682s] reading manifest file '../../build/odom_cmd/odom_cmd.egg-info/SOURCES.txt'
[2.683s] writing manifest file '../../build/odom_cmd/odom_cmd.egg-info/SOURCES.txt'
[2.683s] running build
[2.683s] running build_py
[2.685s] running install
[2.695s] running install_lib
[2.721s] running install_data
[2.722s] running install_egg_info
[2.755s] removing '/home/vboxuser/apf_ws/install/odom_cmd/lib/python3.12/site-packages/odom_cmd-0.0.0-py3.12.egg-info' (and everything under it)
[2.756s] Copying ../../build/odom_cmd/odom_cmd.egg-info to /home/vboxuser/apf_ws/install/odom_cmd/lib/python3.12/site-packages/odom_cmd-0.0.0-py3.12.egg-info
[2.758s] running install_scripts
[2.938s] Installing cmd_robot script to /home/vboxuser/apf_ws/install/odom_cmd/lib/odom_cmd
[2.938s] Installing logger script to /home/vboxuser/apf_ws/install/odom_cmd/lib/odom_cmd
[2.939s] writing list of installed files to '/home/vboxuser/apf_ws/build/odom_cmd/install.log'
[3.006s] Invoked command in '/home/vboxuser/apf_ws/src/odom_cmd' returned '0': DEBUGINFOD_URLS=https://debuginfod.ubuntu.com PYTHONPATH=/home/vboxuser/apf_ws/build/odom_cmd/prefix_override:/usr/lib/python3/dist-packages/colcon_core/task/python/colcon_distutils_commands:/home/vboxuser/apf_ws/install/odom_cmd/lib/python3.12/site-packages:${PYTHONPATH} /usr/bin/python3 -W ignore:setup.py install is deprecated -W ignore:easy_install command is deprecated setup.py egg_info --egg-base ../../build/odom_cmd build --build-base /home/vboxuser/apf_ws/build/odom_cmd/build install --record /home/vboxuser/apf_ws/build/odom_cmd/install.log --install-scripts $base/lib/odom_cmd --single-version-externally-managed install_data
