[5.476s] Invoking command in '/home/vboxuser/apf_ws/src/apf_pkg': DEBUGINFOD_URLS=https://debuginfod.ubuntu.com PYTHONPATH=/home/vboxuser/apf_ws/build/apf_pkg/prefix_override:/usr/lib/python3/dist-packages/colcon_core/task/python/colcon_distutils_commands:/home/vboxuser/apf_ws/install/apf_pkg/lib/python3.12/site-packages:${PYTHONPATH} /usr/bin/python3 -W ignore:setup.py install is deprecated -W ignore:easy_install command is deprecated setup.py egg_info --egg-base ../../build/apf_pkg build --build-base /home/vboxuser/apf_ws/build/apf_pkg/build install --record /home/vboxuser/apf_ws/build/apf_pkg/install.log --install-scripts $base/lib/apf_pkg --single-version-externally-managed install_data
[5.939s] running egg_info
[5.979s] writing ../../build/apf_pkg/apf_pkg.egg-info/PKG-INFO
[5.989s] writing dependency_links to ../../build/apf_pkg/apf_pkg.egg-info/dependency_links.txt
[5.989s] writing entry points to ../../build/apf_pkg/apf_pkg.egg-info/entry_points.txt
[5.989s] writing requirements to ../../build/apf_pkg/apf_pkg.egg-info/requires.txt
[5.989s] writing top-level names to ../../build/apf_pkg/apf_pkg.egg-info/top_level.txt
[6.058s] reading manifest file '../../build/apf_pkg/apf_pkg.egg-info/SOURCES.txt'
[6.068s] writing manifest file '../../build/apf_pkg/apf_pkg.egg-info/SOURCES.txt'
[6.068s] running build
[6.068s] running build_py
[6.068s] running install
[6.078s] running install_lib
[6.110s] running install_data
[6.110s] running install_egg_info
[6.146s] removing '/home/vboxuser/apf_ws/install/apf_pkg/lib/python3.12/site-packages/apf_pkg-0.0.0-py3.12.egg-info' (and everything under it)
[6.152s] Copying ../../build/apf_pkg/apf_pkg.egg-info to /home/vboxuser/apf_ws/install/apf_pkg/lib/python3.12/site-packages/apf_pkg-0.0.0-py3.12.egg-info
[6.158s] running install_scripts
[6.385s] Installing apf_controller script to /home/vboxuser/apf_ws/install/apf_pkg/lib/apf_pkg
[6.391s] Installing apf_node script to /home/vboxuser/apf_ws/install/apf_pkg/lib/apf_pkg
[6.391s] Installing logger script to /home/vboxuser/apf_ws/install/apf_pkg/lib/apf_pkg
[6.392s] writing list of installed files to '/home/vboxuser/apf_ws/build/apf_pkg/install.log'
[6.590s] Invoked command in '/home/vboxuser/apf_ws/src/apf_pkg' returned '0': DEBUGINFOD_URLS=https://debuginfod.ubuntu.com PYTHONPATH=/home/vboxuser/apf_ws/build/apf_pkg/prefix_override:/usr/lib/python3/dist-packages/colcon_core/task/python/colcon_distutils_commands:/home/vboxuser/apf_ws/install/apf_pkg/lib/python3.12/site-packages:${PYTHONPATH} /usr/bin/python3 -W ignore:setup.py install is deprecated -W ignore:easy_install command is deprecated setup.py egg_info --egg-base ../../build/apf_pkg build --build-base /home/vboxuser/apf_ws/build/apf_pkg/build install --record /home/vboxuser/apf_ws/build/apf_pkg/install.log --install-scripts $base/lib/apf_pkg --single-version-externally-managed install_data
