[6.011s] Invoking command in '/home/vboxuser/apf_ws/src/apf_pkg': DEBUGINFOD_URLS=https://debuginfod.ubuntu.com PYTHONPATH=/home/vboxuser/apf_ws/build/apf_pkg/prefix_override:/usr/lib/python3/dist-packages/colcon_core/task/python/colcon_distutils_commands:/home/vboxuser/apf_ws/install/apf_pkg/lib/python3.12/site-packages:${PYTHONPATH} /usr/bin/python3 -W ignore:setup.py install is deprecated -W ignore:easy_install command is deprecated setup.py egg_info --egg-base ../../build/apf_pkg build --build-base /home/vboxuser/apf_ws/build/apf_pkg/build install --record /home/vboxuser/apf_ws/build/apf_pkg/install.log --install-scripts $base/lib/apf_pkg --single-version-externally-managed install_data
[6.620s] running egg_info
[6.625s] writing ../../build/apf_pkg/apf_pkg.egg-info/PKG-INFO
[6.627s] writing dependency_links to ../../build/apf_pkg/apf_pkg.egg-info/dependency_links.txt
[6.649s] writing entry points to ../../build/apf_pkg/apf_pkg.egg-info/entry_points.txt
[6.649s] writing requirements to ../../build/apf_pkg/apf_pkg.egg-info/requires.txt
[6.656s] writing top-level names to ../../build/apf_pkg/apf_pkg.egg-info/top_level.txt
[6.783s] reading manifest file '../../build/apf_pkg/apf_pkg.egg-info/SOURCES.txt'
[6.791s] writing manifest file '../../build/apf_pkg/apf_pkg.egg-info/SOURCES.txt'
[6.792s] running build
[6.792s] running build_py
[6.806s] running install
[6.821s] running install_lib
[6.923s] running install_data
[6.927s] running install_egg_info
[6.993s] removing '/home/vboxuser/apf_ws/install/apf_pkg/lib/python3.12/site-packages/apf_pkg-0.0.0-py3.12.egg-info' (and everything under it)
[6.994s] Copying ../../build/apf_pkg/apf_pkg.egg-info to /home/vboxuser/apf_ws/install/apf_pkg/lib/python3.12/site-packages/apf_pkg-0.0.0-py3.12.egg-info
[6.997s] running install_scripts
[7.411s] Installing apf_controller script to /home/vboxuser/apf_ws/install/apf_pkg/lib/apf_pkg
[7.411s] Installing apf_node script to /home/vboxuser/apf_ws/install/apf_pkg/lib/apf_pkg
[7.415s] Installing logger script to /home/vboxuser/apf_ws/install/apf_pkg/lib/apf_pkg
[7.420s] writing list of installed files to '/home/vboxuser/apf_ws/build/apf_pkg/install.log'
[7.545s] Invoked command in '/home/vboxuser/apf_ws/src/apf_pkg' returned '0': DEBUGINFOD_URLS=https://debuginfod.ubuntu.com PYTHONPATH=/home/vboxuser/apf_ws/build/apf_pkg/prefix_override:/usr/lib/python3/dist-packages/colcon_core/task/python/colcon_distutils_commands:/home/vboxuser/apf_ws/install/apf_pkg/lib/python3.12/site-packages:${PYTHONPATH} /usr/bin/python3 -W ignore:setup.py install is deprecated -W ignore:easy_install command is deprecated setup.py egg_info --egg-base ../../build/apf_pkg build --build-base /home/vboxuser/apf_ws/build/apf_pkg/build install --record /home/vboxuser/apf_ws/build/apf_pkg/install.log --install-scripts $base/lib/apf_pkg --single-version-externally-managed install_data
