[1.954s] Invoking command in '/home/vboxuser/apf_ws/src/odom_cmd': DEBUGINFOD_URLS=https://debuginfod.ubuntu.com PYTHONPATH=/home/vboxuser/apf_ws/build/odom_cmd/prefix_override:/usr/lib/python3/dist-packages/colcon_core/task/python/colcon_distutils_commands:/home/vboxuser/apf_ws/install/odom_cmd/lib/python3.12/site-packages:${PYTHONPATH} /usr/bin/python3 -W ignore:setup.py install is deprecated -W ignore:easy_install command is deprecated setup.py egg_info --egg-base ../../build/odom_cmd build --build-base /home/vboxuser/apf_ws/build/odom_cmd/build install --record /home/vboxuser/apf_ws/build/odom_cmd/install.log --install-scripts $base/lib/odom_cmd --single-version-externally-managed install_data
[2.237s] running egg_info
[2.260s] writing ../../build/odom_cmd/odom_cmd.egg-info/PKG-INFO
[2.261s] writing dependency_links to ../../build/odom_cmd/odom_cmd.egg-info/dependency_links.txt
[2.261s] writing entry points to ../../build/odom_cmd/odom_cmd.egg-info/entry_points.txt
[2.262s] writing requirements to ../../build/odom_cmd/odom_cmd.egg-info/requires.txt
[2.262s] writing top-level names to ../../build/odom_cmd/odom_cmd.egg-info/top_level.txt
[2.311s] reading manifest file '../../build/odom_cmd/odom_cmd.egg-info/SOURCES.txt'
[2.312s] writing manifest file '../../build/odom_cmd/odom_cmd.egg-info/SOURCES.txt'
[2.313s] running build
[2.313s] running build_py
[2.313s] running install
[2.328s] running install_lib
[2.348s] running install_data
[2.349s] running install_egg_info
[2.370s] removing '/home/vboxuser/apf_ws/install/odom_cmd/lib/python3.12/site-packages/odom_cmd-0.0.0-py3.12.egg-info' (and everything under it)
[2.371s] Copying ../../build/odom_cmd/odom_cmd.egg-info to /home/vboxuser/apf_ws/install/odom_cmd/lib/python3.12/site-packages/odom_cmd-0.0.0-py3.12.egg-info
[2.372s] running install_scripts
[2.531s] Installing cmd_robot script to /home/vboxuser/apf_ws/install/odom_cmd/lib/odom_cmd
[2.531s] Installing cmd_robot_2 script to /home/vboxuser/apf_ws/install/odom_cmd/lib/odom_cmd
[2.534s] Installing logger script to /home/vboxuser/apf_ws/install/odom_cmd/lib/odom_cmd
[2.534s] writing list of installed files to '/home/vboxuser/apf_ws/build/odom_cmd/install.log'
[2.611s] Invoked command in '/home/vboxuser/apf_ws/src/odom_cmd' returned '0': DEBUGINFOD_URLS=https://debuginfod.ubuntu.com PYTHONPATH=/home/vboxuser/apf_ws/build/odom_cmd/prefix_override:/usr/lib/python3/dist-packages/colcon_core/task/python/colcon_distutils_commands:/home/vboxuser/apf_ws/install/odom_cmd/lib/python3.12/site-packages:${PYTHONPATH} /usr/bin/python3 -W ignore:setup.py install is deprecated -W ignore:easy_install command is deprecated setup.py egg_info --egg-base ../../build/odom_cmd build --build-base /home/vboxuser/apf_ws/build/odom_cmd/build install --record /home/vboxuser/apf_ws/build/odom_cmd/install.log --install-scripts $base/lib/odom_cmd --single-version-externally-managed install_data
