[3.695s] Invoking command in '/home/vboxuser/apf_ws/src/odom_cmd': DEBUGINFOD_URLS=https://debuginfod.ubuntu.com PYTHONPATH=/home/vboxuser/apf_ws/build/odom_cmd/prefix_override:/usr/lib/python3/dist-packages/colcon_core/task/python/colcon_distutils_commands:/home/vboxuser/apf_ws/install/odom_cmd/lib/python3.12/site-packages:${PYTHONPATH} /usr/bin/python3 -W ignore:setup.py install is deprecated -W ignore:easy_install command is deprecated setup.py egg_info --egg-base ../../build/odom_cmd build --build-base /home/vboxuser/apf_ws/build/odom_cmd/build install --record /home/vboxuser/apf_ws/build/odom_cmd/install.log --install-scripts $base/lib/odom_cmd --single-version-externally-managed install_data
[4.440s] running egg_info
[4.506s] writing ../../build/odom_cmd/odom_cmd.egg-info/PKG-INFO
[4.508s] writing dependency_links to ../../build/odom_cmd/odom_cmd.egg-info/dependency_links.txt
[4.510s] writing entry points to ../../build/odom_cmd/odom_cmd.egg-info/entry_points.txt
[4.510s] writing requirements to ../../build/odom_cmd/odom_cmd.egg-info/requires.txt
[4.511s] writing top-level names to ../../build/odom_cmd/odom_cmd.egg-info/top_level.txt
[4.764s] reading manifest file '../../build/odom_cmd/odom_cmd.egg-info/SOURCES.txt'
[4.769s] writing manifest file '../../build/odom_cmd/odom_cmd.egg-info/SOURCES.txt'
[4.770s] running build
[4.770s] running build_py
[4.771s] copying odom_cmd/cmd_robot_2.py -> /home/vboxuser/apf_ws/build/odom_cmd/build/lib/odom_cmd
[4.773s] running install
[4.808s] running install_lib
[4.866s] copying /home/vboxuser/apf_ws/build/odom_cmd/build/lib/odom_cmd/cmd_robot_2.py -> /home/vboxuser/apf_ws/install/odom_cmd/lib/python3.12/site-packages/odom_cmd
[4.867s] byte-compiling /home/vboxuser/apf_ws/install/odom_cmd/lib/python3.12/site-packages/odom_cmd/cmd_robot_2.py to cmd_robot_2.cpython-312.pyc
[4.875s] running install_data
[4.877s] running install_egg_info
[4.996s] removing '/home/vboxuser/apf_ws/install/odom_cmd/lib/python3.12/site-packages/odom_cmd-0.0.0-py3.12.egg-info' (and everything under it)
[4.997s] Copying ../../build/odom_cmd/odom_cmd.egg-info to /home/vboxuser/apf_ws/install/odom_cmd/lib/python3.12/site-packages/odom_cmd-0.0.0-py3.12.egg-info
[4.997s] running install_scripts
[5.382s] Installing cmd_robot script to /home/vboxuser/apf_ws/install/odom_cmd/lib/odom_cmd
[5.382s] Installing cmd_robot_2 script to /home/vboxuser/apf_ws/install/odom_cmd/lib/odom_cmd
[5.382s] Installing logger script to /home/vboxuser/apf_ws/install/odom_cmd/lib/odom_cmd
[5.382s] writing list of installed files to '/home/vboxuser/apf_ws/build/odom_cmd/install.log'
[5.519s] Invoked command in '/home/vboxuser/apf_ws/src/odom_cmd' returned '0': DEBUGINFOD_URLS=https://debuginfod.ubuntu.com PYTHONPATH=/home/vboxuser/apf_ws/build/odom_cmd/prefix_override:/usr/lib/python3/dist-packages/colcon_core/task/python/colcon_distutils_commands:/home/vboxuser/apf_ws/install/odom_cmd/lib/python3.12/site-packages:${PYTHONPATH} /usr/bin/python3 -W ignore:setup.py install is deprecated -W ignore:easy_install command is deprecated setup.py egg_info --egg-base ../../build/odom_cmd build --build-base /home/vboxuser/apf_ws/build/odom_cmd/build install --record /home/vboxuser/apf_ws/build/odom_cmd/install.log --install-scripts $base/lib/odom_cmd --single-version-externally-managed install_data
