[7.915s] Invoking command in '/home/vboxuser/apf_ws/src/odom_cmd': DEBUGINFOD_URLS=https://debuginfod.ubuntu.com PYTHONPATH=/home/vboxuser/apf_ws/build/odom_cmd/prefix_override:/usr/lib/python3/dist-packages/colcon_core/task/python/colcon_distutils_commands:/home/vboxuser/apf_ws/install/odom_cmd/lib/python3.12/site-packages:${PYTHONPATH} /usr/bin/python3 -W ignore:setup.py install is deprecated -W ignore:easy_install command is deprecated setup.py egg_info --egg-base ../../build/odom_cmd build --build-base /home/vboxuser/apf_ws/build/odom_cmd/build install --record /home/vboxuser/apf_ws/build/odom_cmd/install.log --install-scripts $base/lib/odom_cmd --single-version-externally-managed install_data
[9.625s] running egg_info
[9.815s] writing ../../build/odom_cmd/odom_cmd.egg-info/PKG-INFO
[9.815s] writing dependency_links to ../../build/odom_cmd/odom_cmd.egg-info/dependency_links.txt
[9.815s] writing entry points to ../../build/odom_cmd/odom_cmd.egg-info/entry_points.txt
[9.815s] writing requirements to ../../build/odom_cmd/odom_cmd.egg-info/requires.txt
[9.815s] writing top-level names to ../../build/odom_cmd/odom_cmd.egg-info/top_level.txt
[10.020s] reading manifest file '../../build/odom_cmd/odom_cmd.egg-info/SOURCES.txt'
[10.021s] writing manifest file '../../build/odom_cmd/odom_cmd.egg-info/SOURCES.txt'
[10.021s] running build
[10.036s] running build_py
[10.049s] copying odom_cmd/cmd_robot_2.py -> /home/vboxuser/apf_ws/build/odom_cmd/build/lib/odom_cmd
[10.066s] running install
[10.105s] running install_lib
[10.150s] copying /home/vboxuser/apf_ws/build/odom_cmd/build/lib/odom_cmd/cmd_robot_2.py -> /home/vboxuser/apf_ws/install/odom_cmd/lib/python3.12/site-packages/odom_cmd
[10.192s] byte-compiling /home/vboxuser/apf_ws/install/odom_cmd/lib/python3.12/site-packages/odom_cmd/cmd_robot_2.py to cmd_robot_2.cpython-312.pyc
[10.217s] running install_data
[10.242s] running install_egg_info
[10.488s] removing '/home/vboxuser/apf_ws/install/odom_cmd/lib/python3.12/site-packages/odom_cmd-0.0.0-py3.12.egg-info' (and everything under it)
[10.498s] Copying ../../build/odom_cmd/odom_cmd.egg-info to /home/vboxuser/apf_ws/install/odom_cmd/lib/python3.12/site-packages/odom_cmd-0.0.0-py3.12.egg-info
[10.515s] running install_scripts
[11.278s] Installing cmd_robot script to /home/vboxuser/apf_ws/install/odom_cmd/lib/odom_cmd
[11.279s] Installing cmd_robot_2 script to /home/vboxuser/apf_ws/install/odom_cmd/lib/odom_cmd
[11.281s] Installing logger script to /home/vboxuser/apf_ws/install/odom_cmd/lib/odom_cmd
[11.282s] writing list of installed files to '/home/vboxuser/apf_ws/build/odom_cmd/install.log'
[11.395s] Invoked command in '/home/vboxuser/apf_ws/src/odom_cmd' returned '0': DEBUGINFOD_URLS=https://debuginfod.ubuntu.com PYTHONPATH=/home/vboxuser/apf_ws/build/odom_cmd/prefix_override:/usr/lib/python3/dist-packages/colcon_core/task/python/colcon_distutils_commands:/home/vboxuser/apf_ws/install/odom_cmd/lib/python3.12/site-packages:${PYTHONPATH} /usr/bin/python3 -W ignore:setup.py install is deprecated -W ignore:easy_install command is deprecated setup.py egg_info --egg-base ../../build/odom_cmd build --build-base /home/vboxuser/apf_ws/build/odom_cmd/build install --record /home/vboxuser/apf_ws/build/odom_cmd/install.log --install-scripts $base/lib/odom_cmd --single-version-externally-managed install_data
