[0.959s] Invoking command in '/home/vboxuser/apf_ws/src/lidar_odom': DEBUGINFOD_URLS=https://debuginfod.ubuntu.com PYTHONPATH=/home/vboxuser/apf_ws/build/lidar_odom/prefix_override:/usr/lib/python3/dist-packages/colcon_core/task/python/colcon_distutils_commands:/home/vboxuser/apf_ws/install/lidar_odom/lib/python3.12/site-packages:${PYTHONPATH} /usr/bin/python3 -W ignore:setup.py install is deprecated -W ignore:easy_install command is deprecated setup.py egg_info --egg-base ../../build/lidar_odom build --build-base /home/vboxuser/apf_ws/build/lidar_odom/build install --record /home/vboxuser/apf_ws/build/lidar_odom/install.log --install-scripts $base/lib/lidar_odom --single-version-externally-managed install_data
[1.269s] running egg_info
[1.293s] writing ../../build/lidar_odom/lidar_odom.egg-info/PKG-INFO
[1.294s] writing dependency_links to ../../build/lidar_odom/lidar_odom.egg-info/dependency_links.txt
[1.294s] writing entry points to ../../build/lidar_odom/lidar_odom.egg-info/entry_points.txt
[1.294s] writing requirements to ../../build/lidar_odom/lidar_odom.egg-info/requires.txt
[1.294s] writing top-level names to ../../build/lidar_odom/lidar_odom.egg-info/top_level.txt
[1.344s] reading manifest file '../../build/lidar_odom/lidar_odom.egg-info/SOURCES.txt'
[1.345s] writing manifest file '../../build/lidar_odom/lidar_odom.egg-info/SOURCES.txt'
[1.346s] running build
[1.346s] running build_py
[1.346s] copying lidar_odom/icp_mapping.py -> /home/vboxuser/apf_ws/build/lidar_odom/build/lib/lidar_odom
[1.346s] running install
[1.352s] running install_lib
[1.375s] copying /home/vboxuser/apf_ws/build/lidar_odom/build/lib/lidar_odom/icp_mapping.py -> /home/vboxuser/apf_ws/install/lidar_odom/lib/python3.12/site-packages/lidar_odom
[1.376s] byte-compiling /home/vboxuser/apf_ws/install/lidar_odom/lib/python3.12/site-packages/lidar_odom/icp_mapping.py to icp_mapping.cpython-312.pyc
[1.379s]   File "/home/vboxuser/apf_ws/install/lidar_odom/lib/python3.12/site-packages/lidar_odom/icp_mapping.py", line 136
[1.379s]     (float(x), float(y), 0.0 for x, y, in all_points)
[1.380s]                              ^^^
[1.380s] SyntaxError: invalid syntax
[1.380s] 
[1.380s] running install_data
[1.380s] running install_egg_info
[1.403s] removing '/home/vboxuser/apf_ws/install/lidar_odom/lib/python3.12/site-packages/lidar_odom-0.0.0-py3.12.egg-info' (and everything under it)
[1.404s] Copying ../../build/lidar_odom/lidar_odom.egg-info to /home/vboxuser/apf_ws/install/lidar_odom/lib/python3.12/site-packages/lidar_odom-0.0.0-py3.12.egg-info
[1.406s] running install_scripts
[1.564s] Installing cmd_robot script to /home/vboxuser/apf_ws/install/lidar_odom/lib/lidar_odom
[1.565s] Installing icp_localization_node script to /home/vboxuser/apf_ws/install/lidar_odom/lib/lidar_odom
[1.565s] Installing icp_mapping script to /home/vboxuser/apf_ws/install/lidar_odom/lib/lidar_odom
[1.566s] Installing logger script to /home/vboxuser/apf_ws/install/lidar_odom/lib/lidar_odom
[1.566s] writing list of installed files to '/home/vboxuser/apf_ws/build/lidar_odom/install.log'
[1.600s] Invoked command in '/home/vboxuser/apf_ws/src/lidar_odom' returned '0': DEBUGINFOD_URLS=https://debuginfod.ubuntu.com PYTHONPATH=/home/vboxuser/apf_ws/build/lidar_odom/prefix_override:/usr/lib/python3/dist-packages/colcon_core/task/python/colcon_distutils_commands:/home/vboxuser/apf_ws/install/lidar_odom/lib/python3.12/site-packages:${PYTHONPATH} /usr/bin/python3 -W ignore:setup.py install is deprecated -W ignore:easy_install command is deprecated setup.py egg_info --egg-base ../../build/lidar_odom build --build-base /home/vboxuser/apf_ws/build/lidar_odom/build install --record /home/vboxuser/apf_ws/build/lidar_odom/install.log --install-scripts $base/lib/lidar_odom --single-version-externally-managed install_data
