[3.120s] Invoking command in '/home/vboxuser/apf_ws/src/ekf_pkg': DEBUGINFOD_URLS=https://debuginfod.ubuntu.com PYTHONPATH=/home/vboxuser/apf_ws/build/ekf_pkg/prefix_override:/usr/lib/python3/dist-packages/colcon_core/task/python/colcon_distutils_commands:/home/vboxuser/apf_ws/install/ekf_pkg/lib/python3.12/site-packages:${PYTHONPATH} /usr/bin/python3 -W ignore:setup.py install is deprecated -W ignore:easy_install command is deprecated setup.py egg_info --egg-base ../../build/ekf_pkg build --build-base /home/vboxuser/apf_ws/build/ekf_pkg/build install --record /home/vboxuser/apf_ws/build/ekf_pkg/install.log --install-scripts $base/lib/ekf_pkg --single-version-externally-managed install_data
[3.813s] running egg_info
[3.815s] creating ../../build/ekf_pkg/ekf_pkg.egg-info
[3.865s] writing ../../build/ekf_pkg/ekf_pkg.egg-info/PKG-INFO
[3.866s] writing dependency_links to ../../build/ekf_pkg/ekf_pkg.egg-info/dependency_links.txt
[3.867s] writing entry points to ../../build/ekf_pkg/ekf_pkg.egg-info/entry_points.txt
[3.867s] writing requirements to ../../build/ekf_pkg/ekf_pkg.egg-info/requires.txt
[3.869s] writing top-level names to ../../build/ekf_pkg/ekf_pkg.egg-info/top_level.txt
[3.869s] writing manifest file '../../build/ekf_pkg/ekf_pkg.egg-info/SOURCES.txt'
[3.972s] reading manifest file '../../build/ekf_pkg/ekf_pkg.egg-info/SOURCES.txt'
[3.974s] writing manifest file '../../build/ekf_pkg/ekf_pkg.egg-info/SOURCES.txt'
[3.976s] running build
[3.976s] running build_py
[3.976s] creating /home/vboxuser/apf_ws/build/ekf_pkg/build
[3.976s] creating /home/vboxuser/apf_ws/build/ekf_pkg/build/lib
[3.977s] creating /home/vboxuser/apf_ws/build/ekf_pkg/build/lib/ekf_pkg
[3.977s] copying ekf_pkg/__init__.py -> /home/vboxuser/apf_ws/build/ekf_pkg/build/lib/ekf_pkg
[3.977s] copying ekf_pkg/ekf_node.py -> /home/vboxuser/apf_ws/build/ekf_pkg/build/lib/ekf_pkg
[3.979s] copying ekf_pkg/logger.py -> /home/vboxuser/apf_ws/build/ekf_pkg/build/lib/ekf_pkg
[3.979s] running install
[3.990s] running install_lib
[4.046s] creating /home/vboxuser/apf_ws/install/ekf_pkg/lib/python3.12/site-packages/ekf_pkg
[4.047s] copying /home/vboxuser/apf_ws/build/ekf_pkg/build/lib/ekf_pkg/__init__.py -> /home/vboxuser/apf_ws/install/ekf_pkg/lib/python3.12/site-packages/ekf_pkg
[4.052s] copying /home/vboxuser/apf_ws/build/ekf_pkg/build/lib/ekf_pkg/ekf_node.py -> /home/vboxuser/apf_ws/install/ekf_pkg/lib/python3.12/site-packages/ekf_pkg
[4.052s] copying /home/vboxuser/apf_ws/build/ekf_pkg/build/lib/ekf_pkg/logger.py -> /home/vboxuser/apf_ws/install/ekf_pkg/lib/python3.12/site-packages/ekf_pkg
[4.052s] byte-compiling /home/vboxuser/apf_ws/install/ekf_pkg/lib/python3.12/site-packages/ekf_pkg/__init__.py to __init__.cpython-312.pyc
[4.052s] byte-compiling /home/vboxuser/apf_ws/install/ekf_pkg/lib/python3.12/site-packages/ekf_pkg/ekf_node.py to ekf_node.cpython-312.pyc
[4.057s] byte-compiling /home/vboxuser/apf_ws/install/ekf_pkg/lib/python3.12/site-packages/ekf_pkg/logger.py to logger.cpython-312.pyc
[4.058s] running install_data
[4.059s] creating /home/vboxuser/apf_ws/install/ekf_pkg/share/ament_index
[4.059s] creating /home/vboxuser/apf_ws/install/ekf_pkg/share/ament_index/resource_index
[4.060s] creating /home/vboxuser/apf_ws/install/ekf_pkg/share/ament_index/resource_index/packages
[4.060s] copying resource/ekf_pkg -> /home/vboxuser/apf_ws/install/ekf_pkg/share/ament_index/resource_index/packages
[4.060s] copying package.xml -> /home/vboxuser/apf_ws/install/ekf_pkg/share/ekf_pkg
[4.062s] creating /home/vboxuser/apf_ws/install/ekf_pkg/share/ekf_pkg/launch
[4.062s] copying launch/ekf_pkg.launch.py -> /home/vboxuser/apf_ws/install/ekf_pkg/share/ekf_pkg/launch
[4.063s] running install_egg_info
[4.122s] Copying ../../build/ekf_pkg/ekf_pkg.egg-info to /home/vboxuser/apf_ws/install/ekf_pkg/lib/python3.12/site-packages/ekf_pkg-0.0.0-py3.12.egg-info
[4.134s] running install_scripts
[4.486s] Installing ekf_node script to /home/vboxuser/apf_ws/install/ekf_pkg/lib/ekf_pkg
[4.487s] Installing logger script to /home/vboxuser/apf_ws/install/ekf_pkg/lib/ekf_pkg
[4.487s] writing list of installed files to '/home/vboxuser/apf_ws/build/ekf_pkg/install.log'
[4.550s] Invoked command in '/home/vboxuser/apf_ws/src/ekf_pkg' returned '0': DEBUGINFOD_URLS=https://debuginfod.ubuntu.com PYTHONPATH=/home/vboxuser/apf_ws/build/ekf_pkg/prefix_override:/usr/lib/python3/dist-packages/colcon_core/task/python/colcon_distutils_commands:/home/vboxuser/apf_ws/install/ekf_pkg/lib/python3.12/site-packages:${PYTHONPATH} /usr/bin/python3 -W ignore:setup.py install is deprecated -W ignore:easy_install command is deprecated setup.py egg_info --egg-base ../../build/ekf_pkg build --build-base /home/vboxuser/apf_ws/build/ekf_pkg/build install --record /home/vboxuser/apf_ws/build/ekf_pkg/install.log --install-scripts $base/lib/ekf_pkg --single-version-externally-managed install_data
