[10.710s] Invoking command in '/home/vboxuser/apf_ws/src/lidar_odom': DEBUGINFOD_URLS=https://debuginfod.ubuntu.com PYTHONPATH=/home/vboxuser/apf_ws/build/lidar_odom/prefix_override:/usr/lib/python3/dist-packages/colcon_core/task/python/colcon_distutils_commands:/home/vboxuser/apf_ws/install/lidar_odom/lib/python3.12/site-packages:${PYTHONPATH} /usr/bin/python3 -W ignore:setup.py install is deprecated -W ignore:easy_install command is deprecated setup.py egg_info --egg-base ../../build/lidar_odom build --build-base /home/vboxuser/apf_ws/build/lidar_odom/build install --record /home/vboxuser/apf_ws/build/lidar_odom/install.log --install-scripts $base/lib/lidar_odom --single-version-externally-managed install_data
[11.352s] running egg_info
[11.404s] writing ../../build/lidar_odom/lidar_odom.egg-info/PKG-INFO
[11.413s] writing dependency_links to ../../build/lidar_odom/lidar_odom.egg-info/dependency_links.txt
[11.416s] writing entry points to ../../build/lidar_odom/lidar_odom.egg-info/entry_points.txt
[11.418s] writing requirements to ../../build/lidar_odom/lidar_odom.egg-info/requires.txt
[11.420s] writing top-level names to ../../build/lidar_odom/lidar_odom.egg-info/top_level.txt
[11.527s] reading manifest file '../../build/lidar_odom/lidar_odom.egg-info/SOURCES.txt'
[11.533s] writing manifest file '../../build/lidar_odom/lidar_odom.egg-info/SOURCES.txt'
[11.544s] running build
[11.548s] running build_py
[11.548s] running install
[11.575s] running install_lib
[11.636s] running install_data
[11.646s] running install_egg_info
[11.734s] removing '/home/vboxuser/apf_ws/install/lidar_odom/lib/python3.12/site-packages/lidar_odom-0.0.0-py3.12.egg-info' (and everything under it)
[11.735s] Copying ../../build/lidar_odom/lidar_odom.egg-info to /home/vboxuser/apf_ws/install/lidar_odom/lib/python3.12/site-packages/lidar_odom-0.0.0-py3.12.egg-info
[11.805s] running install_scripts
[12.131s] Installing cmd_robot script to /home/vboxuser/apf_ws/install/lidar_odom/lib/lidar_odom
[12.132s] Installing filter_lidar script to /home/vboxuser/apf_ws/install/lidar_odom/lib/lidar_odom
[12.132s] Installing icp_localization_node script to /home/vboxuser/apf_ws/install/lidar_odom/lib/lidar_odom
[12.132s] Installing icp_mapping script to /home/vboxuser/apf_ws/install/lidar_odom/lib/lidar_odom
[12.132s] Installing logger script to /home/vboxuser/apf_ws/install/lidar_odom/lib/lidar_odom
[12.132s] Installing map_loader script to /home/vboxuser/apf_ws/install/lidar_odom/lib/lidar_odom
[12.132s] Installing record_lidar script to /home/vboxuser/apf_ws/install/lidar_odom/lib/lidar_odom
[12.133s] writing list of installed files to '/home/vboxuser/apf_ws/build/lidar_odom/install.log'
[14.905s] Invoked command in '/home/vboxuser/apf_ws/src/lidar_odom' returned '0': DEBUGINFOD_URLS=https://debuginfod.ubuntu.com PYTHONPATH=/home/vboxuser/apf_ws/build/lidar_odom/prefix_override:/usr/lib/python3/dist-packages/colcon_core/task/python/colcon_distutils_commands:/home/vboxuser/apf_ws/install/lidar_odom/lib/python3.12/site-packages:${PYTHONPATH} /usr/bin/python3 -W ignore:setup.py install is deprecated -W ignore:easy_install command is deprecated setup.py egg_info --egg-base ../../build/lidar_odom build --build-base /home/vboxuser/apf_ws/build/lidar_odom/build install --record /home/vboxuser/apf_ws/build/lidar_odom/install.log --install-scripts $base/lib/lidar_odom --single-version-externally-managed install_data
