[6.828s] Invoking command in '/home/vboxuser/apf_ws/src/lidar_odom': DEBUGINFOD_URLS=https://debuginfod.ubuntu.com PYTHONPATH=/home/vboxuser/apf_ws/build/lidar_odom/prefix_override:/usr/lib/python3/dist-packages/colcon_core/task/python/colcon_distutils_commands:/home/vboxuser/apf_ws/install/lidar_odom/lib/python3.12/site-packages:${PYTHONPATH} /usr/bin/python3 -W ignore:setup.py install is deprecated -W ignore:easy_install command is deprecated setup.py egg_info --egg-base ../../build/lidar_odom build --build-base /home/vboxuser/apf_ws/build/lidar_odom/build install --record /home/vboxuser/apf_ws/build/lidar_odom/install.log --install-scripts $base/lib/lidar_odom --single-version-externally-managed install_data
[7.427s] running egg_info
[7.442s] creating ../../build/lidar_odom/lidar_odom.egg-info
[7.481s] writing ../../build/lidar_odom/lidar_odom.egg-info/PKG-INFO
[7.482s] writing dependency_links to ../../build/lidar_odom/lidar_odom.egg-info/dependency_links.txt
[7.482s] writing entry points to ../../build/lidar_odom/lidar_odom.egg-info/entry_points.txt
[7.483s] writing requirements to ../../build/lidar_odom/lidar_odom.egg-info/requires.txt
[7.483s] writing top-level names to ../../build/lidar_odom/lidar_odom.egg-info/top_level.txt
[7.483s] writing manifest file '../../build/lidar_odom/lidar_odom.egg-info/SOURCES.txt'
[7.606s] reading manifest file '../../build/lidar_odom/lidar_odom.egg-info/SOURCES.txt'
[7.608s] writing manifest file '../../build/lidar_odom/lidar_odom.egg-info/SOURCES.txt'
[7.616s] running build
[7.616s] running build_py
[7.616s] creating /home/vboxuser/apf_ws/build/lidar_odom/build
[7.616s] creating /home/vboxuser/apf_ws/build/lidar_odom/build/lib
[7.616s] creating /home/vboxuser/apf_ws/build/lidar_odom/build/lib/lidar_odom
[7.616s] copying lidar_odom/__init__.py -> /home/vboxuser/apf_ws/build/lidar_odom/build/lib/lidar_odom
[7.617s] copying lidar_odom/icp_localization_node.py -> /home/vboxuser/apf_ws/build/lidar_odom/build/lib/lidar_odom
[7.626s] copying lidar_odom/logger.py -> /home/vboxuser/apf_ws/build/lidar_odom/build/lib/lidar_odom
[7.627s] copying lidar_odom/icp_mapping.py -> /home/vboxuser/apf_ws/build/lidar_odom/build/lib/lidar_odom
[7.632s] copying lidar_odom/map_loader.py -> /home/vboxuser/apf_ws/build/lidar_odom/build/lib/lidar_odom
[7.633s] copying lidar_odom/filter_lidar.py -> /home/vboxuser/apf_ws/build/lidar_odom/build/lib/lidar_odom
[7.634s] copying lidar_odom/cmd_robot.py -> /home/vboxuser/apf_ws/build/lidar_odom/build/lib/lidar_odom
[7.634s] copying lidar_odom/record_lidar.py -> /home/vboxuser/apf_ws/build/lidar_odom/build/lib/lidar_odom
[7.679s] running install
[7.694s] running install_lib
[7.770s] creating /home/vboxuser/apf_ws/install/lidar_odom/lib/python3.12/site-packages/lidar_odom
[7.770s] copying /home/vboxuser/apf_ws/build/lidar_odom/build/lib/lidar_odom/__init__.py -> /home/vboxuser/apf_ws/install/lidar_odom/lib/python3.12/site-packages/lidar_odom
[7.770s] copying /home/vboxuser/apf_ws/build/lidar_odom/build/lib/lidar_odom/icp_localization_node.py -> /home/vboxuser/apf_ws/install/lidar_odom/lib/python3.12/site-packages/lidar_odom
[7.773s] copying /home/vboxuser/apf_ws/build/lidar_odom/build/lib/lidar_odom/logger.py -> /home/vboxuser/apf_ws/install/lidar_odom/lib/python3.12/site-packages/lidar_odom
[7.773s] copying /home/vboxuser/apf_ws/build/lidar_odom/build/lib/lidar_odom/icp_mapping.py -> /home/vboxuser/apf_ws/install/lidar_odom/lib/python3.12/site-packages/lidar_odom
[7.774s] copying /home/vboxuser/apf_ws/build/lidar_odom/build/lib/lidar_odom/map_loader.py -> /home/vboxuser/apf_ws/install/lidar_odom/lib/python3.12/site-packages/lidar_odom
[7.774s] copying /home/vboxuser/apf_ws/build/lidar_odom/build/lib/lidar_odom/filter_lidar.py -> /home/vboxuser/apf_ws/install/lidar_odom/lib/python3.12/site-packages/lidar_odom
[7.775s] copying /home/vboxuser/apf_ws/build/lidar_odom/build/lib/lidar_odom/cmd_robot.py -> /home/vboxuser/apf_ws/install/lidar_odom/lib/python3.12/site-packages/lidar_odom
[7.775s] copying /home/vboxuser/apf_ws/build/lidar_odom/build/lib/lidar_odom/record_lidar.py -> /home/vboxuser/apf_ws/install/lidar_odom/lib/python3.12/site-packages/lidar_odom
[7.776s] byte-compiling /home/vboxuser/apf_ws/install/lidar_odom/lib/python3.12/site-packages/lidar_odom/__init__.py to __init__.cpython-312.pyc
[7.776s] byte-compiling /home/vboxuser/apf_ws/install/lidar_odom/lib/python3.12/site-packages/lidar_odom/icp_localization_node.py to icp_localization_node.cpython-312.pyc
[7.782s] byte-compiling /home/vboxuser/apf_ws/install/lidar_odom/lib/python3.12/site-packages/lidar_odom/logger.py to logger.cpython-312.pyc
[7.785s] byte-compiling /home/vboxuser/apf_ws/install/lidar_odom/lib/python3.12/site-packages/lidar_odom/icp_mapping.py to icp_mapping.cpython-312.pyc
[7.787s] byte-compiling /home/vboxuser/apf_ws/install/lidar_odom/lib/python3.12/site-packages/lidar_odom/map_loader.py to map_loader.cpython-312.pyc
[7.789s] byte-compiling /home/vboxuser/apf_ws/install/lidar_odom/lib/python3.12/site-packages/lidar_odom/filter_lidar.py to filter_lidar.cpython-312.pyc
[7.791s] byte-compiling /home/vboxuser/apf_ws/install/lidar_odom/lib/python3.12/site-packages/lidar_odom/cmd_robot.py to cmd_robot.cpython-312.pyc
[7.793s] byte-compiling /home/vboxuser/apf_ws/install/lidar_odom/lib/python3.12/site-packages/lidar_odom/record_lidar.py to record_lidar.cpython-312.pyc
[7.795s] running install_data
[7.795s] creating /home/vboxuser/apf_ws/install/lidar_odom/share/ament_index
[7.798s] creating /home/vboxuser/apf_ws/install/lidar_odom/share/ament_index/resource_index
[7.798s] creating /home/vboxuser/apf_ws/install/lidar_odom/share/ament_index/resource_index/packages
[7.799s] copying resource/lidar_odom -> /home/vboxuser/apf_ws/install/lidar_odom/share/ament_index/resource_index/packages
[7.799s] copying package.xml -> /home/vboxuser/apf_ws/install/lidar_odom/share/lidar_odom
[7.799s] creating /home/vboxuser/apf_ws/install/lidar_odom/share/lidar_odom/launch
[7.799s] copying launch/lidar_pkg_no_icp.launch.py -> /home/vboxuser/apf_ws/install/lidar_odom/share/lidar_odom/launch
[7.804s] copying launch/lidar_pkg.launch.py -> /home/vboxuser/apf_ws/install/lidar_odom/share/lidar_odom/launch
[7.804s] running install_egg_info
[7.854s] Copying ../../build/lidar_odom/lidar_odom.egg-info to /home/vboxuser/apf_ws/install/lidar_odom/lib/python3.12/site-packages/lidar_odom-0.0.0-py3.12.egg-info
[7.856s] running install_scripts
[8.261s] Installing cmd_robot script to /home/vboxuser/apf_ws/install/lidar_odom/lib/lidar_odom
[8.262s] Installing filter_lidar script to /home/vboxuser/apf_ws/install/lidar_odom/lib/lidar_odom
[8.262s] Installing icp_localization_node script to /home/vboxuser/apf_ws/install/lidar_odom/lib/lidar_odom
[8.265s] Installing icp_mapping script to /home/vboxuser/apf_ws/install/lidar_odom/lib/lidar_odom
[8.265s] Installing logger script to /home/vboxuser/apf_ws/install/lidar_odom/lib/lidar_odom
[8.266s] Installing map_loader script to /home/vboxuser/apf_ws/install/lidar_odom/lib/lidar_odom
[8.266s] Installing record_lidar script to /home/vboxuser/apf_ws/install/lidar_odom/lib/lidar_odom
[8.267s] writing list of installed files to '/home/vboxuser/apf_ws/build/lidar_odom/install.log'
[8.297s] Invoked command in '/home/vboxuser/apf_ws/src/lidar_odom' returned '0': DEBUGINFOD_URLS=https://debuginfod.ubuntu.com PYTHONPATH=/home/vboxuser/apf_ws/build/lidar_odom/prefix_override:/usr/lib/python3/dist-packages/colcon_core/task/python/colcon_distutils_commands:/home/vboxuser/apf_ws/install/lidar_odom/lib/python3.12/site-packages:${PYTHONPATH} /usr/bin/python3 -W ignore:setup.py install is deprecated -W ignore:easy_install command is deprecated setup.py egg_info --egg-base ../../build/lidar_odom build --build-base /home/vboxuser/apf_ws/build/lidar_odom/build install --record /home/vboxuser/apf_ws/build/lidar_odom/install.log --install-scripts $base/lib/lidar_odom --single-version-externally-managed install_data
